/bin/sh /Users/Ingwie/Work/drag0n-php/libtool --silent --preserve-dup-deps --mode=compile cc -Iext/date/lib -Iext/date/ -I/Users/Ingwie/Work/drag0n-php/ext/date/ -DPHP_ATOM_INC -I/Users/Ingwie/Work/drag0n-php/include -I/Users/Ingwie/Work/drag0n-php/main -I/Users/Ingwie/Work/drag0n-php -I/Users/Ingwie/Work/drag0n-php/ext/date/lib -I/Users/Ingwie/Work/drag0n-php/ext/ereg/regex -I/usr/include/libxml2 -I/usr/local/include -I/Users/Ingwie/Work/drag0n-php/ext/mbstring/oniguruma -I/Users/Ingwie/Work/drag0n-php/ext/mbstring/libmbfl -I/Users/Ingwie/Work/drag0n-php/ext/mbstring/libmbfl/mbfl -I/Users/Ingwie/Work/drag0n-php/ext/sqlite3/libsqlite -I/Users/Ingwie/Work/drag0n-php/ext/pthreads -I/usr/include/tidy -I/Users/Ingwie/Work/drag0n-php/ext/tokenizer/includes -I/usr/local/lib/wx/include/osx_cocoa-unicode-2.9 -I/usr/local/include/wx-2.9 -I/Users/Ingwie/Work/drag0n-php/TSRM -I/Users/Ingwie/Work/drag0n-php/Zend  -no-cpp-precomp  -I/usr/include -g -O2 -fvisibility=hidden -DZTS  -c /Users/Ingwie/Work/drag0n-php/ext/date/php_date.c -o ext/date/php_date.lo 
/bin/sh /Users/Ingwie/Work/drag0n-php/libtool --silent --preserve-dup-deps --mode=compile cc -Iext/date/lib -Iext/date/ -I/Users/Ingwie/Work/drag0n-php/ext/date/ -DPHP_ATOM_INC -I/Users/Ingwie/Work/drag0n-php/include -I/Users/Ingwie/Work/drag0n-php/main -I/Users/Ingwie/Work/drag0n-php -I/Users/Ingwie/Work/drag0n-php/ext/date/lib -I/Users/Ingwie/Work/drag0n-php/ext/ereg/regex -I/usr/include/libxml2 -I/usr/local/include -I/Users/Ingwie/Work/drag0n-php/ext/mbstring/oniguruma -I/Users/Ingwie/Work/drag0n-php/ext/mbstring/libmbfl -I/Users/Ingwie/Work/drag0n-php/ext/mbstring/libmbfl/mbfl -I/Users/Ingwie/Work/drag0n-php/ext/sqlite3/libsqlite -I/Users/Ingwie/Work/drag0n-php/ext/pthreads -I/usr/include/tidy -I/Users/Ingwie/Work/drag0n-php/ext/tokenizer/includes -I/usr/local/lib/wx/include/osx_cocoa-unicode-2.9 -I/usr/local/include/wx-2.9 -I/Users/Ingwie/Work/drag0n-php/TSRM -I/Users/Ingwie/Work/drag0n-php/Zend  -no-cpp-precomp  -I/usr/include -g -O2 -fvisibility=hidden -DZTS  -c /Users/Ingwie/Work/drag0n-php/ext/date/lib/astro.c -o ext/date/lib/astro.lo 
/bin/sh /Users/Ingwie/Work/drag0n-php/libtool --silent --preserve-dup-deps --mode=compile cc -Iext/date/lib -Iext/date/ -I/Users/Ingwie/Work/drag0n-php/ext/date/ -DPHP_ATOM_INC -I/Users/Ingwie/Work/drag0n-php/include -I/Users/Ingwie/Work/drag0n-php/main -I/Users/Ingwie/Work/drag0n-php -I/Users/Ingwie/Work/drag0n-php/ext/date/lib -I/Users/Ingwie/Work/drag0n-php/ext/ereg/regex -I/usr/include/libxml2 -I/usr/local/include -I/Users/Ingwie/Work/drag0n-php/ext/mbstring/oniguruma -I/Users/Ingwie/Work/drag0n-php/ext/mbstring/libmbfl -I/Users/Ingwie/Work/drag0n-php/ext/mbstring/libmbfl/mbfl -I/Users/Ingwie/Work/drag0n-php/ext/sqlite3/libsqlite -I/Users/Ingwie/Work/drag0n-php/ext/pthreads -I/usr/include/tidy -I/Users/Ingwie/Work/drag0n-php/ext/tokenizer/includes -I/usr/local/lib/wx/include/osx_cocoa-unicode-2.9 -I/usr/local/include/wx-2.9 -I/Users/Ingwie/Work/drag0n-php/TSRM -I/Users/Ingwie/Work/drag0n-php/Zend  -no-cpp-precomp  -I/usr/include -g -O2 -fvisibility=hidden -DZTS  -c /Users/Ingwie/Work/drag0n-php/ext/date/lib/dow.c -o ext/date/lib/dow.lo 
/bin/sh /Users/Ingwie/Work/drag0n-php/libtool --silent --preserve-dup-deps --mode=compile cc -Iext/date/lib -Iext/date/ -I/Users/Ingwie/Work/drag0n-php/ext/date/ -DPHP_ATOM_INC -I/Users/Ingwie/Work/drag0n-php/include -I/Users/Ingwie/Work/drag0n-php/main -I/Users/Ingwie/Work/drag0n-php -I/Users/Ingwie/Work/drag0n-php/ext/date/lib -I/Users/Ingwie/Work/drag0n-php/ext/ereg/regex -I/usr/include/libxml2 -I/usr/local/include -I/Users/Ingwie/Work/drag0n-php/ext/mbstring/oniguruma -I/Users/Ingwie/Work/drag0n-php/ext/mbstring/libmbfl -I/Users/Ingwie/Work/drag0n-php/ext/mbstring/libmbfl/mbfl -I/Users/Ingwie/Work/drag0n-php/ext/sqlite3/libsqlite -I/Users/Ingwie/Work/drag0n-php/ext/pthreads -I/usr/include/tidy -I/Users/Ingwie/Work/drag0n-php/ext/tokenizer/includes -I/usr/local/lib/wx/include/osx_cocoa-unicode-2.9 -I/usr/local/include/wx-2.9 -I/Users/Ingwie/Work/drag0n-php/TSRM -I/Users/Ingwie/Work/drag0n-php/Zend  -no-cpp-precomp  -I/usr/include -g -O2 -fvisibility=hidden -DZTS  -c /Users/Ingwie/Work/drag0n-php/ext/date/lib/parse_date.c -o ext/date/lib/parse_date.lo 
/bin/sh /Users/Ingwie/Work/drag0n-php/libtool --silent --preserve-dup-deps --mode=compile cc -Iext/date/lib -Iext/date/ -I/Users/Ingwie/Work/drag0n-php/ext/date/ -DPHP_ATOM_INC -I/Users/Ingwie/Work/drag0n-php/include -I/Users/Ingwie/Work/drag0n-php/main -I/Users/Ingwie/Work/drag0n-php -I/Users/Ingwie/Work/drag0n-php/ext/date/lib -I/Users/Ingwie/Work/drag0n-php/ext/ereg/regex -I/usr/include/libxml2 -I/usr/local/include -I/Users/Ingwie/Work/drag0n-php/ext/mbstring/oniguruma -I/Users/Ingwie/Work/drag0n-php/ext/mbstring/libmbfl -I/Users/Ingwie/Work/drag0n-php/ext/mbstring/libmbfl/mbfl -I/Users/Ingwie/Work/drag0n-php/ext/sqlite3/libsqlite -I/Users/Ingwie/Work/drag0n-php/ext/pthreads -I/usr/include/tidy -I/Users/Ingwie/Work/drag0n-php/ext/tokenizer/includes -I/usr/local/lib/wx/include/osx_cocoa-unicode-2.9 -I/usr/local/include/wx-2.9 -I/Users/Ingwie/Work/drag0n-php/TSRM -I/Users/Ingwie/Work/drag0n-php/Zend  -no-cpp-precomp  -I/usr/include -g -O2 -fvisibility=hidden -DZTS  -c /Users/Ingwie/Work/drag0n-php/ext/date/lib/parse_tz.c -o ext/date/lib/parse_tz.lo 
/bin/sh /Users/Ingwie/Work/drag0n-php/libtool --silent --preserve-dup-deps --mode=compile cc -Iext/date/lib -Iext/date/ -I/Users/Ingwie/Work/drag0n-php/ext/date/ -DPHP_ATOM_INC -I/Users/Ingwie/Work/drag0n-php/include -I/Users/Ingwie/Work/drag0n-php/main -I/Users/Ingwie/Work/drag0n-php -I/Users/Ingwie/Work/drag0n-php/ext/date/lib -I/Users/Ingwie/Work/drag0n-php/ext/ereg/regex -I/usr/include/libxml2 -I/usr/local/include -I/Users/Ingwie/Work/drag0n-php/ext/mbstring/oniguruma -I/Users/Ingwie/Work/drag0n-php/ext/mbstring/libmbfl -I/Users/Ingwie/Work/drag0n-php/ext/mbstring/libmbfl/mbfl -I/Users/Ingwie/Work/drag0n-php/ext/sqlite3/libsqlite -I/Users/Ingwie/Work/drag0n-php/ext/pthreads -I/usr/include/tidy -I/Users/Ingwie/Work/drag0n-php/ext/tokenizer/includes -I/usr/local/lib/wx/include/osx_cocoa-unicode-2.9 -I/usr/local/include/wx-2.9 -I/Users/Ingwie/Work/drag0n-php/TSRM -I/Users/Ingwie/Work/drag0n-php/Zend  -no-cpp-precomp  -I/usr/include -g -O2 -fvisibility=hidden -DZTS  -c /Users/Ingwie/Work/drag0n-php/ext/date/lib/timelib.c -o ext/date/lib/timelib.lo 
/bin/sh /Users/Ingwie/Work/drag0n-php/libtool --silent --preserve-dup-deps --mode=compile cc -Iext/date/lib -Iext/date/ -I/Users/Ingwie/Work/drag0n-php/ext/date/ -DPHP_ATOM_INC -I/Users/Ingwie/Work/drag0n-php/include -I/Users/Ingwie/Work/drag0n-php/main -I/Users/Ingwie/Work/drag0n-php -I/Users/Ingwie/Work/drag0n-php/ext/date/lib -I/Users/Ingwie/Work/drag0n-php/ext/ereg/regex -I/usr/include/libxml2 -I/usr/local/include -I/Users/Ingwie/Work/drag0n-php/ext/mbstring/oniguruma -I/Users/Ingwie/Work/drag0n-php/ext/mbstring/libmbfl -I/Users/Ingwie/Work/drag0n-php/ext/mbstring/libmbfl/mbfl -I/Users/Ingwie/Work/drag0n-php/ext/sqlite3/libsqlite -I/Users/Ingwie/Work/drag0n-php/ext/pthreads -I/usr/include/tidy -I/Users/Ingwie/Work/drag0n-php/ext/tokenizer/includes -I/usr/local/lib/wx/include/osx_cocoa-unicode-2.9 -I/usr/local/include/wx-2.9 -I/Users/Ingwie/Work/drag0n-php/TSRM -I/Users/Ingwie/Work/drag0n-php/Zend  -no-cpp-precomp  -I/usr/include -g -O2 -fvisibility=hidden -DZTS  -c /Users/Ingwie/Work/drag0n-php/ext/date/lib/tm2unixtime.c -o ext/date/lib/tm2unixtime.lo 
/bin/sh /Users/Ingwie/Work/drag0n-php/libtool --silent --preserve-dup-deps --mode=compile cc -Iext/date/lib -Iext/date/ -I/Users/Ingwie/Work/drag0n-php/ext/date/ -DPHP_ATOM_INC -I/Users/Ingwie/Work/drag0n-php/include -I/Users/Ingwie/Work/drag0n-php/main -I/Users/Ingwie/Work/drag0n-php -I/Users/Ingwie/Work/drag0n-php/ext/date/lib -I/Users/Ingwie/Work/drag0n-php/ext/ereg/regex -I/usr/include/libxml2 -I/usr/local/include -I/Users/Ingwie/Work/drag0n-php/ext/mbstring/oniguruma -I/Users/Ingwie/Work/drag0n-php/ext/mbstring/libmbfl -I/Users/Ingwie/Work/drag0n-php/ext/mbstring/libmbfl/mbfl -I/Users/Ingwie/Work/drag0n-php/ext/sqlite3/libsqlite -I/Users/Ingwie/Work/drag0n-php/ext/pthreads -I/usr/include/tidy -I/Users/Ingwie/Work/drag0n-php/ext/tokenizer/includes -I/usr/local/lib/wx/include/osx_cocoa-unicode-2.9 -I/usr/local/include/wx-2.9 -I/Users/Ingwie/Work/drag0n-php/TSRM -I/Users/Ingwie/Work/drag0n-php/Zend  -no-cpp-precomp  -I/usr/include -g -O2 -fvisibility=hidden -DZTS  -c /Users/Ingwie/Work/drag0n-php/ext/date/lib/unixtime2tm.c -o ext/date/lib/unixtime2tm.lo 
/bin/sh /Users/Ingwie/Work/drag0n-php/libtool --silent --preserve-dup-deps --mode=compile cc -Iext/date/lib -Iext/date/ -I/Users/Ingwie/Work/drag0n-php/ext/date/ -DPHP_ATOM_INC -I/Users/Ingwie/Work/drag0n-php/include -I/Users/Ingwie/Work/drag0n-php/main -I/Users/Ingwie/Work/drag0n-php -I/Users/Ingwie/Work/drag0n-php/ext/date/lib -I/Users/Ingwie/Work/drag0n-php/ext/ereg/regex -I/usr/include/libxml2 -I/usr/local/include -I/Users/Ingwie/Work/drag0n-php/ext/mbstring/oniguruma -I/Users/Ingwie/Work/drag0n-php/ext/mbstring/libmbfl -I/Users/Ingwie/Work/drag0n-php/ext/mbstring/libmbfl/mbfl -I/Users/Ingwie/Work/drag0n-php/ext/sqlite3/libsqlite -I/Users/Ingwie/Work/drag0n-php/ext/pthreads -I/usr/include/tidy -I/Users/Ingwie/Work/drag0n-php/ext/tokenizer/includes -I/usr/local/lib/wx/include/osx_cocoa-unicode-2.9 -I/usr/local/include/wx-2.9 -I/Users/Ingwie/Work/drag0n-php/TSRM -I/Users/Ingwie/Work/drag0n-php/Zend  -no-cpp-precomp  -I/usr/include -g -O2 -fvisibility=hidden -DZTS  -c /Users/Ingwie/Work/drag0n-php/ext/date/lib/parse_iso_intervals.c -o ext/date/lib/parse_iso_intervals.lo 
/bin/sh /Users/Ingwie/Work/drag0n-php/libtool --silent --preserve-dup-deps --mode=compile cc -Iext/date/lib -Iext/date/ -I/Users/Ingwie/Work/drag0n-php/ext/date/ -DPHP_ATOM_INC -I/Users/Ingwie/Work/drag0n-php/include -I/Users/Ingwie/Work/drag0n-php/main -I/Users/Ingwie/Work/drag0n-php -I/Users/Ingwie/Work/drag0n-php/ext/date/lib -I/Users/Ingwie/Work/drag0n-php/ext/ereg/regex -I/usr/include/libxml2 -I/usr/local/include -I/Users/Ingwie/Work/drag0n-php/ext/mbstring/oniguruma -I/Users/Ingwie/Work/drag0n-php/ext/mbstring/libmbfl -I/Users/Ingwie/Work/drag0n-php/ext/mbstring/libmbfl/mbfl -I/Users/Ingwie/Work/drag0n-php/ext/sqlite3/libsqlite -I/Users/Ingwie/Work/drag0n-php/ext/pthreads -I/usr/include/tidy -I/Users/Ingwie/Work/drag0n-php/ext/tokenizer/includes -I/usr/local/lib/wx/include/osx_cocoa-unicode-2.9 -I/usr/local/include/wx-2.9 -I/Users/Ingwie/Work/drag0n-php/TSRM -I/Users/Ingwie/Work/drag0n-php/Zend  -no-cpp-precomp  -I/usr/include -g -O2 -fvisibility=hidden -DZTS  -c /Users/Ingwie/Work/drag0n-php/ext/date/lib/interval.c -o ext/date/lib/interval.lo 
/bin/sh /Users/Ingwie/Work/drag0n-php/libtool --silent --preserve-dup-deps --mode=compile cc -Dregexec=php_regexec -Dregerror=php_regerror -Dregfree=php_regfree -Dregcomp=php_regcomp -Iext/ereg/ -I/Users/Ingwie/Work/drag0n-php/ext/ereg/ -DPHP_ATOM_INC -I/Users/Ingwie/Work/drag0n-php/include -I/Users/Ingwie/Work/drag0n-php/main -I/Users/Ingwie/Work/drag0n-php -I/Users/Ingwie/Work/drag0n-php/ext/date/lib -I/Users/Ingwie/Work/drag0n-php/ext/ereg/regex -I/usr/include/libxml2 -I/usr/local/include -I/Users/Ingwie/Work/drag0n-php/ext/mbstring/oniguruma -I/Users/Ingwie/Work/drag0n-php/ext/mbstring/libmbfl -I/Users/Ingwie/Work/drag0n-php/ext/mbstring/libmbfl/mbfl -I/Users/Ingwie/Work/drag0n-php/ext/sqlite3/libsqlite -I/Users/Ingwie/Work/drag0n-php/ext/pthreads -I/usr/include/tidy -I/Users/Ingwie/Work/drag0n-php/ext/tokenizer/includes -I/usr/local/lib/wx/include/osx_cocoa-unicode-2.9 -I/usr/local/include/wx-2.9 -I/Users/Ingwie/Work/drag0n-php/TSRM -I/Users/Ingwie/Work/drag0n-php/Zend  -no-cpp-precomp  -I/usr/include -g -O2 -fvisibility=hidden -DZTS  -c /Users/Ingwie/Work/drag0n-php/ext/ereg/ereg.c -o ext/ereg/ereg.lo 
/bin/sh /Users/Ingwie/Work/drag0n-php/libtool --silent --preserve-dup-deps --mode=compile cc -Dregexec=php_regexec -Dregerror=php_regerror -Dregfree=php_regfree -Dregcomp=php_regcomp -Iext/ereg/ -I/Users/Ingwie/Work/drag0n-php/ext/ereg/ -DPHP_ATOM_INC -I/Users/Ingwie/Work/drag0n-php/include -I/Users/Ingwie/Work/drag0n-php/main -I/Users/Ingwie/Work/drag0n-php -I/Users/Ingwie/Work/drag0n-php/ext/date/lib -I/Users/Ingwie/Work/drag0n-php/ext/ereg/regex -I/usr/include/libxml2 -I/usr/local/include -I/Users/Ingwie/Work/drag0n-php/ext/mbstring/oniguruma -I/Users/Ingwie/Work/drag0n-php/ext/mbstring/libmbfl -I/Users/Ingwie/Work/drag0n-php/ext/mbstring/libmbfl/mbfl -I/Users/Ingwie/Work/drag0n-php/ext/sqlite3/libsqlite -I/Users/Ingwie/Work/drag0n-php/ext/pthreads -I/usr/include/tidy -I/Users/Ingwie/Work/drag0n-php/ext/tokenizer/includes -I/usr/local/lib/wx/include/osx_cocoa-unicode-2.9 -I/usr/local/include/wx-2.9 -I/Users/Ingwie/Work/drag0n-php/TSRM -I/Users/Ingwie/Work/drag0n-php/Zend  -no-cpp-precomp  -I/usr/include -g -O2 -fvisibility=hidden -DZTS  -c /Users/Ingwie/Work/drag0n-php/ext/ereg/regex/regcomp.c -o ext/ereg/regex/regcomp.lo 
In file included from /Users/Ingwie/Work/drag0n-php/ext/ereg/regex/regcomp.c:14:
/Users/Ingwie/Work/drag0n-php/ext/ereg/regex/cclass.h:7:3: warning: initializing 'const unsigned char *' with an expression of type 'char [6]' converts between pointers to integer types with different sign [-Wpointer-sign]
        {"alnum",       "ABCDEFGHIJKLMNOPQRSTUVWXYZabcdefghijklmnopqrstuvwxyz0123456789",                               ""},
         ^~~~~~~
/Users/Ingwie/Work/drag0n-php/ext/ereg/regex/cclass.h:7:12: warning: initializing 'const unsigned char *' with an expression of type 'char [63]' converts between pointers to integer types with different sign [-Wpointer-sign]
        {"alnum",       "ABCDEFGHIJKLMNOPQRSTUVWXYZabcdefghijklmnopqrstuvwxyz0123456789",                               ""},
                        ^~~~~~~~~~~~~~~~~~~~~~~~~~~~~~~~~~~~~~~~~~~~~~~~~~~~~~~~~~~~~~~~
/Users/Ingwie/Work/drag0n-php/ext/ereg/regex/cclass.h:7:81: warning: initializing 'const unsigned char *' with an expression of type 'char [1]' converts between pointers to integer types with different sign [-Wpointer-sign]
        {"alnum",       "ABCDEFGHIJKLMNOPQRSTUVWXYZabcdefghijklmnopqrstuvwxyz0123456789",                               ""},
                                                                                                                        ^~
/Users/Ingwie/Work/drag0n-php/ext/ereg/regex/cclass.h:8:3: warning: initializing 'const unsigned char *' with an expression of type 'char [6]' converts between pointers to integer types with different sign [-Wpointer-sign]
        {"alpha",       "ABCDEFGHIJKLMNOPQRSTUVWXYZabcdefghijklmnopqrstuvwxyz",
         ^~~~~~~
/Users/Ingwie/Work/drag0n-php/ext/ereg/regex/cclass.h:8:12: warning: initializing 'const unsigned char *' with an expression of type 'char [53]' converts between pointers to integer types with different sign [-Wpointer-sign]
        {"alpha",       "ABCDEFGHIJKLMNOPQRSTUVWXYZabcdefghijklmnopqrstuvwxyz",
                        ^~~~~~~~~~~~~~~~~~~~~~~~~~~~~~~~~~~~~~~~~~~~~~~~~~~~~~
/Users/Ingwie/Work/drag0n-php/ext/ereg/regex/cclass.h:9:6: warning: initializing 'const unsigned char *' with an expression of type 'char [1]' converts between pointers to integer types with different sign [-Wpointer-sign]
                                        ""},
                                        ^~
/Users/Ingwie/Work/drag0n-php/ext/ereg/regex/cclass.h:10:3: warning: initializing 'const unsigned char *' with an expression of type 'char [6]' converts between pointers to integer types with different sign [-Wpointer-sign]
        {"blank",       " \t",          ""},
         ^~~~~~~
/Users/Ingwie/Work/drag0n-php/ext/ereg/regex/cclass.h:10:12: warning: initializing 'const unsigned char *' with an expression of type 'char [3]' converts between pointers to integer types with different sign [-Wpointer-sign]
        {"blank",       " \t",          ""},
                        ^~~~~
/Users/Ingwie/Work/drag0n-php/ext/ereg/regex/cclass.h:10:20: warning: initializing 'const unsigned char *' with an expression of type 'char [1]' converts between pointers to integer types with different sign [-Wpointer-sign]
        {"blank",       " \t",          ""},
                                        ^~
/Users/Ingwie/Work/drag0n-php/ext/ereg/regex/cclass.h:11:3: warning: initializing 'const unsigned char *' with an expression of type 'char [6]' converts between pointers to integer types with different sign [-Wpointer-sign]
        {"cntrl",       "\007\b\t\n\v\f\r\1\2\3\4\5\6\16\17\20\21\22\23\24\
         ^~~~~~~
/Users/Ingwie/Work/drag0n-php/ext/ereg/regex/cclass.h:11:12: warning: initializing 'const unsigned char *' with an expression of type 'char [33]' converts between pointers to integer types with different sign [-Wpointer-sign]
        {"cntrl",       "\007\b\t\n\v\f\r\1\2\3\4\5\6\16\17\20\21\22\23\24\
                        ^~~~~~~~~~~~~~~~~~~~~~~~~~~~~~~~~~~~~~~~~~~~~~~~~~~
/Users/Ingwie/Work/drag0n-php/ext/ereg/regex/cclass.h:12:41: warning: initializing 'const unsigned char *' with an expression of type 'char [1]' converts between pointers to integer types with different sign [-Wpointer-sign]
\25\26\27\30\31\32\33\34\35\36\37\177", ""},
                                        ^~
/Users/Ingwie/Work/drag0n-php/ext/ereg/regex/cclass.h:13:3: warning: initializing 'const unsigned char *' with an expression of type 'char [6]' converts between pointers to integer types with different sign [-Wpointer-sign]
        {"digit",       "0123456789",   ""},
         ^~~~~~~
/Users/Ingwie/Work/drag0n-php/ext/ereg/regex/cclass.h:13:12: warning: initializing 'const unsigned char *' with an expression of type 'char [11]' converts between pointers to integer types with different sign [-Wpointer-sign]
        {"digit",       "0123456789",   ""},
                        ^~~~~~~~~~~~
/Users/Ingwie/Work/drag0n-php/ext/ereg/regex/cclass.h:13:26: warning: initializing 'const unsigned char *' with an expression of type 'char [1]' converts between pointers to integer types with different sign [-Wpointer-sign]
        {"digit",       "0123456789",   ""},
                                        ^~
/Users/Ingwie/Work/drag0n-php/ext/ereg/regex/cclass.h:14:3: warning: initializing 'const unsigned char *' with an expression of type 'char [6]' converts between pointers to integer types with different sign [-Wpointer-sign]
        {"graph",       "ABCDEFGHIJKLMNOPQRSTUVWXYZabcdefghijklmnopqrstuvwxyz\
         ^~~~~~~
/Users/Ingwie/Work/drag0n-php/ext/ereg/regex/cclass.h:14:12: warning: initializing 'const unsigned char *' with an expression of type 'char [95]' converts between pointers to integer types with different sign [-Wpointer-sign]
        {"graph",       "ABCDEFGHIJKLMNOPQRSTUVWXYZabcdefghijklmnopqrstuvwxyz\
                        ^~~~~~~~~~~~~~~~~~~~~~~~~~~~~~~~~~~~~~~~~~~~~~~~~~~~~~
/Users/Ingwie/Work/drag0n-php/ext/ereg/regex/cclass.h:16:6: warning: initializing 'const unsigned char *' with an expression of type 'char [1]' converts between pointers to integer types with different sign [-Wpointer-sign]
                                        ""},
                                        ^~
/Users/Ingwie/Work/drag0n-php/ext/ereg/regex/cclass.h:17:3: warning: initializing 'const unsigned char *' with an expression of type 'char [6]' converts between pointers to integer types with different sign [-Wpointer-sign]
        {"lower",       "abcdefghijklmnopqrstuvwxyz",
         ^~~~~~~
/Users/Ingwie/Work/drag0n-php/ext/ereg/regex/cclass.h:17:12: warning: initializing 'const unsigned char *' with an expression of type 'char [27]' converts between pointers to integer types with different sign [-Wpointer-sign]
        {"lower",       "abcdefghijklmnopqrstuvwxyz",
                        ^~~~~~~~~~~~~~~~~~~~~~~~~~~~
/Users/Ingwie/Work/drag0n-php/ext/ereg/regex/cclass.h:18:6: warning: initializing 'const unsigned char *' with an expression of type 'char [1]' converts between pointers to integer types with different sign [-Wpointer-sign]
                                        ""},
                                        ^~
/Users/Ingwie/Work/drag0n-php/ext/ereg/regex/cclass.h:19:3: warning: initializing 'const unsigned char *' with an expression of type 'char [6]' converts between pointers to integer types with different sign [-Wpointer-sign]
        {"print",       "ABCDEFGHIJKLMNOPQRSTUVWXYZabcdefghijklmnopqrstuvwxyz\
         ^~~~~~~
/Users/Ingwie/Work/drag0n-php/ext/ereg/regex/cclass.h:19:12: warning: initializing 'const unsigned char *' with an expression of type 'char [96]' converts between pointers to integer types with different sign [-Wpointer-sign]
        {"print",       "ABCDEFGHIJKLMNOPQRSTUVWXYZabcdefghijklmnopqrstuvwxyz\
                        ^~~~~~~~~~~~~~~~~~~~~~~~~~~~~~~~~~~~~~~~~~~~~~~~~~~~~~
/Users/Ingwie/Work/drag0n-php/ext/ereg/regex/cclass.h:21:6: warning: initializing 'const unsigned char *' with an expression of type 'char [1]' converts between pointers to integer types with different sign [-Wpointer-sign]
                                        ""},
                                        ^~
/Users/Ingwie/Work/drag0n-php/ext/ereg/regex/cclass.h:22:3: warning: initializing 'const unsigned char *' with an expression of type 'char [6]' converts between pointers to integer types with different sign [-Wpointer-sign]
        {"punct",       "!\"#$%&'()*+,-./:;<=>?@[\\]^_`{|}~",
         ^~~~~~~
/Users/Ingwie/Work/drag0n-php/ext/ereg/regex/cclass.h:22:12: warning: initializing 'const unsigned char *' with an expression of type 'char [33]' converts between pointers to integer types with different sign [-Wpointer-sign]
        {"punct",       "!\"#$%&'()*+,-./:;<=>?@[\\]^_`{|}~",
                        ^~~~~~~~~~~~~~~~~~~~~~~~~~~~~~~~~~~~
/Users/Ingwie/Work/drag0n-php/ext/ereg/regex/cclass.h:23:6: warning: initializing 'const unsigned char *' with an expression of type 'char [1]' converts between pointers to integer types with different sign [-Wpointer-sign]
                                        ""},
                                        ^~
/Users/Ingwie/Work/drag0n-php/ext/ereg/regex/cclass.h:24:3: warning: initializing 'const unsigned char *' with an expression of type 'char [6]' converts between pointers to integer types with different sign [-Wpointer-sign]
        {"space",       "\t\n\v\f\r ",  ""},
         ^~~~~~~
/Users/Ingwie/Work/drag0n-php/ext/ereg/regex/cclass.h:24:12: warning: initializing 'const unsigned char *' with an expression of type 'char [7]' converts between pointers to integer types with different sign [-Wpointer-sign]
        {"space",       "\t\n\v\f\r ",  ""},
                        ^~~~~~~~~~~~~
/Users/Ingwie/Work/drag0n-php/ext/ereg/regex/cclass.h:24:27: warning: initializing 'const unsigned char *' with an expression of type 'char [1]' converts between pointers to integer types with different sign [-Wpointer-sign]
        {"space",       "\t\n\v\f\r ",  ""},
                                        ^~
/Users/Ingwie/Work/drag0n-php/ext/ereg/regex/cclass.h:25:3: warning: initializing 'const unsigned char *' with an expression of type 'char [6]' converts between pointers to integer types with different sign [-Wpointer-sign]
        {"upper",       "ABCDEFGHIJKLMNOPQRSTUVWXYZ",
         ^~~~~~~
/Users/Ingwie/Work/drag0n-php/ext/ereg/regex/cclass.h:25:12: warning: initializing 'const unsigned char *' with an expression of type 'char [27]' converts between pointers to integer types with different sign [-Wpointer-sign]
        {"upper",       "ABCDEFGHIJKLMNOPQRSTUVWXYZ",
                        ^~~~~~~~~~~~~~~~~~~~~~~~~~~~
/Users/Ingwie/Work/drag0n-php/ext/ereg/regex/cclass.h:26:6: warning: initializing 'const unsigned char *' with an expression of type 'char [1]' converts between pointers to integer types with different sign [-Wpointer-sign]
                                        ""},
                                        ^~
/Users/Ingwie/Work/drag0n-php/ext/ereg/regex/cclass.h:27:3: warning: initializing 'const unsigned char *' with an expression of type 'char [7]' converts between pointers to integer types with different sign [-Wpointer-sign]
        {"xdigit",      "0123456789ABCDEFabcdef",
         ^~~~~~~~
/Users/Ingwie/Work/drag0n-php/ext/ereg/regex/cclass.h:27:13: warning: initializing 'const unsigned char *' with an expression of type 'char [23]' converts between pointers to integer types with different sign [-Wpointer-sign]
        {"xdigit",      "0123456789ABCDEFabcdef",
                        ^~~~~~~~~~~~~~~~~~~~~~~~
/Users/Ingwie/Work/drag0n-php/ext/ereg/regex/cclass.h:28:6: warning: initializing 'const unsigned char *' with an expression of type 'char [1]' converts between pointers to integer types with different sign [-Wpointer-sign]
                                        ""},
                                        ^~
/Users/Ingwie/Work/drag0n-php/ext/ereg/regex/cclass.h:29:14: warning: initializing 'const unsigned char *' with an expression of type 'char [1]' converts between pointers to integer types with different sign [-Wpointer-sign]
        {NULL,          0,              ""}
                                        ^~
/Users/Ingwie/Work/drag0n-php/ext/ereg/regex/regcomp.c:589:38: warning: passing 'unsigned char *' to parameter of type 'const char *' converts between pointers to integer types with different sign [-Wpointer-sign]
        if (p->next + 5 < p->end && strncmp(p->next, "[:<:]]", 6) == 0) {
                                            ^~~~~~~
/usr/include/string.h:94:26: note: passing argument to parameter here
int      strncmp(const char *, const char *, size_t);
                             ^
/Users/Ingwie/Work/drag0n-php/ext/ereg/regex/regcomp.c:594:38: warning: passing 'unsigned char *' to parameter of type 'const char *' converts between pointers to integer types with different sign [-Wpointer-sign]
        if (p->next + 5 < p->end && strncmp(p->next, "[:>:]]", 6) == 0) {
                                            ^~~~~~~
/usr/include/string.h:94:26: note: passing argument to parameter here
int      strncmp(const char *, const char *, size_t);
                             ^
/Users/Ingwie/Work/drag0n-php/ext/ereg/regex/regcomp.c:736:15: warning: passing 'const unsigned char *const' to parameter of type 'const char *' converts between pointers to integer types with different sign [-Wpointer-sign]
                if (strncmp(cp->name, sp, len) == 0 && cp->name[len] == '\0')
                            ^~~~~~~~
/usr/include/string.h:94:26: note: passing argument to parameter here
int      strncmp(const char *, const char *, size_t);
                             ^
/Users/Ingwie/Work/drag0n-php/ext/ereg/regex/regcomp.c:736:25: warning: passing 'unsigned char *' to parameter of type 'const char *' converts between pointers to integer types with different sign [-Wpointer-sign]
                if (strncmp(cp->name, sp, len) == 0 && cp->name[len] == '\0')
                                      ^~
/usr/include/string.h:94:40: note: passing argument to parameter here
int      strncmp(const char *, const char *, size_t);
                                           ^
/Users/Ingwie/Work/drag0n-php/ext/ereg/regex/regcomp.c:747:47: warning: passing 'const unsigned char *' to parameter of type 'const char *' converts between pointers to integer types with different sign [-Wpointer-sign]
        for (u = cp->multis; *u != '\0'; u += strlen(u) + 1)
                                                     ^
/usr/include/string.h:92:28: note: passing argument to parameter here
size_t   strlen(const char *);
                            ^
/Users/Ingwie/Work/drag0n-php/ext/ereg/regex/regcomp.c:809:25: warning: passing 'unsigned char *' to parameter of type 'const char *' converts between pointers to integer types with different sign [-Wpointer-sign]
                if (strncmp(cp->name, sp, len) == 0 && cp->name[len] == '\0')
                                      ^~
/usr/include/string.h:94:40: note: passing argument to parameter here
int      strncmp(const char *, const char *, size_t);
                                           ^
/Users/Ingwie/Work/drag0n-php/ext/ereg/regex/regcomp.c:1160:24: warning: passing 'const unsigned char *' to parameter of type 'const char *' converts between pointers to integer types with different sign [-Wpointer-sign]
        cs->smultis += strlen(cp) + 1;
                              ^~
/usr/include/string.h:92:28: note: passing argument to parameter here
size_t   strlen(const char *);
                            ^
/Users/Ingwie/Work/drag0n-php/ext/ereg/regex/regcomp.c:1170:16: warning: passing 'unsigned char *' to parameter of type 'char *' converts between pointers to integer types with different sign [-Wpointer-sign]
        (void) strcpy(cs->multis + oldend - 1, cp);
                      ^~~~~~~~~~~~~~~~~~~~~~~
/usr/include/secure/_string.h:88:30: note: expanded from macro 'strcpy'
   ? __builtin___strcpy_chk (dest, src, __darwin_obsz (dest))           \
                             ^
/Users/Ingwie/Work/drag0n-php/ext/ereg/regex/regcomp.c:1170:41: warning: passing 'const unsigned char *' to parameter of type 'const char *' converts between pointers to integer types with different sign [-Wpointer-sign]
        (void) strcpy(cs->multis + oldend - 1, cp);
                                               ^~
/usr/include/secure/_string.h:88:36: note: expanded from macro 'strcpy'
   ? __builtin___strcpy_chk (dest, src, __darwin_obsz (dest))           \
                                   ^
/Users/Ingwie/Work/drag0n-php/ext/ereg/regex/regcomp.c:1170:16: warning: passing 'unsigned char *' to parameter of type 'char *' converts between pointers to integer types with different sign [-Wpointer-sign]
        (void) strcpy(cs->multis + oldend - 1, cp);
                      ^~~~~~~~~~~~~~~~~~~~~~~
/usr/include/secure/_string.h:89:27: note: expanded from macro 'strcpy'
   : __inline_strcpy_chk (dest, src))
                          ^
/usr/include/secure/_string.h:92:39: note: passing argument to parameter '__dest' here
__inline_strcpy_chk (char *__restrict __dest, const char *__restrict __src)
                                      ^
/Users/Ingwie/Work/drag0n-php/ext/ereg/regex/regcomp.c:1170:41: warning: passing 'const unsigned char *' to parameter of type 'const char *' converts between pointers to integer types with different sign [-Wpointer-sign]
        (void) strcpy(cs->multis + oldend - 1, cp);
                                               ^~
/usr/include/secure/_string.h:89:33: note: expanded from macro 'strcpy'
   : __inline_strcpy_chk (dest, src))
                                ^
/usr/include/secure/_string.h:92:70: note: passing argument to parameter '__src' here
__inline_strcpy_chk (char *__restrict __dest, const char *__restrict __src)
                                                                     ^
48 warnings generated.
/bin/sh /Users/Ingwie/Work/drag0n-php/libtool --silent --preserve-dup-deps --mode=compile cc -Dregexec=php_regexec -Dregerror=php_regerror -Dregfree=php_regfree -Dregcomp=php_regcomp -Iext/ereg/ -I/Users/Ingwie/Work/drag0n-php/ext/ereg/ -DPHP_ATOM_INC -I/Users/Ingwie/Work/drag0n-php/include -I/Users/Ingwie/Work/drag0n-php/main -I/Users/Ingwie/Work/drag0n-php -I/Users/Ingwie/Work/drag0n-php/ext/date/lib -I/Users/Ingwie/Work/drag0n-php/ext/ereg/regex -I/usr/include/libxml2 -I/usr/local/include -I/Users/Ingwie/Work/drag0n-php/ext/mbstring/oniguruma -I/Users/Ingwie/Work/drag0n-php/ext/mbstring/libmbfl -I/Users/Ingwie/Work/drag0n-php/ext/mbstring/libmbfl/mbfl -I/Users/Ingwie/Work/drag0n-php/ext/sqlite3/libsqlite -I/Users/Ingwie/Work/drag0n-php/ext/pthreads -I/usr/include/tidy -I/Users/Ingwie/Work/drag0n-php/ext/tokenizer/includes -I/usr/local/lib/wx/include/osx_cocoa-unicode-2.9 -I/usr/local/include/wx-2.9 -I/Users/Ingwie/Work/drag0n-php/TSRM -I/Users/Ingwie/Work/drag0n-php/Zend  -no-cpp-precomp  -I/usr/include -g -O2 -fvisibility=hidden -DZTS  -c /Users/Ingwie/Work/drag0n-php/ext/ereg/regex/regexec.c -o ext/ereg/regex/regexec.lo 
In file included from /Users/Ingwie/Work/drag0n-php/ext/ereg/regex/regexec.c:46:
/Users/Ingwie/Work/drag0n-php/ext/ereg/regex/engine.c:91:25: warning: passing 'unsigned char *' to parameter of type 'const char *' converts between pointers to integer types with different sign [-Wpointer-sign]
                stop = start + strlen(start);
                                      ^~~~~
/usr/include/string.h:92:28: note: passing argument to parameter here
size_t   strlen(const char *);
                            ^
In file included from /Users/Ingwie/Work/drag0n-php/ext/ereg/regex/regexec.c:95:
/Users/Ingwie/Work/drag0n-php/ext/ereg/regex/engine.c:91:25: warning: passing 'unsigned char *' to parameter of type 'const char *' converts between pointers to integer types with different sign [-Wpointer-sign]
                stop = start + strlen(start);
                                      ^~~~~
/usr/include/string.h:92:28: note: passing argument to parameter here
size_t   strlen(const char *);
                            ^
2 warnings generated.
/bin/sh /Users/Ingwie/Work/drag0n-php/libtool --silent --preserve-dup-deps --mode=compile cc -Dregexec=php_regexec -Dregerror=php_regerror -Dregfree=php_regfree -Dregcomp=php_regcomp -Iext/ereg/ -I/Users/Ingwie/Work/drag0n-php/ext/ereg/ -DPHP_ATOM_INC -I/Users/Ingwie/Work/drag0n-php/include -I/Users/Ingwie/Work/drag0n-php/main -I/Users/Ingwie/Work/drag0n-php -I/Users/Ingwie/Work/drag0n-php/ext/date/lib -I/Users/Ingwie/Work/drag0n-php/ext/ereg/regex -I/usr/include/libxml2 -I/usr/local/include -I/Users/Ingwie/Work/drag0n-php/ext/mbstring/oniguruma -I/Users/Ingwie/Work/drag0n-php/ext/mbstring/libmbfl -I/Users/Ingwie/Work/drag0n-php/ext/mbstring/libmbfl/mbfl -I/Users/Ingwie/Work/drag0n-php/ext/sqlite3/libsqlite -I/Users/Ingwie/Work/drag0n-php/ext/pthreads -I/usr/include/tidy -I/Users/Ingwie/Work/drag0n-php/ext/tokenizer/includes -I/usr/local/lib/wx/include/osx_cocoa-unicode-2.9 -I/usr/local/include/wx-2.9 -I/Users/Ingwie/Work/drag0n-php/TSRM -I/Users/Ingwie/Work/drag0n-php/Zend  -no-cpp-precomp  -I/usr/include -g -O2 -fvisibility=hidden -DZTS  -c /Users/Ingwie/Work/drag0n-php/ext/ereg/regex/regerror.c -o ext/ereg/regex/regerror.lo 
/bin/sh /Users/Ingwie/Work/drag0n-php/libtool --silent --preserve-dup-deps --mode=compile cc -Dregexec=php_regexec -Dregerror=php_regerror -Dregfree=php_regfree -Dregcomp=php_regcomp -Iext/ereg/ -I/Users/Ingwie/Work/drag0n-php/ext/ereg/ -DPHP_ATOM_INC -I/Users/Ingwie/Work/drag0n-php/include -I/Users/Ingwie/Work/drag0n-php/main -I/Users/Ingwie/Work/drag0n-php -I/Users/Ingwie/Work/drag0n-php/ext/date/lib -I/Users/Ingwie/Work/drag0n-php/ext/ereg/regex -I/usr/include/libxml2 -I/usr/local/include -I/Users/Ingwie/Work/drag0n-php/ext/mbstring/oniguruma -I/Users/Ingwie/Work/drag0n-php/ext/mbstring/libmbfl -I/Users/Ingwie/Work/drag0n-php/ext/mbstring/libmbfl/mbfl -I/Users/Ingwie/Work/drag0n-php/ext/sqlite3/libsqlite -I/Users/Ingwie/Work/drag0n-php/ext/pthreads -I/usr/include/tidy -I/Users/Ingwie/Work/drag0n-php/ext/tokenizer/includes -I/usr/local/lib/wx/include/osx_cocoa-unicode-2.9 -I/usr/local/include/wx-2.9 -I/Users/Ingwie/Work/drag0n-php/TSRM -I/Users/Ingwie/Work/drag0n-php/Zend  -no-cpp-precomp  -I/usr/include -g -O2 -fvisibility=hidden -DZTS  -c /Users/Ingwie/Work/drag0n-php/ext/ereg/regex/regfree.c -o ext/ereg/regex/regfree.lo 
/bin/sh /Users/Ingwie/Work/drag0n-php/libtool --silent --preserve-dup-deps --mode=compile cc  -Iext/libxml/ -I/Users/Ingwie/Work/drag0n-php/ext/libxml/ -DPHP_ATOM_INC -I/Users/Ingwie/Work/drag0n-php/include -I/Users/Ingwie/Work/drag0n-php/main -I/Users/Ingwie/Work/drag0n-php -I/Users/Ingwie/Work/drag0n-php/ext/date/lib -I/Users/Ingwie/Work/drag0n-php/ext/ereg/regex -I/usr/include/libxml2 -I/usr/local/include -I/Users/Ingwie/Work/drag0n-php/ext/mbstring/oniguruma -I/Users/Ingwie/Work/drag0n-php/ext/mbstring/libmbfl -I/Users/Ingwie/Work/drag0n-php/ext/mbstring/libmbfl/mbfl -I/Users/Ingwie/Work/drag0n-php/ext/sqlite3/libsqlite -I/Users/Ingwie/Work/drag0n-php/ext/pthreads -I/usr/include/tidy -I/Users/Ingwie/Work/drag0n-php/ext/tokenizer/includes -I/usr/local/lib/wx/include/osx_cocoa-unicode-2.9 -I/usr/local/include/wx-2.9 -I/Users/Ingwie/Work/drag0n-php/TSRM -I/Users/Ingwie/Work/drag0n-php/Zend  -no-cpp-precomp  -I/usr/include -g -O2 -fvisibility=hidden -DZTS  -c /Users/Ingwie/Work/drag0n-php/ext/libxml/libxml.c -o ext/libxml/libxml.lo 
/Users/Ingwie/Work/drag0n-php/ext/libxml/libxml.c:477:34: warning: passing 'const char *' to parameter of type 'const xmlChar *' (aka 'const unsigned char *') converts between pointers to integer types with different sign [-Wpointer-sign]
                error_copy.message = xmlStrdup(msg);
                                               ^~~
/usr/include/libxml2/libxml/xmlstring.h:41:58: note: passing argument to parameter 'cur' here
                xmlStrdup                (const xmlChar *cur);
                                                         ^
/Users/Ingwie/Work/drag0n-php/ext/libxml/libxml.c:477:22: warning: assigning to 'char *' from 'xmlChar *' (aka 'unsigned char *') converts between pointers to integer types with different sign [-Wpointer-sign]
                error_copy.message = xmlStrdup(msg);
                                   ^ ~~~~~~~~~~~~~~
2 warnings generated.
/bin/sh /Users/Ingwie/Work/drag0n-php/libtool --silent --preserve-dup-deps --mode=compile cc -DHAVE_CONFIG_H -I/Users/Ingwie/Work/drag0n-php/ext/pcre/pcrelib -Iext/pcre/ -I/Users/Ingwie/Work/drag0n-php/ext/pcre/ -DPHP_ATOM_INC -I/Users/Ingwie/Work/drag0n-php/include -I/Users/Ingwie/Work/drag0n-php/main -I/Users/Ingwie/Work/drag0n-php -I/Users/Ingwie/Work/drag0n-php/ext/date/lib -I/Users/Ingwie/Work/drag0n-php/ext/ereg/regex -I/usr/include/libxml2 -I/usr/local/include -I/Users/Ingwie/Work/drag0n-php/ext/mbstring/oniguruma -I/Users/Ingwie/Work/drag0n-php/ext/mbstring/libmbfl -I/Users/Ingwie/Work/drag0n-php/ext/mbstring/libmbfl/mbfl -I/Users/Ingwie/Work/drag0n-php/ext/sqlite3/libsqlite -I/Users/Ingwie/Work/drag0n-php/ext/pthreads -I/usr/include/tidy -I/Users/Ingwie/Work/drag0n-php/ext/tokenizer/includes -I/usr/local/lib/wx/include/osx_cocoa-unicode-2.9 -I/usr/local/include/wx-2.9 -I/Users/Ingwie/Work/drag0n-php/TSRM -I/Users/Ingwie/Work/drag0n-php/Zend  -no-cpp-precomp  -I/usr/include -g -O2 -fvisibility=hidden -DZTS  -c /Users/Ingwie/Work/drag0n-php/ext/pcre/pcrelib/pcre_chartables.c -o ext/pcre/pcrelib/pcre_chartables.lo 
/bin/sh /Users/Ingwie/Work/drag0n-php/libtool --silent --preserve-dup-deps --mode=compile cc -DHAVE_CONFIG_H -I/Users/Ingwie/Work/drag0n-php/ext/pcre/pcrelib -Iext/pcre/ -I/Users/Ingwie/Work/drag0n-php/ext/pcre/ -DPHP_ATOM_INC -I/Users/Ingwie/Work/drag0n-php/include -I/Users/Ingwie/Work/drag0n-php/main -I/Users/Ingwie/Work/drag0n-php -I/Users/Ingwie/Work/drag0n-php/ext/date/lib -I/Users/Ingwie/Work/drag0n-php/ext/ereg/regex -I/usr/include/libxml2 -I/usr/local/include -I/Users/Ingwie/Work/drag0n-php/ext/mbstring/oniguruma -I/Users/Ingwie/Work/drag0n-php/ext/mbstring/libmbfl -I/Users/Ingwie/Work/drag0n-php/ext/mbstring/libmbfl/mbfl -I/Users/Ingwie/Work/drag0n-php/ext/sqlite3/libsqlite -I/Users/Ingwie/Work/drag0n-php/ext/pthreads -I/usr/include/tidy -I/Users/Ingwie/Work/drag0n-php/ext/tokenizer/includes -I/usr/local/lib/wx/include/osx_cocoa-unicode-2.9 -I/usr/local/include/wx-2.9 -I/Users/Ingwie/Work/drag0n-php/TSRM -I/Users/Ingwie/Work/drag0n-php/Zend  -no-cpp-precomp  -I/usr/include -g -O2 -fvisibility=hidden -DZTS  -c /Users/Ingwie/Work/drag0n-php/ext/pcre/pcrelib/pcre_ucd.c -o ext/pcre/pcrelib/pcre_ucd.lo 
/bin/sh /Users/Ingwie/Work/drag0n-php/libtool --silent --preserve-dup-deps --mode=compile cc -DHAVE_CONFIG_H -I/Users/Ingwie/Work/drag0n-php/ext/pcre/pcrelib -Iext/pcre/ -I/Users/Ingwie/Work/drag0n-php/ext/pcre/ -DPHP_ATOM_INC -I/Users/Ingwie/Work/drag0n-php/include -I/Users/Ingwie/Work/drag0n-php/main -I/Users/Ingwie/Work/drag0n-php -I/Users/Ingwie/Work/drag0n-php/ext/date/lib -I/Users/Ingwie/Work/drag0n-php/ext/ereg/regex -I/usr/include/libxml2 -I/usr/local/include -I/Users/Ingwie/Work/drag0n-php/ext/mbstring/oniguruma -I/Users/Ingwie/Work/drag0n-php/ext/mbstring/libmbfl -I/Users/Ingwie/Work/drag0n-php/ext/mbstring/libmbfl/mbfl -I/Users/Ingwie/Work/drag0n-php/ext/sqlite3/libsqlite -I/Users/Ingwie/Work/drag0n-php/ext/pthreads -I/usr/include/tidy -I/Users/Ingwie/Work/drag0n-php/ext/tokenizer/includes -I/usr/local/lib/wx/include/osx_cocoa-unicode-2.9 -I/usr/local/include/wx-2.9 -I/Users/Ingwie/Work/drag0n-php/TSRM -I/Users/Ingwie/Work/drag0n-php/Zend  -no-cpp-precomp  -I/usr/include -g -O2 -fvisibility=hidden -DZTS  -c /Users/Ingwie/Work/drag0n-php/ext/pcre/pcrelib/pcre_compile.c -o ext/pcre/pcrelib/pcre_compile.lo 
/bin/sh /Users/Ingwie/Work/drag0n-php/libtool --silent --preserve-dup-deps --mode=compile cc -DHAVE_CONFIG_H -I/Users/Ingwie/Work/drag0n-php/ext/pcre/pcrelib -Iext/pcre/ -I/Users/Ingwie/Work/drag0n-php/ext/pcre/ -DPHP_ATOM_INC -I/Users/Ingwie/Work/drag0n-php/include -I/Users/Ingwie/Work/drag0n-php/main -I/Users/Ingwie/Work/drag0n-php -I/Users/Ingwie/Work/drag0n-php/ext/date/lib -I/Users/Ingwie/Work/drag0n-php/ext/ereg/regex -I/usr/include/libxml2 -I/usr/local/include -I/Users/Ingwie/Work/drag0n-php/ext/mbstring/oniguruma -I/Users/Ingwie/Work/drag0n-php/ext/mbstring/libmbfl -I/Users/Ingwie/Work/drag0n-php/ext/mbstring/libmbfl/mbfl -I/Users/Ingwie/Work/drag0n-php/ext/sqlite3/libsqlite -I/Users/Ingwie/Work/drag0n-php/ext/pthreads -I/usr/include/tidy -I/Users/Ingwie/Work/drag0n-php/ext/tokenizer/includes -I/usr/local/lib/wx/include/osx_cocoa-unicode-2.9 -I/usr/local/include/wx-2.9 -I/Users/Ingwie/Work/drag0n-php/TSRM -I/Users/Ingwie/Work/drag0n-php/Zend  -no-cpp-precomp  -I/usr/include -g -O2 -fvisibility=hidden -DZTS  -c /Users/Ingwie/Work/drag0n-php/ext/pcre/pcrelib/pcre_config.c -o ext/pcre/pcrelib/pcre_config.lo 
/bin/sh /Users/Ingwie/Work/drag0n-php/libtool --silent --preserve-dup-deps --mode=compile cc -DHAVE_CONFIG_H -I/Users/Ingwie/Work/drag0n-php/ext/pcre/pcrelib -Iext/pcre/ -I/Users/Ingwie/Work/drag0n-php/ext/pcre/ -DPHP_ATOM_INC -I/Users/Ingwie/Work/drag0n-php/include -I/Users/Ingwie/Work/drag0n-php/main -I/Users/Ingwie/Work/drag0n-php -I/Users/Ingwie/Work/drag0n-php/ext/date/lib -I/Users/Ingwie/Work/drag0n-php/ext/ereg/regex -I/usr/include/libxml2 -I/usr/local/include -I/Users/Ingwie/Work/drag0n-php/ext/mbstring/oniguruma -I/Users/Ingwie/Work/drag0n-php/ext/mbstring/libmbfl -I/Users/Ingwie/Work/drag0n-php/ext/mbstring/libmbfl/mbfl -I/Users/Ingwie/Work/drag0n-php/ext/sqlite3/libsqlite -I/Users/Ingwie/Work/drag0n-php/ext/pthreads -I/usr/include/tidy -I/Users/Ingwie/Work/drag0n-php/ext/tokenizer/includes -I/usr/local/lib/wx/include/osx_cocoa-unicode-2.9 -I/usr/local/include/wx-2.9 -I/Users/Ingwie/Work/drag0n-php/TSRM -I/Users/Ingwie/Work/drag0n-php/Zend  -no-cpp-precomp  -I/usr/include -g -O2 -fvisibility=hidden -DZTS  -c /Users/Ingwie/Work/drag0n-php/ext/pcre/pcrelib/pcre_exec.c -o ext/pcre/pcrelib/pcre_exec.lo 
/bin/sh /Users/Ingwie/Work/drag0n-php/libtool --silent --preserve-dup-deps --mode=compile cc -DHAVE_CONFIG_H -I/Users/Ingwie/Work/drag0n-php/ext/pcre/pcrelib -Iext/pcre/ -I/Users/Ingwie/Work/drag0n-php/ext/pcre/ -DPHP_ATOM_INC -I/Users/Ingwie/Work/drag0n-php/include -I/Users/Ingwie/Work/drag0n-php/main -I/Users/Ingwie/Work/drag0n-php -I/Users/Ingwie/Work/drag0n-php/ext/date/lib -I/Users/Ingwie/Work/drag0n-php/ext/ereg/regex -I/usr/include/libxml2 -I/usr/local/include -I/Users/Ingwie/Work/drag0n-php/ext/mbstring/oniguruma -I/Users/Ingwie/Work/drag0n-php/ext/mbstring/libmbfl -I/Users/Ingwie/Work/drag0n-php/ext/mbstring/libmbfl/mbfl -I/Users/Ingwie/Work/drag0n-php/ext/sqlite3/libsqlite -I/Users/Ingwie/Work/drag0n-php/ext/pthreads -I/usr/include/tidy -I/Users/Ingwie/Work/drag0n-php/ext/tokenizer/includes -I/usr/local/lib/wx/include/osx_cocoa-unicode-2.9 -I/usr/local/include/wx-2.9 -I/Users/Ingwie/Work/drag0n-php/TSRM -I/Users/Ingwie/Work/drag0n-php/Zend  -no-cpp-precomp  -I/usr/include -g -O2 -fvisibility=hidden -DZTS  -c /Users/Ingwie/Work/drag0n-php/ext/pcre/pcrelib/pcre_fullinfo.c -o ext/pcre/pcrelib/pcre_fullinfo.lo 
/bin/sh /Users/Ingwie/Work/drag0n-php/libtool --silent --preserve-dup-deps --mode=compile cc -DHAVE_CONFIG_H -I/Users/Ingwie/Work/drag0n-php/ext/pcre/pcrelib -Iext/pcre/ -I/Users/Ingwie/Work/drag0n-php/ext/pcre/ -DPHP_ATOM_INC -I/Users/Ingwie/Work/drag0n-php/include -I/Users/Ingwie/Work/drag0n-php/main -I/Users/Ingwie/Work/drag0n-php -I/Users/Ingwie/Work/drag0n-php/ext/date/lib -I/Users/Ingwie/Work/drag0n-php/ext/ereg/regex -I/usr/include/libxml2 -I/usr/local/include -I/Users/Ingwie/Work/drag0n-php/ext/mbstring/oniguruma -I/Users/Ingwie/Work/drag0n-php/ext/mbstring/libmbfl -I/Users/Ingwie/Work/drag0n-php/ext/mbstring/libmbfl/mbfl -I/Users/Ingwie/Work/drag0n-php/ext/sqlite3/libsqlite -I/Users/Ingwie/Work/drag0n-php/ext/pthreads -I/usr/include/tidy -I/Users/Ingwie/Work/drag0n-php/ext/tokenizer/includes -I/usr/local/lib/wx/include/osx_cocoa-unicode-2.9 -I/usr/local/include/wx-2.9 -I/Users/Ingwie/Work/drag0n-php/TSRM -I/Users/Ingwie/Work/drag0n-php/Zend  -no-cpp-precomp  -I/usr/include -g -O2 -fvisibility=hidden -DZTS  -c /Users/Ingwie/Work/drag0n-php/ext/pcre/pcrelib/pcre_get.c -o ext/pcre/pcrelib/pcre_get.lo 
/bin/sh /Users/Ingwie/Work/drag0n-php/libtool --silent --preserve-dup-deps --mode=compile cc -DHAVE_CONFIG_H -I/Users/Ingwie/Work/drag0n-php/ext/pcre/pcrelib -Iext/pcre/ -I/Users/Ingwie/Work/drag0n-php/ext/pcre/ -DPHP_ATOM_INC -I/Users/Ingwie/Work/drag0n-php/include -I/Users/Ingwie/Work/drag0n-php/main -I/Users/Ingwie/Work/drag0n-php -I/Users/Ingwie/Work/drag0n-php/ext/date/lib -I/Users/Ingwie/Work/drag0n-php/ext/ereg/regex -I/usr/include/libxml2 -I/usr/local/include -I/Users/Ingwie/Work/drag0n-php/ext/mbstring/oniguruma -I/Users/Ingwie/Work/drag0n-php/ext/mbstring/libmbfl -I/Users/Ingwie/Work/drag0n-php/ext/mbstring/libmbfl/mbfl -I/Users/Ingwie/Work/drag0n-php/ext/sqlite3/libsqlite -I/Users/Ingwie/Work/drag0n-php/ext/pthreads -I/usr/include/tidy -I/Users/Ingwie/Work/drag0n-php/ext/tokenizer/includes -I/usr/local/lib/wx/include/osx_cocoa-unicode-2.9 -I/usr/local/include/wx-2.9 -I/Users/Ingwie/Work/drag0n-php/TSRM -I/Users/Ingwie/Work/drag0n-php/Zend  -no-cpp-precomp  -I/usr/include -g -O2 -fvisibility=hidden -DZTS  -c /Users/Ingwie/Work/drag0n-php/ext/pcre/pcrelib/pcre_globals.c -o ext/pcre/pcrelib/pcre_globals.lo 
/bin/sh /Users/Ingwie/Work/drag0n-php/libtool --silent --preserve-dup-deps --mode=compile cc -DHAVE_CONFIG_H -I/Users/Ingwie/Work/drag0n-php/ext/pcre/pcrelib -Iext/pcre/ -I/Users/Ingwie/Work/drag0n-php/ext/pcre/ -DPHP_ATOM_INC -I/Users/Ingwie/Work/drag0n-php/include -I/Users/Ingwie/Work/drag0n-php/main -I/Users/Ingwie/Work/drag0n-php -I/Users/Ingwie/Work/drag0n-php/ext/date/lib -I/Users/Ingwie/Work/drag0n-php/ext/ereg/regex -I/usr/include/libxml2 -I/usr/local/include -I/Users/Ingwie/Work/drag0n-php/ext/mbstring/oniguruma -I/Users/Ingwie/Work/drag0n-php/ext/mbstring/libmbfl -I/Users/Ingwie/Work/drag0n-php/ext/mbstring/libmbfl/mbfl -I/Users/Ingwie/Work/drag0n-php/ext/sqlite3/libsqlite -I/Users/Ingwie/Work/drag0n-php/ext/pthreads -I/usr/include/tidy -I/Users/Ingwie/Work/drag0n-php/ext/tokenizer/includes -I/usr/local/lib/wx/include/osx_cocoa-unicode-2.9 -I/usr/local/include/wx-2.9 -I/Users/Ingwie/Work/drag0n-php/TSRM -I/Users/Ingwie/Work/drag0n-php/Zend  -no-cpp-precomp  -I/usr/include -g -O2 -fvisibility=hidden -DZTS  -c /Users/Ingwie/Work/drag0n-php/ext/pcre/pcrelib/pcre_maketables.c -o ext/pcre/pcrelib/pcre_maketables.lo 
/bin/sh /Users/Ingwie/Work/drag0n-php/libtool --silent --preserve-dup-deps --mode=compile cc -DHAVE_CONFIG_H -I/Users/Ingwie/Work/drag0n-php/ext/pcre/pcrelib -Iext/pcre/ -I/Users/Ingwie/Work/drag0n-php/ext/pcre/ -DPHP_ATOM_INC -I/Users/Ingwie/Work/drag0n-php/include -I/Users/Ingwie/Work/drag0n-php/main -I/Users/Ingwie/Work/drag0n-php -I/Users/Ingwie/Work/drag0n-php/ext/date/lib -I/Users/Ingwie/Work/drag0n-php/ext/ereg/regex -I/usr/include/libxml2 -I/usr/local/include -I/Users/Ingwie/Work/drag0n-php/ext/mbstring/oniguruma -I/Users/Ingwie/Work/drag0n-php/ext/mbstring/libmbfl -I/Users/Ingwie/Work/drag0n-php/ext/mbstring/libmbfl/mbfl -I/Users/Ingwie/Work/drag0n-php/ext/sqlite3/libsqlite -I/Users/Ingwie/Work/drag0n-php/ext/pthreads -I/usr/include/tidy -I/Users/Ingwie/Work/drag0n-php/ext/tokenizer/includes -I/usr/local/lib/wx/include/osx_cocoa-unicode-2.9 -I/usr/local/include/wx-2.9 -I/Users/Ingwie/Work/drag0n-php/TSRM -I/Users/Ingwie/Work/drag0n-php/Zend  -no-cpp-precomp  -I/usr/include -g -O2 -fvisibility=hidden -DZTS  -c /Users/Ingwie/Work/drag0n-php/ext/pcre/pcrelib/pcre_newline.c -o ext/pcre/pcrelib/pcre_newline.lo 
/bin/sh /Users/Ingwie/Work/drag0n-php/libtool --silent --preserve-dup-deps --mode=compile cc -DHAVE_CONFIG_H -I/Users/Ingwie/Work/drag0n-php/ext/pcre/pcrelib -Iext/pcre/ -I/Users/Ingwie/Work/drag0n-php/ext/pcre/ -DPHP_ATOM_INC -I/Users/Ingwie/Work/drag0n-php/include -I/Users/Ingwie/Work/drag0n-php/main -I/Users/Ingwie/Work/drag0n-php -I/Users/Ingwie/Work/drag0n-php/ext/date/lib -I/Users/Ingwie/Work/drag0n-php/ext/ereg/regex -I/usr/include/libxml2 -I/usr/local/include -I/Users/Ingwie/Work/drag0n-php/ext/mbstring/oniguruma -I/Users/Ingwie/Work/drag0n-php/ext/mbstring/libmbfl -I/Users/Ingwie/Work/drag0n-php/ext/mbstring/libmbfl/mbfl -I/Users/Ingwie/Work/drag0n-php/ext/sqlite3/libsqlite -I/Users/Ingwie/Work/drag0n-php/ext/pthreads -I/usr/include/tidy -I/Users/Ingwie/Work/drag0n-php/ext/tokenizer/includes -I/usr/local/lib/wx/include/osx_cocoa-unicode-2.9 -I/usr/local/include/wx-2.9 -I/Users/Ingwie/Work/drag0n-php/TSRM -I/Users/Ingwie/Work/drag0n-php/Zend  -no-cpp-precomp  -I/usr/include -g -O2 -fvisibility=hidden -DZTS  -c /Users/Ingwie/Work/drag0n-php/ext/pcre/pcrelib/pcre_ord2utf8.c -o ext/pcre/pcrelib/pcre_ord2utf8.lo 
/bin/sh /Users/Ingwie/Work/drag0n-php/libtool --silent --preserve-dup-deps --mode=compile cc -DHAVE_CONFIG_H -I/Users/Ingwie/Work/drag0n-php/ext/pcre/pcrelib -Iext/pcre/ -I/Users/Ingwie/Work/drag0n-php/ext/pcre/ -DPHP_ATOM_INC -I/Users/Ingwie/Work/drag0n-php/include -I/Users/Ingwie/Work/drag0n-php/main -I/Users/Ingwie/Work/drag0n-php -I/Users/Ingwie/Work/drag0n-php/ext/date/lib -I/Users/Ingwie/Work/drag0n-php/ext/ereg/regex -I/usr/include/libxml2 -I/usr/local/include -I/Users/Ingwie/Work/drag0n-php/ext/mbstring/oniguruma -I/Users/Ingwie/Work/drag0n-php/ext/mbstring/libmbfl -I/Users/Ingwie/Work/drag0n-php/ext/mbstring/libmbfl/mbfl -I/Users/Ingwie/Work/drag0n-php/ext/sqlite3/libsqlite -I/Users/Ingwie/Work/drag0n-php/ext/pthreads -I/usr/include/tidy -I/Users/Ingwie/Work/drag0n-php/ext/tokenizer/includes -I/usr/local/lib/wx/include/osx_cocoa-unicode-2.9 -I/usr/local/include/wx-2.9 -I/Users/Ingwie/Work/drag0n-php/TSRM -I/Users/Ingwie/Work/drag0n-php/Zend  -no-cpp-precomp  -I/usr/include -g -O2 -fvisibility=hidden -DZTS  -c /Users/Ingwie/Work/drag0n-php/ext/pcre/pcrelib/pcre_refcount.c -o ext/pcre/pcrelib/pcre_refcount.lo 
/bin/sh /Users/Ingwie/Work/drag0n-php/libtool --silent --preserve-dup-deps --mode=compile cc -DHAVE_CONFIG_H -I/Users/Ingwie/Work/drag0n-php/ext/pcre/pcrelib -Iext/pcre/ -I/Users/Ingwie/Work/drag0n-php/ext/pcre/ -DPHP_ATOM_INC -I/Users/Ingwie/Work/drag0n-php/include -I/Users/Ingwie/Work/drag0n-php/main -I/Users/Ingwie/Work/drag0n-php -I/Users/Ingwie/Work/drag0n-php/ext/date/lib -I/Users/Ingwie/Work/drag0n-php/ext/ereg/regex -I/usr/include/libxml2 -I/usr/local/include -I/Users/Ingwie/Work/drag0n-php/ext/mbstring/oniguruma -I/Users/Ingwie/Work/drag0n-php/ext/mbstring/libmbfl -I/Users/Ingwie/Work/drag0n-php/ext/mbstring/libmbfl/mbfl -I/Users/Ingwie/Work/drag0n-php/ext/sqlite3/libsqlite -I/Users/Ingwie/Work/drag0n-php/ext/pthreads -I/usr/include/tidy -I/Users/Ingwie/Work/drag0n-php/ext/tokenizer/includes -I/usr/local/lib/wx/include/osx_cocoa-unicode-2.9 -I/usr/local/include/wx-2.9 -I/Users/Ingwie/Work/drag0n-php/TSRM -I/Users/Ingwie/Work/drag0n-php/Zend  -no-cpp-precomp  -I/usr/include -g -O2 -fvisibility=hidden -DZTS  -c /Users/Ingwie/Work/drag0n-php/ext/pcre/pcrelib/pcre_study.c -o ext/pcre/pcrelib/pcre_study.lo 
/bin/sh /Users/Ingwie/Work/drag0n-php/libtool --silent --preserve-dup-deps --mode=compile cc -DHAVE_CONFIG_H -I/Users/Ingwie/Work/drag0n-php/ext/pcre/pcrelib -Iext/pcre/ -I/Users/Ingwie/Work/drag0n-php/ext/pcre/ -DPHP_ATOM_INC -I/Users/Ingwie/Work/drag0n-php/include -I/Users/Ingwie/Work/drag0n-php/main -I/Users/Ingwie/Work/drag0n-php -I/Users/Ingwie/Work/drag0n-php/ext/date/lib -I/Users/Ingwie/Work/drag0n-php/ext/ereg/regex -I/usr/include/libxml2 -I/usr/local/include -I/Users/Ingwie/Work/drag0n-php/ext/mbstring/oniguruma -I/Users/Ingwie/Work/drag0n-php/ext/mbstring/libmbfl -I/Users/Ingwie/Work/drag0n-php/ext/mbstring/libmbfl/mbfl -I/Users/Ingwie/Work/drag0n-php/ext/sqlite3/libsqlite -I/Users/Ingwie/Work/drag0n-php/ext/pthreads -I/usr/include/tidy -I/Users/Ingwie/Work/drag0n-php/ext/tokenizer/includes -I/usr/local/lib/wx/include/osx_cocoa-unicode-2.9 -I/usr/local/include/wx-2.9 -I/Users/Ingwie/Work/drag0n-php/TSRM -I/Users/Ingwie/Work/drag0n-php/Zend  -no-cpp-precomp  -I/usr/include -g -O2 -fvisibility=hidden -DZTS  -c /Users/Ingwie/Work/drag0n-php/ext/pcre/pcrelib/pcre_tables.c -o ext/pcre/pcrelib/pcre_tables.lo 
/bin/sh /Users/Ingwie/Work/drag0n-php/libtool --silent --preserve-dup-deps --mode=compile cc -DHAVE_CONFIG_H -I/Users/Ingwie/Work/drag0n-php/ext/pcre/pcrelib -Iext/pcre/ -I/Users/Ingwie/Work/drag0n-php/ext/pcre/ -DPHP_ATOM_INC -I/Users/Ingwie/Work/drag0n-php/include -I/Users/Ingwie/Work/drag0n-php/main -I/Users/Ingwie/Work/drag0n-php -I/Users/Ingwie/Work/drag0n-php/ext/date/lib -I/Users/Ingwie/Work/drag0n-php/ext/ereg/regex -I/usr/include/libxml2 -I/usr/local/include -I/Users/Ingwie/Work/drag0n-php/ext/mbstring/oniguruma -I/Users/Ingwie/Work/drag0n-php/ext/mbstring/libmbfl -I/Users/Ingwie/Work/drag0n-php/ext/mbstring/libmbfl/mbfl -I/Users/Ingwie/Work/drag0n-php/ext/sqlite3/libsqlite -I/Users/Ingwie/Work/drag0n-php/ext/pthreads -I/usr/include/tidy -I/Users/Ingwie/Work/drag0n-php/ext/tokenizer/includes -I/usr/local/lib/wx/include/osx_cocoa-unicode-2.9 -I/usr/local/include/wx-2.9 -I/Users/Ingwie/Work/drag0n-php/TSRM -I/Users/Ingwie/Work/drag0n-php/Zend  -no-cpp-precomp  -I/usr/include -g -O2 -fvisibility=hidden -DZTS  -c /Users/Ingwie/Work/drag0n-php/ext/pcre/pcrelib/pcre_valid_utf8.c -o ext/pcre/pcrelib/pcre_valid_utf8.lo 
/bin/sh /Users/Ingwie/Work/drag0n-php/libtool --silent --preserve-dup-deps --mode=compile cc -DHAVE_CONFIG_H -I/Users/Ingwie/Work/drag0n-php/ext/pcre/pcrelib -Iext/pcre/ -I/Users/Ingwie/Work/drag0n-php/ext/pcre/ -DPHP_ATOM_INC -I/Users/Ingwie/Work/drag0n-php/include -I/Users/Ingwie/Work/drag0n-php/main -I/Users/Ingwie/Work/drag0n-php -I/Users/Ingwie/Work/drag0n-php/ext/date/lib -I/Users/Ingwie/Work/drag0n-php/ext/ereg/regex -I/usr/include/libxml2 -I/usr/local/include -I/Users/Ingwie/Work/drag0n-php/ext/mbstring/oniguruma -I/Users/Ingwie/Work/drag0n-php/ext/mbstring/libmbfl -I/Users/Ingwie/Work/drag0n-php/ext/mbstring/libmbfl/mbfl -I/Users/Ingwie/Work/drag0n-php/ext/sqlite3/libsqlite -I/Users/Ingwie/Work/drag0n-php/ext/pthreads -I/usr/include/tidy -I/Users/Ingwie/Work/drag0n-php/ext/tokenizer/includes -I/usr/local/lib/wx/include/osx_cocoa-unicode-2.9 -I/usr/local/include/wx-2.9 -I/Users/Ingwie/Work/drag0n-php/TSRM -I/Users/Ingwie/Work/drag0n-php/Zend  -no-cpp-precomp  -I/usr/include -g -O2 -fvisibility=hidden -DZTS  -c /Users/Ingwie/Work/drag0n-php/ext/pcre/pcrelib/pcre_version.c -o ext/pcre/pcrelib/pcre_version.lo 
/bin/sh /Users/Ingwie/Work/drag0n-php/libtool --silent --preserve-dup-deps --mode=compile cc -DHAVE_CONFIG_H -I/Users/Ingwie/Work/drag0n-php/ext/pcre/pcrelib -Iext/pcre/ -I/Users/Ingwie/Work/drag0n-php/ext/pcre/ -DPHP_ATOM_INC -I/Users/Ingwie/Work/drag0n-php/include -I/Users/Ingwie/Work/drag0n-php/main -I/Users/Ingwie/Work/drag0n-php -I/Users/Ingwie/Work/drag0n-php/ext/date/lib -I/Users/Ingwie/Work/drag0n-php/ext/ereg/regex -I/usr/include/libxml2 -I/usr/local/include -I/Users/Ingwie/Work/drag0n-php/ext/mbstring/oniguruma -I/Users/Ingwie/Work/drag0n-php/ext/mbstring/libmbfl -I/Users/Ingwie/Work/drag0n-php/ext/mbstring/libmbfl/mbfl -I/Users/Ingwie/Work/drag0n-php/ext/sqlite3/libsqlite -I/Users/Ingwie/Work/drag0n-php/ext/pthreads -I/usr/include/tidy -I/Users/Ingwie/Work/drag0n-php/ext/tokenizer/includes -I/usr/local/lib/wx/include/osx_cocoa-unicode-2.9 -I/usr/local/include/wx-2.9 -I/Users/Ingwie/Work/drag0n-php/TSRM -I/Users/Ingwie/Work/drag0n-php/Zend  -no-cpp-precomp  -I/usr/include -g -O2 -fvisibility=hidden -DZTS  -c /Users/Ingwie/Work/drag0n-php/ext/pcre/pcrelib/pcre_xclass.c -o ext/pcre/pcrelib/pcre_xclass.lo 
/bin/sh /Users/Ingwie/Work/drag0n-php/libtool --silent --preserve-dup-deps --mode=compile cc -DHAVE_CONFIG_H -I/Users/Ingwie/Work/drag0n-php/ext/pcre/pcrelib -Iext/pcre/ -I/Users/Ingwie/Work/drag0n-php/ext/pcre/ -DPHP_ATOM_INC -I/Users/Ingwie/Work/drag0n-php/include -I/Users/Ingwie/Work/drag0n-php/main -I/Users/Ingwie/Work/drag0n-php -I/Users/Ingwie/Work/drag0n-php/ext/date/lib -I/Users/Ingwie/Work/drag0n-php/ext/ereg/regex -I/usr/include/libxml2 -I/usr/local/include -I/Users/Ingwie/Work/drag0n-php/ext/mbstring/oniguruma -I/Users/Ingwie/Work/drag0n-php/ext/mbstring/libmbfl -I/Users/Ingwie/Work/drag0n-php/ext/mbstring/libmbfl/mbfl -I/Users/Ingwie/Work/drag0n-php/ext/sqlite3/libsqlite -I/Users/Ingwie/Work/drag0n-php/ext/pthreads -I/usr/include/tidy -I/Users/Ingwie/Work/drag0n-php/ext/tokenizer/includes -I/usr/local/lib/wx/include/osx_cocoa-unicode-2.9 -I/usr/local/include/wx-2.9 -I/Users/Ingwie/Work/drag0n-php/TSRM -I/Users/Ingwie/Work/drag0n-php/Zend  -no-cpp-precomp  -I/usr/include -g -O2 -fvisibility=hidden -DZTS  -c /Users/Ingwie/Work/drag0n-php/ext/pcre/php_pcre.c -o ext/pcre/php_pcre.lo 
/bin/sh /Users/Ingwie/Work/drag0n-php/libtool --silent --preserve-dup-deps --mode=compile cc -I/Users/Ingwie/Work/drag0n-php/ext/sqlite3/libsqlite -DSQLITE_ENABLE_FTS3=1 -DSQLITE_CORE=1 -DSQLITE_ENABLE_COLUMN_METADATA=1 -DSQLITE_THREADSAFE=1  -Iext/sqlite3/ -I/Users/Ingwie/Work/drag0n-php/ext/sqlite3/ -DPHP_ATOM_INC -I/Users/Ingwie/Work/drag0n-php/include -I/Users/Ingwie/Work/drag0n-php/main -I/Users/Ingwie/Work/drag0n-php -I/Users/Ingwie/Work/drag0n-php/ext/date/lib -I/Users/Ingwie/Work/drag0n-php/ext/ereg/regex -I/usr/include/libxml2 -I/usr/local/include -I/Users/Ingwie/Work/drag0n-php/ext/mbstring/oniguruma -I/Users/Ingwie/Work/drag0n-php/ext/mbstring/libmbfl -I/Users/Ingwie/Work/drag0n-php/ext/mbstring/libmbfl/mbfl -I/Users/Ingwie/Work/drag0n-php/ext/sqlite3/libsqlite -I/Users/Ingwie/Work/drag0n-php/ext/pthreads -I/usr/include/tidy -I/Users/Ingwie/Work/drag0n-php/ext/tokenizer/includes -I/usr/local/lib/wx/include/osx_cocoa-unicode-2.9 -I/usr/local/include/wx-2.9 -I/Users/Ingwie/Work/drag0n-php/TSRM -I/Users/Ingwie/Work/drag0n-php/Zend  -no-cpp-precomp  -I/usr/include -g -O2 -fvisibility=hidden -DZTS  -c /Users/Ingwie/Work/drag0n-php/ext/sqlite3/sqlite3.c -o ext/sqlite3/sqlite3.lo 
/bin/sh /Users/Ingwie/Work/drag0n-php/libtool --silent --preserve-dup-deps --mode=compile cc -I/Users/Ingwie/Work/drag0n-php/ext/sqlite3/libsqlite -DSQLITE_ENABLE_FTS3=1 -DSQLITE_CORE=1 -DSQLITE_ENABLE_COLUMN_METADATA=1 -DSQLITE_THREADSAFE=1  -Iext/sqlite3/ -I/Users/Ingwie/Work/drag0n-php/ext/sqlite3/ -DPHP_ATOM_INC -I/Users/Ingwie/Work/drag0n-php/include -I/Users/Ingwie/Work/drag0n-php/main -I/Users/Ingwie/Work/drag0n-php -I/Users/Ingwie/Work/drag0n-php/ext/date/lib -I/Users/Ingwie/Work/drag0n-php/ext/ereg/regex -I/usr/include/libxml2 -I/usr/local/include -I/Users/Ingwie/Work/drag0n-php/ext/mbstring/oniguruma -I/Users/Ingwie/Work/drag0n-php/ext/mbstring/libmbfl -I/Users/Ingwie/Work/drag0n-php/ext/mbstring/libmbfl/mbfl -I/Users/Ingwie/Work/drag0n-php/ext/sqlite3/libsqlite -I/Users/Ingwie/Work/drag0n-php/ext/pthreads -I/usr/include/tidy -I/Users/Ingwie/Work/drag0n-php/ext/tokenizer/includes -I/usr/local/lib/wx/include/osx_cocoa-unicode-2.9 -I/usr/local/include/wx-2.9 -I/Users/Ingwie/Work/drag0n-php/TSRM -I/Users/Ingwie/Work/drag0n-php/Zend  -no-cpp-precomp  -I/usr/include -g -O2 -fvisibility=hidden -DZTS  -c /Users/Ingwie/Work/drag0n-php/ext/sqlite3/libsqlite/sqlite3.c -o ext/sqlite3/libsqlite/sqlite3.lo 
/bin/sh /Users/Ingwie/Work/drag0n-php/libtool --silent --preserve-dup-deps --mode=compile cc  -Iext/ctype/ -I/Users/Ingwie/Work/drag0n-php/ext/ctype/ -DPHP_ATOM_INC -I/Users/Ingwie/Work/drag0n-php/include -I/Users/Ingwie/Work/drag0n-php/main -I/Users/Ingwie/Work/drag0n-php -I/Users/Ingwie/Work/drag0n-php/ext/date/lib -I/Users/Ingwie/Work/drag0n-php/ext/ereg/regex -I/usr/include/libxml2 -I/usr/local/include -I/Users/Ingwie/Work/drag0n-php/ext/mbstring/oniguruma -I/Users/Ingwie/Work/drag0n-php/ext/mbstring/libmbfl -I/Users/Ingwie/Work/drag0n-php/ext/mbstring/libmbfl/mbfl -I/Users/Ingwie/Work/drag0n-php/ext/sqlite3/libsqlite -I/Users/Ingwie/Work/drag0n-php/ext/pthreads -I/usr/include/tidy -I/Users/Ingwie/Work/drag0n-php/ext/tokenizer/includes -I/usr/local/lib/wx/include/osx_cocoa-unicode-2.9 -I/usr/local/include/wx-2.9 -I/Users/Ingwie/Work/drag0n-php/TSRM -I/Users/Ingwie/Work/drag0n-php/Zend  -no-cpp-precomp  -I/usr/include -g -O2 -fvisibility=hidden -DZTS  -c /Users/Ingwie/Work/drag0n-php/ext/ctype/ctype.c -o ext/ctype/ctype.lo 
/bin/sh /Users/Ingwie/Work/drag0n-php/libtool --silent --preserve-dup-deps --mode=compile cc  -Iext/curl/ -I/Users/Ingwie/Work/drag0n-php/ext/curl/ -DPHP_ATOM_INC -I/Users/Ingwie/Work/drag0n-php/include -I/Users/Ingwie/Work/drag0n-php/main -I/Users/Ingwie/Work/drag0n-php -I/Users/Ingwie/Work/drag0n-php/ext/date/lib -I/Users/Ingwie/Work/drag0n-php/ext/ereg/regex -I/usr/include/libxml2 -I/usr/local/include -I/Users/Ingwie/Work/drag0n-php/ext/mbstring/oniguruma -I/Users/Ingwie/Work/drag0n-php/ext/mbstring/libmbfl -I/Users/Ingwie/Work/drag0n-php/ext/mbstring/libmbfl/mbfl -I/Users/Ingwie/Work/drag0n-php/ext/sqlite3/libsqlite -I/Users/Ingwie/Work/drag0n-php/ext/pthreads -I/usr/include/tidy -I/Users/Ingwie/Work/drag0n-php/ext/tokenizer/includes -I/usr/local/lib/wx/include/osx_cocoa-unicode-2.9 -I/usr/local/include/wx-2.9 -I/Users/Ingwie/Work/drag0n-php/TSRM -I/Users/Ingwie/Work/drag0n-php/Zend  -no-cpp-precomp  -I/usr/include -g -O2 -fvisibility=hidden -DZTS  -c /Users/Ingwie/Work/drag0n-php/ext/curl/interface.c -o ext/curl/interface.lo 
/Users/Ingwie/Work/drag0n-php/ext/curl/interface.c:1200:7: warning: 'CRYPTO_get_id_callback' is deprecated [-Wdeprecated-declarations]
        if (!CRYPTO_get_id_callback()) {
             ^
/usr/include/openssl/crypto.h:426:17: note: 'CRYPTO_get_id_callback' declared here
unsigned long (*CRYPTO_get_id_callback(void))(void) DEPRECATED_IN_MAC_OS_X_VERSION_10_7_AND_LATER;
                ^
/Users/Ingwie/Work/drag0n-php/ext/curl/interface.c:1201:14: warning: 'CRYPTO_num_locks' is deprecated [-Wdeprecated-declarations]
                int i, c = CRYPTO_num_locks();
                           ^
/usr/include/openssl/crypto.h:415:5: note: 'CRYPTO_num_locks' declared here
int CRYPTO_num_locks(void) DEPRECATED_IN_MAC_OS_X_VERSION_10_7_AND_LATER; /* return CRYPTO_NUM_LOCKS (shared libs!) */
    ^
/Users/Ingwie/Work/drag0n-php/ext/curl/interface.c:1212:3: warning: 'CRYPTO_set_id_callback' is deprecated [-Wdeprecated-declarations]
                CRYPTO_set_id_callback(php_curl_ssl_id);
                ^
/usr/include/openssl/crypto.h:425:6: note: 'CRYPTO_set_id_callback' declared here
void CRYPTO_set_id_callback(unsigned long (*func)(void)) DEPRECATED_IN_MAC_OS_X_VERSION_10_7_AND_LATER;
     ^
/Users/Ingwie/Work/drag0n-php/ext/curl/interface.c:1213:3: warning: 'CRYPTO_set_locking_callback' is deprecated [-Wdeprecated-declarations]
                CRYPTO_set_locking_callback(php_curl_ssl_lock);
                ^
/usr/include/openssl/crypto.h:417:6: note: 'CRYPTO_set_locking_callback' declared here
void CRYPTO_set_locking_callback(void (*func)(int mode,int type,
     ^
/Users/Ingwie/Work/drag0n-php/ext/curl/interface.c:1237:14: warning: 'CRYPTO_num_locks' is deprecated [-Wdeprecated-declarations]
                int i, c = CRYPTO_num_locks();
                           ^
/usr/include/openssl/crypto.h:415:5: note: 'CRYPTO_num_locks' declared here
int CRYPTO_num_locks(void) DEPRECATED_IN_MAC_OS_X_VERSION_10_7_AND_LATER; /* return CRYPTO_NUM_LOCKS (shared libs!) */
    ^
/Users/Ingwie/Work/drag0n-php/ext/curl/interface.c:1239:3: warning: 'CRYPTO_set_id_callback' is deprecated [-Wdeprecated-declarations]
                CRYPTO_set_id_callback(NULL);
                ^
/usr/include/openssl/crypto.h:425:6: note: 'CRYPTO_set_id_callback' declared here
void CRYPTO_set_id_callback(unsigned long (*func)(void)) DEPRECATED_IN_MAC_OS_X_VERSION_10_7_AND_LATER;
     ^
/Users/Ingwie/Work/drag0n-php/ext/curl/interface.c:1240:3: warning: 'CRYPTO_set_locking_callback' is deprecated [-Wdeprecated-declarations]
                CRYPTO_set_locking_callback(NULL);
                ^
/usr/include/openssl/crypto.h:417:6: note: 'CRYPTO_set_locking_callback' declared here
void CRYPTO_set_locking_callback(void (*func)(int mode,int type,
     ^
/Users/Ingwie/Work/drag0n-php/ext/curl/interface.c:2583:16: warning: implicit conversion from enumeration type 'CURLFORMcode' to different enumeration type 'CURLcode' [-Wenum-conversion]
                                                        error = curl_formadd(&first, &last,
                                                              ~ ^~~~~~~~~~~~~~~~~~~~~~~~~~~
/Users/Ingwie/Work/drag0n-php/ext/curl/interface.c:2623:15: warning: implicit conversion from enumeration type 'CURLFORMcode' to different enumeration type 'CURLcode' [-Wenum-conversion]
                                                error = curl_formadd(&first, &last,
                                                      ~ ^~~~~~~~~~~~~~~~~~~~~~~~~~~
/Users/Ingwie/Work/drag0n-php/ext/curl/interface.c:2637:15: warning: implicit conversion from enumeration type 'CURLFORMcode' to different enumeration type 'CURLcode' [-Wenum-conversion]
                                                error = curl_formadd(&first, &last,
                                                      ~ ^~~~~~~~~~~~~~~~~~~~~~~~~~~
10 warnings generated.
/bin/sh /Users/Ingwie/Work/drag0n-php/libtool --silent --preserve-dup-deps --mode=compile cc  -Iext/curl/ -I/Users/Ingwie/Work/drag0n-php/ext/curl/ -DPHP_ATOM_INC -I/Users/Ingwie/Work/drag0n-php/include -I/Users/Ingwie/Work/drag0n-php/main -I/Users/Ingwie/Work/drag0n-php -I/Users/Ingwie/Work/drag0n-php/ext/date/lib -I/Users/Ingwie/Work/drag0n-php/ext/ereg/regex -I/usr/include/libxml2 -I/usr/local/include -I/Users/Ingwie/Work/drag0n-php/ext/mbstring/oniguruma -I/Users/Ingwie/Work/drag0n-php/ext/mbstring/libmbfl -I/Users/Ingwie/Work/drag0n-php/ext/mbstring/libmbfl/mbfl -I/Users/Ingwie/Work/drag0n-php/ext/sqlite3/libsqlite -I/Users/Ingwie/Work/drag0n-php/ext/pthreads -I/usr/include/tidy -I/Users/Ingwie/Work/drag0n-php/ext/tokenizer/includes -I/usr/local/lib/wx/include/osx_cocoa-unicode-2.9 -I/usr/local/include/wx-2.9 -I/Users/Ingwie/Work/drag0n-php/TSRM -I/Users/Ingwie/Work/drag0n-php/Zend  -no-cpp-precomp  -I/usr/include -g -O2 -fvisibility=hidden -DZTS  -c /Users/Ingwie/Work/drag0n-php/ext/curl/multi.c -o ext/curl/multi.lo 
/bin/sh /Users/Ingwie/Work/drag0n-php/libtool --silent --preserve-dup-deps --mode=compile cc  -Iext/curl/ -I/Users/Ingwie/Work/drag0n-php/ext/curl/ -DPHP_ATOM_INC -I/Users/Ingwie/Work/drag0n-php/include -I/Users/Ingwie/Work/drag0n-php/main -I/Users/Ingwie/Work/drag0n-php -I/Users/Ingwie/Work/drag0n-php/ext/date/lib -I/Users/Ingwie/Work/drag0n-php/ext/ereg/regex -I/usr/include/libxml2 -I/usr/local/include -I/Users/Ingwie/Work/drag0n-php/ext/mbstring/oniguruma -I/Users/Ingwie/Work/drag0n-php/ext/mbstring/libmbfl -I/Users/Ingwie/Work/drag0n-php/ext/mbstring/libmbfl/mbfl -I/Users/Ingwie/Work/drag0n-php/ext/sqlite3/libsqlite -I/Users/Ingwie/Work/drag0n-php/ext/pthreads -I/usr/include/tidy -I/Users/Ingwie/Work/drag0n-php/ext/tokenizer/includes -I/usr/local/lib/wx/include/osx_cocoa-unicode-2.9 -I/usr/local/include/wx-2.9 -I/Users/Ingwie/Work/drag0n-php/TSRM -I/Users/Ingwie/Work/drag0n-php/Zend  -no-cpp-precomp  -I/usr/include -g -O2 -fvisibility=hidden -DZTS  -c /Users/Ingwie/Work/drag0n-php/ext/curl/share.c -o ext/curl/share.lo 
/bin/sh /Users/Ingwie/Work/drag0n-php/libtool --silent --preserve-dup-deps --mode=compile cc  -Iext/curl/ -I/Users/Ingwie/Work/drag0n-php/ext/curl/ -DPHP_ATOM_INC -I/Users/Ingwie/Work/drag0n-php/include -I/Users/Ingwie/Work/drag0n-php/main -I/Users/Ingwie/Work/drag0n-php -I/Users/Ingwie/Work/drag0n-php/ext/date/lib -I/Users/Ingwie/Work/drag0n-php/ext/ereg/regex -I/usr/include/libxml2 -I/usr/local/include -I/Users/Ingwie/Work/drag0n-php/ext/mbstring/oniguruma -I/Users/Ingwie/Work/drag0n-php/ext/mbstring/libmbfl -I/Users/Ingwie/Work/drag0n-php/ext/mbstring/libmbfl/mbfl -I/Users/Ingwie/Work/drag0n-php/ext/sqlite3/libsqlite -I/Users/Ingwie/Work/drag0n-php/ext/pthreads -I/usr/include/tidy -I/Users/Ingwie/Work/drag0n-php/ext/tokenizer/includes -I/usr/local/lib/wx/include/osx_cocoa-unicode-2.9 -I/usr/local/include/wx-2.9 -I/Users/Ingwie/Work/drag0n-php/TSRM -I/Users/Ingwie/Work/drag0n-php/Zend  -no-cpp-precomp  -I/usr/include -g -O2 -fvisibility=hidden -DZTS  -c /Users/Ingwie/Work/drag0n-php/ext/curl/curl_file.c -o ext/curl/curl_file.lo 
/bin/sh /Users/Ingwie/Work/drag0n-php/libtool --silent --preserve-dup-deps --mode=compile cc  -Iext/dom/ -I/Users/Ingwie/Work/drag0n-php/ext/dom/ -DPHP_ATOM_INC -I/Users/Ingwie/Work/drag0n-php/include -I/Users/Ingwie/Work/drag0n-php/main -I/Users/Ingwie/Work/drag0n-php -I/Users/Ingwie/Work/drag0n-php/ext/date/lib -I/Users/Ingwie/Work/drag0n-php/ext/ereg/regex -I/usr/include/libxml2 -I/usr/local/include -I/Users/Ingwie/Work/drag0n-php/ext/mbstring/oniguruma -I/Users/Ingwie/Work/drag0n-php/ext/mbstring/libmbfl -I/Users/Ingwie/Work/drag0n-php/ext/mbstring/libmbfl/mbfl -I/Users/Ingwie/Work/drag0n-php/ext/sqlite3/libsqlite -I/Users/Ingwie/Work/drag0n-php/ext/pthreads -I/usr/include/tidy -I/Users/Ingwie/Work/drag0n-php/ext/tokenizer/includes -I/usr/local/lib/wx/include/osx_cocoa-unicode-2.9 -I/usr/local/include/wx-2.9 -I/Users/Ingwie/Work/drag0n-php/TSRM -I/Users/Ingwie/Work/drag0n-php/Zend  -no-cpp-precomp  -I/usr/include -g -O2 -fvisibility=hidden -DZTS  -c /Users/Ingwie/Work/drag0n-php/ext/dom/php_dom.c -o ext/dom/php_dom.lo 
/bin/sh /Users/Ingwie/Work/drag0n-php/libtool --silent --preserve-dup-deps --mode=compile cc  -Iext/dom/ -I/Users/Ingwie/Work/drag0n-php/ext/dom/ -DPHP_ATOM_INC -I/Users/Ingwie/Work/drag0n-php/include -I/Users/Ingwie/Work/drag0n-php/main -I/Users/Ingwie/Work/drag0n-php -I/Users/Ingwie/Work/drag0n-php/ext/date/lib -I/Users/Ingwie/Work/drag0n-php/ext/ereg/regex -I/usr/include/libxml2 -I/usr/local/include -I/Users/Ingwie/Work/drag0n-php/ext/mbstring/oniguruma -I/Users/Ingwie/Work/drag0n-php/ext/mbstring/libmbfl -I/Users/Ingwie/Work/drag0n-php/ext/mbstring/libmbfl/mbfl -I/Users/Ingwie/Work/drag0n-php/ext/sqlite3/libsqlite -I/Users/Ingwie/Work/drag0n-php/ext/pthreads -I/usr/include/tidy -I/Users/Ingwie/Work/drag0n-php/ext/tokenizer/includes -I/usr/local/lib/wx/include/osx_cocoa-unicode-2.9 -I/usr/local/include/wx-2.9 -I/Users/Ingwie/Work/drag0n-php/TSRM -I/Users/Ingwie/Work/drag0n-php/Zend  -no-cpp-precomp  -I/usr/include -g -O2 -fvisibility=hidden -DZTS  -c /Users/Ingwie/Work/drag0n-php/ext/dom/attr.c -o ext/dom/attr.lo 
/Users/Ingwie/Work/drag0n-php/ext/dom/attr.c:82:45: warning: passing 'char *' to parameter of type 'const xmlChar *' (aka 'const unsigned char *') converts between pointers to integer types with different sign [-Wpointer-sign]
        nodep = xmlNewProp(NULL, (xmlChar *) name, value);
                                                   ^~~~~
/usr/include/libxml2/libxml/tree.h:747:22: note: passing argument to parameter 'value' here
                                         const xmlChar *value);
                                                        ^
/Users/Ingwie/Work/drag0n-php/ext/dom/attr.c:160:3: warning: initializing 'const char *' with an expression of type 'xmlChar *' (aka 'unsigned char *') converts between pointers to integer types with different sign [-Wpointer-sign]
                ZVAL_STRING(*retval, content, 1);
                ^~~~~~~~~~~~~~~~~~~~~~~~~~~~~~~~
/Users/Ingwie/Work/drag0n-php/Zend/zend_API.h:575:15: note: expanded from macro 'ZVAL_STRING'
                const char *__s=(s);                            \
                            ^   ~~~
/Users/Ingwie/Work/drag0n-php/ext/dom/attr.c:195:43: warning: passing 'char *' to parameter of type 'const xmlChar *' (aka 'const unsigned char *') converts between pointers to integer types with different sign [-Wpointer-sign]
        xmlNodeSetContentLen((xmlNodePtr) attrp, Z_STRVAL_P(newval), Z_STRLEN_P(newval) + 1);
                                                 ^~~~~~~~~~~~~~~~~~
/Users/Ingwie/Work/drag0n-php/Zend/zend_operators.h:458:29: note: expanded from macro 'Z_STRVAL_P'
#define Z_STRVAL_P(zval_p)              Z_STRVAL(*zval_p)
                                        ^~~~~~~~~~~~~~~~~
/Users/Ingwie/Work/drag0n-php/Zend/zend_operators.h:443:26: note: expanded from macro 'Z_STRVAL'
#define Z_STRVAL(zval)                  (zval).value.str.val
                                        ^~~~~~~~~~~~~~~~~~~~
/usr/include/libxml2/libxml/tree.h:1017:22: note: passing argument to parameter 'content' here
                                         const xmlChar *content,
                                                        ^
3 warnings generated.
/bin/sh /Users/Ingwie/Work/drag0n-php/libtool --silent --preserve-dup-deps --mode=compile cc  -Iext/dom/ -I/Users/Ingwie/Work/drag0n-php/ext/dom/ -DPHP_ATOM_INC -I/Users/Ingwie/Work/drag0n-php/include -I/Users/Ingwie/Work/drag0n-php/main -I/Users/Ingwie/Work/drag0n-php -I/Users/Ingwie/Work/drag0n-php/ext/date/lib -I/Users/Ingwie/Work/drag0n-php/ext/ereg/regex -I/usr/include/libxml2 -I/usr/local/include -I/Users/Ingwie/Work/drag0n-php/ext/mbstring/oniguruma -I/Users/Ingwie/Work/drag0n-php/ext/mbstring/libmbfl -I/Users/Ingwie/Work/drag0n-php/ext/mbstring/libmbfl/mbfl -I/Users/Ingwie/Work/drag0n-php/ext/sqlite3/libsqlite -I/Users/Ingwie/Work/drag0n-php/ext/pthreads -I/usr/include/tidy -I/Users/Ingwie/Work/drag0n-php/ext/tokenizer/includes -I/usr/local/lib/wx/include/osx_cocoa-unicode-2.9 -I/usr/local/include/wx-2.9 -I/Users/Ingwie/Work/drag0n-php/TSRM -I/Users/Ingwie/Work/drag0n-php/Zend  -no-cpp-precomp  -I/usr/include -g -O2 -fvisibility=hidden -DZTS  -c /Users/Ingwie/Work/drag0n-php/ext/dom/document.c -o ext/dom/document.lo 
/Users/Ingwie/Work/drag0n-php/ext/dom/document.c:922:35: warning: passing 'char *' to parameter of type 'const xmlChar *' (aka 'const unsigned char *') converts between pointers to integer types with different sign [-Wpointer-sign]
        node = xmlNewDocNode(docp, NULL, name, value);
                                         ^~~~
/usr/include/libxml2/libxml/tree.h:784:22: note: passing argument to parameter 'name' here
                                         const xmlChar *name,
                                                        ^
/Users/Ingwie/Work/drag0n-php/ext/dom/document.c:922:41: warning: passing 'char *' to parameter of type 'const xmlChar *' (aka 'const unsigned char *') converts between pointers to integer types with different sign [-Wpointer-sign]
        node = xmlNewDocNode(docp, NULL, name, value);
                                               ^~~~~
/usr/include/libxml2/libxml/tree.h:785:22: note: passing argument to parameter 'content' here
                                         const xmlChar *content);
                                                        ^
/Users/Ingwie/Work/drag0n-php/ext/dom/document.c:1135:31: warning: passing 'char *' to parameter of type 'const xmlChar *' (aka 'const unsigned char *') converts between pointers to integer types with different sign [-Wpointer-sign]
        node = xmlNewReference(docp, name);
                                     ^~~~
/usr/include/libxml2/libxml/tree.h:837:22: note: passing argument to parameter 'name' here
                                         const xmlChar *name);
                                                        ^
/Users/Ingwie/Work/drag0n-php/ext/dom/document.c:1251:39: warning: passing 'char *' to parameter of type 'const xmlChar *' (aka 'const unsigned char *') converts between pointers to integer types with different sign [-Wpointer-sign]
                        nodep = xmlNewDocNode (docp, NULL, localname, value);
                                                           ^~~~~~~~~
/usr/include/libxml2/libxml/tree.h:784:22: note: passing argument to parameter 'name' here
                                         const xmlChar *name,
                                                        ^
/Users/Ingwie/Work/drag0n-php/ext/dom/document.c:1251:50: warning: passing 'char *' to parameter of type 'const xmlChar *' (aka 'const unsigned char *') converts between pointers to integer types with different sign [-Wpointer-sign]
                        nodep = xmlNewDocNode (docp, NULL, localname, value);
                                                                      ^~~~~
/usr/include/libxml2/libxml/tree.h:785:22: note: passing argument to parameter 'content' here
                                         const xmlChar *content);
                                                        ^
/Users/Ingwie/Work/drag0n-php/ext/dom/document.c:1253:51: warning: passing 'char *' to parameter of type 'const xmlChar *' (aka 'const unsigned char *') converts between pointers to integer types with different sign [-Wpointer-sign]
                                nsptr = xmlSearchNsByHref (nodep->doc, nodep, uri);
                                                                              ^~~
/usr/include/libxml2/libxml/tree.h:948:22: note: passing argument to parameter 'href' here
                                         const xmlChar *href);
                                                        ^
/Users/Ingwie/Work/drag0n-php/ext/dom/document.c:1315:46: warning: passing 'char *' to parameter of type 'const xmlChar *' (aka 'const unsigned char *') converts between pointers to integer types with different sign [-Wpointer-sign]
                                nodep = (xmlNodePtr) xmlNewDocProp(docp, localname, NULL);
                                                                         ^~~~~~~~~
/usr/include/libxml2/libxml/tree.h:740:22: note: passing argument to parameter 'name' here
                                         const xmlChar *name,
                                                        ^
/Users/Ingwie/Work/drag0n-php/ext/dom/document.c:1317:51: warning: passing 'char *' to parameter of type 'const xmlChar *' (aka 'const unsigned char *') converts between pointers to integer types with different sign [-Wpointer-sign]
                                        nsptr = xmlSearchNsByHref (nodep->doc, root, uri);
                                                                                     ^~~
/usr/include/libxml2/libxml/tree.h:948:22: note: passing argument to parameter 'href' here
                                         const xmlChar *href);
                                                        ^
/Users/Ingwie/Work/drag0n-php/ext/dom/document.c:1468:19: warning: passing 'char *' to parameter of type 'const xmlChar *' (aka 'const unsigned char *') converts between pointers to integer types with different sign [-Wpointer-sign]
        docp = xmlNewDoc(version);
                         ^~~~~~~
/usr/include/libxml2/libxml/tree.h:735:30: note: passing argument to parameter 'version' here
                xmlNewDoc               (const xmlChar *version);
                                                        ^
/Users/Ingwie/Work/drag0n-php/ext/dom/document.c:1476:46: warning: passing 'char *' to parameter of type 'const xmlChar *' (aka 'const unsigned char *') converts between pointers to integer types with different sign [-Wpointer-sign]
                docp->encoding = (const xmlChar*)xmlStrdup(encoding);
                                                           ^~~~~~~~
/usr/include/libxml2/libxml/xmlstring.h:41:58: note: passing argument to parameter 'cur' here
                xmlStrdup                (const xmlChar *cur);
                                                         ^
/Users/Ingwie/Work/drag0n-php/ext/dom/document.c:1506:30: warning: passing 'char *' to parameter of type 'const xmlChar *' (aka 'const unsigned char *') converts between pointers to integer types with different sign [-Wpointer-sign]
        escsource = xmlURIEscapeStr(source, ":");
                                    ^~~~~~
/usr/include/libxml2/libxml/uri.h:74:43: note: passing argument to parameter 'str' here
                xmlURIEscapeStr         (const xmlChar *str,
                                                        ^
/Users/Ingwie/Work/drag0n-php/ext/dom/document.c:1506:38: warning: passing 'char [2]' to parameter of type 'const xmlChar *' (aka 'const unsigned char *') converts between pointers to integer types with different sign [-Wpointer-sign]
        escsource = xmlURIEscapeStr(source, ":");
                                            ^~~
/usr/include/libxml2/libxml/uri.h:75:22: note: passing argument to parameter 'list' here
                                         const xmlChar *list);
                                                        ^
/Users/Ingwie/Work/drag0n-php/ext/dom/document.c:1507:28: warning: passing 'xmlChar *' (aka 'unsigned char *') to parameter of type 'const char *' converts between pointers to integer types with different sign [-Wpointer-sign]
        xmlParseURIReference(uri, escsource);
                                  ^~~~~~~~~
/usr/include/libxml2/libxml/uri.h:67:19: note: passing argument to parameter 'str' here
                                         const char *str);
                                                     ^
/Users/Ingwie/Work/drag0n-php/ext/dom/document.c:1648:25: warning: passing 'char *' to parameter of type 'const xmlChar *' (aka 'const unsigned char *') converts between pointers to integer types with different sign [-Wpointer-sign]
                        ret->URL = xmlStrdup(ctxt->directory);
                                             ^~~~~~~~~~~~~~~
/usr/include/libxml2/libxml/xmlstring.h:41:58: note: passing argument to parameter 'cur' here
                xmlStrdup                (const xmlChar *cur);
                                                         ^
/Users/Ingwie/Work/drag0n-php/ext/dom/document.c:1834:3: warning: initializing 'const char *' with an expression of type 'xmlChar *' (aka 'unsigned char *') converts between pointers to integer types with different sign [-Wpointer-sign]
                RETVAL_STRING(mem, 1);
                ^~~~~~~~~~~~~~~~~~~~~
/Users/Ingwie/Work/drag0n-php/Zend/zend_API.h:622:39: note: expanded from macro 'RETVAL_STRING'
#define RETVAL_STRING(s, duplicate)             ZVAL_STRING(return_value, s, duplicate)
                                                ^~~~~~~~~~~~~~~~~~~~~~~~~~~~~~~~~~~~~~~
/Users/Ingwie/Work/drag0n-php/Zend/zend_API.h:575:15: note: expanded from macro 'ZVAL_STRING'
                const char *__s=(s);                            \
                            ^   ~~~
/Users/Ingwie/Work/drag0n-php/ext/dom/document.c:1849:3: warning: initializing 'const char *' with an expression of type 'xmlChar *' (aka 'unsigned char *') converts between pointers to integer types with different sign [-Wpointer-sign]
                RETVAL_STRINGL(mem, size, 1);
                ^~~~~~~~~~~~~~~~~~~~~~~~~~~~
/Users/Ingwie/Work/drag0n-php/Zend/zend_API.h:623:42: note: expanded from macro 'RETVAL_STRINGL'
#define RETVAL_STRINGL(s, l, duplicate)         ZVAL_STRINGL(return_value, s, l, duplicate)
                                                ^~~~~~~~~~~~~~~~~~~~~~~~~~~~~~~~~~~~~~~~~~~
/Users/Ingwie/Work/drag0n-php/Zend/zend_API.h:583:15: note: expanded from macro 'ZVAL_STRINGL'
                const char *__s=(s); int __l=l;                 \
                            ^   ~~~
/Users/Ingwie/Work/drag0n-php/ext/dom/document.c:2185:26: warning: passing 'char *' to parameter of type 'const xmlChar *' (aka 'const unsigned char *') converts between pointers to integer types with different sign [-Wpointer-sign]
                source_len = xmlStrlen(source);
                                       ^~~~~~
/usr/include/libxml2/libxml/xmlstring.h:85:58: note: passing argument to parameter 'str' here
                xmlStrlen                (const xmlChar *str);
                                                         ^
17 warnings generated.
/bin/sh /Users/Ingwie/Work/drag0n-php/libtool --silent --preserve-dup-deps --mode=compile cc  -Iext/dom/ -I/Users/Ingwie/Work/drag0n-php/ext/dom/ -DPHP_ATOM_INC -I/Users/Ingwie/Work/drag0n-php/include -I/Users/Ingwie/Work/drag0n-php/main -I/Users/Ingwie/Work/drag0n-php -I/Users/Ingwie/Work/drag0n-php/ext/date/lib -I/Users/Ingwie/Work/drag0n-php/ext/ereg/regex -I/usr/include/libxml2 -I/usr/local/include -I/Users/Ingwie/Work/drag0n-php/ext/mbstring/oniguruma -I/Users/Ingwie/Work/drag0n-php/ext/mbstring/libmbfl -I/Users/Ingwie/Work/drag0n-php/ext/mbstring/libmbfl/mbfl -I/Users/Ingwie/Work/drag0n-php/ext/sqlite3/libsqlite -I/Users/Ingwie/Work/drag0n-php/ext/pthreads -I/usr/include/tidy -I/Users/Ingwie/Work/drag0n-php/ext/tokenizer/includes -I/usr/local/lib/wx/include/osx_cocoa-unicode-2.9 -I/usr/local/include/wx-2.9 -I/Users/Ingwie/Work/drag0n-php/TSRM -I/Users/Ingwie/Work/drag0n-php/Zend  -no-cpp-precomp  -I/usr/include -g -O2 -fvisibility=hidden -DZTS  -c /Users/Ingwie/Work/drag0n-php/ext/dom/domerrorhandler.c -o ext/dom/domerrorhandler.lo 
/bin/sh /Users/Ingwie/Work/drag0n-php/libtool --silent --preserve-dup-deps --mode=compile cc  -Iext/dom/ -I/Users/Ingwie/Work/drag0n-php/ext/dom/ -DPHP_ATOM_INC -I/Users/Ingwie/Work/drag0n-php/include -I/Users/Ingwie/Work/drag0n-php/main -I/Users/Ingwie/Work/drag0n-php -I/Users/Ingwie/Work/drag0n-php/ext/date/lib -I/Users/Ingwie/Work/drag0n-php/ext/ereg/regex -I/usr/include/libxml2 -I/usr/local/include -I/Users/Ingwie/Work/drag0n-php/ext/mbstring/oniguruma -I/Users/Ingwie/Work/drag0n-php/ext/mbstring/libmbfl -I/Users/Ingwie/Work/drag0n-php/ext/mbstring/libmbfl/mbfl -I/Users/Ingwie/Work/drag0n-php/ext/sqlite3/libsqlite -I/Users/Ingwie/Work/drag0n-php/ext/pthreads -I/usr/include/tidy -I/Users/Ingwie/Work/drag0n-php/ext/tokenizer/includes -I/usr/local/lib/wx/include/osx_cocoa-unicode-2.9 -I/usr/local/include/wx-2.9 -I/Users/Ingwie/Work/drag0n-php/TSRM -I/Users/Ingwie/Work/drag0n-php/Zend  -no-cpp-precomp  -I/usr/include -g -O2 -fvisibility=hidden -DZTS  -c /Users/Ingwie/Work/drag0n-php/ext/dom/domstringlist.c -o ext/dom/domstringlist.lo 
/bin/sh /Users/Ingwie/Work/drag0n-php/libtool --silent --preserve-dup-deps --mode=compile cc  -Iext/dom/ -I/Users/Ingwie/Work/drag0n-php/ext/dom/ -DPHP_ATOM_INC -I/Users/Ingwie/Work/drag0n-php/include -I/Users/Ingwie/Work/drag0n-php/main -I/Users/Ingwie/Work/drag0n-php -I/Users/Ingwie/Work/drag0n-php/ext/date/lib -I/Users/Ingwie/Work/drag0n-php/ext/ereg/regex -I/usr/include/libxml2 -I/usr/local/include -I/Users/Ingwie/Work/drag0n-php/ext/mbstring/oniguruma -I/Users/Ingwie/Work/drag0n-php/ext/mbstring/libmbfl -I/Users/Ingwie/Work/drag0n-php/ext/mbstring/libmbfl/mbfl -I/Users/Ingwie/Work/drag0n-php/ext/sqlite3/libsqlite -I/Users/Ingwie/Work/drag0n-php/ext/pthreads -I/usr/include/tidy -I/Users/Ingwie/Work/drag0n-php/ext/tokenizer/includes -I/usr/local/lib/wx/include/osx_cocoa-unicode-2.9 -I/usr/local/include/wx-2.9 -I/Users/Ingwie/Work/drag0n-php/TSRM -I/Users/Ingwie/Work/drag0n-php/Zend  -no-cpp-precomp  -I/usr/include -g -O2 -fvisibility=hidden -DZTS  -c /Users/Ingwie/Work/drag0n-php/ext/dom/domexception.c -o ext/dom/domexception.lo 
/bin/sh /Users/Ingwie/Work/drag0n-php/libtool --silent --preserve-dup-deps --mode=compile cc  -Iext/dom/ -I/Users/Ingwie/Work/drag0n-php/ext/dom/ -DPHP_ATOM_INC -I/Users/Ingwie/Work/drag0n-php/include -I/Users/Ingwie/Work/drag0n-php/main -I/Users/Ingwie/Work/drag0n-php -I/Users/Ingwie/Work/drag0n-php/ext/date/lib -I/Users/Ingwie/Work/drag0n-php/ext/ereg/regex -I/usr/include/libxml2 -I/usr/local/include -I/Users/Ingwie/Work/drag0n-php/ext/mbstring/oniguruma -I/Users/Ingwie/Work/drag0n-php/ext/mbstring/libmbfl -I/Users/Ingwie/Work/drag0n-php/ext/mbstring/libmbfl/mbfl -I/Users/Ingwie/Work/drag0n-php/ext/sqlite3/libsqlite -I/Users/Ingwie/Work/drag0n-php/ext/pthreads -I/usr/include/tidy -I/Users/Ingwie/Work/drag0n-php/ext/tokenizer/includes -I/usr/local/lib/wx/include/osx_cocoa-unicode-2.9 -I/usr/local/include/wx-2.9 -I/Users/Ingwie/Work/drag0n-php/TSRM -I/Users/Ingwie/Work/drag0n-php/Zend  -no-cpp-precomp  -I/usr/include -g -O2 -fvisibility=hidden -DZTS  -c /Users/Ingwie/Work/drag0n-php/ext/dom/namelist.c -o ext/dom/namelist.lo 
/bin/sh /Users/Ingwie/Work/drag0n-php/libtool --silent --preserve-dup-deps --mode=compile cc  -Iext/dom/ -I/Users/Ingwie/Work/drag0n-php/ext/dom/ -DPHP_ATOM_INC -I/Users/Ingwie/Work/drag0n-php/include -I/Users/Ingwie/Work/drag0n-php/main -I/Users/Ingwie/Work/drag0n-php -I/Users/Ingwie/Work/drag0n-php/ext/date/lib -I/Users/Ingwie/Work/drag0n-php/ext/ereg/regex -I/usr/include/libxml2 -I/usr/local/include -I/Users/Ingwie/Work/drag0n-php/ext/mbstring/oniguruma -I/Users/Ingwie/Work/drag0n-php/ext/mbstring/libmbfl -I/Users/Ingwie/Work/drag0n-php/ext/mbstring/libmbfl/mbfl -I/Users/Ingwie/Work/drag0n-php/ext/sqlite3/libsqlite -I/Users/Ingwie/Work/drag0n-php/ext/pthreads -I/usr/include/tidy -I/Users/Ingwie/Work/drag0n-php/ext/tokenizer/includes -I/usr/local/lib/wx/include/osx_cocoa-unicode-2.9 -I/usr/local/include/wx-2.9 -I/Users/Ingwie/Work/drag0n-php/TSRM -I/Users/Ingwie/Work/drag0n-php/Zend  -no-cpp-precomp  -I/usr/include -g -O2 -fvisibility=hidden -DZTS  -c /Users/Ingwie/Work/drag0n-php/ext/dom/processinginstruction.c -o ext/dom/processinginstruction.lo 
/Users/Ingwie/Work/drag0n-php/ext/dom/processinginstruction.c:138:3: warning: initializing 'const char *' with an expression of type 'xmlChar *' (aka 'unsigned char *') converts between pointers to integer types with different sign [-Wpointer-sign]
                ZVAL_STRING(*retval, content, 1);
                ^~~~~~~~~~~~~~~~~~~~~~~~~~~~~~~~
/Users/Ingwie/Work/drag0n-php/Zend/zend_API.h:575:15: note: expanded from macro 'ZVAL_STRING'
                const char *__s=(s);                            \
                            ^   ~~~
/Users/Ingwie/Work/drag0n-php/ext/dom/processinginstruction.c:168:30: warning: passing 'char *' to parameter of type 'const xmlChar *' (aka 'const unsigned char *') converts between pointers to integer types with different sign [-Wpointer-sign]
        xmlNodeSetContentLen(nodep, Z_STRVAL_P(newval), Z_STRLEN_P(newval) + 1);
                                    ^~~~~~~~~~~~~~~~~~
/Users/Ingwie/Work/drag0n-php/Zend/zend_operators.h:458:29: note: expanded from macro 'Z_STRVAL_P'
#define Z_STRVAL_P(zval_p)              Z_STRVAL(*zval_p)
                                        ^~~~~~~~~~~~~~~~~
/Users/Ingwie/Work/drag0n-php/Zend/zend_operators.h:443:26: note: expanded from macro 'Z_STRVAL'
#define Z_STRVAL(zval)                  (zval).value.str.val
                                        ^~~~~~~~~~~~~~~~~~~~
/usr/include/libxml2/libxml/tree.h:1017:22: note: passing argument to parameter 'content' here
                                         const xmlChar *content,
                                                        ^
2 warnings generated.
/bin/sh /Users/Ingwie/Work/drag0n-php/libtool --silent --preserve-dup-deps --mode=compile cc  -Iext/dom/ -I/Users/Ingwie/Work/drag0n-php/ext/dom/ -DPHP_ATOM_INC -I/Users/Ingwie/Work/drag0n-php/include -I/Users/Ingwie/Work/drag0n-php/main -I/Users/Ingwie/Work/drag0n-php -I/Users/Ingwie/Work/drag0n-php/ext/date/lib -I/Users/Ingwie/Work/drag0n-php/ext/ereg/regex -I/usr/include/libxml2 -I/usr/local/include -I/Users/Ingwie/Work/drag0n-php/ext/mbstring/oniguruma -I/Users/Ingwie/Work/drag0n-php/ext/mbstring/libmbfl -I/Users/Ingwie/Work/drag0n-php/ext/mbstring/libmbfl/mbfl -I/Users/Ingwie/Work/drag0n-php/ext/sqlite3/libsqlite -I/Users/Ingwie/Work/drag0n-php/ext/pthreads -I/usr/include/tidy -I/Users/Ingwie/Work/drag0n-php/ext/tokenizer/includes -I/usr/local/lib/wx/include/osx_cocoa-unicode-2.9 -I/usr/local/include/wx-2.9 -I/Users/Ingwie/Work/drag0n-php/TSRM -I/Users/Ingwie/Work/drag0n-php/Zend  -no-cpp-precomp  -I/usr/include -g -O2 -fvisibility=hidden -DZTS  -c /Users/Ingwie/Work/drag0n-php/ext/dom/cdatasection.c -o ext/dom/cdatasection.lo 
/bin/sh /Users/Ingwie/Work/drag0n-php/libtool --silent --preserve-dup-deps --mode=compile cc  -Iext/dom/ -I/Users/Ingwie/Work/drag0n-php/ext/dom/ -DPHP_ATOM_INC -I/Users/Ingwie/Work/drag0n-php/include -I/Users/Ingwie/Work/drag0n-php/main -I/Users/Ingwie/Work/drag0n-php -I/Users/Ingwie/Work/drag0n-php/ext/date/lib -I/Users/Ingwie/Work/drag0n-php/ext/ereg/regex -I/usr/include/libxml2 -I/usr/local/include -I/Users/Ingwie/Work/drag0n-php/ext/mbstring/oniguruma -I/Users/Ingwie/Work/drag0n-php/ext/mbstring/libmbfl -I/Users/Ingwie/Work/drag0n-php/ext/mbstring/libmbfl/mbfl -I/Users/Ingwie/Work/drag0n-php/ext/sqlite3/libsqlite -I/Users/Ingwie/Work/drag0n-php/ext/pthreads -I/usr/include/tidy -I/Users/Ingwie/Work/drag0n-php/ext/tokenizer/includes -I/usr/local/lib/wx/include/osx_cocoa-unicode-2.9 -I/usr/local/include/wx-2.9 -I/Users/Ingwie/Work/drag0n-php/TSRM -I/Users/Ingwie/Work/drag0n-php/Zend  -no-cpp-precomp  -I/usr/include -g -O2 -fvisibility=hidden -DZTS  -c /Users/Ingwie/Work/drag0n-php/ext/dom/documentfragment.c -o ext/dom/documentfragment.lo 
/Users/Ingwie/Work/drag0n-php/ext/dom/documentfragment.c:143:64: warning: passing 'char *' to parameter of type 'const xmlChar *' (aka 'const unsigned char *') converts between pointers to integer types with different sign [-Wpointer-sign]
                err = xmlParseBalancedChunkMemory(nodep->doc, NULL, NULL, 0, data, &lst);
                                                                             ^~~~
/usr/include/libxml2/libxml/parser.h:937:22: note: passing argument to parameter 'string' here
                                         const xmlChar *string,
                                                        ^
1 warning generated.
/bin/sh /Users/Ingwie/Work/drag0n-php/libtool --silent --preserve-dup-deps --mode=compile cc  -Iext/dom/ -I/Users/Ingwie/Work/drag0n-php/ext/dom/ -DPHP_ATOM_INC -I/Users/Ingwie/Work/drag0n-php/include -I/Users/Ingwie/Work/drag0n-php/main -I/Users/Ingwie/Work/drag0n-php -I/Users/Ingwie/Work/drag0n-php/ext/date/lib -I/Users/Ingwie/Work/drag0n-php/ext/ereg/regex -I/usr/include/libxml2 -I/usr/local/include -I/Users/Ingwie/Work/drag0n-php/ext/mbstring/oniguruma -I/Users/Ingwie/Work/drag0n-php/ext/mbstring/libmbfl -I/Users/Ingwie/Work/drag0n-php/ext/mbstring/libmbfl/mbfl -I/Users/Ingwie/Work/drag0n-php/ext/sqlite3/libsqlite -I/Users/Ingwie/Work/drag0n-php/ext/pthreads -I/usr/include/tidy -I/Users/Ingwie/Work/drag0n-php/ext/tokenizer/includes -I/usr/local/lib/wx/include/osx_cocoa-unicode-2.9 -I/usr/local/include/wx-2.9 -I/Users/Ingwie/Work/drag0n-php/TSRM -I/Users/Ingwie/Work/drag0n-php/Zend  -no-cpp-precomp  -I/usr/include -g -O2 -fvisibility=hidden -DZTS  -c /Users/Ingwie/Work/drag0n-php/ext/dom/domimplementation.c -o ext/dom/domimplementation.lo 
/Users/Ingwie/Work/drag0n-php/ext/dom/domimplementation.c:110:8: warning: assigning to 'xmlChar *' (aka 'unsigned char *') from 'char *' converts between pointers to integer types with different sign [-Wpointer-sign]
                pch1 = publicid;
                     ^ ~~~~~~~~
/Users/Ingwie/Work/drag0n-php/ext/dom/domimplementation.c:112:8: warning: assigning to 'xmlChar *' (aka 'unsigned char *') from 'char *' converts between pointers to integer types with different sign [-Wpointer-sign]
                pch2 = systemid;
                     ^ ~~~~~~~~
/Users/Ingwie/Work/drag0n-php/ext/dom/domimplementation.c:116:25: warning: passing 'char *' to parameter of type 'const xmlChar *' (aka 'const unsigned char *') converts between pointers to integer types with different sign [-Wpointer-sign]
                localname = xmlStrdup(uri->opaque);
                                      ^~~~~~~~~~~
/usr/include/libxml2/libxml/xmlstring.h:41:58: note: passing argument to parameter 'cur' here
                xmlStrdup                (const xmlChar *cur);
                                                         ^
/Users/Ingwie/Work/drag0n-php/ext/dom/domimplementation.c:124:25: warning: passing 'char *' to parameter of type 'const xmlChar *' (aka 'const unsigned char *') converts between pointers to integer types with different sign [-Wpointer-sign]
                localname = xmlStrdup(name);
                                      ^~~~
/usr/include/libxml2/libxml/xmlstring.h:41:58: note: passing argument to parameter 'cur' here
                xmlStrdup                (const xmlChar *cur);
                                                         ^
/Users/Ingwie/Work/drag0n-php/ext/dom/domimplementation.c:183:65: warning: passing 'char *' to parameter of type 'const xmlChar *' (aka 'const unsigned char *') converts between pointers to integer types with different sign [-Wpointer-sign]
                if (errorcode == 0 && uri_len > 0 && ((nsptr = xmlNewNs(NULL, uri, prefix)) == NULL)) {
                                                                              ^~~
/usr/include/libxml2/libxml/tree.h:728:22: note: passing argument to parameter 'href' here
                                         const xmlChar *href,
                                                        ^
/Users/Ingwie/Work/drag0n-php/ext/dom/domimplementation.c:183:70: warning: passing 'char *' to parameter of type 'const xmlChar *' (aka 'const unsigned char *') converts between pointers to integer types with different sign [-Wpointer-sign]
                if (errorcode == 0 && uri_len > 0 && ((nsptr = xmlNewNs(NULL, uri, prefix)) == NULL)) {
                                                                                   ^~~~~~
/usr/include/libxml2/libxml/tree.h:729:22: note: passing argument to parameter 'prefix' here
                                         const xmlChar *prefix);
                                                        ^
/Users/Ingwie/Work/drag0n-php/ext/dom/domimplementation.c:218:39: warning: passing 'char *' to parameter of type 'const xmlChar *' (aka 'const unsigned char *') converts between pointers to integer types with different sign [-Wpointer-sign]
                nodep = xmlNewDocNode (docp, nsptr, localname, NULL);
                                                    ^~~~~~~~~
/usr/include/libxml2/libxml/tree.h:784:22: note: passing argument to parameter 'name' here
                                         const xmlChar *name,
                                                        ^
7 warnings generated.
/bin/sh /Users/Ingwie/Work/drag0n-php/libtool --silent --preserve-dup-deps --mode=compile cc  -Iext/dom/ -I/Users/Ingwie/Work/drag0n-php/ext/dom/ -DPHP_ATOM_INC -I/Users/Ingwie/Work/drag0n-php/include -I/Users/Ingwie/Work/drag0n-php/main -I/Users/Ingwie/Work/drag0n-php -I/Users/Ingwie/Work/drag0n-php/ext/date/lib -I/Users/Ingwie/Work/drag0n-php/ext/ereg/regex -I/usr/include/libxml2 -I/usr/local/include -I/Users/Ingwie/Work/drag0n-php/ext/mbstring/oniguruma -I/Users/Ingwie/Work/drag0n-php/ext/mbstring/libmbfl -I/Users/Ingwie/Work/drag0n-php/ext/mbstring/libmbfl/mbfl -I/Users/Ingwie/Work/drag0n-php/ext/sqlite3/libsqlite -I/Users/Ingwie/Work/drag0n-php/ext/pthreads -I/usr/include/tidy -I/Users/Ingwie/Work/drag0n-php/ext/tokenizer/includes -I/usr/local/lib/wx/include/osx_cocoa-unicode-2.9 -I/usr/local/include/wx-2.9 -I/Users/Ingwie/Work/drag0n-php/TSRM -I/Users/Ingwie/Work/drag0n-php/Zend  -no-cpp-precomp  -I/usr/include -g -O2 -fvisibility=hidden -DZTS  -c /Users/Ingwie/Work/drag0n-php/ext/dom/element.c -o ext/dom/element.lo 
/Users/Ingwie/Work/drag0n-php/ext/dom/element.c:203:16: warning: assigning to 'char *' from 'xmlChar *' (aka 'unsigned char *') converts between pointers to integer types with different sign [-Wpointer-sign]
            localname = xmlSplitQName2((xmlChar *)name, (xmlChar **) &prefix);
                      ^ ~~~~~~~~~~~~~~~~~~~~~~~~~~~~~~~~~~~~~~~~~~~~~~~~~~~~~
1 warning generated.
/bin/sh /Users/Ingwie/Work/drag0n-php/libtool --silent --preserve-dup-deps --mode=compile cc  -Iext/dom/ -I/Users/Ingwie/Work/drag0n-php/ext/dom/ -DPHP_ATOM_INC -I/Users/Ingwie/Work/drag0n-php/include -I/Users/Ingwie/Work/drag0n-php/main -I/Users/Ingwie/Work/drag0n-php -I/Users/Ingwie/Work/drag0n-php/ext/date/lib -I/Users/Ingwie/Work/drag0n-php/ext/ereg/regex -I/usr/include/libxml2 -I/usr/local/include -I/Users/Ingwie/Work/drag0n-php/ext/mbstring/oniguruma -I/Users/Ingwie/Work/drag0n-php/ext/mbstring/libmbfl -I/Users/Ingwie/Work/drag0n-php/ext/mbstring/libmbfl/mbfl -I/Users/Ingwie/Work/drag0n-php/ext/sqlite3/libsqlite -I/Users/Ingwie/Work/drag0n-php/ext/pthreads -I/usr/include/tidy -I/Users/Ingwie/Work/drag0n-php/ext/tokenizer/includes -I/usr/local/lib/wx/include/osx_cocoa-unicode-2.9 -I/usr/local/include/wx-2.9 -I/Users/Ingwie/Work/drag0n-php/TSRM -I/Users/Ingwie/Work/drag0n-php/Zend  -no-cpp-precomp  -I/usr/include -g -O2 -fvisibility=hidden -DZTS  -c /Users/Ingwie/Work/drag0n-php/ext/dom/node.c -o ext/dom/node.lo 
/Users/Ingwie/Work/drag0n-php/ext/dom/node.c:219:30: warning: passing 'char [2]' to parameter of type 'const xmlChar *' (aka 'const unsigned char *') converts between pointers to integer types with different sign [-Wpointer-sign]
                                qname = xmlStrcat(qname, ":");
                                                         ^~~
/usr/include/libxml2/libxml/xmlstring.h:88:57: note: passing argument to parameter 'add' here
                                         const xmlChar *add);
                                                        ^
/Users/Ingwie/Work/drag0n-php/ext/dom/node.c:221:9: warning: assigning to 'char *' from 'xmlChar *' (aka 'unsigned char *') converts between pointers to integer types with different sign [-Wpointer-sign]
                                str = qname;
                                    ^ ~~~~~
/Users/Ingwie/Work/drag0n-php/ext/dom/node.c:229:23: warning: passing 'char [6]' to parameter of type 'const xmlChar *' (aka 'const unsigned char *') converts between pointers to integer types with different sign [-Wpointer-sign]
                                qname = xmlStrdup("xmlns");
                                                  ^~~~~~~
/usr/include/libxml2/libxml/xmlstring.h:41:58: note: passing argument to parameter 'cur' here
                xmlStrdup                (const xmlChar *cur);
                                                         ^
/Users/Ingwie/Work/drag0n-php/ext/dom/node.c:230:30: warning: passing 'char [2]' to parameter of type 'const xmlChar *' (aka 'const unsigned char *') converts between pointers to integer types with different sign [-Wpointer-sign]
                                qname = xmlStrcat(qname, ":");
                                                         ^~~
/usr/include/libxml2/libxml/xmlstring.h:88:57: note: passing argument to parameter 'add' here
                                         const xmlChar *add);
                                                        ^
/Users/Ingwie/Work/drag0n-php/ext/dom/node.c:232:9: warning: assigning to 'char *' from 'xmlChar *' (aka 'unsigned char *') converts between pointers to integer types with different sign [-Wpointer-sign]
                                str = qname;
                                    ^ ~~~~~
/Users/Ingwie/Work/drag0n-php/ext/dom/node.c:308:8: warning: assigning to 'char *' from 'xmlChar *' (aka 'unsigned char *') converts between pointers to integer types with different sign [-Wpointer-sign]
                        str = xmlNodeGetContent(nodep);
                            ^ ~~~~~~~~~~~~~~~~~~~~~~~~
/Users/Ingwie/Work/drag0n-php/ext/dom/node.c:311:8: warning: assigning to 'char *' from 'xmlChar *' (aka 'unsigned char *') converts between pointers to integer types with different sign [-Wpointer-sign]
                        str = xmlNodeGetContent(nodep->children);
                            ^ ~~~~~~~~~~~~~~~~~~~~~~~~~~~~~~~~~~
/Users/Ingwie/Work/drag0n-php/ext/dom/node.c:363:32: warning: passing 'char *' to parameter of type 'const xmlChar *' (aka 'const unsigned char *') converts between pointers to integer types with different sign [-Wpointer-sign]
                        xmlNodeSetContentLen(nodep, Z_STRVAL_P(newval), Z_STRLEN_P(newval) + 1);
                                                    ^~~~~~~~~~~~~~~~~~
/Users/Ingwie/Work/drag0n-php/Zend/zend_operators.h:458:29: note: expanded from macro 'Z_STRVAL_P'
#define Z_STRVAL_P(zval_p)              Z_STRVAL(*zval_p)
                                        ^~~~~~~~~~~~~~~~~
/Users/Ingwie/Work/drag0n-php/Zend/zend_operators.h:443:26: note: expanded from macro 'Z_STRVAL'
#define Z_STRVAL(zval)                  (zval).value.str.val
                                        ^~~~~~~~~~~~~~~~~~~~
/usr/include/libxml2/libxml/tree.h:1017:22: note: passing argument to parameter 'content' here
                                         const xmlChar *content,
                                                        ^
/Users/Ingwie/Work/drag0n-php/ext/dom/node.c:809:49: warning: passing 'const xmlChar *' (aka 'const unsigned char *') to parameter of type 'const char *' converts between pointers to integer types with different sign [-Wpointer-sign]
                                        (!strcmp (prefix, "xml") && strcmp(strURI, XML_XML_NAMESPACE)) ||
                                                                                   ^~~~~~~~~~~~~~~~~
/usr/include/libxml2/libxml/tree.h:102:5: note: expanded from macro 'XML_XML_NAMESPACE'
    (const xmlChar *) "http://www.w3.org/XML/1998/namespace"
    ^~~~~~~~~~~~~~~~~~~~~~~~~~~~~~~~~~~~~~~~~~~~~~~~~~~~~~~~
/usr/include/string.h:87:39: note: passing argument to parameter here
int      strcmp(const char *, const char *);
                                          ^
/Users/Ingwie/Work/drag0n-php/ext/dom/node.c:811:23: warning: passing 'const xmlChar *' (aka 'const unsigned char *') to parameter of type 'const char *' converts between pointers to integer types with different sign [-Wpointer-sign]
                                         strcmp (strURI, DOM_XMLNS_NAMESPACE)) ||
                                                         ^~~~~~~~~~~~~~~~~~~
ext/dom/xml_common.h:61:5: note: expanded from macro 'DOM_XMLNS_NAMESPACE'
    (const xmlChar *) "http://www.w3.org/2000/xmlns/"
    ^~~~~~~~~~~~~~~~~~~~~~~~~~~~~~~~~~~~~~~~~~~~~~~~~
/usr/include/string.h:87:39: note: passing argument to parameter here
int      strcmp(const char *, const char *);
                                          ^
/Users/Ingwie/Work/drag0n-php/ext/dom/node.c:812:53: warning: passing 'const xmlChar *' (aka 'const unsigned char *') to parameter of type 'const char *' converts between pointers to integer types with different sign [-Wpointer-sign]
                                        (nodep->type == XML_ATTRIBUTE_NODE && !strcmp (nodep->name, "xmlns"))) {
                                                                                       ^~~~~~~~~~~
/usr/include/string.h:87:25: note: passing argument to parameter here
int      strcmp(const char *, const char *);
                            ^
/Users/Ingwie/Work/drag0n-php/ext/dom/node.c:929:6: warning: assigning to 'char *' from 'xmlChar *' (aka 'unsigned char *') converts between pointers to integer types with different sign [-Wpointer-sign]
        str = xmlNodeGetContent(nodep);
            ^ ~~~~~~~~~~~~~~~~~~~~~~~~
/Users/Ingwie/Work/drag0n-php/ext/dom/node.c:1630:76: warning: passing 'char *' to parameter of type 'const xmlChar *' (aka 'const unsigned char *') converts between pointers to integer types with different sign [-Wpointer-sign]
                if (lookupp != NULL && (nsptr = xmlSearchNsByHref(lookupp->doc, lookupp, uri))) {
                                                                                         ^~~
/usr/include/libxml2/libxml/tree.h:948:22: note: passing argument to parameter 'href' here
                                         const xmlChar *href);
                                                        ^
/Users/Ingwie/Work/drag0n-php/ext/dom/node.c:1665:41: warning: passing 'char *' to parameter of type 'const xmlChar *' (aka 'const unsigned char *') converts between pointers to integer types with different sign [-Wpointer-sign]
                if (nsptr && xmlStrEqual(nsptr->href, uri)) {
                                                      ^~~
/usr/include/libxml2/libxml/xmlstring.h:79:57: note: passing argument to parameter 'str2' here
                                         const xmlChar *str2);
                                                        ^
/Users/Ingwie/Work/drag0n-php/ext/dom/node.c:1699:41: warning: passing 'char *' to parameter of type 'const xmlChar *' (aka 'const unsigned char *') converts between pointers to integer types with different sign [-Wpointer-sign]
        nsptr = xmlSearchNs(nodep->doc, nodep, prefix);
                                               ^~~~~~
/usr/include/libxml2/libxml/tree.h:944:22: note: passing argument to parameter 'nameSpace' here
                                         const xmlChar *nameSpace);
                                                        ^
/Users/Ingwie/Work/drag0n-php/ext/dom/node.c:1791:39: warning: passing 'char [33]' to parameter of type 'const xmlChar *' (aka 'const unsigned char *') converts between pointers to integer types with different sign [-Wpointer-sign]
                        xpathobjp = xmlXPathEvalExpression("(.//. | .//@* | .//namespace::*)", ctxp);
                                                           ^~~~~~~~~~~~~~~~~~~~~~~~~~~~~~~~~~
/usr/include/libxml2/libxml/xpath.h:514:46: note: passing argument to parameter 'str' here
                    xmlXPathEvalExpression      (const xmlChar *str,
                                                                ^
/Users/Ingwie/Work/drag0n-php/ext/dom/node.c:1832:32: warning: passing 'char *' to parameter of type 'const xmlChar *' (aka 'const unsigned char *') converts between pointers to integer types with different sign [-Wpointer-sign]
                                                xmlXPathRegisterNs(ctxp, prefix, Z_STRVAL_PP(tmpns));
                                                                         ^~~~~~
/usr/include/libxml2/libxml/xpathInternals.h:424:23: note: passing argument to parameter 'prefix' here
                                                 const xmlChar *prefix,
                                                                ^
/Users/Ingwie/Work/drag0n-php/ext/dom/node.c:1832:40: warning: passing 'char *' to parameter of type 'const xmlChar *' (aka 'const unsigned char *') converts between pointers to integer types with different sign [-Wpointer-sign]
                                                xmlXPathRegisterNs(ctxp, prefix, Z_STRVAL_PP(tmpns));
                                                                                 ^~~~~~~~~~~~~~~~~~
/Users/Ingwie/Work/drag0n-php/Zend/zend_operators.h:473:30: note: expanded from macro 'Z_STRVAL_PP'
#define Z_STRVAL_PP(zval_pp)    Z_STRVAL(**zval_pp)
                                ^~~~~~~~~~~~~~~~~~~
/Users/Ingwie/Work/drag0n-php/Zend/zend_operators.h:443:26: note: expanded from macro 'Z_STRVAL'
#define Z_STRVAL(zval)                  (zval).value.str.val
                                        ^~~~~~~~~~~~~~~~~~~~
/usr/include/libxml2/libxml/xpathInternals.h:425:23: note: passing argument to parameter 'ns_uri' here
                                                 const xmlChar *ns_uri);
                                                                ^
/Users/Ingwie/Work/drag0n-php/ext/dom/node.c:1839:38: warning: passing 'char *' to parameter of type 'const xmlChar *' (aka 'const unsigned char *') converts between pointers to integer types with different sign [-Wpointer-sign]
                xpathobjp = xmlXPathEvalExpression(xquery, ctxp);
                                                   ^~~~~~
/usr/include/libxml2/libxml/xpath.h:514:46: note: passing argument to parameter 'str' here
                    xmlXPathEvalExpression      (const xmlChar *str,
                                                                ^
/Users/Ingwie/Work/drag0n-php/ext/dom/node.c:1862:39: warning: assigning to 'xmlChar *' (aka 'unsigned char *') from 'char *' converts between pointers to integer types with different sign [-Wpointer-sign]
                                        inclusive_ns_prefixes[nscount++] = Z_STRVAL_PP(tmpns);
                                                                         ^ ~~~~~~~~~~~~~~~~~~
/Users/Ingwie/Work/drag0n-php/ext/dom/node.c:1953:8: warning: assigning to 'char *' from 'xmlChar *' (aka 'unsigned char *') converts between pointers to integer types with different sign [-Wpointer-sign]
        value = xmlGetNodePath(nodep);
              ^ ~~~~~~~~~~~~~~~~~~~~~
21 warnings generated.
/bin/sh /Users/Ingwie/Work/drag0n-php/libtool --silent --preserve-dup-deps --mode=compile cc  -Iext/dom/ -I/Users/Ingwie/Work/drag0n-php/ext/dom/ -DPHP_ATOM_INC -I/Users/Ingwie/Work/drag0n-php/include -I/Users/Ingwie/Work/drag0n-php/main -I/Users/Ingwie/Work/drag0n-php -I/Users/Ingwie/Work/drag0n-php/ext/date/lib -I/Users/Ingwie/Work/drag0n-php/ext/ereg/regex -I/usr/include/libxml2 -I/usr/local/include -I/Users/Ingwie/Work/drag0n-php/ext/mbstring/oniguruma -I/Users/Ingwie/Work/drag0n-php/ext/mbstring/libmbfl -I/Users/Ingwie/Work/drag0n-php/ext/mbstring/libmbfl/mbfl -I/Users/Ingwie/Work/drag0n-php/ext/sqlite3/libsqlite -I/Users/Ingwie/Work/drag0n-php/ext/pthreads -I/usr/include/tidy -I/Users/Ingwie/Work/drag0n-php/ext/tokenizer/includes -I/usr/local/lib/wx/include/osx_cocoa-unicode-2.9 -I/usr/local/include/wx-2.9 -I/Users/Ingwie/Work/drag0n-php/TSRM -I/Users/Ingwie/Work/drag0n-php/Zend  -no-cpp-precomp  -I/usr/include -g -O2 -fvisibility=hidden -DZTS  -c /Users/Ingwie/Work/drag0n-php/ext/dom/string_extend.c -o ext/dom/string_extend.lo 
/bin/sh /Users/Ingwie/Work/drag0n-php/libtool --silent --preserve-dup-deps --mode=compile cc  -Iext/dom/ -I/Users/Ingwie/Work/drag0n-php/ext/dom/ -DPHP_ATOM_INC -I/Users/Ingwie/Work/drag0n-php/include -I/Users/Ingwie/Work/drag0n-php/main -I/Users/Ingwie/Work/drag0n-php -I/Users/Ingwie/Work/drag0n-php/ext/date/lib -I/Users/Ingwie/Work/drag0n-php/ext/ereg/regex -I/usr/include/libxml2 -I/usr/local/include -I/Users/Ingwie/Work/drag0n-php/ext/mbstring/oniguruma -I/Users/Ingwie/Work/drag0n-php/ext/mbstring/libmbfl -I/Users/Ingwie/Work/drag0n-php/ext/mbstring/libmbfl/mbfl -I/Users/Ingwie/Work/drag0n-php/ext/sqlite3/libsqlite -I/Users/Ingwie/Work/drag0n-php/ext/pthreads -I/usr/include/tidy -I/Users/Ingwie/Work/drag0n-php/ext/tokenizer/includes -I/usr/local/lib/wx/include/osx_cocoa-unicode-2.9 -I/usr/local/include/wx-2.9 -I/Users/Ingwie/Work/drag0n-php/TSRM -I/Users/Ingwie/Work/drag0n-php/Zend  -no-cpp-precomp  -I/usr/include -g -O2 -fvisibility=hidden -DZTS  -c /Users/Ingwie/Work/drag0n-php/ext/dom/characterdata.c -o ext/dom/characterdata.lo 
/Users/Ingwie/Work/drag0n-php/ext/dom/characterdata.c:94:3: warning: initializing 'const char *' with an expression of type 'xmlChar *' (aka 'unsigned char *') converts between pointers to integer types with different sign [-Wpointer-sign]
                ZVAL_STRING(*retval, content, 1);
                ^~~~~~~~~~~~~~~~~~~~~~~~~~~~~~~~
/Users/Ingwie/Work/drag0n-php/Zend/zend_API.h:575:15: note: expanded from macro 'ZVAL_STRING'
                const char *__s=(s);                            \
                            ^   ~~~
/Users/Ingwie/Work/drag0n-php/ext/dom/characterdata.c:124:30: warning: passing 'char *' to parameter of type 'const xmlChar *' (aka 'const unsigned char *') converts between pointers to integer types with different sign [-Wpointer-sign]
        xmlNodeSetContentLen(nodep, Z_STRVAL_P(newval), Z_STRLEN_P(newval) + 1);
                                    ^~~~~~~~~~~~~~~~~~
/Users/Ingwie/Work/drag0n-php/Zend/zend_operators.h:458:29: note: expanded from macro 'Z_STRVAL_P'
#define Z_STRVAL_P(zval_p)              Z_STRVAL(*zval_p)
                                        ^~~~~~~~~~~~~~~~~
/Users/Ingwie/Work/drag0n-php/Zend/zend_operators.h:443:26: note: expanded from macro 'Z_STRVAL'
#define Z_STRVAL(zval)                  (zval).value.str.val
                                        ^~~~~~~~~~~~~~~~~~~~
/usr/include/libxml2/libxml/tree.h:1017:22: note: passing argument to parameter 'content' here
                                         const xmlChar *content,
                                                        ^
/Users/Ingwie/Work/drag0n-php/ext/dom/characterdata.c:210:3: warning: initializing 'const char *' with an expression of type 'xmlChar *' (aka 'unsigned char *') converts between pointers to integer types with different sign [-Wpointer-sign]
                RETVAL_STRING(substring, 1);
                ^~~~~~~~~~~~~~~~~~~~~~~~~~~
/Users/Ingwie/Work/drag0n-php/Zend/zend_API.h:622:39: note: expanded from macro 'RETVAL_STRING'
#define RETVAL_STRING(s, duplicate)             ZVAL_STRING(return_value, s, duplicate)
                                                ^~~~~~~~~~~~~~~~~~~~~~~~~~~~~~~~~~~~~~~
/Users/Ingwie/Work/drag0n-php/Zend/zend_API.h:575:15: note: expanded from macro 'ZVAL_STRING'
                const char *__s=(s);                            \
                            ^   ~~~
/Users/Ingwie/Work/drag0n-php/ext/dom/characterdata.c:246:23: warning: passing 'char *' to parameter of type 'const xmlChar *' (aka 'const unsigned char *') converts between pointers to integer types with different sign [-Wpointer-sign]
        xmlTextConcat(nodep, arg, arg_len);
                             ^~~
/usr/include/libxml2/libxml/tree.h:926:22: note: passing argument to parameter 'content' here
                                         const xmlChar *content,
                                                        ^
/Users/Ingwie/Work/drag0n-php/ext/dom/characterdata.c:290:26: warning: passing 'char *' to parameter of type 'const xmlChar *' (aka 'const unsigned char *') converts between pointers to integer types with different sign [-Wpointer-sign]
        xmlNodeAddContent(node, arg);
                                ^~~
/usr/include/libxml2/libxml/tree.h:1022:22: note: passing argument to parameter 'content' here
                                         const xmlChar *content);
                                                        ^
/Users/Ingwie/Work/drag0n-php/ext/dom/characterdata.c:402:35: warning: passing 'char *' to parameter of type 'const xmlChar *' (aka 'const unsigned char *') converts between pointers to integer types with different sign [-Wpointer-sign]
        substring = xmlStrcat(substring, arg);
                                         ^~~
/usr/include/libxml2/libxml/xmlstring.h:88:57: note: passing argument to parameter 'add' here
                                         const xmlChar *add);
                                                        ^
6 warnings generated.
/bin/sh /Users/Ingwie/Work/drag0n-php/libtool --silent --preserve-dup-deps --mode=compile cc  -Iext/dom/ -I/Users/Ingwie/Work/drag0n-php/ext/dom/ -DPHP_ATOM_INC -I/Users/Ingwie/Work/drag0n-php/include -I/Users/Ingwie/Work/drag0n-php/main -I/Users/Ingwie/Work/drag0n-php -I/Users/Ingwie/Work/drag0n-php/ext/date/lib -I/Users/Ingwie/Work/drag0n-php/ext/ereg/regex -I/usr/include/libxml2 -I/usr/local/include -I/Users/Ingwie/Work/drag0n-php/ext/mbstring/oniguruma -I/Users/Ingwie/Work/drag0n-php/ext/mbstring/libmbfl -I/Users/Ingwie/Work/drag0n-php/ext/mbstring/libmbfl/mbfl -I/Users/Ingwie/Work/drag0n-php/ext/sqlite3/libsqlite -I/Users/Ingwie/Work/drag0n-php/ext/pthreads -I/usr/include/tidy -I/Users/Ingwie/Work/drag0n-php/ext/tokenizer/includes -I/usr/local/lib/wx/include/osx_cocoa-unicode-2.9 -I/usr/local/include/wx-2.9 -I/Users/Ingwie/Work/drag0n-php/TSRM -I/Users/Ingwie/Work/drag0n-php/Zend  -no-cpp-precomp  -I/usr/include -g -O2 -fvisibility=hidden -DZTS  -c /Users/Ingwie/Work/drag0n-php/ext/dom/documenttype.c -o ext/dom/documenttype.lo 
/Users/Ingwie/Work/drag0n-php/ext/dom/documenttype.c:211:4: warning: initializing 'const char *' with an expression of type 'xmlChar *' (aka 'unsigned char *') converts between pointers to integer types with different sign [-Wpointer-sign]
                        ZVAL_STRINGL(*retval, buff->buffer->content, buff->buffer->use, 1);
                        ^~~~~~~~~~~~~~~~~~~~~~~~~~~~~~~~~~~~~~~~~~~~~~~~~~~~~~~~~~~~~~~~~~
/Users/Ingwie/Work/drag0n-php/Zend/zend_API.h:583:15: note: expanded from macro 'ZVAL_STRINGL'
                const char *__s=(s); int __l=l;                 \
                            ^   ~~~
1 warning generated.
/bin/sh /Users/Ingwie/Work/drag0n-php/libtool --silent --preserve-dup-deps --mode=compile cc  -Iext/dom/ -I/Users/Ingwie/Work/drag0n-php/ext/dom/ -DPHP_ATOM_INC -I/Users/Ingwie/Work/drag0n-php/include -I/Users/Ingwie/Work/drag0n-php/main -I/Users/Ingwie/Work/drag0n-php -I/Users/Ingwie/Work/drag0n-php/ext/date/lib -I/Users/Ingwie/Work/drag0n-php/ext/ereg/regex -I/usr/include/libxml2 -I/usr/local/include -I/Users/Ingwie/Work/drag0n-php/ext/mbstring/oniguruma -I/Users/Ingwie/Work/drag0n-php/ext/mbstring/libmbfl -I/Users/Ingwie/Work/drag0n-php/ext/mbstring/libmbfl/mbfl -I/Users/Ingwie/Work/drag0n-php/ext/sqlite3/libsqlite -I/Users/Ingwie/Work/drag0n-php/ext/pthreads -I/usr/include/tidy -I/Users/Ingwie/Work/drag0n-php/ext/tokenizer/includes -I/usr/local/lib/wx/include/osx_cocoa-unicode-2.9 -I/usr/local/include/wx-2.9 -I/Users/Ingwie/Work/drag0n-php/TSRM -I/Users/Ingwie/Work/drag0n-php/Zend  -no-cpp-precomp  -I/usr/include -g -O2 -fvisibility=hidden -DZTS  -c /Users/Ingwie/Work/drag0n-php/ext/dom/domimplementationlist.c -o ext/dom/domimplementationlist.lo 
/bin/sh /Users/Ingwie/Work/drag0n-php/libtool --silent --preserve-dup-deps --mode=compile cc  -Iext/dom/ -I/Users/Ingwie/Work/drag0n-php/ext/dom/ -DPHP_ATOM_INC -I/Users/Ingwie/Work/drag0n-php/include -I/Users/Ingwie/Work/drag0n-php/main -I/Users/Ingwie/Work/drag0n-php -I/Users/Ingwie/Work/drag0n-php/ext/date/lib -I/Users/Ingwie/Work/drag0n-php/ext/ereg/regex -I/usr/include/libxml2 -I/usr/local/include -I/Users/Ingwie/Work/drag0n-php/ext/mbstring/oniguruma -I/Users/Ingwie/Work/drag0n-php/ext/mbstring/libmbfl -I/Users/Ingwie/Work/drag0n-php/ext/mbstring/libmbfl/mbfl -I/Users/Ingwie/Work/drag0n-php/ext/sqlite3/libsqlite -I/Users/Ingwie/Work/drag0n-php/ext/pthreads -I/usr/include/tidy -I/Users/Ingwie/Work/drag0n-php/ext/tokenizer/includes -I/usr/local/lib/wx/include/osx_cocoa-unicode-2.9 -I/usr/local/include/wx-2.9 -I/Users/Ingwie/Work/drag0n-php/TSRM -I/Users/Ingwie/Work/drag0n-php/Zend  -no-cpp-precomp  -I/usr/include -g -O2 -fvisibility=hidden -DZTS  -c /Users/Ingwie/Work/drag0n-php/ext/dom/entity.c -o ext/dom/entity.lo 
/Users/Ingwie/Work/drag0n-php/ext/dom/entity.c:119:11: warning: assigning to 'char *' from 'xmlChar *' (aka 'unsigned char *') converts between pointers to integer types with different sign [-Wpointer-sign]
                content = xmlNodeGetContent((xmlNodePtr) nodep);
                        ^ ~~~~~~~~~~~~~~~~~~~~~~~~~~~~~~~~~~~~~
1 warning generated.
/bin/sh /Users/Ingwie/Work/drag0n-php/libtool --silent --preserve-dup-deps --mode=compile cc  -Iext/dom/ -I/Users/Ingwie/Work/drag0n-php/ext/dom/ -DPHP_ATOM_INC -I/Users/Ingwie/Work/drag0n-php/include -I/Users/Ingwie/Work/drag0n-php/main -I/Users/Ingwie/Work/drag0n-php -I/Users/Ingwie/Work/drag0n-php/ext/date/lib -I/Users/Ingwie/Work/drag0n-php/ext/ereg/regex -I/usr/include/libxml2 -I/usr/local/include -I/Users/Ingwie/Work/drag0n-php/ext/mbstring/oniguruma -I/Users/Ingwie/Work/drag0n-php/ext/mbstring/libmbfl -I/Users/Ingwie/Work/drag0n-php/ext/mbstring/libmbfl/mbfl -I/Users/Ingwie/Work/drag0n-php/ext/sqlite3/libsqlite -I/Users/Ingwie/Work/drag0n-php/ext/pthreads -I/usr/include/tidy -I/Users/Ingwie/Work/drag0n-php/ext/tokenizer/includes -I/usr/local/lib/wx/include/osx_cocoa-unicode-2.9 -I/usr/local/include/wx-2.9 -I/Users/Ingwie/Work/drag0n-php/TSRM -I/Users/Ingwie/Work/drag0n-php/Zend  -no-cpp-precomp  -I/usr/include -g -O2 -fvisibility=hidden -DZTS  -c /Users/Ingwie/Work/drag0n-php/ext/dom/nodelist.c -o ext/dom/nodelist.lo 
/Users/Ingwie/Work/drag0n-php/ext/dom/nodelist.c:87:60: warning: passing 'xmlChar *' (aka 'unsigned char *') to parameter of type 'char *' converts between pointers to integer types with different sign [-Wpointer-sign]
                                                curnode = dom_get_elements_by_tag_name_ns_raw(nodep, objmap->ns, objmap->local, &count, -1);
                                                                                                     ^~~~~~~~~~
ext/dom/php_dom.h:113:70: note: passing argument to parameter 'ns' here
xmlNode *dom_get_elements_by_tag_name_ns_raw(xmlNodePtr nodep, char *ns, char *local, int *cur, int index);
                                                                     ^
/Users/Ingwie/Work/drag0n-php/ext/dom/nodelist.c:87:72: warning: passing 'xmlChar *' (aka 'unsigned char *') to parameter of type 'char *' converts between pointers to integer types with different sign [-Wpointer-sign]
                                                curnode = dom_get_elements_by_tag_name_ns_raw(nodep, objmap->ns, objmap->local, &count, -1);
                                                                                                                 ^~~~~~~~~~~~~
ext/dom/php_dom.h:113:80: note: passing argument to parameter 'local' here
xmlNode *dom_get_elements_by_tag_name_ns_raw(xmlNodePtr nodep, char *ns, char *local, int *cur, int index);
                                                                               ^
/Users/Ingwie/Work/drag0n-php/ext/dom/nodelist.c:158:62: warning: passing 'xmlChar *' (aka 'unsigned char *') to parameter of type 'char *' converts between pointers to integer types with different sign [-Wpointer-sign]
                                                        itemnode = dom_get_elements_by_tag_name_ns_raw(nodep, objmap->ns, objmap->local, &count, index);
                                                                                                              ^~~~~~~~~~
ext/dom/php_dom.h:113:70: note: passing argument to parameter 'ns' here
xmlNode *dom_get_elements_by_tag_name_ns_raw(xmlNodePtr nodep, char *ns, char *local, int *cur, int index);
                                                                     ^
/Users/Ingwie/Work/drag0n-php/ext/dom/nodelist.c:158:74: warning: passing 'xmlChar *' (aka 'unsigned char *') to parameter of type 'char *' converts between pointers to integer types with different sign [-Wpointer-sign]
                                                        itemnode = dom_get_elements_by_tag_name_ns_raw(nodep, objmap->ns, objmap->local, &count, index);
                                                                                                                          ^~~~~~~~~~~~~
ext/dom/php_dom.h:113:80: note: passing argument to parameter 'local' here
xmlNode *dom_get_elements_by_tag_name_ns_raw(xmlNodePtr nodep, char *ns, char *local, int *cur, int index);
                                                                               ^
4 warnings generated.
/bin/sh /Users/Ingwie/Work/drag0n-php/libtool --silent --preserve-dup-deps --mode=compile cc  -Iext/dom/ -I/Users/Ingwie/Work/drag0n-php/ext/dom/ -DPHP_ATOM_INC -I/Users/Ingwie/Work/drag0n-php/include -I/Users/Ingwie/Work/drag0n-php/main -I/Users/Ingwie/Work/drag0n-php -I/Users/Ingwie/Work/drag0n-php/ext/date/lib -I/Users/Ingwie/Work/drag0n-php/ext/ereg/regex -I/usr/include/libxml2 -I/usr/local/include -I/Users/Ingwie/Work/drag0n-php/ext/mbstring/oniguruma -I/Users/Ingwie/Work/drag0n-php/ext/mbstring/libmbfl -I/Users/Ingwie/Work/drag0n-php/ext/mbstring/libmbfl/mbfl -I/Users/Ingwie/Work/drag0n-php/ext/sqlite3/libsqlite -I/Users/Ingwie/Work/drag0n-php/ext/pthreads -I/usr/include/tidy -I/Users/Ingwie/Work/drag0n-php/ext/tokenizer/includes -I/usr/local/lib/wx/include/osx_cocoa-unicode-2.9 -I/usr/local/include/wx-2.9 -I/Users/Ingwie/Work/drag0n-php/TSRM -I/Users/Ingwie/Work/drag0n-php/Zend  -no-cpp-precomp  -I/usr/include -g -O2 -fvisibility=hidden -DZTS  -c /Users/Ingwie/Work/drag0n-php/ext/dom/text.c -o ext/dom/text.lo 
/Users/Ingwie/Work/drag0n-php/ext/dom/text.c:130:3: warning: initializing 'const char *' with an expression of type 'xmlChar *' (aka 'unsigned char *') converts between pointers to integer types with different sign [-Wpointer-sign]
                ZVAL_STRING(*retval, wholetext, 1);
                ^~~~~~~~~~~~~~~~~~~~~~~~~~~~~~~~~~
/Users/Ingwie/Work/drag0n-php/Zend/zend_API.h:575:15: note: expanded from macro 'ZVAL_STRING'
                const char *__s=(s);                            \
                            ^   ~~~
1 warning generated.
/bin/sh /Users/Ingwie/Work/drag0n-php/libtool --silent --preserve-dup-deps --mode=compile cc  -Iext/dom/ -I/Users/Ingwie/Work/drag0n-php/ext/dom/ -DPHP_ATOM_INC -I/Users/Ingwie/Work/drag0n-php/include -I/Users/Ingwie/Work/drag0n-php/main -I/Users/Ingwie/Work/drag0n-php -I/Users/Ingwie/Work/drag0n-php/ext/date/lib -I/Users/Ingwie/Work/drag0n-php/ext/ereg/regex -I/usr/include/libxml2 -I/usr/local/include -I/Users/Ingwie/Work/drag0n-php/ext/mbstring/oniguruma -I/Users/Ingwie/Work/drag0n-php/ext/mbstring/libmbfl -I/Users/Ingwie/Work/drag0n-php/ext/mbstring/libmbfl/mbfl -I/Users/Ingwie/Work/drag0n-php/ext/sqlite3/libsqlite -I/Users/Ingwie/Work/drag0n-php/ext/pthreads -I/usr/include/tidy -I/Users/Ingwie/Work/drag0n-php/ext/tokenizer/includes -I/usr/local/lib/wx/include/osx_cocoa-unicode-2.9 -I/usr/local/include/wx-2.9 -I/Users/Ingwie/Work/drag0n-php/TSRM -I/Users/Ingwie/Work/drag0n-php/Zend  -no-cpp-precomp  -I/usr/include -g -O2 -fvisibility=hidden -DZTS  -c /Users/Ingwie/Work/drag0n-php/ext/dom/comment.c -o ext/dom/comment.lo 
/bin/sh /Users/Ingwie/Work/drag0n-php/libtool --silent --preserve-dup-deps --mode=compile cc  -Iext/dom/ -I/Users/Ingwie/Work/drag0n-php/ext/dom/ -DPHP_ATOM_INC -I/Users/Ingwie/Work/drag0n-php/include -I/Users/Ingwie/Work/drag0n-php/main -I/Users/Ingwie/Work/drag0n-php -I/Users/Ingwie/Work/drag0n-php/ext/date/lib -I/Users/Ingwie/Work/drag0n-php/ext/ereg/regex -I/usr/include/libxml2 -I/usr/local/include -I/Users/Ingwie/Work/drag0n-php/ext/mbstring/oniguruma -I/Users/Ingwie/Work/drag0n-php/ext/mbstring/libmbfl -I/Users/Ingwie/Work/drag0n-php/ext/mbstring/libmbfl/mbfl -I/Users/Ingwie/Work/drag0n-php/ext/sqlite3/libsqlite -I/Users/Ingwie/Work/drag0n-php/ext/pthreads -I/usr/include/tidy -I/Users/Ingwie/Work/drag0n-php/ext/tokenizer/includes -I/usr/local/lib/wx/include/osx_cocoa-unicode-2.9 -I/usr/local/include/wx-2.9 -I/Users/Ingwie/Work/drag0n-php/TSRM -I/Users/Ingwie/Work/drag0n-php/Zend  -no-cpp-precomp  -I/usr/include -g -O2 -fvisibility=hidden -DZTS  -c /Users/Ingwie/Work/drag0n-php/ext/dom/domconfiguration.c -o ext/dom/domconfiguration.lo 
/bin/sh /Users/Ingwie/Work/drag0n-php/libtool --silent --preserve-dup-deps --mode=compile cc  -Iext/dom/ -I/Users/Ingwie/Work/drag0n-php/ext/dom/ -DPHP_ATOM_INC -I/Users/Ingwie/Work/drag0n-php/include -I/Users/Ingwie/Work/drag0n-php/main -I/Users/Ingwie/Work/drag0n-php -I/Users/Ingwie/Work/drag0n-php/ext/date/lib -I/Users/Ingwie/Work/drag0n-php/ext/ereg/regex -I/usr/include/libxml2 -I/usr/local/include -I/Users/Ingwie/Work/drag0n-php/ext/mbstring/oniguruma -I/Users/Ingwie/Work/drag0n-php/ext/mbstring/libmbfl -I/Users/Ingwie/Work/drag0n-php/ext/mbstring/libmbfl/mbfl -I/Users/Ingwie/Work/drag0n-php/ext/sqlite3/libsqlite -I/Users/Ingwie/Work/drag0n-php/ext/pthreads -I/usr/include/tidy -I/Users/Ingwie/Work/drag0n-php/ext/tokenizer/includes -I/usr/local/lib/wx/include/osx_cocoa-unicode-2.9 -I/usr/local/include/wx-2.9 -I/Users/Ingwie/Work/drag0n-php/TSRM -I/Users/Ingwie/Work/drag0n-php/Zend  -no-cpp-precomp  -I/usr/include -g -O2 -fvisibility=hidden -DZTS  -c /Users/Ingwie/Work/drag0n-php/ext/dom/domimplementationsource.c -o ext/dom/domimplementationsource.lo 
/bin/sh /Users/Ingwie/Work/drag0n-php/libtool --silent --preserve-dup-deps --mode=compile cc  -Iext/dom/ -I/Users/Ingwie/Work/drag0n-php/ext/dom/ -DPHP_ATOM_INC -I/Users/Ingwie/Work/drag0n-php/include -I/Users/Ingwie/Work/drag0n-php/main -I/Users/Ingwie/Work/drag0n-php -I/Users/Ingwie/Work/drag0n-php/ext/date/lib -I/Users/Ingwie/Work/drag0n-php/ext/ereg/regex -I/usr/include/libxml2 -I/usr/local/include -I/Users/Ingwie/Work/drag0n-php/ext/mbstring/oniguruma -I/Users/Ingwie/Work/drag0n-php/ext/mbstring/libmbfl -I/Users/Ingwie/Work/drag0n-php/ext/mbstring/libmbfl/mbfl -I/Users/Ingwie/Work/drag0n-php/ext/sqlite3/libsqlite -I/Users/Ingwie/Work/drag0n-php/ext/pthreads -I/usr/include/tidy -I/Users/Ingwie/Work/drag0n-php/ext/tokenizer/includes -I/usr/local/lib/wx/include/osx_cocoa-unicode-2.9 -I/usr/local/include/wx-2.9 -I/Users/Ingwie/Work/drag0n-php/TSRM -I/Users/Ingwie/Work/drag0n-php/Zend  -no-cpp-precomp  -I/usr/include -g -O2 -fvisibility=hidden -DZTS  -c /Users/Ingwie/Work/drag0n-php/ext/dom/entityreference.c -o ext/dom/entityreference.lo 
/Users/Ingwie/Work/drag0n-php/ext/dom/entityreference.c:73:31: warning: passing 'char *' to parameter of type 'const xmlChar *' (aka 'const unsigned char *') converts between pointers to integer types with different sign [-Wpointer-sign]
        node = xmlNewReference(NULL, name);
                                     ^~~~
/usr/include/libxml2/libxml/tree.h:837:22: note: passing argument to parameter 'name' here
                                         const xmlChar *name);
                                                        ^
1 warning generated.
/bin/sh /Users/Ingwie/Work/drag0n-php/libtool --silent --preserve-dup-deps --mode=compile cc  -Iext/dom/ -I/Users/Ingwie/Work/drag0n-php/ext/dom/ -DPHP_ATOM_INC -I/Users/Ingwie/Work/drag0n-php/include -I/Users/Ingwie/Work/drag0n-php/main -I/Users/Ingwie/Work/drag0n-php -I/Users/Ingwie/Work/drag0n-php/ext/date/lib -I/Users/Ingwie/Work/drag0n-php/ext/ereg/regex -I/usr/include/libxml2 -I/usr/local/include -I/Users/Ingwie/Work/drag0n-php/ext/mbstring/oniguruma -I/Users/Ingwie/Work/drag0n-php/ext/mbstring/libmbfl -I/Users/Ingwie/Work/drag0n-php/ext/mbstring/libmbfl/mbfl -I/Users/Ingwie/Work/drag0n-php/ext/sqlite3/libsqlite -I/Users/Ingwie/Work/drag0n-php/ext/pthreads -I/usr/include/tidy -I/Users/Ingwie/Work/drag0n-php/ext/tokenizer/includes -I/usr/local/lib/wx/include/osx_cocoa-unicode-2.9 -I/usr/local/include/wx-2.9 -I/Users/Ingwie/Work/drag0n-php/TSRM -I/Users/Ingwie/Work/drag0n-php/Zend  -no-cpp-precomp  -I/usr/include -g -O2 -fvisibility=hidden -DZTS  -c /Users/Ingwie/Work/drag0n-php/ext/dom/notation.c -o ext/dom/notation.lo 
/bin/sh /Users/Ingwie/Work/drag0n-php/libtool --silent --preserve-dup-deps --mode=compile cc  -Iext/dom/ -I/Users/Ingwie/Work/drag0n-php/ext/dom/ -DPHP_ATOM_INC -I/Users/Ingwie/Work/drag0n-php/include -I/Users/Ingwie/Work/drag0n-php/main -I/Users/Ingwie/Work/drag0n-php -I/Users/Ingwie/Work/drag0n-php/ext/date/lib -I/Users/Ingwie/Work/drag0n-php/ext/ereg/regex -I/usr/include/libxml2 -I/usr/local/include -I/Users/Ingwie/Work/drag0n-php/ext/mbstring/oniguruma -I/Users/Ingwie/Work/drag0n-php/ext/mbstring/libmbfl -I/Users/Ingwie/Work/drag0n-php/ext/mbstring/libmbfl/mbfl -I/Users/Ingwie/Work/drag0n-php/ext/sqlite3/libsqlite -I/Users/Ingwie/Work/drag0n-php/ext/pthreads -I/usr/include/tidy -I/Users/Ingwie/Work/drag0n-php/ext/tokenizer/includes -I/usr/local/lib/wx/include/osx_cocoa-unicode-2.9 -I/usr/local/include/wx-2.9 -I/Users/Ingwie/Work/drag0n-php/TSRM -I/Users/Ingwie/Work/drag0n-php/Zend  -no-cpp-precomp  -I/usr/include -g -O2 -fvisibility=hidden -DZTS  -c /Users/Ingwie/Work/drag0n-php/ext/dom/xpath.c -o ext/dom/xpath.lo 
/Users/Ingwie/Work/drag0n-php/ext/dom/xpath.c:197:2: warning: initializing 'const char *' with an expression of type 'xmlChar *' (aka 'unsigned char *') converts between pointers to integer types with different sign [-Wpointer-sign]
        ZVAL_STRING(&handler, obj->stringval, 1);
        ^~~~~~~~~~~~~~~~~~~~~~~~~~~~~~~~~~~~~~~~
/Users/Ingwie/Work/drag0n-php/Zend/zend_API.h:575:15: note: expanded from macro 'ZVAL_STRING'
                const char *__s=(s);                            \
                            ^   ~~~
/Users/Ingwie/Work/drag0n-php/ext/dom/xpath.c:241:40: warning: passing 'char *' to parameter of type 'const xmlChar *' (aka 'const unsigned char *') converts between pointers to integer types with different sign [-Wpointer-sign]
                                valuePush(ctxt, xmlXPathNewString( Z_STRVAL_P(retval)));
                                                                   ^~~~~~~~~~~~~~~~~~
/Users/Ingwie/Work/drag0n-php/Zend/zend_operators.h:458:29: note: expanded from macro 'Z_STRVAL_P'
#define Z_STRVAL_P(zval_p)              Z_STRVAL(*zval_p)
                                        ^~~~~~~~~~~~~~~~~
/Users/Ingwie/Work/drag0n-php/Zend/zend_operators.h:443:26: note: expanded from macro 'Z_STRVAL'
#define Z_STRVAL(zval)                  (zval).value.str.val
                                        ^~~~~~~~~~~~~~~~~~~~
/usr/include/libxml2/libxml/xpathInternals.h:486:38: note: passing argument to parameter 'val' here
                xmlXPathNewString               (const xmlChar *val);
                                                                ^
/Users/Ingwie/Work/drag0n-php/ext/dom/xpath.c:447:37: warning: passing 'char *' to parameter of type 'const xmlChar *' (aka 'const unsigned char *') converts between pointers to integer types with different sign [-Wpointer-sign]
        xpathobjp = xmlXPathEvalExpression(expr, ctxp);
                                           ^~~~
/usr/include/libxml2/libxml/xpath.h:514:46: note: passing argument to parameter 'str' here
                    xmlXPathEvalExpression      (const xmlChar *str,
                                                                ^
/Users/Ingwie/Work/drag0n-php/ext/dom/xpath.c:491:34: warning: passing 'char *' to parameter of type 'const xmlChar *' (aka 'const unsigned char *') converts between pointers to integer types with different sign [-Wpointer-sign]
                                                        curns->prefix = xmlStrdup((char *) node->children);
                                                                                  ^~~~~~~~~~~~~~~~~~~~~~~
/usr/include/libxml2/libxml/xmlstring.h:41:58: note: passing argument to parameter 'cur' here
                xmlStrdup                (const xmlChar *cur);
                                                         ^
/Users/Ingwie/Work/drag0n-php/ext/dom/xpath.c:494:41: warning: passing 'char *' to parameter of type 'const xmlChar *' (aka 'const unsigned char *') converts between pointers to integer types with different sign [-Wpointer-sign]
                                                        node = xmlNewDocNode(docp, NULL, (char *) node->children, node->name);
                                                                                         ^~~~~~~~~~~~~~~~~~~~~~~
/usr/include/libxml2/libxml/tree.h:784:22: note: passing argument to parameter 'name' here
                                         const xmlChar *name,
                                                        ^
/Users/Ingwie/Work/drag0n-php/ext/dom/xpath.c:496:41: warning: passing 'char [6]' to parameter of type 'const xmlChar *' (aka 'const unsigned char *') converts between pointers to integer types with different sign [-Wpointer-sign]
                                                        node = xmlNewDocNode(docp, NULL, "xmlns", node->name);
                                                                                         ^~~~~~~
/usr/include/libxml2/libxml/tree.h:784:22: note: passing argument to parameter 'name' here
                                         const xmlChar *name,
                                                        ^
/Users/Ingwie/Work/drag0n-php/ext/dom/xpath.c:521:4: warning: initializing 'const char *' with an expression of type 'xmlChar *' (aka 'unsigned char *') converts between pointers to integer types with different sign [-Wpointer-sign]
                        RETVAL_STRING(xpathobjp->stringval, 1);
                        ^~~~~~~~~~~~~~~~~~~~~~~~~~~~~~~~~~~~~~
/Users/Ingwie/Work/drag0n-php/Zend/zend_API.h:622:39: note: expanded from macro 'RETVAL_STRING'
#define RETVAL_STRING(s, duplicate)             ZVAL_STRING(return_value, s, duplicate)
                                                ^~~~~~~~~~~~~~~~~~~~~~~~~~~~~~~~~~~~~~~
/Users/Ingwie/Work/drag0n-php/Zend/zend_API.h:575:15: note: expanded from macro 'ZVAL_STRING'
                const char *__s=(s);                            \
                            ^   ~~~
7 warnings generated.
/bin/sh /Users/Ingwie/Work/drag0n-php/libtool --silent --preserve-dup-deps --mode=compile cc  -Iext/dom/ -I/Users/Ingwie/Work/drag0n-php/ext/dom/ -DPHP_ATOM_INC -I/Users/Ingwie/Work/drag0n-php/include -I/Users/Ingwie/Work/drag0n-php/main -I/Users/Ingwie/Work/drag0n-php -I/Users/Ingwie/Work/drag0n-php/ext/date/lib -I/Users/Ingwie/Work/drag0n-php/ext/ereg/regex -I/usr/include/libxml2 -I/usr/local/include -I/Users/Ingwie/Work/drag0n-php/ext/mbstring/oniguruma -I/Users/Ingwie/Work/drag0n-php/ext/mbstring/libmbfl -I/Users/Ingwie/Work/drag0n-php/ext/mbstring/libmbfl/mbfl -I/Users/Ingwie/Work/drag0n-php/ext/sqlite3/libsqlite -I/Users/Ingwie/Work/drag0n-php/ext/pthreads -I/usr/include/tidy -I/Users/Ingwie/Work/drag0n-php/ext/tokenizer/includes -I/usr/local/lib/wx/include/osx_cocoa-unicode-2.9 -I/usr/local/include/wx-2.9 -I/Users/Ingwie/Work/drag0n-php/TSRM -I/Users/Ingwie/Work/drag0n-php/Zend  -no-cpp-precomp  -I/usr/include -g -O2 -fvisibility=hidden -DZTS  -c /Users/Ingwie/Work/drag0n-php/ext/dom/dom_iterators.c -o ext/dom/dom_iterators.lo 
/Users/Ingwie/Work/drag0n-php/ext/dom/dom_iterators.c:226:62: warning: passing 'xmlChar *' (aka 'unsigned char *') to parameter of type 'char *' converts between pointers to integer types with different sign [-Wpointer-sign]
                                        curnode = dom_get_elements_by_tag_name_ns_raw(basenode, objmap->ns, objmap->local, &previndex, iter->index);
                                                                                                ^~~~~~~~~~
ext/dom/php_dom.h:113:70: note: passing argument to parameter 'ns' here
xmlNode *dom_get_elements_by_tag_name_ns_raw(xmlNodePtr nodep, char *ns, char *local, int *cur, int index);
                                                                     ^
/Users/Ingwie/Work/drag0n-php/ext/dom/dom_iterators.c:226:74: warning: passing 'xmlChar *' (aka 'unsigned char *') to parameter of type 'char *' converts between pointers to integer types with different sign [-Wpointer-sign]
                                        curnode = dom_get_elements_by_tag_name_ns_raw(basenode, objmap->ns, objmap->local, &previndex, iter->index);
                                                                                                            ^~~~~~~~~~~~~
ext/dom/php_dom.h:113:80: note: passing argument to parameter 'local' here
xmlNode *dom_get_elements_by_tag_name_ns_raw(xmlNodePtr nodep, char *ns, char *local, int *cur, int index);
                                                                               ^
/Users/Ingwie/Work/drag0n-php/ext/dom/dom_iterators.c:306:59: warning: passing 'xmlChar *' (aka 'unsigned char *') to parameter of type 'char *' converts between pointers to integer types with different sign [-Wpointer-sign]
                                        curnode = dom_get_elements_by_tag_name_ns_raw(nodep, objmap->ns, objmap->local, &curindex, 0);
                                                                                             ^~~~~~~~~~
ext/dom/php_dom.h:113:70: note: passing argument to parameter 'ns' here
xmlNode *dom_get_elements_by_tag_name_ns_raw(xmlNodePtr nodep, char *ns, char *local, int *cur, int index);
                                                                     ^
/Users/Ingwie/Work/drag0n-php/ext/dom/dom_iterators.c:306:71: warning: passing 'xmlChar *' (aka 'unsigned char *') to parameter of type 'char *' converts between pointers to integer types with different sign [-Wpointer-sign]
                                        curnode = dom_get_elements_by_tag_name_ns_raw(nodep, objmap->ns, objmap->local, &curindex, 0);
                                                                                                         ^~~~~~~~~~~~~
ext/dom/php_dom.h:113:80: note: passing argument to parameter 'local' here
xmlNode *dom_get_elements_by_tag_name_ns_raw(xmlNodePtr nodep, char *ns, char *local, int *cur, int index);
                                                                               ^
4 warnings generated.
/bin/sh /Users/Ingwie/Work/drag0n-php/libtool --silent --preserve-dup-deps --mode=compile cc  -Iext/dom/ -I/Users/Ingwie/Work/drag0n-php/ext/dom/ -DPHP_ATOM_INC -I/Users/Ingwie/Work/drag0n-php/include -I/Users/Ingwie/Work/drag0n-php/main -I/Users/Ingwie/Work/drag0n-php -I/Users/Ingwie/Work/drag0n-php/ext/date/lib -I/Users/Ingwie/Work/drag0n-php/ext/ereg/regex -I/usr/include/libxml2 -I/usr/local/include -I/Users/Ingwie/Work/drag0n-php/ext/mbstring/oniguruma -I/Users/Ingwie/Work/drag0n-php/ext/mbstring/libmbfl -I/Users/Ingwie/Work/drag0n-php/ext/mbstring/libmbfl/mbfl -I/Users/Ingwie/Work/drag0n-php/ext/sqlite3/libsqlite -I/Users/Ingwie/Work/drag0n-php/ext/pthreads -I/usr/include/tidy -I/Users/Ingwie/Work/drag0n-php/ext/tokenizer/includes -I/usr/local/lib/wx/include/osx_cocoa-unicode-2.9 -I/usr/local/include/wx-2.9 -I/Users/Ingwie/Work/drag0n-php/TSRM -I/Users/Ingwie/Work/drag0n-php/Zend  -no-cpp-precomp  -I/usr/include -g -O2 -fvisibility=hidden -DZTS  -c /Users/Ingwie/Work/drag0n-php/ext/dom/typeinfo.c -o ext/dom/typeinfo.lo 
/bin/sh /Users/Ingwie/Work/drag0n-php/libtool --silent --preserve-dup-deps --mode=compile cc  -Iext/dom/ -I/Users/Ingwie/Work/drag0n-php/ext/dom/ -DPHP_ATOM_INC -I/Users/Ingwie/Work/drag0n-php/include -I/Users/Ingwie/Work/drag0n-php/main -I/Users/Ingwie/Work/drag0n-php -I/Users/Ingwie/Work/drag0n-php/ext/date/lib -I/Users/Ingwie/Work/drag0n-php/ext/ereg/regex -I/usr/include/libxml2 -I/usr/local/include -I/Users/Ingwie/Work/drag0n-php/ext/mbstring/oniguruma -I/Users/Ingwie/Work/drag0n-php/ext/mbstring/libmbfl -I/Users/Ingwie/Work/drag0n-php/ext/mbstring/libmbfl/mbfl -I/Users/Ingwie/Work/drag0n-php/ext/sqlite3/libsqlite -I/Users/Ingwie/Work/drag0n-php/ext/pthreads -I/usr/include/tidy -I/Users/Ingwie/Work/drag0n-php/ext/tokenizer/includes -I/usr/local/lib/wx/include/osx_cocoa-unicode-2.9 -I/usr/local/include/wx-2.9 -I/Users/Ingwie/Work/drag0n-php/TSRM -I/Users/Ingwie/Work/drag0n-php/Zend  -no-cpp-precomp  -I/usr/include -g -O2 -fvisibility=hidden -DZTS  -c /Users/Ingwie/Work/drag0n-php/ext/dom/domerror.c -o ext/dom/domerror.lo 
/bin/sh /Users/Ingwie/Work/drag0n-php/libtool --silent --preserve-dup-deps --mode=compile cc  -Iext/dom/ -I/Users/Ingwie/Work/drag0n-php/ext/dom/ -DPHP_ATOM_INC -I/Users/Ingwie/Work/drag0n-php/include -I/Users/Ingwie/Work/drag0n-php/main -I/Users/Ingwie/Work/drag0n-php -I/Users/Ingwie/Work/drag0n-php/ext/date/lib -I/Users/Ingwie/Work/drag0n-php/ext/ereg/regex -I/usr/include/libxml2 -I/usr/local/include -I/Users/Ingwie/Work/drag0n-php/ext/mbstring/oniguruma -I/Users/Ingwie/Work/drag0n-php/ext/mbstring/libmbfl -I/Users/Ingwie/Work/drag0n-php/ext/mbstring/libmbfl/mbfl -I/Users/Ingwie/Work/drag0n-php/ext/sqlite3/libsqlite -I/Users/Ingwie/Work/drag0n-php/ext/pthreads -I/usr/include/tidy -I/Users/Ingwie/Work/drag0n-php/ext/tokenizer/includes -I/usr/local/lib/wx/include/osx_cocoa-unicode-2.9 -I/usr/local/include/wx-2.9 -I/Users/Ingwie/Work/drag0n-php/TSRM -I/Users/Ingwie/Work/drag0n-php/Zend  -no-cpp-precomp  -I/usr/include -g -O2 -fvisibility=hidden -DZTS  -c /Users/Ingwie/Work/drag0n-php/ext/dom/domlocator.c -o ext/dom/domlocator.lo 
/bin/sh /Users/Ingwie/Work/drag0n-php/libtool --silent --preserve-dup-deps --mode=compile cc  -Iext/dom/ -I/Users/Ingwie/Work/drag0n-php/ext/dom/ -DPHP_ATOM_INC -I/Users/Ingwie/Work/drag0n-php/include -I/Users/Ingwie/Work/drag0n-php/main -I/Users/Ingwie/Work/drag0n-php -I/Users/Ingwie/Work/drag0n-php/ext/date/lib -I/Users/Ingwie/Work/drag0n-php/ext/ereg/regex -I/usr/include/libxml2 -I/usr/local/include -I/Users/Ingwie/Work/drag0n-php/ext/mbstring/oniguruma -I/Users/Ingwie/Work/drag0n-php/ext/mbstring/libmbfl -I/Users/Ingwie/Work/drag0n-php/ext/mbstring/libmbfl/mbfl -I/Users/Ingwie/Work/drag0n-php/ext/sqlite3/libsqlite -I/Users/Ingwie/Work/drag0n-php/ext/pthreads -I/usr/include/tidy -I/Users/Ingwie/Work/drag0n-php/ext/tokenizer/includes -I/usr/local/lib/wx/include/osx_cocoa-unicode-2.9 -I/usr/local/include/wx-2.9 -I/Users/Ingwie/Work/drag0n-php/TSRM -I/Users/Ingwie/Work/drag0n-php/Zend  -no-cpp-precomp  -I/usr/include -g -O2 -fvisibility=hidden -DZTS  -c /Users/Ingwie/Work/drag0n-php/ext/dom/namednodemap.c -o ext/dom/namednodemap.lo 
/Users/Ingwie/Work/drag0n-php/ext/dom/namednodemap.c:152:55: warning: passing 'char *' to parameter of type 'const xmlChar *' (aka 'const unsigned char *') converts between pointers to integer types with different sign [-Wpointer-sign]
                                        itemnode = (xmlNodePtr)xmlHashLookup(objmap->ht, named);
                                                                                         ^~~~~
/usr/include/libxml2/libxml/hash.h:171:22: note: passing argument to parameter 'name' here
                                         const xmlChar *name);
                                                        ^
/Users/Ingwie/Work/drag0n-php/ext/dom/namednodemap.c:154:55: warning: passing 'char *' to parameter of type 'const xmlChar *' (aka 'const unsigned char *') converts between pointers to integer types with different sign [-Wpointer-sign]
                                        notep = (xmlNotation *)xmlHashLookup(objmap->ht, named);
                                                                                         ^~~~~
/usr/include/libxml2/libxml/hash.h:171:22: note: passing argument to parameter 'name' here
                                         const xmlChar *name);
                                                        ^
/Users/Ingwie/Work/drag0n-php/ext/dom/namednodemap.c:163:46: warning: passing 'char *' to parameter of type 'const xmlChar *' (aka 'const unsigned char *') converts between pointers to integer types with different sign [-Wpointer-sign]
                                itemnode = (xmlNodePtr)xmlHasProp(nodep, named);
                                                                         ^~~~~
/usr/include/libxml2/libxml/tree.h:985:22: note: passing argument to parameter 'name' here
                                         const xmlChar *name);
                                                        ^
/Users/Ingwie/Work/drag0n-php/ext/dom/namednodemap.c:284:55: warning: passing 'char *' to parameter of type 'const xmlChar *' (aka 'const unsigned char *') converts between pointers to integer types with different sign [-Wpointer-sign]
                                        itemnode = (xmlNodePtr)xmlHashLookup(objmap->ht, named);
                                                                                         ^~~~~
/usr/include/libxml2/libxml/hash.h:171:22: note: passing argument to parameter 'name' here
                                         const xmlChar *name);
                                                        ^
/Users/Ingwie/Work/drag0n-php/ext/dom/namednodemap.c:286:55: warning: passing 'char *' to parameter of type 'const xmlChar *' (aka 'const unsigned char *') converts between pointers to integer types with different sign [-Wpointer-sign]
                                        notep = (xmlNotation *)xmlHashLookup(objmap->ht, named);
                                                                                         ^~~~~
/usr/include/libxml2/libxml/hash.h:171:22: note: passing argument to parameter 'name' here
                                         const xmlChar *name);
                                                        ^
/Users/Ingwie/Work/drag0n-php/ext/dom/namednodemap.c:295:48: warning: passing 'char *' to parameter of type 'const xmlChar *' (aka 'const unsigned char *') converts between pointers to integer types with different sign [-Wpointer-sign]
                                itemnode = (xmlNodePtr)xmlHasNsProp(nodep, named, uri);
                                                                           ^~~~~
/usr/include/libxml2/libxml/tree.h:988:22: note: passing argument to parameter 'name' here
                                         const xmlChar *name,
                                                        ^
/Users/Ingwie/Work/drag0n-php/ext/dom/namednodemap.c:295:55: warning: passing 'char *' to parameter of type 'const xmlChar *' (aka 'const unsigned char *') converts between pointers to integer types with different sign [-Wpointer-sign]
                                itemnode = (xmlNodePtr)xmlHasNsProp(nodep, named, uri);
                                                                                  ^~~
/usr/include/libxml2/libxml/tree.h:989:22: note: passing argument to parameter 'nameSpace' here
                                         const xmlChar *nameSpace);
                                                        ^
7 warnings generated.
/bin/sh /Users/Ingwie/Work/drag0n-php/libtool --silent --preserve-dup-deps --mode=compile cc  -Iext/dom/ -I/Users/Ingwie/Work/drag0n-php/ext/dom/ -DPHP_ATOM_INC -I/Users/Ingwie/Work/drag0n-php/include -I/Users/Ingwie/Work/drag0n-php/main -I/Users/Ingwie/Work/drag0n-php -I/Users/Ingwie/Work/drag0n-php/ext/date/lib -I/Users/Ingwie/Work/drag0n-php/ext/ereg/regex -I/usr/include/libxml2 -I/usr/local/include -I/Users/Ingwie/Work/drag0n-php/ext/mbstring/oniguruma -I/Users/Ingwie/Work/drag0n-php/ext/mbstring/libmbfl -I/Users/Ingwie/Work/drag0n-php/ext/mbstring/libmbfl/mbfl -I/Users/Ingwie/Work/drag0n-php/ext/sqlite3/libsqlite -I/Users/Ingwie/Work/drag0n-php/ext/pthreads -I/usr/include/tidy -I/Users/Ingwie/Work/drag0n-php/ext/tokenizer/includes -I/usr/local/lib/wx/include/osx_cocoa-unicode-2.9 -I/usr/local/include/wx-2.9 -I/Users/Ingwie/Work/drag0n-php/TSRM -I/Users/Ingwie/Work/drag0n-php/Zend  -no-cpp-precomp  -I/usr/include -g -O2 -fvisibility=hidden -DZTS  -c /Users/Ingwie/Work/drag0n-php/ext/dom/userdatahandler.c -o ext/dom/userdatahandler.lo 
/bin/sh /Users/Ingwie/Work/drag0n-php/libtool --silent --preserve-dup-deps --mode=compile cc -I/Users/Ingwie/Work/drag0n-php/ext/fileinfo/libmagic -Iext/fileinfo/ -I/Users/Ingwie/Work/drag0n-php/ext/fileinfo/ -DPHP_ATOM_INC -I/Users/Ingwie/Work/drag0n-php/include -I/Users/Ingwie/Work/drag0n-php/main -I/Users/Ingwie/Work/drag0n-php -I/Users/Ingwie/Work/drag0n-php/ext/date/lib -I/Users/Ingwie/Work/drag0n-php/ext/ereg/regex -I/usr/include/libxml2 -I/usr/local/include -I/Users/Ingwie/Work/drag0n-php/ext/mbstring/oniguruma -I/Users/Ingwie/Work/drag0n-php/ext/mbstring/libmbfl -I/Users/Ingwie/Work/drag0n-php/ext/mbstring/libmbfl/mbfl -I/Users/Ingwie/Work/drag0n-php/ext/sqlite3/libsqlite -I/Users/Ingwie/Work/drag0n-php/ext/pthreads -I/usr/include/tidy -I/Users/Ingwie/Work/drag0n-php/ext/tokenizer/includes -I/usr/local/lib/wx/include/osx_cocoa-unicode-2.9 -I/usr/local/include/wx-2.9 -I/Users/Ingwie/Work/drag0n-php/TSRM -I/Users/Ingwie/Work/drag0n-php/Zend  -no-cpp-precomp  -I/usr/include -g -O2 -fvisibility=hidden -DZTS  -c /Users/Ingwie/Work/drag0n-php/ext/fileinfo/fileinfo.c -o ext/fileinfo/fileinfo.lo 
/bin/sh /Users/Ingwie/Work/drag0n-php/libtool --silent --preserve-dup-deps --mode=compile cc -I/Users/Ingwie/Work/drag0n-php/ext/fileinfo/libmagic -Iext/fileinfo/ -I/Users/Ingwie/Work/drag0n-php/ext/fileinfo/ -DPHP_ATOM_INC -I/Users/Ingwie/Work/drag0n-php/include -I/Users/Ingwie/Work/drag0n-php/main -I/Users/Ingwie/Work/drag0n-php -I/Users/Ingwie/Work/drag0n-php/ext/date/lib -I/Users/Ingwie/Work/drag0n-php/ext/ereg/regex -I/usr/include/libxml2 -I/usr/local/include -I/Users/Ingwie/Work/drag0n-php/ext/mbstring/oniguruma -I/Users/Ingwie/Work/drag0n-php/ext/mbstring/libmbfl -I/Users/Ingwie/Work/drag0n-php/ext/mbstring/libmbfl/mbfl -I/Users/Ingwie/Work/drag0n-php/ext/sqlite3/libsqlite -I/Users/Ingwie/Work/drag0n-php/ext/pthreads -I/usr/include/tidy -I/Users/Ingwie/Work/drag0n-php/ext/tokenizer/includes -I/usr/local/lib/wx/include/osx_cocoa-unicode-2.9 -I/usr/local/include/wx-2.9 -I/Users/Ingwie/Work/drag0n-php/TSRM -I/Users/Ingwie/Work/drag0n-php/Zend  -no-cpp-precomp  -I/usr/include -g -O2 -fvisibility=hidden -DZTS  -c /Users/Ingwie/Work/drag0n-php/ext/fileinfo/libmagic/apprentice.c -o ext/fileinfo/libmagic/apprentice.lo 
/bin/sh /Users/Ingwie/Work/drag0n-php/libtool --silent --preserve-dup-deps --mode=compile cc -I/Users/Ingwie/Work/drag0n-php/ext/fileinfo/libmagic -Iext/fileinfo/ -I/Users/Ingwie/Work/drag0n-php/ext/fileinfo/ -DPHP_ATOM_INC -I/Users/Ingwie/Work/drag0n-php/include -I/Users/Ingwie/Work/drag0n-php/main -I/Users/Ingwie/Work/drag0n-php -I/Users/Ingwie/Work/drag0n-php/ext/date/lib -I/Users/Ingwie/Work/drag0n-php/ext/ereg/regex -I/usr/include/libxml2 -I/usr/local/include -I/Users/Ingwie/Work/drag0n-php/ext/mbstring/oniguruma -I/Users/Ingwie/Work/drag0n-php/ext/mbstring/libmbfl -I/Users/Ingwie/Work/drag0n-php/ext/mbstring/libmbfl/mbfl -I/Users/Ingwie/Work/drag0n-php/ext/sqlite3/libsqlite -I/Users/Ingwie/Work/drag0n-php/ext/pthreads -I/usr/include/tidy -I/Users/Ingwie/Work/drag0n-php/ext/tokenizer/includes -I/usr/local/lib/wx/include/osx_cocoa-unicode-2.9 -I/usr/local/include/wx-2.9 -I/Users/Ingwie/Work/drag0n-php/TSRM -I/Users/Ingwie/Work/drag0n-php/Zend  -no-cpp-precomp  -I/usr/include -g -O2 -fvisibility=hidden -DZTS  -c /Users/Ingwie/Work/drag0n-php/ext/fileinfo/libmagic/apptype.c -o ext/fileinfo/libmagic/apptype.lo 
/bin/sh /Users/Ingwie/Work/drag0n-php/libtool --silent --preserve-dup-deps --mode=compile cc -I/Users/Ingwie/Work/drag0n-php/ext/fileinfo/libmagic -Iext/fileinfo/ -I/Users/Ingwie/Work/drag0n-php/ext/fileinfo/ -DPHP_ATOM_INC -I/Users/Ingwie/Work/drag0n-php/include -I/Users/Ingwie/Work/drag0n-php/main -I/Users/Ingwie/Work/drag0n-php -I/Users/Ingwie/Work/drag0n-php/ext/date/lib -I/Users/Ingwie/Work/drag0n-php/ext/ereg/regex -I/usr/include/libxml2 -I/usr/local/include -I/Users/Ingwie/Work/drag0n-php/ext/mbstring/oniguruma -I/Users/Ingwie/Work/drag0n-php/ext/mbstring/libmbfl -I/Users/Ingwie/Work/drag0n-php/ext/mbstring/libmbfl/mbfl -I/Users/Ingwie/Work/drag0n-php/ext/sqlite3/libsqlite -I/Users/Ingwie/Work/drag0n-php/ext/pthreads -I/usr/include/tidy -I/Users/Ingwie/Work/drag0n-php/ext/tokenizer/includes -I/usr/local/lib/wx/include/osx_cocoa-unicode-2.9 -I/usr/local/include/wx-2.9 -I/Users/Ingwie/Work/drag0n-php/TSRM -I/Users/Ingwie/Work/drag0n-php/Zend  -no-cpp-precomp  -I/usr/include -g -O2 -fvisibility=hidden -DZTS  -c /Users/Ingwie/Work/drag0n-php/ext/fileinfo/libmagic/ascmagic.c -o ext/fileinfo/libmagic/ascmagic.lo 
/bin/sh /Users/Ingwie/Work/drag0n-php/libtool --silent --preserve-dup-deps --mode=compile cc -I/Users/Ingwie/Work/drag0n-php/ext/fileinfo/libmagic -Iext/fileinfo/ -I/Users/Ingwie/Work/drag0n-php/ext/fileinfo/ -DPHP_ATOM_INC -I/Users/Ingwie/Work/drag0n-php/include -I/Users/Ingwie/Work/drag0n-php/main -I/Users/Ingwie/Work/drag0n-php -I/Users/Ingwie/Work/drag0n-php/ext/date/lib -I/Users/Ingwie/Work/drag0n-php/ext/ereg/regex -I/usr/include/libxml2 -I/usr/local/include -I/Users/Ingwie/Work/drag0n-php/ext/mbstring/oniguruma -I/Users/Ingwie/Work/drag0n-php/ext/mbstring/libmbfl -I/Users/Ingwie/Work/drag0n-php/ext/mbstring/libmbfl/mbfl -I/Users/Ingwie/Work/drag0n-php/ext/sqlite3/libsqlite -I/Users/Ingwie/Work/drag0n-php/ext/pthreads -I/usr/include/tidy -I/Users/Ingwie/Work/drag0n-php/ext/tokenizer/includes -I/usr/local/lib/wx/include/osx_cocoa-unicode-2.9 -I/usr/local/include/wx-2.9 -I/Users/Ingwie/Work/drag0n-php/TSRM -I/Users/Ingwie/Work/drag0n-php/Zend  -no-cpp-precomp  -I/usr/include -g -O2 -fvisibility=hidden -DZTS  -c /Users/Ingwie/Work/drag0n-php/ext/fileinfo/libmagic/cdf.c -o ext/fileinfo/libmagic/cdf.lo 
/bin/sh /Users/Ingwie/Work/drag0n-php/libtool --silent --preserve-dup-deps --mode=compile cc -I/Users/Ingwie/Work/drag0n-php/ext/fileinfo/libmagic -Iext/fileinfo/ -I/Users/Ingwie/Work/drag0n-php/ext/fileinfo/ -DPHP_ATOM_INC -I/Users/Ingwie/Work/drag0n-php/include -I/Users/Ingwie/Work/drag0n-php/main -I/Users/Ingwie/Work/drag0n-php -I/Users/Ingwie/Work/drag0n-php/ext/date/lib -I/Users/Ingwie/Work/drag0n-php/ext/ereg/regex -I/usr/include/libxml2 -I/usr/local/include -I/Users/Ingwie/Work/drag0n-php/ext/mbstring/oniguruma -I/Users/Ingwie/Work/drag0n-php/ext/mbstring/libmbfl -I/Users/Ingwie/Work/drag0n-php/ext/mbstring/libmbfl/mbfl -I/Users/Ingwie/Work/drag0n-php/ext/sqlite3/libsqlite -I/Users/Ingwie/Work/drag0n-php/ext/pthreads -I/usr/include/tidy -I/Users/Ingwie/Work/drag0n-php/ext/tokenizer/includes -I/usr/local/lib/wx/include/osx_cocoa-unicode-2.9 -I/usr/local/include/wx-2.9 -I/Users/Ingwie/Work/drag0n-php/TSRM -I/Users/Ingwie/Work/drag0n-php/Zend  -no-cpp-precomp  -I/usr/include -g -O2 -fvisibility=hidden -DZTS  -c /Users/Ingwie/Work/drag0n-php/ext/fileinfo/libmagic/cdf_time.c -o ext/fileinfo/libmagic/cdf_time.lo 
/bin/sh /Users/Ingwie/Work/drag0n-php/libtool --silent --preserve-dup-deps --mode=compile cc -I/Users/Ingwie/Work/drag0n-php/ext/fileinfo/libmagic -Iext/fileinfo/ -I/Users/Ingwie/Work/drag0n-php/ext/fileinfo/ -DPHP_ATOM_INC -I/Users/Ingwie/Work/drag0n-php/include -I/Users/Ingwie/Work/drag0n-php/main -I/Users/Ingwie/Work/drag0n-php -I/Users/Ingwie/Work/drag0n-php/ext/date/lib -I/Users/Ingwie/Work/drag0n-php/ext/ereg/regex -I/usr/include/libxml2 -I/usr/local/include -I/Users/Ingwie/Work/drag0n-php/ext/mbstring/oniguruma -I/Users/Ingwie/Work/drag0n-php/ext/mbstring/libmbfl -I/Users/Ingwie/Work/drag0n-php/ext/mbstring/libmbfl/mbfl -I/Users/Ingwie/Work/drag0n-php/ext/sqlite3/libsqlite -I/Users/Ingwie/Work/drag0n-php/ext/pthreads -I/usr/include/tidy -I/Users/Ingwie/Work/drag0n-php/ext/tokenizer/includes -I/usr/local/lib/wx/include/osx_cocoa-unicode-2.9 -I/usr/local/include/wx-2.9 -I/Users/Ingwie/Work/drag0n-php/TSRM -I/Users/Ingwie/Work/drag0n-php/Zend  -no-cpp-precomp  -I/usr/include -g -O2 -fvisibility=hidden -DZTS  -c /Users/Ingwie/Work/drag0n-php/ext/fileinfo/libmagic/compress.c -o ext/fileinfo/libmagic/compress.lo 
/bin/sh /Users/Ingwie/Work/drag0n-php/libtool --silent --preserve-dup-deps --mode=compile cc -I/Users/Ingwie/Work/drag0n-php/ext/fileinfo/libmagic -Iext/fileinfo/ -I/Users/Ingwie/Work/drag0n-php/ext/fileinfo/ -DPHP_ATOM_INC -I/Users/Ingwie/Work/drag0n-php/include -I/Users/Ingwie/Work/drag0n-php/main -I/Users/Ingwie/Work/drag0n-php -I/Users/Ingwie/Work/drag0n-php/ext/date/lib -I/Users/Ingwie/Work/drag0n-php/ext/ereg/regex -I/usr/include/libxml2 -I/usr/local/include -I/Users/Ingwie/Work/drag0n-php/ext/mbstring/oniguruma -I/Users/Ingwie/Work/drag0n-php/ext/mbstring/libmbfl -I/Users/Ingwie/Work/drag0n-php/ext/mbstring/libmbfl/mbfl -I/Users/Ingwie/Work/drag0n-php/ext/sqlite3/libsqlite -I/Users/Ingwie/Work/drag0n-php/ext/pthreads -I/usr/include/tidy -I/Users/Ingwie/Work/drag0n-php/ext/tokenizer/includes -I/usr/local/lib/wx/include/osx_cocoa-unicode-2.9 -I/usr/local/include/wx-2.9 -I/Users/Ingwie/Work/drag0n-php/TSRM -I/Users/Ingwie/Work/drag0n-php/Zend  -no-cpp-precomp  -I/usr/include -g -O2 -fvisibility=hidden -DZTS  -c /Users/Ingwie/Work/drag0n-php/ext/fileinfo/libmagic/encoding.c -o ext/fileinfo/libmagic/encoding.lo 
/bin/sh /Users/Ingwie/Work/drag0n-php/libtool --silent --preserve-dup-deps --mode=compile cc -I/Users/Ingwie/Work/drag0n-php/ext/fileinfo/libmagic -Iext/fileinfo/ -I/Users/Ingwie/Work/drag0n-php/ext/fileinfo/ -DPHP_ATOM_INC -I/Users/Ingwie/Work/drag0n-php/include -I/Users/Ingwie/Work/drag0n-php/main -I/Users/Ingwie/Work/drag0n-php -I/Users/Ingwie/Work/drag0n-php/ext/date/lib -I/Users/Ingwie/Work/drag0n-php/ext/ereg/regex -I/usr/include/libxml2 -I/usr/local/include -I/Users/Ingwie/Work/drag0n-php/ext/mbstring/oniguruma -I/Users/Ingwie/Work/drag0n-php/ext/mbstring/libmbfl -I/Users/Ingwie/Work/drag0n-php/ext/mbstring/libmbfl/mbfl -I/Users/Ingwie/Work/drag0n-php/ext/sqlite3/libsqlite -I/Users/Ingwie/Work/drag0n-php/ext/pthreads -I/usr/include/tidy -I/Users/Ingwie/Work/drag0n-php/ext/tokenizer/includes -I/usr/local/lib/wx/include/osx_cocoa-unicode-2.9 -I/usr/local/include/wx-2.9 -I/Users/Ingwie/Work/drag0n-php/TSRM -I/Users/Ingwie/Work/drag0n-php/Zend  -no-cpp-precomp  -I/usr/include -g -O2 -fvisibility=hidden -DZTS  -c /Users/Ingwie/Work/drag0n-php/ext/fileinfo/libmagic/fsmagic.c -o ext/fileinfo/libmagic/fsmagic.lo 
/bin/sh /Users/Ingwie/Work/drag0n-php/libtool --silent --preserve-dup-deps --mode=compile cc -I/Users/Ingwie/Work/drag0n-php/ext/fileinfo/libmagic -Iext/fileinfo/ -I/Users/Ingwie/Work/drag0n-php/ext/fileinfo/ -DPHP_ATOM_INC -I/Users/Ingwie/Work/drag0n-php/include -I/Users/Ingwie/Work/drag0n-php/main -I/Users/Ingwie/Work/drag0n-php -I/Users/Ingwie/Work/drag0n-php/ext/date/lib -I/Users/Ingwie/Work/drag0n-php/ext/ereg/regex -I/usr/include/libxml2 -I/usr/local/include -I/Users/Ingwie/Work/drag0n-php/ext/mbstring/oniguruma -I/Users/Ingwie/Work/drag0n-php/ext/mbstring/libmbfl -I/Users/Ingwie/Work/drag0n-php/ext/mbstring/libmbfl/mbfl -I/Users/Ingwie/Work/drag0n-php/ext/sqlite3/libsqlite -I/Users/Ingwie/Work/drag0n-php/ext/pthreads -I/usr/include/tidy -I/Users/Ingwie/Work/drag0n-php/ext/tokenizer/includes -I/usr/local/lib/wx/include/osx_cocoa-unicode-2.9 -I/usr/local/include/wx-2.9 -I/Users/Ingwie/Work/drag0n-php/TSRM -I/Users/Ingwie/Work/drag0n-php/Zend  -no-cpp-precomp  -I/usr/include -g -O2 -fvisibility=hidden -DZTS  -c /Users/Ingwie/Work/drag0n-php/ext/fileinfo/libmagic/funcs.c -o ext/fileinfo/libmagic/funcs.lo 
/bin/sh /Users/Ingwie/Work/drag0n-php/libtool --silent --preserve-dup-deps --mode=compile cc -I/Users/Ingwie/Work/drag0n-php/ext/fileinfo/libmagic -Iext/fileinfo/ -I/Users/Ingwie/Work/drag0n-php/ext/fileinfo/ -DPHP_ATOM_INC -I/Users/Ingwie/Work/drag0n-php/include -I/Users/Ingwie/Work/drag0n-php/main -I/Users/Ingwie/Work/drag0n-php -I/Users/Ingwie/Work/drag0n-php/ext/date/lib -I/Users/Ingwie/Work/drag0n-php/ext/ereg/regex -I/usr/include/libxml2 -I/usr/local/include -I/Users/Ingwie/Work/drag0n-php/ext/mbstring/oniguruma -I/Users/Ingwie/Work/drag0n-php/ext/mbstring/libmbfl -I/Users/Ingwie/Work/drag0n-php/ext/mbstring/libmbfl/mbfl -I/Users/Ingwie/Work/drag0n-php/ext/sqlite3/libsqlite -I/Users/Ingwie/Work/drag0n-php/ext/pthreads -I/usr/include/tidy -I/Users/Ingwie/Work/drag0n-php/ext/tokenizer/includes -I/usr/local/lib/wx/include/osx_cocoa-unicode-2.9 -I/usr/local/include/wx-2.9 -I/Users/Ingwie/Work/drag0n-php/TSRM -I/Users/Ingwie/Work/drag0n-php/Zend  -no-cpp-precomp  -I/usr/include -g -O2 -fvisibility=hidden -DZTS  -c /Users/Ingwie/Work/drag0n-php/ext/fileinfo/libmagic/is_tar.c -o ext/fileinfo/libmagic/is_tar.lo 
/bin/sh /Users/Ingwie/Work/drag0n-php/libtool --silent --preserve-dup-deps --mode=compile cc -I/Users/Ingwie/Work/drag0n-php/ext/fileinfo/libmagic -Iext/fileinfo/ -I/Users/Ingwie/Work/drag0n-php/ext/fileinfo/ -DPHP_ATOM_INC -I/Users/Ingwie/Work/drag0n-php/include -I/Users/Ingwie/Work/drag0n-php/main -I/Users/Ingwie/Work/drag0n-php -I/Users/Ingwie/Work/drag0n-php/ext/date/lib -I/Users/Ingwie/Work/drag0n-php/ext/ereg/regex -I/usr/include/libxml2 -I/usr/local/include -I/Users/Ingwie/Work/drag0n-php/ext/mbstring/oniguruma -I/Users/Ingwie/Work/drag0n-php/ext/mbstring/libmbfl -I/Users/Ingwie/Work/drag0n-php/ext/mbstring/libmbfl/mbfl -I/Users/Ingwie/Work/drag0n-php/ext/sqlite3/libsqlite -I/Users/Ingwie/Work/drag0n-php/ext/pthreads -I/usr/include/tidy -I/Users/Ingwie/Work/drag0n-php/ext/tokenizer/includes -I/usr/local/lib/wx/include/osx_cocoa-unicode-2.9 -I/usr/local/include/wx-2.9 -I/Users/Ingwie/Work/drag0n-php/TSRM -I/Users/Ingwie/Work/drag0n-php/Zend  -no-cpp-precomp  -I/usr/include -g -O2 -fvisibility=hidden -DZTS  -c /Users/Ingwie/Work/drag0n-php/ext/fileinfo/libmagic/magic.c -o ext/fileinfo/libmagic/magic.lo 
/bin/sh /Users/Ingwie/Work/drag0n-php/libtool --silent --preserve-dup-deps --mode=compile cc -I/Users/Ingwie/Work/drag0n-php/ext/fileinfo/libmagic -Iext/fileinfo/ -I/Users/Ingwie/Work/drag0n-php/ext/fileinfo/ -DPHP_ATOM_INC -I/Users/Ingwie/Work/drag0n-php/include -I/Users/Ingwie/Work/drag0n-php/main -I/Users/Ingwie/Work/drag0n-php -I/Users/Ingwie/Work/drag0n-php/ext/date/lib -I/Users/Ingwie/Work/drag0n-php/ext/ereg/regex -I/usr/include/libxml2 -I/usr/local/include -I/Users/Ingwie/Work/drag0n-php/ext/mbstring/oniguruma -I/Users/Ingwie/Work/drag0n-php/ext/mbstring/libmbfl -I/Users/Ingwie/Work/drag0n-php/ext/mbstring/libmbfl/mbfl -I/Users/Ingwie/Work/drag0n-php/ext/sqlite3/libsqlite -I/Users/Ingwie/Work/drag0n-php/ext/pthreads -I/usr/include/tidy -I/Users/Ingwie/Work/drag0n-php/ext/tokenizer/includes -I/usr/local/lib/wx/include/osx_cocoa-unicode-2.9 -I/usr/local/include/wx-2.9 -I/Users/Ingwie/Work/drag0n-php/TSRM -I/Users/Ingwie/Work/drag0n-php/Zend  -no-cpp-precomp  -I/usr/include -g -O2 -fvisibility=hidden -DZTS  -c /Users/Ingwie/Work/drag0n-php/ext/fileinfo/libmagic/print.c -o ext/fileinfo/libmagic/print.lo 
/Users/Ingwie/Work/drag0n-php/ext/fileinfo/libmagic/print.c:66:41: warning: if statement has empty body [-Wempty-body]
        if (vasprintf(&expanded_format, f, va)); /* silence */
                                               ^
/Users/Ingwie/Work/drag0n-php/ext/fileinfo/libmagic/print.c:66:41: note: put the semicolon on a separate line to silence this warning
1 warning generated.
/bin/sh /Users/Ingwie/Work/drag0n-php/libtool --silent --preserve-dup-deps --mode=compile cc -I/Users/Ingwie/Work/drag0n-php/ext/fileinfo/libmagic -Iext/fileinfo/ -I/Users/Ingwie/Work/drag0n-php/ext/fileinfo/ -DPHP_ATOM_INC -I/Users/Ingwie/Work/drag0n-php/include -I/Users/Ingwie/Work/drag0n-php/main -I/Users/Ingwie/Work/drag0n-php -I/Users/Ingwie/Work/drag0n-php/ext/date/lib -I/Users/Ingwie/Work/drag0n-php/ext/ereg/regex -I/usr/include/libxml2 -I/usr/local/include -I/Users/Ingwie/Work/drag0n-php/ext/mbstring/oniguruma -I/Users/Ingwie/Work/drag0n-php/ext/mbstring/libmbfl -I/Users/Ingwie/Work/drag0n-php/ext/mbstring/libmbfl/mbfl -I/Users/Ingwie/Work/drag0n-php/ext/sqlite3/libsqlite -I/Users/Ingwie/Work/drag0n-php/ext/pthreads -I/usr/include/tidy -I/Users/Ingwie/Work/drag0n-php/ext/tokenizer/includes -I/usr/local/lib/wx/include/osx_cocoa-unicode-2.9 -I/usr/local/include/wx-2.9 -I/Users/Ingwie/Work/drag0n-php/TSRM -I/Users/Ingwie/Work/drag0n-php/Zend  -no-cpp-precomp  -I/usr/include -g -O2 -fvisibility=hidden -DZTS  -c /Users/Ingwie/Work/drag0n-php/ext/fileinfo/libmagic/readcdf.c -o ext/fileinfo/libmagic/readcdf.lo 
/bin/sh /Users/Ingwie/Work/drag0n-php/libtool --silent --preserve-dup-deps --mode=compile cc -I/Users/Ingwie/Work/drag0n-php/ext/fileinfo/libmagic -Iext/fileinfo/ -I/Users/Ingwie/Work/drag0n-php/ext/fileinfo/ -DPHP_ATOM_INC -I/Users/Ingwie/Work/drag0n-php/include -I/Users/Ingwie/Work/drag0n-php/main -I/Users/Ingwie/Work/drag0n-php -I/Users/Ingwie/Work/drag0n-php/ext/date/lib -I/Users/Ingwie/Work/drag0n-php/ext/ereg/regex -I/usr/include/libxml2 -I/usr/local/include -I/Users/Ingwie/Work/drag0n-php/ext/mbstring/oniguruma -I/Users/Ingwie/Work/drag0n-php/ext/mbstring/libmbfl -I/Users/Ingwie/Work/drag0n-php/ext/mbstring/libmbfl/mbfl -I/Users/Ingwie/Work/drag0n-php/ext/sqlite3/libsqlite -I/Users/Ingwie/Work/drag0n-php/ext/pthreads -I/usr/include/tidy -I/Users/Ingwie/Work/drag0n-php/ext/tokenizer/includes -I/usr/local/lib/wx/include/osx_cocoa-unicode-2.9 -I/usr/local/include/wx-2.9 -I/Users/Ingwie/Work/drag0n-php/TSRM -I/Users/Ingwie/Work/drag0n-php/Zend  -no-cpp-precomp  -I/usr/include -g -O2 -fvisibility=hidden -DZTS  -c /Users/Ingwie/Work/drag0n-php/ext/fileinfo/libmagic/readelf.c -o ext/fileinfo/libmagic/readelf.lo 
/bin/sh /Users/Ingwie/Work/drag0n-php/libtool --silent --preserve-dup-deps --mode=compile cc -I/Users/Ingwie/Work/drag0n-php/ext/fileinfo/libmagic -Iext/fileinfo/ -I/Users/Ingwie/Work/drag0n-php/ext/fileinfo/ -DPHP_ATOM_INC -I/Users/Ingwie/Work/drag0n-php/include -I/Users/Ingwie/Work/drag0n-php/main -I/Users/Ingwie/Work/drag0n-php -I/Users/Ingwie/Work/drag0n-php/ext/date/lib -I/Users/Ingwie/Work/drag0n-php/ext/ereg/regex -I/usr/include/libxml2 -I/usr/local/include -I/Users/Ingwie/Work/drag0n-php/ext/mbstring/oniguruma -I/Users/Ingwie/Work/drag0n-php/ext/mbstring/libmbfl -I/Users/Ingwie/Work/drag0n-php/ext/mbstring/libmbfl/mbfl -I/Users/Ingwie/Work/drag0n-php/ext/sqlite3/libsqlite -I/Users/Ingwie/Work/drag0n-php/ext/pthreads -I/usr/include/tidy -I/Users/Ingwie/Work/drag0n-php/ext/tokenizer/includes -I/usr/local/lib/wx/include/osx_cocoa-unicode-2.9 -I/usr/local/include/wx-2.9 -I/Users/Ingwie/Work/drag0n-php/TSRM -I/Users/Ingwie/Work/drag0n-php/Zend  -no-cpp-precomp  -I/usr/include -g -O2 -fvisibility=hidden -DZTS  -c /Users/Ingwie/Work/drag0n-php/ext/fileinfo/libmagic/softmagic.c -o ext/fileinfo/libmagic/softmagic.lo 
/bin/sh /Users/Ingwie/Work/drag0n-php/libtool --silent --preserve-dup-deps --mode=compile cc  -Iext/filter/ -I/Users/Ingwie/Work/drag0n-php/ext/filter/ -DPHP_ATOM_INC -I/Users/Ingwie/Work/drag0n-php/include -I/Users/Ingwie/Work/drag0n-php/main -I/Users/Ingwie/Work/drag0n-php -I/Users/Ingwie/Work/drag0n-php/ext/date/lib -I/Users/Ingwie/Work/drag0n-php/ext/ereg/regex -I/usr/include/libxml2 -I/usr/local/include -I/Users/Ingwie/Work/drag0n-php/ext/mbstring/oniguruma -I/Users/Ingwie/Work/drag0n-php/ext/mbstring/libmbfl -I/Users/Ingwie/Work/drag0n-php/ext/mbstring/libmbfl/mbfl -I/Users/Ingwie/Work/drag0n-php/ext/sqlite3/libsqlite -I/Users/Ingwie/Work/drag0n-php/ext/pthreads -I/usr/include/tidy -I/Users/Ingwie/Work/drag0n-php/ext/tokenizer/includes -I/usr/local/lib/wx/include/osx_cocoa-unicode-2.9 -I/usr/local/include/wx-2.9 -I/Users/Ingwie/Work/drag0n-php/TSRM -I/Users/Ingwie/Work/drag0n-php/Zend  -no-cpp-precomp  -I/usr/include -g -O2 -fvisibility=hidden -DZTS  -c /Users/Ingwie/Work/drag0n-php/ext/filter/filter.c -o ext/filter/filter.lo 
/bin/sh /Users/Ingwie/Work/drag0n-php/libtool --silent --preserve-dup-deps --mode=compile cc  -Iext/filter/ -I/Users/Ingwie/Work/drag0n-php/ext/filter/ -DPHP_ATOM_INC -I/Users/Ingwie/Work/drag0n-php/include -I/Users/Ingwie/Work/drag0n-php/main -I/Users/Ingwie/Work/drag0n-php -I/Users/Ingwie/Work/drag0n-php/ext/date/lib -I/Users/Ingwie/Work/drag0n-php/ext/ereg/regex -I/usr/include/libxml2 -I/usr/local/include -I/Users/Ingwie/Work/drag0n-php/ext/mbstring/oniguruma -I/Users/Ingwie/Work/drag0n-php/ext/mbstring/libmbfl -I/Users/Ingwie/Work/drag0n-php/ext/mbstring/libmbfl/mbfl -I/Users/Ingwie/Work/drag0n-php/ext/sqlite3/libsqlite -I/Users/Ingwie/Work/drag0n-php/ext/pthreads -I/usr/include/tidy -I/Users/Ingwie/Work/drag0n-php/ext/tokenizer/includes -I/usr/local/lib/wx/include/osx_cocoa-unicode-2.9 -I/usr/local/include/wx-2.9 -I/Users/Ingwie/Work/drag0n-php/TSRM -I/Users/Ingwie/Work/drag0n-php/Zend  -no-cpp-precomp  -I/usr/include -g -O2 -fvisibility=hidden -DZTS  -c /Users/Ingwie/Work/drag0n-php/ext/filter/sanitizing_filters.c -o ext/filter/sanitizing_filters.lo 
/Users/Ingwie/Work/drag0n-php/ext/filter/sanitizing_filters.c:261:36: warning: passing 'char *' to parameter of type 'unsigned char *' converts between pointers to integer types with different sign [-Wpointer-sign]
        buf = php_escape_html_entities_ex(Z_STRVAL_P(value), Z_STRLEN_P(value), &len, 1, quotes, SG(default_charset), 0 TSRMLS_CC);
                                          ^~~~~~~~~~~~~~~~~
/Users/Ingwie/Work/drag0n-php/Zend/zend_operators.h:458:29: note: expanded from macro 'Z_STRVAL_P'
#define Z_STRVAL_P(zval_p)              Z_STRVAL(*zval_p)
                                        ^~~~~~~~~~~~~~~~~
/Users/Ingwie/Work/drag0n-php/Zend/zend_operators.h:443:26: note: expanded from macro 'Z_STRVAL'
#define Z_STRVAL(zval)                  (zval).value.str.val
                                        ^~~~~~~~~~~~~~~~~~~~
/Users/Ingwie/Work/drag0n-php/ext/standard/html.h:58:57: note: passing argument to parameter 'old' here
PHPAPI char *php_escape_html_entities_ex(unsigned char *old, size_t oldlen, size_t *newlen, int all, int flags, char *hint_charset, zend_bool double_encode TSRMLS_DC);
                                                        ^
1 warning generated.
/bin/sh /Users/Ingwie/Work/drag0n-php/libtool --silent --preserve-dup-deps --mode=compile cc  -Iext/filter/ -I/Users/Ingwie/Work/drag0n-php/ext/filter/ -DPHP_ATOM_INC -I/Users/Ingwie/Work/drag0n-php/include -I/Users/Ingwie/Work/drag0n-php/main -I/Users/Ingwie/Work/drag0n-php -I/Users/Ingwie/Work/drag0n-php/ext/date/lib -I/Users/Ingwie/Work/drag0n-php/ext/ereg/regex -I/usr/include/libxml2 -I/usr/local/include -I/Users/Ingwie/Work/drag0n-php/ext/mbstring/oniguruma -I/Users/Ingwie/Work/drag0n-php/ext/mbstring/libmbfl -I/Users/Ingwie/Work/drag0n-php/ext/mbstring/libmbfl/mbfl -I/Users/Ingwie/Work/drag0n-php/ext/sqlite3/libsqlite -I/Users/Ingwie/Work/drag0n-php/ext/pthreads -I/usr/include/tidy -I/Users/Ingwie/Work/drag0n-php/ext/tokenizer/includes -I/usr/local/lib/wx/include/osx_cocoa-unicode-2.9 -I/usr/local/include/wx-2.9 -I/Users/Ingwie/Work/drag0n-php/TSRM -I/Users/Ingwie/Work/drag0n-php/Zend  -no-cpp-precomp  -I/usr/include -g -O2 -fvisibility=hidden -DZTS  -c /Users/Ingwie/Work/drag0n-php/ext/filter/logical_filters.c -o ext/filter/logical_filters.lo 
/bin/sh /Users/Ingwie/Work/drag0n-php/libtool --silent --preserve-dup-deps --mode=compile cc  -Iext/filter/ -I/Users/Ingwie/Work/drag0n-php/ext/filter/ -DPHP_ATOM_INC -I/Users/Ingwie/Work/drag0n-php/include -I/Users/Ingwie/Work/drag0n-php/main -I/Users/Ingwie/Work/drag0n-php -I/Users/Ingwie/Work/drag0n-php/ext/date/lib -I/Users/Ingwie/Work/drag0n-php/ext/ereg/regex -I/usr/include/libxml2 -I/usr/local/include -I/Users/Ingwie/Work/drag0n-php/ext/mbstring/oniguruma -I/Users/Ingwie/Work/drag0n-php/ext/mbstring/libmbfl -I/Users/Ingwie/Work/drag0n-php/ext/mbstring/libmbfl/mbfl -I/Users/Ingwie/Work/drag0n-php/ext/sqlite3/libsqlite -I/Users/Ingwie/Work/drag0n-php/ext/pthreads -I/usr/include/tidy -I/Users/Ingwie/Work/drag0n-php/ext/tokenizer/includes -I/usr/local/lib/wx/include/osx_cocoa-unicode-2.9 -I/usr/local/include/wx-2.9 -I/Users/Ingwie/Work/drag0n-php/TSRM -I/Users/Ingwie/Work/drag0n-php/Zend  -no-cpp-precomp  -I/usr/include -g -O2 -fvisibility=hidden -DZTS  -c /Users/Ingwie/Work/drag0n-php/ext/filter/callback_filter.c -o ext/filter/callback_filter.lo 
/bin/sh /Users/Ingwie/Work/drag0n-php/libtool --silent --preserve-dup-deps --mode=compile cc  -Iext/ftp/ -I/Users/Ingwie/Work/drag0n-php/ext/ftp/ -DPHP_ATOM_INC -I/Users/Ingwie/Work/drag0n-php/include -I/Users/Ingwie/Work/drag0n-php/main -I/Users/Ingwie/Work/drag0n-php -I/Users/Ingwie/Work/drag0n-php/ext/date/lib -I/Users/Ingwie/Work/drag0n-php/ext/ereg/regex -I/usr/include/libxml2 -I/usr/local/include -I/Users/Ingwie/Work/drag0n-php/ext/mbstring/oniguruma -I/Users/Ingwie/Work/drag0n-php/ext/mbstring/libmbfl -I/Users/Ingwie/Work/drag0n-php/ext/mbstring/libmbfl/mbfl -I/Users/Ingwie/Work/drag0n-php/ext/sqlite3/libsqlite -I/Users/Ingwie/Work/drag0n-php/ext/pthreads -I/usr/include/tidy -I/Users/Ingwie/Work/drag0n-php/ext/tokenizer/includes -I/usr/local/lib/wx/include/osx_cocoa-unicode-2.9 -I/usr/local/include/wx-2.9 -I/Users/Ingwie/Work/drag0n-php/TSRM -I/Users/Ingwie/Work/drag0n-php/Zend  -no-cpp-precomp  -I/usr/include -g -O2 -fvisibility=hidden -DZTS  -c /Users/Ingwie/Work/drag0n-php/ext/ftp/php_ftp.c -o ext/ftp/php_ftp.lo 
/bin/sh /Users/Ingwie/Work/drag0n-php/libtool --silent --preserve-dup-deps --mode=compile cc  -Iext/ftp/ -I/Users/Ingwie/Work/drag0n-php/ext/ftp/ -DPHP_ATOM_INC -I/Users/Ingwie/Work/drag0n-php/include -I/Users/Ingwie/Work/drag0n-php/main -I/Users/Ingwie/Work/drag0n-php -I/Users/Ingwie/Work/drag0n-php/ext/date/lib -I/Users/Ingwie/Work/drag0n-php/ext/ereg/regex -I/usr/include/libxml2 -I/usr/local/include -I/Users/Ingwie/Work/drag0n-php/ext/mbstring/oniguruma -I/Users/Ingwie/Work/drag0n-php/ext/mbstring/libmbfl -I/Users/Ingwie/Work/drag0n-php/ext/mbstring/libmbfl/mbfl -I/Users/Ingwie/Work/drag0n-php/ext/sqlite3/libsqlite -I/Users/Ingwie/Work/drag0n-php/ext/pthreads -I/usr/include/tidy -I/Users/Ingwie/Work/drag0n-php/ext/tokenizer/includes -I/usr/local/lib/wx/include/osx_cocoa-unicode-2.9 -I/usr/local/include/wx-2.9 -I/Users/Ingwie/Work/drag0n-php/TSRM -I/Users/Ingwie/Work/drag0n-php/Zend  -no-cpp-precomp  -I/usr/include -g -O2 -fvisibility=hidden -DZTS  -c /Users/Ingwie/Work/drag0n-php/ext/ftp/ftp.c -o ext/ftp/ftp.lo 
/bin/sh /Users/Ingwie/Work/drag0n-php/libtool --silent --preserve-dup-deps --mode=compile cc -I/Users/Ingwie/Work/drag0n-php/ext/gd/libgd -DHAVE_LIBPNG -Iext/gd/ -I/Users/Ingwie/Work/drag0n-php/ext/gd/ -DPHP_ATOM_INC -I/Users/Ingwie/Work/drag0n-php/include -I/Users/Ingwie/Work/drag0n-php/main -I/Users/Ingwie/Work/drag0n-php -I/Users/Ingwie/Work/drag0n-php/ext/date/lib -I/Users/Ingwie/Work/drag0n-php/ext/ereg/regex -I/usr/include/libxml2 -I/usr/local/include -I/Users/Ingwie/Work/drag0n-php/ext/mbstring/oniguruma -I/Users/Ingwie/Work/drag0n-php/ext/mbstring/libmbfl -I/Users/Ingwie/Work/drag0n-php/ext/mbstring/libmbfl/mbfl -I/Users/Ingwie/Work/drag0n-php/ext/sqlite3/libsqlite -I/Users/Ingwie/Work/drag0n-php/ext/pthreads -I/usr/include/tidy -I/Users/Ingwie/Work/drag0n-php/ext/tokenizer/includes -I/usr/local/lib/wx/include/osx_cocoa-unicode-2.9 -I/usr/local/include/wx-2.9 -I/Users/Ingwie/Work/drag0n-php/TSRM -I/Users/Ingwie/Work/drag0n-php/Zend  -no-cpp-precomp  -I/usr/include -g -O2 -fvisibility=hidden -DZTS  -c /Users/Ingwie/Work/drag0n-php/ext/gd/gd.c -o ext/gd/gd.lo 
/bin/sh /Users/Ingwie/Work/drag0n-php/libtool --silent --preserve-dup-deps --mode=compile cc -I/Users/Ingwie/Work/drag0n-php/ext/gd/libgd -DHAVE_LIBPNG -Iext/gd/ -I/Users/Ingwie/Work/drag0n-php/ext/gd/ -DPHP_ATOM_INC -I/Users/Ingwie/Work/drag0n-php/include -I/Users/Ingwie/Work/drag0n-php/main -I/Users/Ingwie/Work/drag0n-php -I/Users/Ingwie/Work/drag0n-php/ext/date/lib -I/Users/Ingwie/Work/drag0n-php/ext/ereg/regex -I/usr/include/libxml2 -I/usr/local/include -I/Users/Ingwie/Work/drag0n-php/ext/mbstring/oniguruma -I/Users/Ingwie/Work/drag0n-php/ext/mbstring/libmbfl -I/Users/Ingwie/Work/drag0n-php/ext/mbstring/libmbfl/mbfl -I/Users/Ingwie/Work/drag0n-php/ext/sqlite3/libsqlite -I/Users/Ingwie/Work/drag0n-php/ext/pthreads -I/usr/include/tidy -I/Users/Ingwie/Work/drag0n-php/ext/tokenizer/includes -I/usr/local/lib/wx/include/osx_cocoa-unicode-2.9 -I/usr/local/include/wx-2.9 -I/Users/Ingwie/Work/drag0n-php/TSRM -I/Users/Ingwie/Work/drag0n-php/Zend  -no-cpp-precomp  -I/usr/include -g -O2 -fvisibility=hidden -DZTS  -c /Users/Ingwie/Work/drag0n-php/ext/gd/libgd/gd.c -o ext/gd/libgd/gd.lo 
/bin/sh /Users/Ingwie/Work/drag0n-php/libtool --silent --preserve-dup-deps --mode=compile cc -I/Users/Ingwie/Work/drag0n-php/ext/gd/libgd -DHAVE_LIBPNG -Iext/gd/ -I/Users/Ingwie/Work/drag0n-php/ext/gd/ -DPHP_ATOM_INC -I/Users/Ingwie/Work/drag0n-php/include -I/Users/Ingwie/Work/drag0n-php/main -I/Users/Ingwie/Work/drag0n-php -I/Users/Ingwie/Work/drag0n-php/ext/date/lib -I/Users/Ingwie/Work/drag0n-php/ext/ereg/regex -I/usr/include/libxml2 -I/usr/local/include -I/Users/Ingwie/Work/drag0n-php/ext/mbstring/oniguruma -I/Users/Ingwie/Work/drag0n-php/ext/mbstring/libmbfl -I/Users/Ingwie/Work/drag0n-php/ext/mbstring/libmbfl/mbfl -I/Users/Ingwie/Work/drag0n-php/ext/sqlite3/libsqlite -I/Users/Ingwie/Work/drag0n-php/ext/pthreads -I/usr/include/tidy -I/Users/Ingwie/Work/drag0n-php/ext/tokenizer/includes -I/usr/local/lib/wx/include/osx_cocoa-unicode-2.9 -I/usr/local/include/wx-2.9 -I/Users/Ingwie/Work/drag0n-php/TSRM -I/Users/Ingwie/Work/drag0n-php/Zend  -no-cpp-precomp  -I/usr/include -g -O2 -fvisibility=hidden -DZTS  -c /Users/Ingwie/Work/drag0n-php/ext/gd/libgd/gd_gd.c -o ext/gd/libgd/gd_gd.lo 
/bin/sh /Users/Ingwie/Work/drag0n-php/libtool --silent --preserve-dup-deps --mode=compile cc -I/Users/Ingwie/Work/drag0n-php/ext/gd/libgd -DHAVE_LIBPNG -Iext/gd/ -I/Users/Ingwie/Work/drag0n-php/ext/gd/ -DPHP_ATOM_INC -I/Users/Ingwie/Work/drag0n-php/include -I/Users/Ingwie/Work/drag0n-php/main -I/Users/Ingwie/Work/drag0n-php -I/Users/Ingwie/Work/drag0n-php/ext/date/lib -I/Users/Ingwie/Work/drag0n-php/ext/ereg/regex -I/usr/include/libxml2 -I/usr/local/include -I/Users/Ingwie/Work/drag0n-php/ext/mbstring/oniguruma -I/Users/Ingwie/Work/drag0n-php/ext/mbstring/libmbfl -I/Users/Ingwie/Work/drag0n-php/ext/mbstring/libmbfl/mbfl -I/Users/Ingwie/Work/drag0n-php/ext/sqlite3/libsqlite -I/Users/Ingwie/Work/drag0n-php/ext/pthreads -I/usr/include/tidy -I/Users/Ingwie/Work/drag0n-php/ext/tokenizer/includes -I/usr/local/lib/wx/include/osx_cocoa-unicode-2.9 -I/usr/local/include/wx-2.9 -I/Users/Ingwie/Work/drag0n-php/TSRM -I/Users/Ingwie/Work/drag0n-php/Zend  -no-cpp-precomp  -I/usr/include -g -O2 -fvisibility=hidden -DZTS  -c /Users/Ingwie/Work/drag0n-php/ext/gd/libgd/gd_gd2.c -o ext/gd/libgd/gd_gd2.lo 
/bin/sh /Users/Ingwie/Work/drag0n-php/libtool --silent --preserve-dup-deps --mode=compile cc -I/Users/Ingwie/Work/drag0n-php/ext/gd/libgd -DHAVE_LIBPNG -Iext/gd/ -I/Users/Ingwie/Work/drag0n-php/ext/gd/ -DPHP_ATOM_INC -I/Users/Ingwie/Work/drag0n-php/include -I/Users/Ingwie/Work/drag0n-php/main -I/Users/Ingwie/Work/drag0n-php -I/Users/Ingwie/Work/drag0n-php/ext/date/lib -I/Users/Ingwie/Work/drag0n-php/ext/ereg/regex -I/usr/include/libxml2 -I/usr/local/include -I/Users/Ingwie/Work/drag0n-php/ext/mbstring/oniguruma -I/Users/Ingwie/Work/drag0n-php/ext/mbstring/libmbfl -I/Users/Ingwie/Work/drag0n-php/ext/mbstring/libmbfl/mbfl -I/Users/Ingwie/Work/drag0n-php/ext/sqlite3/libsqlite -I/Users/Ingwie/Work/drag0n-php/ext/pthreads -I/usr/include/tidy -I/Users/Ingwie/Work/drag0n-php/ext/tokenizer/includes -I/usr/local/lib/wx/include/osx_cocoa-unicode-2.9 -I/usr/local/include/wx-2.9 -I/Users/Ingwie/Work/drag0n-php/TSRM -I/Users/Ingwie/Work/drag0n-php/Zend  -no-cpp-precomp  -I/usr/include -g -O2 -fvisibility=hidden -DZTS  -c /Users/Ingwie/Work/drag0n-php/ext/gd/libgd/gd_io.c -o ext/gd/libgd/gd_io.lo 
/bin/sh /Users/Ingwie/Work/drag0n-php/libtool --silent --preserve-dup-deps --mode=compile cc -I/Users/Ingwie/Work/drag0n-php/ext/gd/libgd -DHAVE_LIBPNG -Iext/gd/ -I/Users/Ingwie/Work/drag0n-php/ext/gd/ -DPHP_ATOM_INC -I/Users/Ingwie/Work/drag0n-php/include -I/Users/Ingwie/Work/drag0n-php/main -I/Users/Ingwie/Work/drag0n-php -I/Users/Ingwie/Work/drag0n-php/ext/date/lib -I/Users/Ingwie/Work/drag0n-php/ext/ereg/regex -I/usr/include/libxml2 -I/usr/local/include -I/Users/Ingwie/Work/drag0n-php/ext/mbstring/oniguruma -I/Users/Ingwie/Work/drag0n-php/ext/mbstring/libmbfl -I/Users/Ingwie/Work/drag0n-php/ext/mbstring/libmbfl/mbfl -I/Users/Ingwie/Work/drag0n-php/ext/sqlite3/libsqlite -I/Users/Ingwie/Work/drag0n-php/ext/pthreads -I/usr/include/tidy -I/Users/Ingwie/Work/drag0n-php/ext/tokenizer/includes -I/usr/local/lib/wx/include/osx_cocoa-unicode-2.9 -I/usr/local/include/wx-2.9 -I/Users/Ingwie/Work/drag0n-php/TSRM -I/Users/Ingwie/Work/drag0n-php/Zend  -no-cpp-precomp  -I/usr/include -g -O2 -fvisibility=hidden -DZTS  -c /Users/Ingwie/Work/drag0n-php/ext/gd/libgd/gd_io_dp.c -o ext/gd/libgd/gd_io_dp.lo 
/bin/sh /Users/Ingwie/Work/drag0n-php/libtool --silent --preserve-dup-deps --mode=compile cc -I/Users/Ingwie/Work/drag0n-php/ext/gd/libgd -DHAVE_LIBPNG -Iext/gd/ -I/Users/Ingwie/Work/drag0n-php/ext/gd/ -DPHP_ATOM_INC -I/Users/Ingwie/Work/drag0n-php/include -I/Users/Ingwie/Work/drag0n-php/main -I/Users/Ingwie/Work/drag0n-php -I/Users/Ingwie/Work/drag0n-php/ext/date/lib -I/Users/Ingwie/Work/drag0n-php/ext/ereg/regex -I/usr/include/libxml2 -I/usr/local/include -I/Users/Ingwie/Work/drag0n-php/ext/mbstring/oniguruma -I/Users/Ingwie/Work/drag0n-php/ext/mbstring/libmbfl -I/Users/Ingwie/Work/drag0n-php/ext/mbstring/libmbfl/mbfl -I/Users/Ingwie/Work/drag0n-php/ext/sqlite3/libsqlite -I/Users/Ingwie/Work/drag0n-php/ext/pthreads -I/usr/include/tidy -I/Users/Ingwie/Work/drag0n-php/ext/tokenizer/includes -I/usr/local/lib/wx/include/osx_cocoa-unicode-2.9 -I/usr/local/include/wx-2.9 -I/Users/Ingwie/Work/drag0n-php/TSRM -I/Users/Ingwie/Work/drag0n-php/Zend  -no-cpp-precomp  -I/usr/include -g -O2 -fvisibility=hidden -DZTS  -c /Users/Ingwie/Work/drag0n-php/ext/gd/libgd/gd_io_file.c -o ext/gd/libgd/gd_io_file.lo 
/bin/sh /Users/Ingwie/Work/drag0n-php/libtool --silent --preserve-dup-deps --mode=compile cc -I/Users/Ingwie/Work/drag0n-php/ext/gd/libgd -DHAVE_LIBPNG -Iext/gd/ -I/Users/Ingwie/Work/drag0n-php/ext/gd/ -DPHP_ATOM_INC -I/Users/Ingwie/Work/drag0n-php/include -I/Users/Ingwie/Work/drag0n-php/main -I/Users/Ingwie/Work/drag0n-php -I/Users/Ingwie/Work/drag0n-php/ext/date/lib -I/Users/Ingwie/Work/drag0n-php/ext/ereg/regex -I/usr/include/libxml2 -I/usr/local/include -I/Users/Ingwie/Work/drag0n-php/ext/mbstring/oniguruma -I/Users/Ingwie/Work/drag0n-php/ext/mbstring/libmbfl -I/Users/Ingwie/Work/drag0n-php/ext/mbstring/libmbfl/mbfl -I/Users/Ingwie/Work/drag0n-php/ext/sqlite3/libsqlite -I/Users/Ingwie/Work/drag0n-php/ext/pthreads -I/usr/include/tidy -I/Users/Ingwie/Work/drag0n-php/ext/tokenizer/includes -I/usr/local/lib/wx/include/osx_cocoa-unicode-2.9 -I/usr/local/include/wx-2.9 -I/Users/Ingwie/Work/drag0n-php/TSRM -I/Users/Ingwie/Work/drag0n-php/Zend  -no-cpp-precomp  -I/usr/include -g -O2 -fvisibility=hidden -DZTS  -c /Users/Ingwie/Work/drag0n-php/ext/gd/libgd/gd_ss.c -o ext/gd/libgd/gd_ss.lo 
/bin/sh /Users/Ingwie/Work/drag0n-php/libtool --silent --preserve-dup-deps --mode=compile cc -I/Users/Ingwie/Work/drag0n-php/ext/gd/libgd -DHAVE_LIBPNG -Iext/gd/ -I/Users/Ingwie/Work/drag0n-php/ext/gd/ -DPHP_ATOM_INC -I/Users/Ingwie/Work/drag0n-php/include -I/Users/Ingwie/Work/drag0n-php/main -I/Users/Ingwie/Work/drag0n-php -I/Users/Ingwie/Work/drag0n-php/ext/date/lib -I/Users/Ingwie/Work/drag0n-php/ext/ereg/regex -I/usr/include/libxml2 -I/usr/local/include -I/Users/Ingwie/Work/drag0n-php/ext/mbstring/oniguruma -I/Users/Ingwie/Work/drag0n-php/ext/mbstring/libmbfl -I/Users/Ingwie/Work/drag0n-php/ext/mbstring/libmbfl/mbfl -I/Users/Ingwie/Work/drag0n-php/ext/sqlite3/libsqlite -I/Users/Ingwie/Work/drag0n-php/ext/pthreads -I/usr/include/tidy -I/Users/Ingwie/Work/drag0n-php/ext/tokenizer/includes -I/usr/local/lib/wx/include/osx_cocoa-unicode-2.9 -I/usr/local/include/wx-2.9 -I/Users/Ingwie/Work/drag0n-php/TSRM -I/Users/Ingwie/Work/drag0n-php/Zend  -no-cpp-precomp  -I/usr/include -g -O2 -fvisibility=hidden -DZTS  -c /Users/Ingwie/Work/drag0n-php/ext/gd/libgd/gd_io_ss.c -o ext/gd/libgd/gd_io_ss.lo 
/bin/sh /Users/Ingwie/Work/drag0n-php/libtool --silent --preserve-dup-deps --mode=compile cc -I/Users/Ingwie/Work/drag0n-php/ext/gd/libgd -DHAVE_LIBPNG -Iext/gd/ -I/Users/Ingwie/Work/drag0n-php/ext/gd/ -DPHP_ATOM_INC -I/Users/Ingwie/Work/drag0n-php/include -I/Users/Ingwie/Work/drag0n-php/main -I/Users/Ingwie/Work/drag0n-php -I/Users/Ingwie/Work/drag0n-php/ext/date/lib -I/Users/Ingwie/Work/drag0n-php/ext/ereg/regex -I/usr/include/libxml2 -I/usr/local/include -I/Users/Ingwie/Work/drag0n-php/ext/mbstring/oniguruma -I/Users/Ingwie/Work/drag0n-php/ext/mbstring/libmbfl -I/Users/Ingwie/Work/drag0n-php/ext/mbstring/libmbfl/mbfl -I/Users/Ingwie/Work/drag0n-php/ext/sqlite3/libsqlite -I/Users/Ingwie/Work/drag0n-php/ext/pthreads -I/usr/include/tidy -I/Users/Ingwie/Work/drag0n-php/ext/tokenizer/includes -I/usr/local/lib/wx/include/osx_cocoa-unicode-2.9 -I/usr/local/include/wx-2.9 -I/Users/Ingwie/Work/drag0n-php/TSRM -I/Users/Ingwie/Work/drag0n-php/Zend  -no-cpp-precomp  -I/usr/include -g -O2 -fvisibility=hidden -DZTS  -c /Users/Ingwie/Work/drag0n-php/ext/gd/libgd/webpimg.c -o ext/gd/libgd/webpimg.lo 
/bin/sh /Users/Ingwie/Work/drag0n-php/libtool --silent --preserve-dup-deps --mode=compile cc -I/Users/Ingwie/Work/drag0n-php/ext/gd/libgd -DHAVE_LIBPNG -Iext/gd/ -I/Users/Ingwie/Work/drag0n-php/ext/gd/ -DPHP_ATOM_INC -I/Users/Ingwie/Work/drag0n-php/include -I/Users/Ingwie/Work/drag0n-php/main -I/Users/Ingwie/Work/drag0n-php -I/Users/Ingwie/Work/drag0n-php/ext/date/lib -I/Users/Ingwie/Work/drag0n-php/ext/ereg/regex -I/usr/include/libxml2 -I/usr/local/include -I/Users/Ingwie/Work/drag0n-php/ext/mbstring/oniguruma -I/Users/Ingwie/Work/drag0n-php/ext/mbstring/libmbfl -I/Users/Ingwie/Work/drag0n-php/ext/mbstring/libmbfl/mbfl -I/Users/Ingwie/Work/drag0n-php/ext/sqlite3/libsqlite -I/Users/Ingwie/Work/drag0n-php/ext/pthreads -I/usr/include/tidy -I/Users/Ingwie/Work/drag0n-php/ext/tokenizer/includes -I/usr/local/lib/wx/include/osx_cocoa-unicode-2.9 -I/usr/local/include/wx-2.9 -I/Users/Ingwie/Work/drag0n-php/TSRM -I/Users/Ingwie/Work/drag0n-php/Zend  -no-cpp-precomp  -I/usr/include -g -O2 -fvisibility=hidden -DZTS  -c /Users/Ingwie/Work/drag0n-php/ext/gd/libgd/gd_webp.c -o ext/gd/libgd/gd_webp.lo 
/bin/sh /Users/Ingwie/Work/drag0n-php/libtool --silent --preserve-dup-deps --mode=compile cc -I/Users/Ingwie/Work/drag0n-php/ext/gd/libgd -DHAVE_LIBPNG -Iext/gd/ -I/Users/Ingwie/Work/drag0n-php/ext/gd/ -DPHP_ATOM_INC -I/Users/Ingwie/Work/drag0n-php/include -I/Users/Ingwie/Work/drag0n-php/main -I/Users/Ingwie/Work/drag0n-php -I/Users/Ingwie/Work/drag0n-php/ext/date/lib -I/Users/Ingwie/Work/drag0n-php/ext/ereg/regex -I/usr/include/libxml2 -I/usr/local/include -I/Users/Ingwie/Work/drag0n-php/ext/mbstring/oniguruma -I/Users/Ingwie/Work/drag0n-php/ext/mbstring/libmbfl -I/Users/Ingwie/Work/drag0n-php/ext/mbstring/libmbfl/mbfl -I/Users/Ingwie/Work/drag0n-php/ext/sqlite3/libsqlite -I/Users/Ingwie/Work/drag0n-php/ext/pthreads -I/usr/include/tidy -I/Users/Ingwie/Work/drag0n-php/ext/tokenizer/includes -I/usr/local/lib/wx/include/osx_cocoa-unicode-2.9 -I/usr/local/include/wx-2.9 -I/Users/Ingwie/Work/drag0n-php/TSRM -I/Users/Ingwie/Work/drag0n-php/Zend  -no-cpp-precomp  -I/usr/include -g -O2 -fvisibility=hidden -DZTS  -c /Users/Ingwie/Work/drag0n-php/ext/gd/libgd/gd_png.c -o ext/gd/libgd/gd_png.lo 
/bin/sh /Users/Ingwie/Work/drag0n-php/libtool --silent --preserve-dup-deps --mode=compile cc -I/Users/Ingwie/Work/drag0n-php/ext/gd/libgd -DHAVE_LIBPNG -Iext/gd/ -I/Users/Ingwie/Work/drag0n-php/ext/gd/ -DPHP_ATOM_INC -I/Users/Ingwie/Work/drag0n-php/include -I/Users/Ingwie/Work/drag0n-php/main -I/Users/Ingwie/Work/drag0n-php -I/Users/Ingwie/Work/drag0n-php/ext/date/lib -I/Users/Ingwie/Work/drag0n-php/ext/ereg/regex -I/usr/include/libxml2 -I/usr/local/include -I/Users/Ingwie/Work/drag0n-php/ext/mbstring/oniguruma -I/Users/Ingwie/Work/drag0n-php/ext/mbstring/libmbfl -I/Users/Ingwie/Work/drag0n-php/ext/mbstring/libmbfl/mbfl -I/Users/Ingwie/Work/drag0n-php/ext/sqlite3/libsqlite -I/Users/Ingwie/Work/drag0n-php/ext/pthreads -I/usr/include/tidy -I/Users/Ingwie/Work/drag0n-php/ext/tokenizer/includes -I/usr/local/lib/wx/include/osx_cocoa-unicode-2.9 -I/usr/local/include/wx-2.9 -I/Users/Ingwie/Work/drag0n-php/TSRM -I/Users/Ingwie/Work/drag0n-php/Zend  -no-cpp-precomp  -I/usr/include -g -O2 -fvisibility=hidden -DZTS  -c /Users/Ingwie/Work/drag0n-php/ext/gd/libgd/gd_jpeg.c -o ext/gd/libgd/gd_jpeg.lo 
/bin/sh /Users/Ingwie/Work/drag0n-php/libtool --silent --preserve-dup-deps --mode=compile cc -I/Users/Ingwie/Work/drag0n-php/ext/gd/libgd -DHAVE_LIBPNG -Iext/gd/ -I/Users/Ingwie/Work/drag0n-php/ext/gd/ -DPHP_ATOM_INC -I/Users/Ingwie/Work/drag0n-php/include -I/Users/Ingwie/Work/drag0n-php/main -I/Users/Ingwie/Work/drag0n-php -I/Users/Ingwie/Work/drag0n-php/ext/date/lib -I/Users/Ingwie/Work/drag0n-php/ext/ereg/regex -I/usr/include/libxml2 -I/usr/local/include -I/Users/Ingwie/Work/drag0n-php/ext/mbstring/oniguruma -I/Users/Ingwie/Work/drag0n-php/ext/mbstring/libmbfl -I/Users/Ingwie/Work/drag0n-php/ext/mbstring/libmbfl/mbfl -I/Users/Ingwie/Work/drag0n-php/ext/sqlite3/libsqlite -I/Users/Ingwie/Work/drag0n-php/ext/pthreads -I/usr/include/tidy -I/Users/Ingwie/Work/drag0n-php/ext/tokenizer/includes -I/usr/local/lib/wx/include/osx_cocoa-unicode-2.9 -I/usr/local/include/wx-2.9 -I/Users/Ingwie/Work/drag0n-php/TSRM -I/Users/Ingwie/Work/drag0n-php/Zend  -no-cpp-precomp  -I/usr/include -g -O2 -fvisibility=hidden -DZTS  -c /Users/Ingwie/Work/drag0n-php/ext/gd/libgd/gdxpm.c -o ext/gd/libgd/gdxpm.lo 
/bin/sh /Users/Ingwie/Work/drag0n-php/libtool --silent --preserve-dup-deps --mode=compile cc -I/Users/Ingwie/Work/drag0n-php/ext/gd/libgd -DHAVE_LIBPNG -Iext/gd/ -I/Users/Ingwie/Work/drag0n-php/ext/gd/ -DPHP_ATOM_INC -I/Users/Ingwie/Work/drag0n-php/include -I/Users/Ingwie/Work/drag0n-php/main -I/Users/Ingwie/Work/drag0n-php -I/Users/Ingwie/Work/drag0n-php/ext/date/lib -I/Users/Ingwie/Work/drag0n-php/ext/ereg/regex -I/usr/include/libxml2 -I/usr/local/include -I/Users/Ingwie/Work/drag0n-php/ext/mbstring/oniguruma -I/Users/Ingwie/Work/drag0n-php/ext/mbstring/libmbfl -I/Users/Ingwie/Work/drag0n-php/ext/mbstring/libmbfl/mbfl -I/Users/Ingwie/Work/drag0n-php/ext/sqlite3/libsqlite -I/Users/Ingwie/Work/drag0n-php/ext/pthreads -I/usr/include/tidy -I/Users/Ingwie/Work/drag0n-php/ext/tokenizer/includes -I/usr/local/lib/wx/include/osx_cocoa-unicode-2.9 -I/usr/local/include/wx-2.9 -I/Users/Ingwie/Work/drag0n-php/TSRM -I/Users/Ingwie/Work/drag0n-php/Zend  -no-cpp-precomp  -I/usr/include -g -O2 -fvisibility=hidden -DZTS  -c /Users/Ingwie/Work/drag0n-php/ext/gd/libgd/gdfontt.c -o ext/gd/libgd/gdfontt.lo 
/bin/sh /Users/Ingwie/Work/drag0n-php/libtool --silent --preserve-dup-deps --mode=compile cc -I/Users/Ingwie/Work/drag0n-php/ext/gd/libgd -DHAVE_LIBPNG -Iext/gd/ -I/Users/Ingwie/Work/drag0n-php/ext/gd/ -DPHP_ATOM_INC -I/Users/Ingwie/Work/drag0n-php/include -I/Users/Ingwie/Work/drag0n-php/main -I/Users/Ingwie/Work/drag0n-php -I/Users/Ingwie/Work/drag0n-php/ext/date/lib -I/Users/Ingwie/Work/drag0n-php/ext/ereg/regex -I/usr/include/libxml2 -I/usr/local/include -I/Users/Ingwie/Work/drag0n-php/ext/mbstring/oniguruma -I/Users/Ingwie/Work/drag0n-php/ext/mbstring/libmbfl -I/Users/Ingwie/Work/drag0n-php/ext/mbstring/libmbfl/mbfl -I/Users/Ingwie/Work/drag0n-php/ext/sqlite3/libsqlite -I/Users/Ingwie/Work/drag0n-php/ext/pthreads -I/usr/include/tidy -I/Users/Ingwie/Work/drag0n-php/ext/tokenizer/includes -I/usr/local/lib/wx/include/osx_cocoa-unicode-2.9 -I/usr/local/include/wx-2.9 -I/Users/Ingwie/Work/drag0n-php/TSRM -I/Users/Ingwie/Work/drag0n-php/Zend  -no-cpp-precomp  -I/usr/include -g -O2 -fvisibility=hidden -DZTS  -c /Users/Ingwie/Work/drag0n-php/ext/gd/libgd/gdfonts.c -o ext/gd/libgd/gdfonts.lo 
/bin/sh /Users/Ingwie/Work/drag0n-php/libtool --silent --preserve-dup-deps --mode=compile cc -I/Users/Ingwie/Work/drag0n-php/ext/gd/libgd -DHAVE_LIBPNG -Iext/gd/ -I/Users/Ingwie/Work/drag0n-php/ext/gd/ -DPHP_ATOM_INC -I/Users/Ingwie/Work/drag0n-php/include -I/Users/Ingwie/Work/drag0n-php/main -I/Users/Ingwie/Work/drag0n-php -I/Users/Ingwie/Work/drag0n-php/ext/date/lib -I/Users/Ingwie/Work/drag0n-php/ext/ereg/regex -I/usr/include/libxml2 -I/usr/local/include -I/Users/Ingwie/Work/drag0n-php/ext/mbstring/oniguruma -I/Users/Ingwie/Work/drag0n-php/ext/mbstring/libmbfl -I/Users/Ingwie/Work/drag0n-php/ext/mbstring/libmbfl/mbfl -I/Users/Ingwie/Work/drag0n-php/ext/sqlite3/libsqlite -I/Users/Ingwie/Work/drag0n-php/ext/pthreads -I/usr/include/tidy -I/Users/Ingwie/Work/drag0n-php/ext/tokenizer/includes -I/usr/local/lib/wx/include/osx_cocoa-unicode-2.9 -I/usr/local/include/wx-2.9 -I/Users/Ingwie/Work/drag0n-php/TSRM -I/Users/Ingwie/Work/drag0n-php/Zend  -no-cpp-precomp  -I/usr/include -g -O2 -fvisibility=hidden -DZTS  -c /Users/Ingwie/Work/drag0n-php/ext/gd/libgd/gdfontmb.c -o ext/gd/libgd/gdfontmb.lo 
/bin/sh /Users/Ingwie/Work/drag0n-php/libtool --silent --preserve-dup-deps --mode=compile cc -I/Users/Ingwie/Work/drag0n-php/ext/gd/libgd -DHAVE_LIBPNG -Iext/gd/ -I/Users/Ingwie/Work/drag0n-php/ext/gd/ -DPHP_ATOM_INC -I/Users/Ingwie/Work/drag0n-php/include -I/Users/Ingwie/Work/drag0n-php/main -I/Users/Ingwie/Work/drag0n-php -I/Users/Ingwie/Work/drag0n-php/ext/date/lib -I/Users/Ingwie/Work/drag0n-php/ext/ereg/regex -I/usr/include/libxml2 -I/usr/local/include -I/Users/Ingwie/Work/drag0n-php/ext/mbstring/oniguruma -I/Users/Ingwie/Work/drag0n-php/ext/mbstring/libmbfl -I/Users/Ingwie/Work/drag0n-php/ext/mbstring/libmbfl/mbfl -I/Users/Ingwie/Work/drag0n-php/ext/sqlite3/libsqlite -I/Users/Ingwie/Work/drag0n-php/ext/pthreads -I/usr/include/tidy -I/Users/Ingwie/Work/drag0n-php/ext/tokenizer/includes -I/usr/local/lib/wx/include/osx_cocoa-unicode-2.9 -I/usr/local/include/wx-2.9 -I/Users/Ingwie/Work/drag0n-php/TSRM -I/Users/Ingwie/Work/drag0n-php/Zend  -no-cpp-precomp  -I/usr/include -g -O2 -fvisibility=hidden -DZTS  -c /Users/Ingwie/Work/drag0n-php/ext/gd/libgd/gdfontl.c -o ext/gd/libgd/gdfontl.lo 
/bin/sh /Users/Ingwie/Work/drag0n-php/libtool --silent --preserve-dup-deps --mode=compile cc -I/Users/Ingwie/Work/drag0n-php/ext/gd/libgd -DHAVE_LIBPNG -Iext/gd/ -I/Users/Ingwie/Work/drag0n-php/ext/gd/ -DPHP_ATOM_INC -I/Users/Ingwie/Work/drag0n-php/include -I/Users/Ingwie/Work/drag0n-php/main -I/Users/Ingwie/Work/drag0n-php -I/Users/Ingwie/Work/drag0n-php/ext/date/lib -I/Users/Ingwie/Work/drag0n-php/ext/ereg/regex -I/usr/include/libxml2 -I/usr/local/include -I/Users/Ingwie/Work/drag0n-php/ext/mbstring/oniguruma -I/Users/Ingwie/Work/drag0n-php/ext/mbstring/libmbfl -I/Users/Ingwie/Work/drag0n-php/ext/mbstring/libmbfl/mbfl -I/Users/Ingwie/Work/drag0n-php/ext/sqlite3/libsqlite -I/Users/Ingwie/Work/drag0n-php/ext/pthreads -I/usr/include/tidy -I/Users/Ingwie/Work/drag0n-php/ext/tokenizer/includes -I/usr/local/lib/wx/include/osx_cocoa-unicode-2.9 -I/usr/local/include/wx-2.9 -I/Users/Ingwie/Work/drag0n-php/TSRM -I/Users/Ingwie/Work/drag0n-php/Zend  -no-cpp-precomp  -I/usr/include -g -O2 -fvisibility=hidden -DZTS  -c /Users/Ingwie/Work/drag0n-php/ext/gd/libgd/gdfontg.c -o ext/gd/libgd/gdfontg.lo 
/bin/sh /Users/Ingwie/Work/drag0n-php/libtool --silent --preserve-dup-deps --mode=compile cc -I/Users/Ingwie/Work/drag0n-php/ext/gd/libgd -DHAVE_LIBPNG -Iext/gd/ -I/Users/Ingwie/Work/drag0n-php/ext/gd/ -DPHP_ATOM_INC -I/Users/Ingwie/Work/drag0n-php/include -I/Users/Ingwie/Work/drag0n-php/main -I/Users/Ingwie/Work/drag0n-php -I/Users/Ingwie/Work/drag0n-php/ext/date/lib -I/Users/Ingwie/Work/drag0n-php/ext/ereg/regex -I/usr/include/libxml2 -I/usr/local/include -I/Users/Ingwie/Work/drag0n-php/ext/mbstring/oniguruma -I/Users/Ingwie/Work/drag0n-php/ext/mbstring/libmbfl -I/Users/Ingwie/Work/drag0n-php/ext/mbstring/libmbfl/mbfl -I/Users/Ingwie/Work/drag0n-php/ext/sqlite3/libsqlite -I/Users/Ingwie/Work/drag0n-php/ext/pthreads -I/usr/include/tidy -I/Users/Ingwie/Work/drag0n-php/ext/tokenizer/includes -I/usr/local/lib/wx/include/osx_cocoa-unicode-2.9 -I/usr/local/include/wx-2.9 -I/Users/Ingwie/Work/drag0n-php/TSRM -I/Users/Ingwie/Work/drag0n-php/Zend  -no-cpp-precomp  -I/usr/include -g -O2 -fvisibility=hidden -DZTS  -c /Users/Ingwie/Work/drag0n-php/ext/gd/libgd/gdtables.c -o ext/gd/libgd/gdtables.lo 
/bin/sh /Users/Ingwie/Work/drag0n-php/libtool --silent --preserve-dup-deps --mode=compile cc -I/Users/Ingwie/Work/drag0n-php/ext/gd/libgd -DHAVE_LIBPNG -Iext/gd/ -I/Users/Ingwie/Work/drag0n-php/ext/gd/ -DPHP_ATOM_INC -I/Users/Ingwie/Work/drag0n-php/include -I/Users/Ingwie/Work/drag0n-php/main -I/Users/Ingwie/Work/drag0n-php -I/Users/Ingwie/Work/drag0n-php/ext/date/lib -I/Users/Ingwie/Work/drag0n-php/ext/ereg/regex -I/usr/include/libxml2 -I/usr/local/include -I/Users/Ingwie/Work/drag0n-php/ext/mbstring/oniguruma -I/Users/Ingwie/Work/drag0n-php/ext/mbstring/libmbfl -I/Users/Ingwie/Work/drag0n-php/ext/mbstring/libmbfl/mbfl -I/Users/Ingwie/Work/drag0n-php/ext/sqlite3/libsqlite -I/Users/Ingwie/Work/drag0n-php/ext/pthreads -I/usr/include/tidy -I/Users/Ingwie/Work/drag0n-php/ext/tokenizer/includes -I/usr/local/lib/wx/include/osx_cocoa-unicode-2.9 -I/usr/local/include/wx-2.9 -I/Users/Ingwie/Work/drag0n-php/TSRM -I/Users/Ingwie/Work/drag0n-php/Zend  -no-cpp-precomp  -I/usr/include -g -O2 -fvisibility=hidden -DZTS  -c /Users/Ingwie/Work/drag0n-php/ext/gd/libgd/gdft.c -o ext/gd/libgd/gdft.lo 
/bin/sh /Users/Ingwie/Work/drag0n-php/libtool --silent --preserve-dup-deps --mode=compile cc -I/Users/Ingwie/Work/drag0n-php/ext/gd/libgd -DHAVE_LIBPNG -Iext/gd/ -I/Users/Ingwie/Work/drag0n-php/ext/gd/ -DPHP_ATOM_INC -I/Users/Ingwie/Work/drag0n-php/include -I/Users/Ingwie/Work/drag0n-php/main -I/Users/Ingwie/Work/drag0n-php -I/Users/Ingwie/Work/drag0n-php/ext/date/lib -I/Users/Ingwie/Work/drag0n-php/ext/ereg/regex -I/usr/include/libxml2 -I/usr/local/include -I/Users/Ingwie/Work/drag0n-php/ext/mbstring/oniguruma -I/Users/Ingwie/Work/drag0n-php/ext/mbstring/libmbfl -I/Users/Ingwie/Work/drag0n-php/ext/mbstring/libmbfl/mbfl -I/Users/Ingwie/Work/drag0n-php/ext/sqlite3/libsqlite -I/Users/Ingwie/Work/drag0n-php/ext/pthreads -I/usr/include/tidy -I/Users/Ingwie/Work/drag0n-php/ext/tokenizer/includes -I/usr/local/lib/wx/include/osx_cocoa-unicode-2.9 -I/usr/local/include/wx-2.9 -I/Users/Ingwie/Work/drag0n-php/TSRM -I/Users/Ingwie/Work/drag0n-php/Zend  -no-cpp-precomp  -I/usr/include -g -O2 -fvisibility=hidden -DZTS  -c /Users/Ingwie/Work/drag0n-php/ext/gd/libgd/gdcache.c -o ext/gd/libgd/gdcache.lo 
/bin/sh /Users/Ingwie/Work/drag0n-php/libtool --silent --preserve-dup-deps --mode=compile cc -I/Users/Ingwie/Work/drag0n-php/ext/gd/libgd -DHAVE_LIBPNG -Iext/gd/ -I/Users/Ingwie/Work/drag0n-php/ext/gd/ -DPHP_ATOM_INC -I/Users/Ingwie/Work/drag0n-php/include -I/Users/Ingwie/Work/drag0n-php/main -I/Users/Ingwie/Work/drag0n-php -I/Users/Ingwie/Work/drag0n-php/ext/date/lib -I/Users/Ingwie/Work/drag0n-php/ext/ereg/regex -I/usr/include/libxml2 -I/usr/local/include -I/Users/Ingwie/Work/drag0n-php/ext/mbstring/oniguruma -I/Users/Ingwie/Work/drag0n-php/ext/mbstring/libmbfl -I/Users/Ingwie/Work/drag0n-php/ext/mbstring/libmbfl/mbfl -I/Users/Ingwie/Work/drag0n-php/ext/sqlite3/libsqlite -I/Users/Ingwie/Work/drag0n-php/ext/pthreads -I/usr/include/tidy -I/Users/Ingwie/Work/drag0n-php/ext/tokenizer/includes -I/usr/local/lib/wx/include/osx_cocoa-unicode-2.9 -I/usr/local/include/wx-2.9 -I/Users/Ingwie/Work/drag0n-php/TSRM -I/Users/Ingwie/Work/drag0n-php/Zend  -no-cpp-precomp  -I/usr/include -g -O2 -fvisibility=hidden -DZTS  -c /Users/Ingwie/Work/drag0n-php/ext/gd/libgd/gdkanji.c -o ext/gd/libgd/gdkanji.lo 
/bin/sh /Users/Ingwie/Work/drag0n-php/libtool --silent --preserve-dup-deps --mode=compile cc -I/Users/Ingwie/Work/drag0n-php/ext/gd/libgd -DHAVE_LIBPNG -Iext/gd/ -I/Users/Ingwie/Work/drag0n-php/ext/gd/ -DPHP_ATOM_INC -I/Users/Ingwie/Work/drag0n-php/include -I/Users/Ingwie/Work/drag0n-php/main -I/Users/Ingwie/Work/drag0n-php -I/Users/Ingwie/Work/drag0n-php/ext/date/lib -I/Users/Ingwie/Work/drag0n-php/ext/ereg/regex -I/usr/include/libxml2 -I/usr/local/include -I/Users/Ingwie/Work/drag0n-php/ext/mbstring/oniguruma -I/Users/Ingwie/Work/drag0n-php/ext/mbstring/libmbfl -I/Users/Ingwie/Work/drag0n-php/ext/mbstring/libmbfl/mbfl -I/Users/Ingwie/Work/drag0n-php/ext/sqlite3/libsqlite -I/Users/Ingwie/Work/drag0n-php/ext/pthreads -I/usr/include/tidy -I/Users/Ingwie/Work/drag0n-php/ext/tokenizer/includes -I/usr/local/lib/wx/include/osx_cocoa-unicode-2.9 -I/usr/local/include/wx-2.9 -I/Users/Ingwie/Work/drag0n-php/TSRM -I/Users/Ingwie/Work/drag0n-php/Zend  -no-cpp-precomp  -I/usr/include -g -O2 -fvisibility=hidden -DZTS  -c /Users/Ingwie/Work/drag0n-php/ext/gd/libgd/wbmp.c -o ext/gd/libgd/wbmp.lo 
/bin/sh /Users/Ingwie/Work/drag0n-php/libtool --silent --preserve-dup-deps --mode=compile cc -I/Users/Ingwie/Work/drag0n-php/ext/gd/libgd -DHAVE_LIBPNG -Iext/gd/ -I/Users/Ingwie/Work/drag0n-php/ext/gd/ -DPHP_ATOM_INC -I/Users/Ingwie/Work/drag0n-php/include -I/Users/Ingwie/Work/drag0n-php/main -I/Users/Ingwie/Work/drag0n-php -I/Users/Ingwie/Work/drag0n-php/ext/date/lib -I/Users/Ingwie/Work/drag0n-php/ext/ereg/regex -I/usr/include/libxml2 -I/usr/local/include -I/Users/Ingwie/Work/drag0n-php/ext/mbstring/oniguruma -I/Users/Ingwie/Work/drag0n-php/ext/mbstring/libmbfl -I/Users/Ingwie/Work/drag0n-php/ext/mbstring/libmbfl/mbfl -I/Users/Ingwie/Work/drag0n-php/ext/sqlite3/libsqlite -I/Users/Ingwie/Work/drag0n-php/ext/pthreads -I/usr/include/tidy -I/Users/Ingwie/Work/drag0n-php/ext/tokenizer/includes -I/usr/local/lib/wx/include/osx_cocoa-unicode-2.9 -I/usr/local/include/wx-2.9 -I/Users/Ingwie/Work/drag0n-php/TSRM -I/Users/Ingwie/Work/drag0n-php/Zend  -no-cpp-precomp  -I/usr/include -g -O2 -fvisibility=hidden -DZTS  -c /Users/Ingwie/Work/drag0n-php/ext/gd/libgd/gd_wbmp.c -o ext/gd/libgd/gd_wbmp.lo 
/bin/sh /Users/Ingwie/Work/drag0n-php/libtool --silent --preserve-dup-deps --mode=compile cc -I/Users/Ingwie/Work/drag0n-php/ext/gd/libgd -DHAVE_LIBPNG -Iext/gd/ -I/Users/Ingwie/Work/drag0n-php/ext/gd/ -DPHP_ATOM_INC -I/Users/Ingwie/Work/drag0n-php/include -I/Users/Ingwie/Work/drag0n-php/main -I/Users/Ingwie/Work/drag0n-php -I/Users/Ingwie/Work/drag0n-php/ext/date/lib -I/Users/Ingwie/Work/drag0n-php/ext/ereg/regex -I/usr/include/libxml2 -I/usr/local/include -I/Users/Ingwie/Work/drag0n-php/ext/mbstring/oniguruma -I/Users/Ingwie/Work/drag0n-php/ext/mbstring/libmbfl -I/Users/Ingwie/Work/drag0n-php/ext/mbstring/libmbfl/mbfl -I/Users/Ingwie/Work/drag0n-php/ext/sqlite3/libsqlite -I/Users/Ingwie/Work/drag0n-php/ext/pthreads -I/usr/include/tidy -I/Users/Ingwie/Work/drag0n-php/ext/tokenizer/includes -I/usr/local/lib/wx/include/osx_cocoa-unicode-2.9 -I/usr/local/include/wx-2.9 -I/Users/Ingwie/Work/drag0n-php/TSRM -I/Users/Ingwie/Work/drag0n-php/Zend  -no-cpp-precomp  -I/usr/include -g -O2 -fvisibility=hidden -DZTS  -c /Users/Ingwie/Work/drag0n-php/ext/gd/libgd/gdhelpers.c -o ext/gd/libgd/gdhelpers.lo 
/bin/sh /Users/Ingwie/Work/drag0n-php/libtool --silent --preserve-dup-deps --mode=compile cc -I/Users/Ingwie/Work/drag0n-php/ext/gd/libgd -DHAVE_LIBPNG -Iext/gd/ -I/Users/Ingwie/Work/drag0n-php/ext/gd/ -DPHP_ATOM_INC -I/Users/Ingwie/Work/drag0n-php/include -I/Users/Ingwie/Work/drag0n-php/main -I/Users/Ingwie/Work/drag0n-php -I/Users/Ingwie/Work/drag0n-php/ext/date/lib -I/Users/Ingwie/Work/drag0n-php/ext/ereg/regex -I/usr/include/libxml2 -I/usr/local/include -I/Users/Ingwie/Work/drag0n-php/ext/mbstring/oniguruma -I/Users/Ingwie/Work/drag0n-php/ext/mbstring/libmbfl -I/Users/Ingwie/Work/drag0n-php/ext/mbstring/libmbfl/mbfl -I/Users/Ingwie/Work/drag0n-php/ext/sqlite3/libsqlite -I/Users/Ingwie/Work/drag0n-php/ext/pthreads -I/usr/include/tidy -I/Users/Ingwie/Work/drag0n-php/ext/tokenizer/includes -I/usr/local/lib/wx/include/osx_cocoa-unicode-2.9 -I/usr/local/include/wx-2.9 -I/Users/Ingwie/Work/drag0n-php/TSRM -I/Users/Ingwie/Work/drag0n-php/Zend  -no-cpp-precomp  -I/usr/include -g -O2 -fvisibility=hidden -DZTS  -c /Users/Ingwie/Work/drag0n-php/ext/gd/libgd/gd_topal.c -o ext/gd/libgd/gd_topal.lo 
/bin/sh /Users/Ingwie/Work/drag0n-php/libtool --silent --preserve-dup-deps --mode=compile cc -I/Users/Ingwie/Work/drag0n-php/ext/gd/libgd -DHAVE_LIBPNG -Iext/gd/ -I/Users/Ingwie/Work/drag0n-php/ext/gd/ -DPHP_ATOM_INC -I/Users/Ingwie/Work/drag0n-php/include -I/Users/Ingwie/Work/drag0n-php/main -I/Users/Ingwie/Work/drag0n-php -I/Users/Ingwie/Work/drag0n-php/ext/date/lib -I/Users/Ingwie/Work/drag0n-php/ext/ereg/regex -I/usr/include/libxml2 -I/usr/local/include -I/Users/Ingwie/Work/drag0n-php/ext/mbstring/oniguruma -I/Users/Ingwie/Work/drag0n-php/ext/mbstring/libmbfl -I/Users/Ingwie/Work/drag0n-php/ext/mbstring/libmbfl/mbfl -I/Users/Ingwie/Work/drag0n-php/ext/sqlite3/libsqlite -I/Users/Ingwie/Work/drag0n-php/ext/pthreads -I/usr/include/tidy -I/Users/Ingwie/Work/drag0n-php/ext/tokenizer/includes -I/usr/local/lib/wx/include/osx_cocoa-unicode-2.9 -I/usr/local/include/wx-2.9 -I/Users/Ingwie/Work/drag0n-php/TSRM -I/Users/Ingwie/Work/drag0n-php/Zend  -no-cpp-precomp  -I/usr/include -g -O2 -fvisibility=hidden -DZTS  -c /Users/Ingwie/Work/drag0n-php/ext/gd/libgd/gd_gif_in.c -o ext/gd/libgd/gd_gif_in.lo 
/bin/sh /Users/Ingwie/Work/drag0n-php/libtool --silent --preserve-dup-deps --mode=compile cc -I/Users/Ingwie/Work/drag0n-php/ext/gd/libgd -DHAVE_LIBPNG -Iext/gd/ -I/Users/Ingwie/Work/drag0n-php/ext/gd/ -DPHP_ATOM_INC -I/Users/Ingwie/Work/drag0n-php/include -I/Users/Ingwie/Work/drag0n-php/main -I/Users/Ingwie/Work/drag0n-php -I/Users/Ingwie/Work/drag0n-php/ext/date/lib -I/Users/Ingwie/Work/drag0n-php/ext/ereg/regex -I/usr/include/libxml2 -I/usr/local/include -I/Users/Ingwie/Work/drag0n-php/ext/mbstring/oniguruma -I/Users/Ingwie/Work/drag0n-php/ext/mbstring/libmbfl -I/Users/Ingwie/Work/drag0n-php/ext/mbstring/libmbfl/mbfl -I/Users/Ingwie/Work/drag0n-php/ext/sqlite3/libsqlite -I/Users/Ingwie/Work/drag0n-php/ext/pthreads -I/usr/include/tidy -I/Users/Ingwie/Work/drag0n-php/ext/tokenizer/includes -I/usr/local/lib/wx/include/osx_cocoa-unicode-2.9 -I/usr/local/include/wx-2.9 -I/Users/Ingwie/Work/drag0n-php/TSRM -I/Users/Ingwie/Work/drag0n-php/Zend  -no-cpp-precomp  -I/usr/include -g -O2 -fvisibility=hidden -DZTS  -c /Users/Ingwie/Work/drag0n-php/ext/gd/libgd/xbm.c -o ext/gd/libgd/xbm.lo 
/bin/sh /Users/Ingwie/Work/drag0n-php/libtool --silent --preserve-dup-deps --mode=compile cc -I/Users/Ingwie/Work/drag0n-php/ext/gd/libgd -DHAVE_LIBPNG -Iext/gd/ -I/Users/Ingwie/Work/drag0n-php/ext/gd/ -DPHP_ATOM_INC -I/Users/Ingwie/Work/drag0n-php/include -I/Users/Ingwie/Work/drag0n-php/main -I/Users/Ingwie/Work/drag0n-php -I/Users/Ingwie/Work/drag0n-php/ext/date/lib -I/Users/Ingwie/Work/drag0n-php/ext/ereg/regex -I/usr/include/libxml2 -I/usr/local/include -I/Users/Ingwie/Work/drag0n-php/ext/mbstring/oniguruma -I/Users/Ingwie/Work/drag0n-php/ext/mbstring/libmbfl -I/Users/Ingwie/Work/drag0n-php/ext/mbstring/libmbfl/mbfl -I/Users/Ingwie/Work/drag0n-php/ext/sqlite3/libsqlite -I/Users/Ingwie/Work/drag0n-php/ext/pthreads -I/usr/include/tidy -I/Users/Ingwie/Work/drag0n-php/ext/tokenizer/includes -I/usr/local/lib/wx/include/osx_cocoa-unicode-2.9 -I/usr/local/include/wx-2.9 -I/Users/Ingwie/Work/drag0n-php/TSRM -I/Users/Ingwie/Work/drag0n-php/Zend  -no-cpp-precomp  -I/usr/include -g -O2 -fvisibility=hidden -DZTS  -c /Users/Ingwie/Work/drag0n-php/ext/gd/libgd/gd_gif_out.c -o ext/gd/libgd/gd_gif_out.lo 
/bin/sh /Users/Ingwie/Work/drag0n-php/libtool --silent --preserve-dup-deps --mode=compile cc -I/Users/Ingwie/Work/drag0n-php/ext/gd/libgd -DHAVE_LIBPNG -Iext/gd/ -I/Users/Ingwie/Work/drag0n-php/ext/gd/ -DPHP_ATOM_INC -I/Users/Ingwie/Work/drag0n-php/include -I/Users/Ingwie/Work/drag0n-php/main -I/Users/Ingwie/Work/drag0n-php -I/Users/Ingwie/Work/drag0n-php/ext/date/lib -I/Users/Ingwie/Work/drag0n-php/ext/ereg/regex -I/usr/include/libxml2 -I/usr/local/include -I/Users/Ingwie/Work/drag0n-php/ext/mbstring/oniguruma -I/Users/Ingwie/Work/drag0n-php/ext/mbstring/libmbfl -I/Users/Ingwie/Work/drag0n-php/ext/mbstring/libmbfl/mbfl -I/Users/Ingwie/Work/drag0n-php/ext/sqlite3/libsqlite -I/Users/Ingwie/Work/drag0n-php/ext/pthreads -I/usr/include/tidy -I/Users/Ingwie/Work/drag0n-php/ext/tokenizer/includes -I/usr/local/lib/wx/include/osx_cocoa-unicode-2.9 -I/usr/local/include/wx-2.9 -I/Users/Ingwie/Work/drag0n-php/TSRM -I/Users/Ingwie/Work/drag0n-php/Zend  -no-cpp-precomp  -I/usr/include -g -O2 -fvisibility=hidden -DZTS  -c /Users/Ingwie/Work/drag0n-php/ext/gd/libgd/gd_security.c -o ext/gd/libgd/gd_security.lo 
/bin/sh /Users/Ingwie/Work/drag0n-php/libtool --silent --preserve-dup-deps --mode=compile cc -I/Users/Ingwie/Work/drag0n-php/ext/gd/libgd -DHAVE_LIBPNG -Iext/gd/ -I/Users/Ingwie/Work/drag0n-php/ext/gd/ -DPHP_ATOM_INC -I/Users/Ingwie/Work/drag0n-php/include -I/Users/Ingwie/Work/drag0n-php/main -I/Users/Ingwie/Work/drag0n-php -I/Users/Ingwie/Work/drag0n-php/ext/date/lib -I/Users/Ingwie/Work/drag0n-php/ext/ereg/regex -I/usr/include/libxml2 -I/usr/local/include -I/Users/Ingwie/Work/drag0n-php/ext/mbstring/oniguruma -I/Users/Ingwie/Work/drag0n-php/ext/mbstring/libmbfl -I/Users/Ingwie/Work/drag0n-php/ext/mbstring/libmbfl/mbfl -I/Users/Ingwie/Work/drag0n-php/ext/sqlite3/libsqlite -I/Users/Ingwie/Work/drag0n-php/ext/pthreads -I/usr/include/tidy -I/Users/Ingwie/Work/drag0n-php/ext/tokenizer/includes -I/usr/local/lib/wx/include/osx_cocoa-unicode-2.9 -I/usr/local/include/wx-2.9 -I/Users/Ingwie/Work/drag0n-php/TSRM -I/Users/Ingwie/Work/drag0n-php/Zend  -no-cpp-precomp  -I/usr/include -g -O2 -fvisibility=hidden -DZTS  -c /Users/Ingwie/Work/drag0n-php/ext/gd/libgd/gd_filter.c -o ext/gd/libgd/gd_filter.lo 
/bin/sh /Users/Ingwie/Work/drag0n-php/libtool --silent --preserve-dup-deps --mode=compile cc -I/Users/Ingwie/Work/drag0n-php/ext/gd/libgd -DHAVE_LIBPNG -Iext/gd/ -I/Users/Ingwie/Work/drag0n-php/ext/gd/ -DPHP_ATOM_INC -I/Users/Ingwie/Work/drag0n-php/include -I/Users/Ingwie/Work/drag0n-php/main -I/Users/Ingwie/Work/drag0n-php -I/Users/Ingwie/Work/drag0n-php/ext/date/lib -I/Users/Ingwie/Work/drag0n-php/ext/ereg/regex -I/usr/include/libxml2 -I/usr/local/include -I/Users/Ingwie/Work/drag0n-php/ext/mbstring/oniguruma -I/Users/Ingwie/Work/drag0n-php/ext/mbstring/libmbfl -I/Users/Ingwie/Work/drag0n-php/ext/mbstring/libmbfl/mbfl -I/Users/Ingwie/Work/drag0n-php/ext/sqlite3/libsqlite -I/Users/Ingwie/Work/drag0n-php/ext/pthreads -I/usr/include/tidy -I/Users/Ingwie/Work/drag0n-php/ext/tokenizer/includes -I/usr/local/lib/wx/include/osx_cocoa-unicode-2.9 -I/usr/local/include/wx-2.9 -I/Users/Ingwie/Work/drag0n-php/TSRM -I/Users/Ingwie/Work/drag0n-php/Zend  -no-cpp-precomp  -I/usr/include -g -O2 -fvisibility=hidden -DZTS  -c /Users/Ingwie/Work/drag0n-php/ext/gd/libgd/gd_pixelate.c -o ext/gd/libgd/gd_pixelate.lo 
/bin/sh /Users/Ingwie/Work/drag0n-php/libtool --silent --preserve-dup-deps --mode=compile cc -I/Users/Ingwie/Work/drag0n-php/ext/gd/libgd -DHAVE_LIBPNG -Iext/gd/ -I/Users/Ingwie/Work/drag0n-php/ext/gd/ -DPHP_ATOM_INC -I/Users/Ingwie/Work/drag0n-php/include -I/Users/Ingwie/Work/drag0n-php/main -I/Users/Ingwie/Work/drag0n-php -I/Users/Ingwie/Work/drag0n-php/ext/date/lib -I/Users/Ingwie/Work/drag0n-php/ext/ereg/regex -I/usr/include/libxml2 -I/usr/local/include -I/Users/Ingwie/Work/drag0n-php/ext/mbstring/oniguruma -I/Users/Ingwie/Work/drag0n-php/ext/mbstring/libmbfl -I/Users/Ingwie/Work/drag0n-php/ext/mbstring/libmbfl/mbfl -I/Users/Ingwie/Work/drag0n-php/ext/sqlite3/libsqlite -I/Users/Ingwie/Work/drag0n-php/ext/pthreads -I/usr/include/tidy -I/Users/Ingwie/Work/drag0n-php/ext/tokenizer/includes -I/usr/local/lib/wx/include/osx_cocoa-unicode-2.9 -I/usr/local/include/wx-2.9 -I/Users/Ingwie/Work/drag0n-php/TSRM -I/Users/Ingwie/Work/drag0n-php/Zend  -no-cpp-precomp  -I/usr/include -g -O2 -fvisibility=hidden -DZTS  -c /Users/Ingwie/Work/drag0n-php/ext/gd/libgd/gd_arc.c -o ext/gd/libgd/gd_arc.lo 
/bin/sh /Users/Ingwie/Work/drag0n-php/libtool --silent --preserve-dup-deps --mode=compile cc -I/Users/Ingwie/Work/drag0n-php/ext/gd/libgd -DHAVE_LIBPNG -Iext/gd/ -I/Users/Ingwie/Work/drag0n-php/ext/gd/ -DPHP_ATOM_INC -I/Users/Ingwie/Work/drag0n-php/include -I/Users/Ingwie/Work/drag0n-php/main -I/Users/Ingwie/Work/drag0n-php -I/Users/Ingwie/Work/drag0n-php/ext/date/lib -I/Users/Ingwie/Work/drag0n-php/ext/ereg/regex -I/usr/include/libxml2 -I/usr/local/include -I/Users/Ingwie/Work/drag0n-php/ext/mbstring/oniguruma -I/Users/Ingwie/Work/drag0n-php/ext/mbstring/libmbfl -I/Users/Ingwie/Work/drag0n-php/ext/mbstring/libmbfl/mbfl -I/Users/Ingwie/Work/drag0n-php/ext/sqlite3/libsqlite -I/Users/Ingwie/Work/drag0n-php/ext/pthreads -I/usr/include/tidy -I/Users/Ingwie/Work/drag0n-php/ext/tokenizer/includes -I/usr/local/lib/wx/include/osx_cocoa-unicode-2.9 -I/usr/local/include/wx-2.9 -I/Users/Ingwie/Work/drag0n-php/TSRM -I/Users/Ingwie/Work/drag0n-php/Zend  -no-cpp-precomp  -I/usr/include -g -O2 -fvisibility=hidden -DZTS  -c /Users/Ingwie/Work/drag0n-php/ext/gd/libgd/gd_rotate.c -o ext/gd/libgd/gd_rotate.lo 
/bin/sh /Users/Ingwie/Work/drag0n-php/libtool --silent --preserve-dup-deps --mode=compile cc -I/Users/Ingwie/Work/drag0n-php/ext/gd/libgd -DHAVE_LIBPNG -Iext/gd/ -I/Users/Ingwie/Work/drag0n-php/ext/gd/ -DPHP_ATOM_INC -I/Users/Ingwie/Work/drag0n-php/include -I/Users/Ingwie/Work/drag0n-php/main -I/Users/Ingwie/Work/drag0n-php -I/Users/Ingwie/Work/drag0n-php/ext/date/lib -I/Users/Ingwie/Work/drag0n-php/ext/ereg/regex -I/usr/include/libxml2 -I/usr/local/include -I/Users/Ingwie/Work/drag0n-php/ext/mbstring/oniguruma -I/Users/Ingwie/Work/drag0n-php/ext/mbstring/libmbfl -I/Users/Ingwie/Work/drag0n-php/ext/mbstring/libmbfl/mbfl -I/Users/Ingwie/Work/drag0n-php/ext/sqlite3/libsqlite -I/Users/Ingwie/Work/drag0n-php/ext/pthreads -I/usr/include/tidy -I/Users/Ingwie/Work/drag0n-php/ext/tokenizer/includes -I/usr/local/lib/wx/include/osx_cocoa-unicode-2.9 -I/usr/local/include/wx-2.9 -I/Users/Ingwie/Work/drag0n-php/TSRM -I/Users/Ingwie/Work/drag0n-php/Zend  -no-cpp-precomp  -I/usr/include -g -O2 -fvisibility=hidden -DZTS  -c /Users/Ingwie/Work/drag0n-php/ext/gd/libgd/gd_color.c -o ext/gd/libgd/gd_color.lo 
/bin/sh /Users/Ingwie/Work/drag0n-php/libtool --silent --preserve-dup-deps --mode=compile cc -I/Users/Ingwie/Work/drag0n-php/ext/gd/libgd -DHAVE_LIBPNG -Iext/gd/ -I/Users/Ingwie/Work/drag0n-php/ext/gd/ -DPHP_ATOM_INC -I/Users/Ingwie/Work/drag0n-php/include -I/Users/Ingwie/Work/drag0n-php/main -I/Users/Ingwie/Work/drag0n-php -I/Users/Ingwie/Work/drag0n-php/ext/date/lib -I/Users/Ingwie/Work/drag0n-php/ext/ereg/regex -I/usr/include/libxml2 -I/usr/local/include -I/Users/Ingwie/Work/drag0n-php/ext/mbstring/oniguruma -I/Users/Ingwie/Work/drag0n-php/ext/mbstring/libmbfl -I/Users/Ingwie/Work/drag0n-php/ext/mbstring/libmbfl/mbfl -I/Users/Ingwie/Work/drag0n-php/ext/sqlite3/libsqlite -I/Users/Ingwie/Work/drag0n-php/ext/pthreads -I/usr/include/tidy -I/Users/Ingwie/Work/drag0n-php/ext/tokenizer/includes -I/usr/local/lib/wx/include/osx_cocoa-unicode-2.9 -I/usr/local/include/wx-2.9 -I/Users/Ingwie/Work/drag0n-php/TSRM -I/Users/Ingwie/Work/drag0n-php/Zend  -no-cpp-precomp  -I/usr/include -g -O2 -fvisibility=hidden -DZTS  -c /Users/Ingwie/Work/drag0n-php/ext/gd/libgd/gd_transform.c -o ext/gd/libgd/gd_transform.lo 
/bin/sh /Users/Ingwie/Work/drag0n-php/libtool --silent --preserve-dup-deps --mode=compile cc -I/Users/Ingwie/Work/drag0n-php/ext/gd/libgd -DHAVE_LIBPNG -Iext/gd/ -I/Users/Ingwie/Work/drag0n-php/ext/gd/ -DPHP_ATOM_INC -I/Users/Ingwie/Work/drag0n-php/include -I/Users/Ingwie/Work/drag0n-php/main -I/Users/Ingwie/Work/drag0n-php -I/Users/Ingwie/Work/drag0n-php/ext/date/lib -I/Users/Ingwie/Work/drag0n-php/ext/ereg/regex -I/usr/include/libxml2 -I/usr/local/include -I/Users/Ingwie/Work/drag0n-php/ext/mbstring/oniguruma -I/Users/Ingwie/Work/drag0n-php/ext/mbstring/libmbfl -I/Users/Ingwie/Work/drag0n-php/ext/mbstring/libmbfl/mbfl -I/Users/Ingwie/Work/drag0n-php/ext/sqlite3/libsqlite -I/Users/Ingwie/Work/drag0n-php/ext/pthreads -I/usr/include/tidy -I/Users/Ingwie/Work/drag0n-php/ext/tokenizer/includes -I/usr/local/lib/wx/include/osx_cocoa-unicode-2.9 -I/usr/local/include/wx-2.9 -I/Users/Ingwie/Work/drag0n-php/TSRM -I/Users/Ingwie/Work/drag0n-php/Zend  -no-cpp-precomp  -I/usr/include -g -O2 -fvisibility=hidden -DZTS  -c /Users/Ingwie/Work/drag0n-php/ext/gd/libgd/gd_crop.c -o ext/gd/libgd/gd_crop.lo 
/bin/sh /Users/Ingwie/Work/drag0n-php/libtool --silent --preserve-dup-deps --mode=compile cc -I/Users/Ingwie/Work/drag0n-php/ext/gd/libgd -DHAVE_LIBPNG -Iext/gd/ -I/Users/Ingwie/Work/drag0n-php/ext/gd/ -DPHP_ATOM_INC -I/Users/Ingwie/Work/drag0n-php/include -I/Users/Ingwie/Work/drag0n-php/main -I/Users/Ingwie/Work/drag0n-php -I/Users/Ingwie/Work/drag0n-php/ext/date/lib -I/Users/Ingwie/Work/drag0n-php/ext/ereg/regex -I/usr/include/libxml2 -I/usr/local/include -I/Users/Ingwie/Work/drag0n-php/ext/mbstring/oniguruma -I/Users/Ingwie/Work/drag0n-php/ext/mbstring/libmbfl -I/Users/Ingwie/Work/drag0n-php/ext/mbstring/libmbfl/mbfl -I/Users/Ingwie/Work/drag0n-php/ext/sqlite3/libsqlite -I/Users/Ingwie/Work/drag0n-php/ext/pthreads -I/usr/include/tidy -I/Users/Ingwie/Work/drag0n-php/ext/tokenizer/includes -I/usr/local/lib/wx/include/osx_cocoa-unicode-2.9 -I/usr/local/include/wx-2.9 -I/Users/Ingwie/Work/drag0n-php/TSRM -I/Users/Ingwie/Work/drag0n-php/Zend  -no-cpp-precomp  -I/usr/include -g -O2 -fvisibility=hidden -DZTS  -c /Users/Ingwie/Work/drag0n-php/ext/gd/libgd/gd_interpolation.c -o ext/gd/libgd/gd_interpolation.lo 
/Users/Ingwie/Work/drag0n-php/ext/gd/libgd/gd_interpolation.c:1630:43: warning: comparison of unsigned enum expression < 0 is always false [-Wtautological-compare]
        if (src == NULL || src->interpolation_id < 0 || src->interpolation_id > GD_METHOD_COUNT) {
                           ~~~~~~~~~~~~~~~~~~~~~ ^ ~
/Users/Ingwie/Work/drag0n-php/ext/gd/libgd/gd_interpolation.c:2466:23: warning: comparison of unsigned enum expression < 0 is always false [-Wtautological-compare]
        if (im == NULL || id < 0 || id > GD_METHOD_COUNT) {
                          ~~ ^ ~
2 warnings generated.
/bin/sh /Users/Ingwie/Work/drag0n-php/libtool --silent --preserve-dup-deps --mode=compile cc -I/Users/Ingwie/Work/drag0n-php/ext/gd/libgd -DHAVE_LIBPNG -Iext/gd/ -I/Users/Ingwie/Work/drag0n-php/ext/gd/ -DPHP_ATOM_INC -I/Users/Ingwie/Work/drag0n-php/include -I/Users/Ingwie/Work/drag0n-php/main -I/Users/Ingwie/Work/drag0n-php -I/Users/Ingwie/Work/drag0n-php/ext/date/lib -I/Users/Ingwie/Work/drag0n-php/ext/ereg/regex -I/usr/include/libxml2 -I/usr/local/include -I/Users/Ingwie/Work/drag0n-php/ext/mbstring/oniguruma -I/Users/Ingwie/Work/drag0n-php/ext/mbstring/libmbfl -I/Users/Ingwie/Work/drag0n-php/ext/mbstring/libmbfl/mbfl -I/Users/Ingwie/Work/drag0n-php/ext/sqlite3/libsqlite -I/Users/Ingwie/Work/drag0n-php/ext/pthreads -I/usr/include/tidy -I/Users/Ingwie/Work/drag0n-php/ext/tokenizer/includes -I/usr/local/lib/wx/include/osx_cocoa-unicode-2.9 -I/usr/local/include/wx-2.9 -I/Users/Ingwie/Work/drag0n-php/TSRM -I/Users/Ingwie/Work/drag0n-php/Zend  -no-cpp-precomp  -I/usr/include -g -O2 -fvisibility=hidden -DZTS  -c /Users/Ingwie/Work/drag0n-php/ext/gd/libgd/gd_matrix.c -o ext/gd/libgd/gd_matrix.lo 
/bin/sh /Users/Ingwie/Work/drag0n-php/libtool --silent --preserve-dup-deps --mode=compile cc  -Iext/hash/ -I/Users/Ingwie/Work/drag0n-php/ext/hash/ -DPHP_ATOM_INC -I/Users/Ingwie/Work/drag0n-php/include -I/Users/Ingwie/Work/drag0n-php/main -I/Users/Ingwie/Work/drag0n-php -I/Users/Ingwie/Work/drag0n-php/ext/date/lib -I/Users/Ingwie/Work/drag0n-php/ext/ereg/regex -I/usr/include/libxml2 -I/usr/local/include -I/Users/Ingwie/Work/drag0n-php/ext/mbstring/oniguruma -I/Users/Ingwie/Work/drag0n-php/ext/mbstring/libmbfl -I/Users/Ingwie/Work/drag0n-php/ext/mbstring/libmbfl/mbfl -I/Users/Ingwie/Work/drag0n-php/ext/sqlite3/libsqlite -I/Users/Ingwie/Work/drag0n-php/ext/pthreads -I/usr/include/tidy -I/Users/Ingwie/Work/drag0n-php/ext/tokenizer/includes -I/usr/local/lib/wx/include/osx_cocoa-unicode-2.9 -I/usr/local/include/wx-2.9 -I/Users/Ingwie/Work/drag0n-php/TSRM -I/Users/Ingwie/Work/drag0n-php/Zend  -no-cpp-precomp  -I/usr/include -g -O2 -fvisibility=hidden -DZTS  -c /Users/Ingwie/Work/drag0n-php/ext/hash/hash.c -o ext/hash/hash.lo 
/bin/sh /Users/Ingwie/Work/drag0n-php/libtool --silent --preserve-dup-deps --mode=compile cc  -Iext/hash/ -I/Users/Ingwie/Work/drag0n-php/ext/hash/ -DPHP_ATOM_INC -I/Users/Ingwie/Work/drag0n-php/include -I/Users/Ingwie/Work/drag0n-php/main -I/Users/Ingwie/Work/drag0n-php -I/Users/Ingwie/Work/drag0n-php/ext/date/lib -I/Users/Ingwie/Work/drag0n-php/ext/ereg/regex -I/usr/include/libxml2 -I/usr/local/include -I/Users/Ingwie/Work/drag0n-php/ext/mbstring/oniguruma -I/Users/Ingwie/Work/drag0n-php/ext/mbstring/libmbfl -I/Users/Ingwie/Work/drag0n-php/ext/mbstring/libmbfl/mbfl -I/Users/Ingwie/Work/drag0n-php/ext/sqlite3/libsqlite -I/Users/Ingwie/Work/drag0n-php/ext/pthreads -I/usr/include/tidy -I/Users/Ingwie/Work/drag0n-php/ext/tokenizer/includes -I/usr/local/lib/wx/include/osx_cocoa-unicode-2.9 -I/usr/local/include/wx-2.9 -I/Users/Ingwie/Work/drag0n-php/TSRM -I/Users/Ingwie/Work/drag0n-php/Zend  -no-cpp-precomp  -I/usr/include -g -O2 -fvisibility=hidden -DZTS  -c /Users/Ingwie/Work/drag0n-php/ext/hash/hash_md.c -o ext/hash/hash_md.lo 
/bin/sh /Users/Ingwie/Work/drag0n-php/libtool --silent --preserve-dup-deps --mode=compile cc  -Iext/hash/ -I/Users/Ingwie/Work/drag0n-php/ext/hash/ -DPHP_ATOM_INC -I/Users/Ingwie/Work/drag0n-php/include -I/Users/Ingwie/Work/drag0n-php/main -I/Users/Ingwie/Work/drag0n-php -I/Users/Ingwie/Work/drag0n-php/ext/date/lib -I/Users/Ingwie/Work/drag0n-php/ext/ereg/regex -I/usr/include/libxml2 -I/usr/local/include -I/Users/Ingwie/Work/drag0n-php/ext/mbstring/oniguruma -I/Users/Ingwie/Work/drag0n-php/ext/mbstring/libmbfl -I/Users/Ingwie/Work/drag0n-php/ext/mbstring/libmbfl/mbfl -I/Users/Ingwie/Work/drag0n-php/ext/sqlite3/libsqlite -I/Users/Ingwie/Work/drag0n-php/ext/pthreads -I/usr/include/tidy -I/Users/Ingwie/Work/drag0n-php/ext/tokenizer/includes -I/usr/local/lib/wx/include/osx_cocoa-unicode-2.9 -I/usr/local/include/wx-2.9 -I/Users/Ingwie/Work/drag0n-php/TSRM -I/Users/Ingwie/Work/drag0n-php/Zend  -no-cpp-precomp  -I/usr/include -g -O2 -fvisibility=hidden -DZTS  -c /Users/Ingwie/Work/drag0n-php/ext/hash/hash_sha.c -o ext/hash/hash_sha.lo 
/bin/sh /Users/Ingwie/Work/drag0n-php/libtool --silent --preserve-dup-deps --mode=compile cc  -Iext/hash/ -I/Users/Ingwie/Work/drag0n-php/ext/hash/ -DPHP_ATOM_INC -I/Users/Ingwie/Work/drag0n-php/include -I/Users/Ingwie/Work/drag0n-php/main -I/Users/Ingwie/Work/drag0n-php -I/Users/Ingwie/Work/drag0n-php/ext/date/lib -I/Users/Ingwie/Work/drag0n-php/ext/ereg/regex -I/usr/include/libxml2 -I/usr/local/include -I/Users/Ingwie/Work/drag0n-php/ext/mbstring/oniguruma -I/Users/Ingwie/Work/drag0n-php/ext/mbstring/libmbfl -I/Users/Ingwie/Work/drag0n-php/ext/mbstring/libmbfl/mbfl -I/Users/Ingwie/Work/drag0n-php/ext/sqlite3/libsqlite -I/Users/Ingwie/Work/drag0n-php/ext/pthreads -I/usr/include/tidy -I/Users/Ingwie/Work/drag0n-php/ext/tokenizer/includes -I/usr/local/lib/wx/include/osx_cocoa-unicode-2.9 -I/usr/local/include/wx-2.9 -I/Users/Ingwie/Work/drag0n-php/TSRM -I/Users/Ingwie/Work/drag0n-php/Zend  -no-cpp-precomp  -I/usr/include -g -O2 -fvisibility=hidden -DZTS  -c /Users/Ingwie/Work/drag0n-php/ext/hash/hash_ripemd.c -o ext/hash/hash_ripemd.lo 
/bin/sh /Users/Ingwie/Work/drag0n-php/libtool --silent --preserve-dup-deps --mode=compile cc  -Iext/hash/ -I/Users/Ingwie/Work/drag0n-php/ext/hash/ -DPHP_ATOM_INC -I/Users/Ingwie/Work/drag0n-php/include -I/Users/Ingwie/Work/drag0n-php/main -I/Users/Ingwie/Work/drag0n-php -I/Users/Ingwie/Work/drag0n-php/ext/date/lib -I/Users/Ingwie/Work/drag0n-php/ext/ereg/regex -I/usr/include/libxml2 -I/usr/local/include -I/Users/Ingwie/Work/drag0n-php/ext/mbstring/oniguruma -I/Users/Ingwie/Work/drag0n-php/ext/mbstring/libmbfl -I/Users/Ingwie/Work/drag0n-php/ext/mbstring/libmbfl/mbfl -I/Users/Ingwie/Work/drag0n-php/ext/sqlite3/libsqlite -I/Users/Ingwie/Work/drag0n-php/ext/pthreads -I/usr/include/tidy -I/Users/Ingwie/Work/drag0n-php/ext/tokenizer/includes -I/usr/local/lib/wx/include/osx_cocoa-unicode-2.9 -I/usr/local/include/wx-2.9 -I/Users/Ingwie/Work/drag0n-php/TSRM -I/Users/Ingwie/Work/drag0n-php/Zend  -no-cpp-precomp  -I/usr/include -g -O2 -fvisibility=hidden -DZTS  -c /Users/Ingwie/Work/drag0n-php/ext/hash/hash_haval.c -o ext/hash/hash_haval.lo 
/bin/sh /Users/Ingwie/Work/drag0n-php/libtool --silent --preserve-dup-deps --mode=compile cc  -Iext/hash/ -I/Users/Ingwie/Work/drag0n-php/ext/hash/ -DPHP_ATOM_INC -I/Users/Ingwie/Work/drag0n-php/include -I/Users/Ingwie/Work/drag0n-php/main -I/Users/Ingwie/Work/drag0n-php -I/Users/Ingwie/Work/drag0n-php/ext/date/lib -I/Users/Ingwie/Work/drag0n-php/ext/ereg/regex -I/usr/include/libxml2 -I/usr/local/include -I/Users/Ingwie/Work/drag0n-php/ext/mbstring/oniguruma -I/Users/Ingwie/Work/drag0n-php/ext/mbstring/libmbfl -I/Users/Ingwie/Work/drag0n-php/ext/mbstring/libmbfl/mbfl -I/Users/Ingwie/Work/drag0n-php/ext/sqlite3/libsqlite -I/Users/Ingwie/Work/drag0n-php/ext/pthreads -I/usr/include/tidy -I/Users/Ingwie/Work/drag0n-php/ext/tokenizer/includes -I/usr/local/lib/wx/include/osx_cocoa-unicode-2.9 -I/usr/local/include/wx-2.9 -I/Users/Ingwie/Work/drag0n-php/TSRM -I/Users/Ingwie/Work/drag0n-php/Zend  -no-cpp-precomp  -I/usr/include -g -O2 -fvisibility=hidden -DZTS  -c /Users/Ingwie/Work/drag0n-php/ext/hash/hash_tiger.c -o ext/hash/hash_tiger.lo 
/bin/sh /Users/Ingwie/Work/drag0n-php/libtool --silent --preserve-dup-deps --mode=compile cc  -Iext/hash/ -I/Users/Ingwie/Work/drag0n-php/ext/hash/ -DPHP_ATOM_INC -I/Users/Ingwie/Work/drag0n-php/include -I/Users/Ingwie/Work/drag0n-php/main -I/Users/Ingwie/Work/drag0n-php -I/Users/Ingwie/Work/drag0n-php/ext/date/lib -I/Users/Ingwie/Work/drag0n-php/ext/ereg/regex -I/usr/include/libxml2 -I/usr/local/include -I/Users/Ingwie/Work/drag0n-php/ext/mbstring/oniguruma -I/Users/Ingwie/Work/drag0n-php/ext/mbstring/libmbfl -I/Users/Ingwie/Work/drag0n-php/ext/mbstring/libmbfl/mbfl -I/Users/Ingwie/Work/drag0n-php/ext/sqlite3/libsqlite -I/Users/Ingwie/Work/drag0n-php/ext/pthreads -I/usr/include/tidy -I/Users/Ingwie/Work/drag0n-php/ext/tokenizer/includes -I/usr/local/lib/wx/include/osx_cocoa-unicode-2.9 -I/usr/local/include/wx-2.9 -I/Users/Ingwie/Work/drag0n-php/TSRM -I/Users/Ingwie/Work/drag0n-php/Zend  -no-cpp-precomp  -I/usr/include -g -O2 -fvisibility=hidden -DZTS  -c /Users/Ingwie/Work/drag0n-php/ext/hash/hash_gost.c -o ext/hash/hash_gost.lo 
/bin/sh /Users/Ingwie/Work/drag0n-php/libtool --silent --preserve-dup-deps --mode=compile cc  -Iext/hash/ -I/Users/Ingwie/Work/drag0n-php/ext/hash/ -DPHP_ATOM_INC -I/Users/Ingwie/Work/drag0n-php/include -I/Users/Ingwie/Work/drag0n-php/main -I/Users/Ingwie/Work/drag0n-php -I/Users/Ingwie/Work/drag0n-php/ext/date/lib -I/Users/Ingwie/Work/drag0n-php/ext/ereg/regex -I/usr/include/libxml2 -I/usr/local/include -I/Users/Ingwie/Work/drag0n-php/ext/mbstring/oniguruma -I/Users/Ingwie/Work/drag0n-php/ext/mbstring/libmbfl -I/Users/Ingwie/Work/drag0n-php/ext/mbstring/libmbfl/mbfl -I/Users/Ingwie/Work/drag0n-php/ext/sqlite3/libsqlite -I/Users/Ingwie/Work/drag0n-php/ext/pthreads -I/usr/include/tidy -I/Users/Ingwie/Work/drag0n-php/ext/tokenizer/includes -I/usr/local/lib/wx/include/osx_cocoa-unicode-2.9 -I/usr/local/include/wx-2.9 -I/Users/Ingwie/Work/drag0n-php/TSRM -I/Users/Ingwie/Work/drag0n-php/Zend  -no-cpp-precomp  -I/usr/include -g -O2 -fvisibility=hidden -DZTS  -c /Users/Ingwie/Work/drag0n-php/ext/hash/hash_snefru.c -o ext/hash/hash_snefru.lo 
/bin/sh /Users/Ingwie/Work/drag0n-php/libtool --silent --preserve-dup-deps --mode=compile cc  -Iext/hash/ -I/Users/Ingwie/Work/drag0n-php/ext/hash/ -DPHP_ATOM_INC -I/Users/Ingwie/Work/drag0n-php/include -I/Users/Ingwie/Work/drag0n-php/main -I/Users/Ingwie/Work/drag0n-php -I/Users/Ingwie/Work/drag0n-php/ext/date/lib -I/Users/Ingwie/Work/drag0n-php/ext/ereg/regex -I/usr/include/libxml2 -I/usr/local/include -I/Users/Ingwie/Work/drag0n-php/ext/mbstring/oniguruma -I/Users/Ingwie/Work/drag0n-php/ext/mbstring/libmbfl -I/Users/Ingwie/Work/drag0n-php/ext/mbstring/libmbfl/mbfl -I/Users/Ingwie/Work/drag0n-php/ext/sqlite3/libsqlite -I/Users/Ingwie/Work/drag0n-php/ext/pthreads -I/usr/include/tidy -I/Users/Ingwie/Work/drag0n-php/ext/tokenizer/includes -I/usr/local/lib/wx/include/osx_cocoa-unicode-2.9 -I/usr/local/include/wx-2.9 -I/Users/Ingwie/Work/drag0n-php/TSRM -I/Users/Ingwie/Work/drag0n-php/Zend  -no-cpp-precomp  -I/usr/include -g -O2 -fvisibility=hidden -DZTS  -c /Users/Ingwie/Work/drag0n-php/ext/hash/hash_whirlpool.c -o ext/hash/hash_whirlpool.lo 
/bin/sh /Users/Ingwie/Work/drag0n-php/libtool --silent --preserve-dup-deps --mode=compile cc  -Iext/hash/ -I/Users/Ingwie/Work/drag0n-php/ext/hash/ -DPHP_ATOM_INC -I/Users/Ingwie/Work/drag0n-php/include -I/Users/Ingwie/Work/drag0n-php/main -I/Users/Ingwie/Work/drag0n-php -I/Users/Ingwie/Work/drag0n-php/ext/date/lib -I/Users/Ingwie/Work/drag0n-php/ext/ereg/regex -I/usr/include/libxml2 -I/usr/local/include -I/Users/Ingwie/Work/drag0n-php/ext/mbstring/oniguruma -I/Users/Ingwie/Work/drag0n-php/ext/mbstring/libmbfl -I/Users/Ingwie/Work/drag0n-php/ext/mbstring/libmbfl/mbfl -I/Users/Ingwie/Work/drag0n-php/ext/sqlite3/libsqlite -I/Users/Ingwie/Work/drag0n-php/ext/pthreads -I/usr/include/tidy -I/Users/Ingwie/Work/drag0n-php/ext/tokenizer/includes -I/usr/local/lib/wx/include/osx_cocoa-unicode-2.9 -I/usr/local/include/wx-2.9 -I/Users/Ingwie/Work/drag0n-php/TSRM -I/Users/Ingwie/Work/drag0n-php/Zend  -no-cpp-precomp  -I/usr/include -g -O2 -fvisibility=hidden -DZTS  -c /Users/Ingwie/Work/drag0n-php/ext/hash/hash_adler32.c -o ext/hash/hash_adler32.lo 
/bin/sh /Users/Ingwie/Work/drag0n-php/libtool --silent --preserve-dup-deps --mode=compile cc  -Iext/hash/ -I/Users/Ingwie/Work/drag0n-php/ext/hash/ -DPHP_ATOM_INC -I/Users/Ingwie/Work/drag0n-php/include -I/Users/Ingwie/Work/drag0n-php/main -I/Users/Ingwie/Work/drag0n-php -I/Users/Ingwie/Work/drag0n-php/ext/date/lib -I/Users/Ingwie/Work/drag0n-php/ext/ereg/regex -I/usr/include/libxml2 -I/usr/local/include -I/Users/Ingwie/Work/drag0n-php/ext/mbstring/oniguruma -I/Users/Ingwie/Work/drag0n-php/ext/mbstring/libmbfl -I/Users/Ingwie/Work/drag0n-php/ext/mbstring/libmbfl/mbfl -I/Users/Ingwie/Work/drag0n-php/ext/sqlite3/libsqlite -I/Users/Ingwie/Work/drag0n-php/ext/pthreads -I/usr/include/tidy -I/Users/Ingwie/Work/drag0n-php/ext/tokenizer/includes -I/usr/local/lib/wx/include/osx_cocoa-unicode-2.9 -I/usr/local/include/wx-2.9 -I/Users/Ingwie/Work/drag0n-php/TSRM -I/Users/Ingwie/Work/drag0n-php/Zend  -no-cpp-precomp  -I/usr/include -g -O2 -fvisibility=hidden -DZTS  -c /Users/Ingwie/Work/drag0n-php/ext/hash/hash_crc32.c -o ext/hash/hash_crc32.lo 
/bin/sh /Users/Ingwie/Work/drag0n-php/libtool --silent --preserve-dup-deps --mode=compile cc  -Iext/hash/ -I/Users/Ingwie/Work/drag0n-php/ext/hash/ -DPHP_ATOM_INC -I/Users/Ingwie/Work/drag0n-php/include -I/Users/Ingwie/Work/drag0n-php/main -I/Users/Ingwie/Work/drag0n-php -I/Users/Ingwie/Work/drag0n-php/ext/date/lib -I/Users/Ingwie/Work/drag0n-php/ext/ereg/regex -I/usr/include/libxml2 -I/usr/local/include -I/Users/Ingwie/Work/drag0n-php/ext/mbstring/oniguruma -I/Users/Ingwie/Work/drag0n-php/ext/mbstring/libmbfl -I/Users/Ingwie/Work/drag0n-php/ext/mbstring/libmbfl/mbfl -I/Users/Ingwie/Work/drag0n-php/ext/sqlite3/libsqlite -I/Users/Ingwie/Work/drag0n-php/ext/pthreads -I/usr/include/tidy -I/Users/Ingwie/Work/drag0n-php/ext/tokenizer/includes -I/usr/local/lib/wx/include/osx_cocoa-unicode-2.9 -I/usr/local/include/wx-2.9 -I/Users/Ingwie/Work/drag0n-php/TSRM -I/Users/Ingwie/Work/drag0n-php/Zend  -no-cpp-precomp  -I/usr/include -g -O2 -fvisibility=hidden -DZTS  -c /Users/Ingwie/Work/drag0n-php/ext/hash/hash_fnv.c -o ext/hash/hash_fnv.lo 
/bin/sh /Users/Ingwie/Work/drag0n-php/libtool --silent --preserve-dup-deps --mode=compile cc  -Iext/hash/ -I/Users/Ingwie/Work/drag0n-php/ext/hash/ -DPHP_ATOM_INC -I/Users/Ingwie/Work/drag0n-php/include -I/Users/Ingwie/Work/drag0n-php/main -I/Users/Ingwie/Work/drag0n-php -I/Users/Ingwie/Work/drag0n-php/ext/date/lib -I/Users/Ingwie/Work/drag0n-php/ext/ereg/regex -I/usr/include/libxml2 -I/usr/local/include -I/Users/Ingwie/Work/drag0n-php/ext/mbstring/oniguruma -I/Users/Ingwie/Work/drag0n-php/ext/mbstring/libmbfl -I/Users/Ingwie/Work/drag0n-php/ext/mbstring/libmbfl/mbfl -I/Users/Ingwie/Work/drag0n-php/ext/sqlite3/libsqlite -I/Users/Ingwie/Work/drag0n-php/ext/pthreads -I/usr/include/tidy -I/Users/Ingwie/Work/drag0n-php/ext/tokenizer/includes -I/usr/local/lib/wx/include/osx_cocoa-unicode-2.9 -I/usr/local/include/wx-2.9 -I/Users/Ingwie/Work/drag0n-php/TSRM -I/Users/Ingwie/Work/drag0n-php/Zend  -no-cpp-precomp  -I/usr/include -g -O2 -fvisibility=hidden -DZTS  -c /Users/Ingwie/Work/drag0n-php/ext/hash/hash_joaat.c -o ext/hash/hash_joaat.lo 
/bin/sh /Users/Ingwie/Work/drag0n-php/libtool --silent --preserve-dup-deps --mode=compile cc -I"/usr/include" -Iext/iconv/ -I/Users/Ingwie/Work/drag0n-php/ext/iconv/ -DPHP_ATOM_INC -I/Users/Ingwie/Work/drag0n-php/include -I/Users/Ingwie/Work/drag0n-php/main -I/Users/Ingwie/Work/drag0n-php -I/Users/Ingwie/Work/drag0n-php/ext/date/lib -I/Users/Ingwie/Work/drag0n-php/ext/ereg/regex -I/usr/include/libxml2 -I/usr/local/include -I/Users/Ingwie/Work/drag0n-php/ext/mbstring/oniguruma -I/Users/Ingwie/Work/drag0n-php/ext/mbstring/libmbfl -I/Users/Ingwie/Work/drag0n-php/ext/mbstring/libmbfl/mbfl -I/Users/Ingwie/Work/drag0n-php/ext/sqlite3/libsqlite -I/Users/Ingwie/Work/drag0n-php/ext/pthreads -I/usr/include/tidy -I/Users/Ingwie/Work/drag0n-php/ext/tokenizer/includes -I/usr/local/lib/wx/include/osx_cocoa-unicode-2.9 -I/usr/local/include/wx-2.9 -I/Users/Ingwie/Work/drag0n-php/TSRM -I/Users/Ingwie/Work/drag0n-php/Zend  -no-cpp-precomp  -I/usr/include -g -O2 -fvisibility=hidden -DZTS  -c /Users/Ingwie/Work/drag0n-php/ext/iconv/iconv.c -o ext/iconv/iconv.lo 
/Users/Ingwie/Work/drag0n-php/ext/iconv/iconv.c:743:26: warning: passing 'int *' to parameter of type 'unsigned int *' converts between pointers to integer types with different sign [-Wpointer-sign]
        err = _php_iconv_strlen(&total_len, str, nbytes, enc);
                                ^~~~~~~~~~
/Users/Ingwie/Work/drag0n-php/ext/iconv/iconv.c:642:56: note: passing argument to parameter 'pretval' here
static php_iconv_err_t _php_iconv_strlen(unsigned int *pretval, const char *str, size_t nbytes, const char *enc)
                                                       ^
1 warning generated.
/bin/sh /Users/Ingwie/Work/drag0n-php/libtool --silent --preserve-dup-deps --mode=compile cc -I/usr/local/include  -Wno-write-strings -Iext/intl/ -I/Users/Ingwie/Work/drag0n-php/ext/intl/ -DPHP_ATOM_INC -I/Users/Ingwie/Work/drag0n-php/include -I/Users/Ingwie/Work/drag0n-php/main -I/Users/Ingwie/Work/drag0n-php -I/Users/Ingwie/Work/drag0n-php/ext/date/lib -I/Users/Ingwie/Work/drag0n-php/ext/ereg/regex -I/usr/include/libxml2 -I/usr/local/include -I/Users/Ingwie/Work/drag0n-php/ext/mbstring/oniguruma -I/Users/Ingwie/Work/drag0n-php/ext/mbstring/libmbfl -I/Users/Ingwie/Work/drag0n-php/ext/mbstring/libmbfl/mbfl -I/Users/Ingwie/Work/drag0n-php/ext/sqlite3/libsqlite -I/Users/Ingwie/Work/drag0n-php/ext/pthreads -I/usr/include/tidy -I/Users/Ingwie/Work/drag0n-php/ext/tokenizer/includes -I/usr/local/lib/wx/include/osx_cocoa-unicode-2.9 -I/usr/local/include/wx-2.9 -I/Users/Ingwie/Work/drag0n-php/TSRM -I/Users/Ingwie/Work/drag0n-php/Zend  -no-cpp-precomp  -I/usr/include -g -O2 -fvisibility=hidden -DZTS  -c /Users/Ingwie/Work/drag0n-php/ext/intl/php_intl.c -o ext/intl/php_intl.lo 
/bin/sh /Users/Ingwie/Work/drag0n-php/libtool --silent --preserve-dup-deps --mode=compile cc -I/usr/local/include  -Wno-write-strings -Iext/intl/ -I/Users/Ingwie/Work/drag0n-php/ext/intl/ -DPHP_ATOM_INC -I/Users/Ingwie/Work/drag0n-php/include -I/Users/Ingwie/Work/drag0n-php/main -I/Users/Ingwie/Work/drag0n-php -I/Users/Ingwie/Work/drag0n-php/ext/date/lib -I/Users/Ingwie/Work/drag0n-php/ext/ereg/regex -I/usr/include/libxml2 -I/usr/local/include -I/Users/Ingwie/Work/drag0n-php/ext/mbstring/oniguruma -I/Users/Ingwie/Work/drag0n-php/ext/mbstring/libmbfl -I/Users/Ingwie/Work/drag0n-php/ext/mbstring/libmbfl/mbfl -I/Users/Ingwie/Work/drag0n-php/ext/sqlite3/libsqlite -I/Users/Ingwie/Work/drag0n-php/ext/pthreads -I/usr/include/tidy -I/Users/Ingwie/Work/drag0n-php/ext/tokenizer/includes -I/usr/local/lib/wx/include/osx_cocoa-unicode-2.9 -I/usr/local/include/wx-2.9 -I/Users/Ingwie/Work/drag0n-php/TSRM -I/Users/Ingwie/Work/drag0n-php/Zend  -no-cpp-precomp  -I/usr/include -g -O2 -fvisibility=hidden -DZTS  -c /Users/Ingwie/Work/drag0n-php/ext/intl/intl_error.c -o ext/intl/intl_error.lo 
/bin/sh /Users/Ingwie/Work/drag0n-php/libtool --silent --preserve-dup-deps --mode=compile cc -I/usr/local/include  -Wno-write-strings -Iext/intl/ -I/Users/Ingwie/Work/drag0n-php/ext/intl/ -DPHP_ATOM_INC -I/Users/Ingwie/Work/drag0n-php/include -I/Users/Ingwie/Work/drag0n-php/main -I/Users/Ingwie/Work/drag0n-php -I/Users/Ingwie/Work/drag0n-php/ext/date/lib -I/Users/Ingwie/Work/drag0n-php/ext/ereg/regex -I/usr/include/libxml2 -I/usr/local/include -I/Users/Ingwie/Work/drag0n-php/ext/mbstring/oniguruma -I/Users/Ingwie/Work/drag0n-php/ext/mbstring/libmbfl -I/Users/Ingwie/Work/drag0n-php/ext/mbstring/libmbfl/mbfl -I/Users/Ingwie/Work/drag0n-php/ext/sqlite3/libsqlite -I/Users/Ingwie/Work/drag0n-php/ext/pthreads -I/usr/include/tidy -I/Users/Ingwie/Work/drag0n-php/ext/tokenizer/includes -I/usr/local/lib/wx/include/osx_cocoa-unicode-2.9 -I/usr/local/include/wx-2.9 -I/Users/Ingwie/Work/drag0n-php/TSRM -I/Users/Ingwie/Work/drag0n-php/Zend  -no-cpp-precomp  -I/usr/include -g -O2 -fvisibility=hidden -DZTS  -c /Users/Ingwie/Work/drag0n-php/ext/intl/intl_convert.c -o ext/intl/intl_convert.lo 
/bin/sh /Users/Ingwie/Work/drag0n-php/libtool --silent --preserve-dup-deps --mode=compile g++ -I/usr/local/include  -Wno-write-strings -Iext/intl/ -I/Users/Ingwie/Work/drag0n-php/ext/intl/ -DPHP_ATOM_INC -I/Users/Ingwie/Work/drag0n-php/include -I/Users/Ingwie/Work/drag0n-php/main -I/Users/Ingwie/Work/drag0n-php -I/Users/Ingwie/Work/drag0n-php/ext/date/lib -I/Users/Ingwie/Work/drag0n-php/ext/ereg/regex -I/usr/include/libxml2 -I/usr/local/include -I/Users/Ingwie/Work/drag0n-php/ext/mbstring/oniguruma -I/Users/Ingwie/Work/drag0n-php/ext/mbstring/libmbfl -I/Users/Ingwie/Work/drag0n-php/ext/mbstring/libmbfl/mbfl -I/Users/Ingwie/Work/drag0n-php/ext/sqlite3/libsqlite -I/Users/Ingwie/Work/drag0n-php/ext/pthreads -I/usr/include/tidy -I/Users/Ingwie/Work/drag0n-php/ext/tokenizer/includes -I/usr/local/lib/wx/include/osx_cocoa-unicode-2.9 -I/usr/local/include/wx-2.9 -I/Users/Ingwie/Work/drag0n-php/TSRM -I/Users/Ingwie/Work/drag0n-php/Zend  -no-cpp-precomp  -g -O2 -I/Users/Ingwie/Work/drag0n-php/ext/tokenizer/includes -I/usr/local/lib/wx/include/osx_cocoa-unicode-2.9 -I/usr/local/include/wx-2.9 -D_FILE_OFFSET_BITS=64 -DWXUSINGDLL -D__WXMAC__ -D__WXOSX__ -D__WXOSX_COCOA__  -c /Users/Ingwie/Work/drag0n-php/ext/intl/intl_convertcpp.cpp -o ext/intl/intl_convertcpp.lo 
/bin/sh /Users/Ingwie/Work/drag0n-php/libtool --silent --preserve-dup-deps --mode=compile cc -I/usr/local/include  -Wno-write-strings -Iext/intl/ -I/Users/Ingwie/Work/drag0n-php/ext/intl/ -DPHP_ATOM_INC -I/Users/Ingwie/Work/drag0n-php/include -I/Users/Ingwie/Work/drag0n-php/main -I/Users/Ingwie/Work/drag0n-php -I/Users/Ingwie/Work/drag0n-php/ext/date/lib -I/Users/Ingwie/Work/drag0n-php/ext/ereg/regex -I/usr/include/libxml2 -I/usr/local/include -I/Users/Ingwie/Work/drag0n-php/ext/mbstring/oniguruma -I/Users/Ingwie/Work/drag0n-php/ext/mbstring/libmbfl -I/Users/Ingwie/Work/drag0n-php/ext/mbstring/libmbfl/mbfl -I/Users/Ingwie/Work/drag0n-php/ext/sqlite3/libsqlite -I/Users/Ingwie/Work/drag0n-php/ext/pthreads -I/usr/include/tidy -I/Users/Ingwie/Work/drag0n-php/ext/tokenizer/includes -I/usr/local/lib/wx/include/osx_cocoa-unicode-2.9 -I/usr/local/include/wx-2.9 -I/Users/Ingwie/Work/drag0n-php/TSRM -I/Users/Ingwie/Work/drag0n-php/Zend  -no-cpp-precomp  -I/usr/include -g -O2 -fvisibility=hidden -DZTS  -c /Users/Ingwie/Work/drag0n-php/ext/intl/collator/collator.c -o ext/intl/collator/collator.lo 
/bin/sh /Users/Ingwie/Work/drag0n-php/libtool --silent --preserve-dup-deps --mode=compile cc -I/usr/local/include  -Wno-write-strings -Iext/intl/ -I/Users/Ingwie/Work/drag0n-php/ext/intl/ -DPHP_ATOM_INC -I/Users/Ingwie/Work/drag0n-php/include -I/Users/Ingwie/Work/drag0n-php/main -I/Users/Ingwie/Work/drag0n-php -I/Users/Ingwie/Work/drag0n-php/ext/date/lib -I/Users/Ingwie/Work/drag0n-php/ext/ereg/regex -I/usr/include/libxml2 -I/usr/local/include -I/Users/Ingwie/Work/drag0n-php/ext/mbstring/oniguruma -I/Users/Ingwie/Work/drag0n-php/ext/mbstring/libmbfl -I/Users/Ingwie/Work/drag0n-php/ext/mbstring/libmbfl/mbfl -I/Users/Ingwie/Work/drag0n-php/ext/sqlite3/libsqlite -I/Users/Ingwie/Work/drag0n-php/ext/pthreads -I/usr/include/tidy -I/Users/Ingwie/Work/drag0n-php/ext/tokenizer/includes -I/usr/local/lib/wx/include/osx_cocoa-unicode-2.9 -I/usr/local/include/wx-2.9 -I/Users/Ingwie/Work/drag0n-php/TSRM -I/Users/Ingwie/Work/drag0n-php/Zend  -no-cpp-precomp  -I/usr/include -g -O2 -fvisibility=hidden -DZTS  -c /Users/Ingwie/Work/drag0n-php/ext/intl/collator/collator_class.c -o ext/intl/collator/collator_class.lo 
/bin/sh /Users/Ingwie/Work/drag0n-php/libtool --silent --preserve-dup-deps --mode=compile cc -I/usr/local/include  -Wno-write-strings -Iext/intl/ -I/Users/Ingwie/Work/drag0n-php/ext/intl/ -DPHP_ATOM_INC -I/Users/Ingwie/Work/drag0n-php/include -I/Users/Ingwie/Work/drag0n-php/main -I/Users/Ingwie/Work/drag0n-php -I/Users/Ingwie/Work/drag0n-php/ext/date/lib -I/Users/Ingwie/Work/drag0n-php/ext/ereg/regex -I/usr/include/libxml2 -I/usr/local/include -I/Users/Ingwie/Work/drag0n-php/ext/mbstring/oniguruma -I/Users/Ingwie/Work/drag0n-php/ext/mbstring/libmbfl -I/Users/Ingwie/Work/drag0n-php/ext/mbstring/libmbfl/mbfl -I/Users/Ingwie/Work/drag0n-php/ext/sqlite3/libsqlite -I/Users/Ingwie/Work/drag0n-php/ext/pthreads -I/usr/include/tidy -I/Users/Ingwie/Work/drag0n-php/ext/tokenizer/includes -I/usr/local/lib/wx/include/osx_cocoa-unicode-2.9 -I/usr/local/include/wx-2.9 -I/Users/Ingwie/Work/drag0n-php/TSRM -I/Users/Ingwie/Work/drag0n-php/Zend  -no-cpp-precomp  -I/usr/include -g -O2 -fvisibility=hidden -DZTS  -c /Users/Ingwie/Work/drag0n-php/ext/intl/collator/collator_sort.c -o ext/intl/collator/collator_sort.lo 
/bin/sh /Users/Ingwie/Work/drag0n-php/libtool --silent --preserve-dup-deps --mode=compile cc -I/usr/local/include  -Wno-write-strings -Iext/intl/ -I/Users/Ingwie/Work/drag0n-php/ext/intl/ -DPHP_ATOM_INC -I/Users/Ingwie/Work/drag0n-php/include -I/Users/Ingwie/Work/drag0n-php/main -I/Users/Ingwie/Work/drag0n-php -I/Users/Ingwie/Work/drag0n-php/ext/date/lib -I/Users/Ingwie/Work/drag0n-php/ext/ereg/regex -I/usr/include/libxml2 -I/usr/local/include -I/Users/Ingwie/Work/drag0n-php/ext/mbstring/oniguruma -I/Users/Ingwie/Work/drag0n-php/ext/mbstring/libmbfl -I/Users/Ingwie/Work/drag0n-php/ext/mbstring/libmbfl/mbfl -I/Users/Ingwie/Work/drag0n-php/ext/sqlite3/libsqlite -I/Users/Ingwie/Work/drag0n-php/ext/pthreads -I/usr/include/tidy -I/Users/Ingwie/Work/drag0n-php/ext/tokenizer/includes -I/usr/local/lib/wx/include/osx_cocoa-unicode-2.9 -I/usr/local/include/wx-2.9 -I/Users/Ingwie/Work/drag0n-php/TSRM -I/Users/Ingwie/Work/drag0n-php/Zend  -no-cpp-precomp  -I/usr/include -g -O2 -fvisibility=hidden -DZTS  -c /Users/Ingwie/Work/drag0n-php/ext/intl/collator/collator_convert.c -o ext/intl/collator/collator_convert.lo 
/bin/sh /Users/Ingwie/Work/drag0n-php/libtool --silent --preserve-dup-deps --mode=compile cc -I/usr/local/include  -Wno-write-strings -Iext/intl/ -I/Users/Ingwie/Work/drag0n-php/ext/intl/ -DPHP_ATOM_INC -I/Users/Ingwie/Work/drag0n-php/include -I/Users/Ingwie/Work/drag0n-php/main -I/Users/Ingwie/Work/drag0n-php -I/Users/Ingwie/Work/drag0n-php/ext/date/lib -I/Users/Ingwie/Work/drag0n-php/ext/ereg/regex -I/usr/include/libxml2 -I/usr/local/include -I/Users/Ingwie/Work/drag0n-php/ext/mbstring/oniguruma -I/Users/Ingwie/Work/drag0n-php/ext/mbstring/libmbfl -I/Users/Ingwie/Work/drag0n-php/ext/mbstring/libmbfl/mbfl -I/Users/Ingwie/Work/drag0n-php/ext/sqlite3/libsqlite -I/Users/Ingwie/Work/drag0n-php/ext/pthreads -I/usr/include/tidy -I/Users/Ingwie/Work/drag0n-php/ext/tokenizer/includes -I/usr/local/lib/wx/include/osx_cocoa-unicode-2.9 -I/usr/local/include/wx-2.9 -I/Users/Ingwie/Work/drag0n-php/TSRM -I/Users/Ingwie/Work/drag0n-php/Zend  -no-cpp-precomp  -I/usr/include -g -O2 -fvisibility=hidden -DZTS  -c /Users/Ingwie/Work/drag0n-php/ext/intl/collator/collator_locale.c -o ext/intl/collator/collator_locale.lo 
/bin/sh /Users/Ingwie/Work/drag0n-php/libtool --silent --preserve-dup-deps --mode=compile cc -I/usr/local/include  -Wno-write-strings -Iext/intl/ -I/Users/Ingwie/Work/drag0n-php/ext/intl/ -DPHP_ATOM_INC -I/Users/Ingwie/Work/drag0n-php/include -I/Users/Ingwie/Work/drag0n-php/main -I/Users/Ingwie/Work/drag0n-php -I/Users/Ingwie/Work/drag0n-php/ext/date/lib -I/Users/Ingwie/Work/drag0n-php/ext/ereg/regex -I/usr/include/libxml2 -I/usr/local/include -I/Users/Ingwie/Work/drag0n-php/ext/mbstring/oniguruma -I/Users/Ingwie/Work/drag0n-php/ext/mbstring/libmbfl -I/Users/Ingwie/Work/drag0n-php/ext/mbstring/libmbfl/mbfl -I/Users/Ingwie/Work/drag0n-php/ext/sqlite3/libsqlite -I/Users/Ingwie/Work/drag0n-php/ext/pthreads -I/usr/include/tidy -I/Users/Ingwie/Work/drag0n-php/ext/tokenizer/includes -I/usr/local/lib/wx/include/osx_cocoa-unicode-2.9 -I/usr/local/include/wx-2.9 -I/Users/Ingwie/Work/drag0n-php/TSRM -I/Users/Ingwie/Work/drag0n-php/Zend  -no-cpp-precomp  -I/usr/include -g -O2 -fvisibility=hidden -DZTS  -c /Users/Ingwie/Work/drag0n-php/ext/intl/collator/collator_compare.c -o ext/intl/collator/collator_compare.lo 
/bin/sh /Users/Ingwie/Work/drag0n-php/libtool --silent --preserve-dup-deps --mode=compile cc -I/usr/local/include  -Wno-write-strings -Iext/intl/ -I/Users/Ingwie/Work/drag0n-php/ext/intl/ -DPHP_ATOM_INC -I/Users/Ingwie/Work/drag0n-php/include -I/Users/Ingwie/Work/drag0n-php/main -I/Users/Ingwie/Work/drag0n-php -I/Users/Ingwie/Work/drag0n-php/ext/date/lib -I/Users/Ingwie/Work/drag0n-php/ext/ereg/regex -I/usr/include/libxml2 -I/usr/local/include -I/Users/Ingwie/Work/drag0n-php/ext/mbstring/oniguruma -I/Users/Ingwie/Work/drag0n-php/ext/mbstring/libmbfl -I/Users/Ingwie/Work/drag0n-php/ext/mbstring/libmbfl/mbfl -I/Users/Ingwie/Work/drag0n-php/ext/sqlite3/libsqlite -I/Users/Ingwie/Work/drag0n-php/ext/pthreads -I/usr/include/tidy -I/Users/Ingwie/Work/drag0n-php/ext/tokenizer/includes -I/usr/local/lib/wx/include/osx_cocoa-unicode-2.9 -I/usr/local/include/wx-2.9 -I/Users/Ingwie/Work/drag0n-php/TSRM -I/Users/Ingwie/Work/drag0n-php/Zend  -no-cpp-precomp  -I/usr/include -g -O2 -fvisibility=hidden -DZTS  -c /Users/Ingwie/Work/drag0n-php/ext/intl/collator/collator_attr.c -o ext/intl/collator/collator_attr.lo 
/bin/sh /Users/Ingwie/Work/drag0n-php/libtool --silent --preserve-dup-deps --mode=compile cc -I/usr/local/include  -Wno-write-strings -Iext/intl/ -I/Users/Ingwie/Work/drag0n-php/ext/intl/ -DPHP_ATOM_INC -I/Users/Ingwie/Work/drag0n-php/include -I/Users/Ingwie/Work/drag0n-php/main -I/Users/Ingwie/Work/drag0n-php -I/Users/Ingwie/Work/drag0n-php/ext/date/lib -I/Users/Ingwie/Work/drag0n-php/ext/ereg/regex -I/usr/include/libxml2 -I/usr/local/include -I/Users/Ingwie/Work/drag0n-php/ext/mbstring/oniguruma -I/Users/Ingwie/Work/drag0n-php/ext/mbstring/libmbfl -I/Users/Ingwie/Work/drag0n-php/ext/mbstring/libmbfl/mbfl -I/Users/Ingwie/Work/drag0n-php/ext/sqlite3/libsqlite -I/Users/Ingwie/Work/drag0n-php/ext/pthreads -I/usr/include/tidy -I/Users/Ingwie/Work/drag0n-php/ext/tokenizer/includes -I/usr/local/lib/wx/include/osx_cocoa-unicode-2.9 -I/usr/local/include/wx-2.9 -I/Users/Ingwie/Work/drag0n-php/TSRM -I/Users/Ingwie/Work/drag0n-php/Zend  -no-cpp-precomp  -I/usr/include -g -O2 -fvisibility=hidden -DZTS  -c /Users/Ingwie/Work/drag0n-php/ext/intl/collator/collator_create.c -o ext/intl/collator/collator_create.lo 
/Users/Ingwie/Work/drag0n-php/ext/intl/collator/collator_create.c:51:10: warning: assigning to 'char *' from 'const char *' discards qualifiers [-Wincompatible-pointer-types]
                locale = intl_locale_get_default(TSRMLS_C);
                       ^ ~~~~~~~~~~~~~~~~~~~~~~~~~~~~~~~~~
1 warning generated.
/bin/sh /Users/Ingwie/Work/drag0n-php/libtool --silent --preserve-dup-deps --mode=compile cc -I/usr/local/include  -Wno-write-strings -Iext/intl/ -I/Users/Ingwie/Work/drag0n-php/ext/intl/ -DPHP_ATOM_INC -I/Users/Ingwie/Work/drag0n-php/include -I/Users/Ingwie/Work/drag0n-php/main -I/Users/Ingwie/Work/drag0n-php -I/Users/Ingwie/Work/drag0n-php/ext/date/lib -I/Users/Ingwie/Work/drag0n-php/ext/ereg/regex -I/usr/include/libxml2 -I/usr/local/include -I/Users/Ingwie/Work/drag0n-php/ext/mbstring/oniguruma -I/Users/Ingwie/Work/drag0n-php/ext/mbstring/libmbfl -I/Users/Ingwie/Work/drag0n-php/ext/mbstring/libmbfl/mbfl -I/Users/Ingwie/Work/drag0n-php/ext/sqlite3/libsqlite -I/Users/Ingwie/Work/drag0n-php/ext/pthreads -I/usr/include/tidy -I/Users/Ingwie/Work/drag0n-php/ext/tokenizer/includes -I/usr/local/lib/wx/include/osx_cocoa-unicode-2.9 -I/usr/local/include/wx-2.9 -I/Users/Ingwie/Work/drag0n-php/TSRM -I/Users/Ingwie/Work/drag0n-php/Zend  -no-cpp-precomp  -I/usr/include -g -O2 -fvisibility=hidden -DZTS  -c /Users/Ingwie/Work/drag0n-php/ext/intl/collator/collator_is_numeric.c -o ext/intl/collator/collator_is_numeric.lo 
/bin/sh /Users/Ingwie/Work/drag0n-php/libtool --silent --preserve-dup-deps --mode=compile cc -I/usr/local/include  -Wno-write-strings -Iext/intl/ -I/Users/Ingwie/Work/drag0n-php/ext/intl/ -DPHP_ATOM_INC -I/Users/Ingwie/Work/drag0n-php/include -I/Users/Ingwie/Work/drag0n-php/main -I/Users/Ingwie/Work/drag0n-php -I/Users/Ingwie/Work/drag0n-php/ext/date/lib -I/Users/Ingwie/Work/drag0n-php/ext/ereg/regex -I/usr/include/libxml2 -I/usr/local/include -I/Users/Ingwie/Work/drag0n-php/ext/mbstring/oniguruma -I/Users/Ingwie/Work/drag0n-php/ext/mbstring/libmbfl -I/Users/Ingwie/Work/drag0n-php/ext/mbstring/libmbfl/mbfl -I/Users/Ingwie/Work/drag0n-php/ext/sqlite3/libsqlite -I/Users/Ingwie/Work/drag0n-php/ext/pthreads -I/usr/include/tidy -I/Users/Ingwie/Work/drag0n-php/ext/tokenizer/includes -I/usr/local/lib/wx/include/osx_cocoa-unicode-2.9 -I/usr/local/include/wx-2.9 -I/Users/Ingwie/Work/drag0n-php/TSRM -I/Users/Ingwie/Work/drag0n-php/Zend  -no-cpp-precomp  -I/usr/include -g -O2 -fvisibility=hidden -DZTS  -c /Users/Ingwie/Work/drag0n-php/ext/intl/collator/collator_error.c -o ext/intl/collator/collator_error.lo 
/bin/sh /Users/Ingwie/Work/drag0n-php/libtool --silent --preserve-dup-deps --mode=compile cc -I/usr/local/include  -Wno-write-strings -Iext/intl/ -I/Users/Ingwie/Work/drag0n-php/ext/intl/ -DPHP_ATOM_INC -I/Users/Ingwie/Work/drag0n-php/include -I/Users/Ingwie/Work/drag0n-php/main -I/Users/Ingwie/Work/drag0n-php -I/Users/Ingwie/Work/drag0n-php/ext/date/lib -I/Users/Ingwie/Work/drag0n-php/ext/ereg/regex -I/usr/include/libxml2 -I/usr/local/include -I/Users/Ingwie/Work/drag0n-php/ext/mbstring/oniguruma -I/Users/Ingwie/Work/drag0n-php/ext/mbstring/libmbfl -I/Users/Ingwie/Work/drag0n-php/ext/mbstring/libmbfl/mbfl -I/Users/Ingwie/Work/drag0n-php/ext/sqlite3/libsqlite -I/Users/Ingwie/Work/drag0n-php/ext/pthreads -I/usr/include/tidy -I/Users/Ingwie/Work/drag0n-php/ext/tokenizer/includes -I/usr/local/lib/wx/include/osx_cocoa-unicode-2.9 -I/usr/local/include/wx-2.9 -I/Users/Ingwie/Work/drag0n-php/TSRM -I/Users/Ingwie/Work/drag0n-php/Zend  -no-cpp-precomp  -I/usr/include -g -O2 -fvisibility=hidden -DZTS  -c /Users/Ingwie/Work/drag0n-php/ext/intl/common/common_error.c -o ext/intl/common/common_error.lo 
/bin/sh /Users/Ingwie/Work/drag0n-php/libtool --silent --preserve-dup-deps --mode=compile g++ -I/usr/local/include  -Wno-write-strings -Iext/intl/ -I/Users/Ingwie/Work/drag0n-php/ext/intl/ -DPHP_ATOM_INC -I/Users/Ingwie/Work/drag0n-php/include -I/Users/Ingwie/Work/drag0n-php/main -I/Users/Ingwie/Work/drag0n-php -I/Users/Ingwie/Work/drag0n-php/ext/date/lib -I/Users/Ingwie/Work/drag0n-php/ext/ereg/regex -I/usr/include/libxml2 -I/usr/local/include -I/Users/Ingwie/Work/drag0n-php/ext/mbstring/oniguruma -I/Users/Ingwie/Work/drag0n-php/ext/mbstring/libmbfl -I/Users/Ingwie/Work/drag0n-php/ext/mbstring/libmbfl/mbfl -I/Users/Ingwie/Work/drag0n-php/ext/sqlite3/libsqlite -I/Users/Ingwie/Work/drag0n-php/ext/pthreads -I/usr/include/tidy -I/Users/Ingwie/Work/drag0n-php/ext/tokenizer/includes -I/usr/local/lib/wx/include/osx_cocoa-unicode-2.9 -I/usr/local/include/wx-2.9 -I/Users/Ingwie/Work/drag0n-php/TSRM -I/Users/Ingwie/Work/drag0n-php/Zend  -no-cpp-precomp  -g -O2 -I/Users/Ingwie/Work/drag0n-php/ext/tokenizer/includes -I/usr/local/lib/wx/include/osx_cocoa-unicode-2.9 -I/usr/local/include/wx-2.9 -D_FILE_OFFSET_BITS=64 -DWXUSINGDLL -D__WXMAC__ -D__WXOSX__ -D__WXOSX_COCOA__  -c /Users/Ingwie/Work/drag0n-php/ext/intl/common/common_enum.cpp -o ext/intl/common/common_enum.lo 
/bin/sh /Users/Ingwie/Work/drag0n-php/libtool --silent --preserve-dup-deps --mode=compile g++ -I/usr/local/include  -Wno-write-strings -Iext/intl/ -I/Users/Ingwie/Work/drag0n-php/ext/intl/ -DPHP_ATOM_INC -I/Users/Ingwie/Work/drag0n-php/include -I/Users/Ingwie/Work/drag0n-php/main -I/Users/Ingwie/Work/drag0n-php -I/Users/Ingwie/Work/drag0n-php/ext/date/lib -I/Users/Ingwie/Work/drag0n-php/ext/ereg/regex -I/usr/include/libxml2 -I/usr/local/include -I/Users/Ingwie/Work/drag0n-php/ext/mbstring/oniguruma -I/Users/Ingwie/Work/drag0n-php/ext/mbstring/libmbfl -I/Users/Ingwie/Work/drag0n-php/ext/mbstring/libmbfl/mbfl -I/Users/Ingwie/Work/drag0n-php/ext/sqlite3/libsqlite -I/Users/Ingwie/Work/drag0n-php/ext/pthreads -I/usr/include/tidy -I/Users/Ingwie/Work/drag0n-php/ext/tokenizer/includes -I/usr/local/lib/wx/include/osx_cocoa-unicode-2.9 -I/usr/local/include/wx-2.9 -I/Users/Ingwie/Work/drag0n-php/TSRM -I/Users/Ingwie/Work/drag0n-php/Zend  -no-cpp-precomp  -g -O2 -I/Users/Ingwie/Work/drag0n-php/ext/tokenizer/includes -I/usr/local/lib/wx/include/osx_cocoa-unicode-2.9 -I/usr/local/include/wx-2.9 -D_FILE_OFFSET_BITS=64 -DWXUSINGDLL -D__WXMAC__ -D__WXOSX__ -D__WXOSX_COCOA__  -c /Users/Ingwie/Work/drag0n-php/ext/intl/common/common_date.cpp -o ext/intl/common/common_date.lo 
/bin/sh /Users/Ingwie/Work/drag0n-php/libtool --silent --preserve-dup-deps --mode=compile cc -I/usr/local/include  -Wno-write-strings -Iext/intl/ -I/Users/Ingwie/Work/drag0n-php/ext/intl/ -DPHP_ATOM_INC -I/Users/Ingwie/Work/drag0n-php/include -I/Users/Ingwie/Work/drag0n-php/main -I/Users/Ingwie/Work/drag0n-php -I/Users/Ingwie/Work/drag0n-php/ext/date/lib -I/Users/Ingwie/Work/drag0n-php/ext/ereg/regex -I/usr/include/libxml2 -I/usr/local/include -I/Users/Ingwie/Work/drag0n-php/ext/mbstring/oniguruma -I/Users/Ingwie/Work/drag0n-php/ext/mbstring/libmbfl -I/Users/Ingwie/Work/drag0n-php/ext/mbstring/libmbfl/mbfl -I/Users/Ingwie/Work/drag0n-php/ext/sqlite3/libsqlite -I/Users/Ingwie/Work/drag0n-php/ext/pthreads -I/usr/include/tidy -I/Users/Ingwie/Work/drag0n-php/ext/tokenizer/includes -I/usr/local/lib/wx/include/osx_cocoa-unicode-2.9 -I/usr/local/include/wx-2.9 -I/Users/Ingwie/Work/drag0n-php/TSRM -I/Users/Ingwie/Work/drag0n-php/Zend  -no-cpp-precomp  -I/usr/include -g -O2 -fvisibility=hidden -DZTS  -c /Users/Ingwie/Work/drag0n-php/ext/intl/converter/converter.c -o ext/intl/converter/converter.lo 
/bin/sh /Users/Ingwie/Work/drag0n-php/libtool --silent --preserve-dup-deps --mode=compile cc -I/usr/local/include  -Wno-write-strings -Iext/intl/ -I/Users/Ingwie/Work/drag0n-php/ext/intl/ -DPHP_ATOM_INC -I/Users/Ingwie/Work/drag0n-php/include -I/Users/Ingwie/Work/drag0n-php/main -I/Users/Ingwie/Work/drag0n-php -I/Users/Ingwie/Work/drag0n-php/ext/date/lib -I/Users/Ingwie/Work/drag0n-php/ext/ereg/regex -I/usr/include/libxml2 -I/usr/local/include -I/Users/Ingwie/Work/drag0n-php/ext/mbstring/oniguruma -I/Users/Ingwie/Work/drag0n-php/ext/mbstring/libmbfl -I/Users/Ingwie/Work/drag0n-php/ext/mbstring/libmbfl/mbfl -I/Users/Ingwie/Work/drag0n-php/ext/sqlite3/libsqlite -I/Users/Ingwie/Work/drag0n-php/ext/pthreads -I/usr/include/tidy -I/Users/Ingwie/Work/drag0n-php/ext/tokenizer/includes -I/usr/local/lib/wx/include/osx_cocoa-unicode-2.9 -I/usr/local/include/wx-2.9 -I/Users/Ingwie/Work/drag0n-php/TSRM -I/Users/Ingwie/Work/drag0n-php/Zend  -no-cpp-precomp  -I/usr/include -g -O2 -fvisibility=hidden -DZTS  -c /Users/Ingwie/Work/drag0n-php/ext/intl/formatter/formatter.c -o ext/intl/formatter/formatter.lo 
/bin/sh /Users/Ingwie/Work/drag0n-php/libtool --silent --preserve-dup-deps --mode=compile cc -I/usr/local/include  -Wno-write-strings -Iext/intl/ -I/Users/Ingwie/Work/drag0n-php/ext/intl/ -DPHP_ATOM_INC -I/Users/Ingwie/Work/drag0n-php/include -I/Users/Ingwie/Work/drag0n-php/main -I/Users/Ingwie/Work/drag0n-php -I/Users/Ingwie/Work/drag0n-php/ext/date/lib -I/Users/Ingwie/Work/drag0n-php/ext/ereg/regex -I/usr/include/libxml2 -I/usr/local/include -I/Users/Ingwie/Work/drag0n-php/ext/mbstring/oniguruma -I/Users/Ingwie/Work/drag0n-php/ext/mbstring/libmbfl -I/Users/Ingwie/Work/drag0n-php/ext/mbstring/libmbfl/mbfl -I/Users/Ingwie/Work/drag0n-php/ext/sqlite3/libsqlite -I/Users/Ingwie/Work/drag0n-php/ext/pthreads -I/usr/include/tidy -I/Users/Ingwie/Work/drag0n-php/ext/tokenizer/includes -I/usr/local/lib/wx/include/osx_cocoa-unicode-2.9 -I/usr/local/include/wx-2.9 -I/Users/Ingwie/Work/drag0n-php/TSRM -I/Users/Ingwie/Work/drag0n-php/Zend  -no-cpp-precomp  -I/usr/include -g -O2 -fvisibility=hidden -DZTS  -c /Users/Ingwie/Work/drag0n-php/ext/intl/formatter/formatter_main.c -o ext/intl/formatter/formatter_main.lo 
/Users/Ingwie/Work/drag0n-php/ext/intl/formatter/formatter_main.c:59:10: warning: assigning to 'char *' from 'const char *' discards qualifiers [-Wincompatible-pointer-types]
                locale = intl_locale_get_default(TSRMLS_C);
                       ^ ~~~~~~~~~~~~~~~~~~~~~~~~~~~~~~~~~
1 warning generated.
/bin/sh /Users/Ingwie/Work/drag0n-php/libtool --silent --preserve-dup-deps --mode=compile cc -I/usr/local/include  -Wno-write-strings -Iext/intl/ -I/Users/Ingwie/Work/drag0n-php/ext/intl/ -DPHP_ATOM_INC -I/Users/Ingwie/Work/drag0n-php/include -I/Users/Ingwie/Work/drag0n-php/main -I/Users/Ingwie/Work/drag0n-php -I/Users/Ingwie/Work/drag0n-php/ext/date/lib -I/Users/Ingwie/Work/drag0n-php/ext/ereg/regex -I/usr/include/libxml2 -I/usr/local/include -I/Users/Ingwie/Work/drag0n-php/ext/mbstring/oniguruma -I/Users/Ingwie/Work/drag0n-php/ext/mbstring/libmbfl -I/Users/Ingwie/Work/drag0n-php/ext/mbstring/libmbfl/mbfl -I/Users/Ingwie/Work/drag0n-php/ext/sqlite3/libsqlite -I/Users/Ingwie/Work/drag0n-php/ext/pthreads -I/usr/include/tidy -I/Users/Ingwie/Work/drag0n-php/ext/tokenizer/includes -I/usr/local/lib/wx/include/osx_cocoa-unicode-2.9 -I/usr/local/include/wx-2.9 -I/Users/Ingwie/Work/drag0n-php/TSRM -I/Users/Ingwie/Work/drag0n-php/Zend  -no-cpp-precomp  -I/usr/include -g -O2 -fvisibility=hidden -DZTS  -c /Users/Ingwie/Work/drag0n-php/ext/intl/formatter/formatter_class.c -o ext/intl/formatter/formatter_class.lo 
/bin/sh /Users/Ingwie/Work/drag0n-php/libtool --silent --preserve-dup-deps --mode=compile cc -I/usr/local/include  -Wno-write-strings -Iext/intl/ -I/Users/Ingwie/Work/drag0n-php/ext/intl/ -DPHP_ATOM_INC -I/Users/Ingwie/Work/drag0n-php/include -I/Users/Ingwie/Work/drag0n-php/main -I/Users/Ingwie/Work/drag0n-php -I/Users/Ingwie/Work/drag0n-php/ext/date/lib -I/Users/Ingwie/Work/drag0n-php/ext/ereg/regex -I/usr/include/libxml2 -I/usr/local/include -I/Users/Ingwie/Work/drag0n-php/ext/mbstring/oniguruma -I/Users/Ingwie/Work/drag0n-php/ext/mbstring/libmbfl -I/Users/Ingwie/Work/drag0n-php/ext/mbstring/libmbfl/mbfl -I/Users/Ingwie/Work/drag0n-php/ext/sqlite3/libsqlite -I/Users/Ingwie/Work/drag0n-php/ext/pthreads -I/usr/include/tidy -I/Users/Ingwie/Work/drag0n-php/ext/tokenizer/includes -I/usr/local/lib/wx/include/osx_cocoa-unicode-2.9 -I/usr/local/include/wx-2.9 -I/Users/Ingwie/Work/drag0n-php/TSRM -I/Users/Ingwie/Work/drag0n-php/Zend  -no-cpp-precomp  -I/usr/include -g -O2 -fvisibility=hidden -DZTS  -c /Users/Ingwie/Work/drag0n-php/ext/intl/formatter/formatter_attr.c -o ext/intl/formatter/formatter_attr.lo 
/bin/sh /Users/Ingwie/Work/drag0n-php/libtool --silent --preserve-dup-deps --mode=compile cc -I/usr/local/include  -Wno-write-strings -Iext/intl/ -I/Users/Ingwie/Work/drag0n-php/ext/intl/ -DPHP_ATOM_INC -I/Users/Ingwie/Work/drag0n-php/include -I/Users/Ingwie/Work/drag0n-php/main -I/Users/Ingwie/Work/drag0n-php -I/Users/Ingwie/Work/drag0n-php/ext/date/lib -I/Users/Ingwie/Work/drag0n-php/ext/ereg/regex -I/usr/include/libxml2 -I/usr/local/include -I/Users/Ingwie/Work/drag0n-php/ext/mbstring/oniguruma -I/Users/Ingwie/Work/drag0n-php/ext/mbstring/libmbfl -I/Users/Ingwie/Work/drag0n-php/ext/mbstring/libmbfl/mbfl -I/Users/Ingwie/Work/drag0n-php/ext/sqlite3/libsqlite -I/Users/Ingwie/Work/drag0n-php/ext/pthreads -I/usr/include/tidy -I/Users/Ingwie/Work/drag0n-php/ext/tokenizer/includes -I/usr/local/lib/wx/include/osx_cocoa-unicode-2.9 -I/usr/local/include/wx-2.9 -I/Users/Ingwie/Work/drag0n-php/TSRM -I/Users/Ingwie/Work/drag0n-php/Zend  -no-cpp-precomp  -I/usr/include -g -O2 -fvisibility=hidden -DZTS  -c /Users/Ingwie/Work/drag0n-php/ext/intl/formatter/formatter_data.c -o ext/intl/formatter/formatter_data.lo 
/bin/sh /Users/Ingwie/Work/drag0n-php/libtool --silent --preserve-dup-deps --mode=compile cc -I/usr/local/include  -Wno-write-strings -Iext/intl/ -I/Users/Ingwie/Work/drag0n-php/ext/intl/ -DPHP_ATOM_INC -I/Users/Ingwie/Work/drag0n-php/include -I/Users/Ingwie/Work/drag0n-php/main -I/Users/Ingwie/Work/drag0n-php -I/Users/Ingwie/Work/drag0n-php/ext/date/lib -I/Users/Ingwie/Work/drag0n-php/ext/ereg/regex -I/usr/include/libxml2 -I/usr/local/include -I/Users/Ingwie/Work/drag0n-php/ext/mbstring/oniguruma -I/Users/Ingwie/Work/drag0n-php/ext/mbstring/libmbfl -I/Users/Ingwie/Work/drag0n-php/ext/mbstring/libmbfl/mbfl -I/Users/Ingwie/Work/drag0n-php/ext/sqlite3/libsqlite -I/Users/Ingwie/Work/drag0n-php/ext/pthreads -I/usr/include/tidy -I/Users/Ingwie/Work/drag0n-php/ext/tokenizer/includes -I/usr/local/lib/wx/include/osx_cocoa-unicode-2.9 -I/usr/local/include/wx-2.9 -I/Users/Ingwie/Work/drag0n-php/TSRM -I/Users/Ingwie/Work/drag0n-php/Zend  -no-cpp-precomp  -I/usr/include -g -O2 -fvisibility=hidden -DZTS  -c /Users/Ingwie/Work/drag0n-php/ext/intl/formatter/formatter_format.c -o ext/intl/formatter/formatter_format.lo 
/bin/sh /Users/Ingwie/Work/drag0n-php/libtool --silent --preserve-dup-deps --mode=compile cc -I/usr/local/include  -Wno-write-strings -Iext/intl/ -I/Users/Ingwie/Work/drag0n-php/ext/intl/ -DPHP_ATOM_INC -I/Users/Ingwie/Work/drag0n-php/include -I/Users/Ingwie/Work/drag0n-php/main -I/Users/Ingwie/Work/drag0n-php -I/Users/Ingwie/Work/drag0n-php/ext/date/lib -I/Users/Ingwie/Work/drag0n-php/ext/ereg/regex -I/usr/include/libxml2 -I/usr/local/include -I/Users/Ingwie/Work/drag0n-php/ext/mbstring/oniguruma -I/Users/Ingwie/Work/drag0n-php/ext/mbstring/libmbfl -I/Users/Ingwie/Work/drag0n-php/ext/mbstring/libmbfl/mbfl -I/Users/Ingwie/Work/drag0n-php/ext/sqlite3/libsqlite -I/Users/Ingwie/Work/drag0n-php/ext/pthreads -I/usr/include/tidy -I/Users/Ingwie/Work/drag0n-php/ext/tokenizer/includes -I/usr/local/lib/wx/include/osx_cocoa-unicode-2.9 -I/usr/local/include/wx-2.9 -I/Users/Ingwie/Work/drag0n-php/TSRM -I/Users/Ingwie/Work/drag0n-php/Zend  -no-cpp-precomp  -I/usr/include -g -O2 -fvisibility=hidden -DZTS  -c /Users/Ingwie/Work/drag0n-php/ext/intl/formatter/formatter_parse.c -o ext/intl/formatter/formatter_parse.lo 
/bin/sh /Users/Ingwie/Work/drag0n-php/libtool --silent --preserve-dup-deps --mode=compile cc -I/usr/local/include  -Wno-write-strings -Iext/intl/ -I/Users/Ingwie/Work/drag0n-php/ext/intl/ -DPHP_ATOM_INC -I/Users/Ingwie/Work/drag0n-php/include -I/Users/Ingwie/Work/drag0n-php/main -I/Users/Ingwie/Work/drag0n-php -I/Users/Ingwie/Work/drag0n-php/ext/date/lib -I/Users/Ingwie/Work/drag0n-php/ext/ereg/regex -I/usr/include/libxml2 -I/usr/local/include -I/Users/Ingwie/Work/drag0n-php/ext/mbstring/oniguruma -I/Users/Ingwie/Work/drag0n-php/ext/mbstring/libmbfl -I/Users/Ingwie/Work/drag0n-php/ext/mbstring/libmbfl/mbfl -I/Users/Ingwie/Work/drag0n-php/ext/sqlite3/libsqlite -I/Users/Ingwie/Work/drag0n-php/ext/pthreads -I/usr/include/tidy -I/Users/Ingwie/Work/drag0n-php/ext/tokenizer/includes -I/usr/local/lib/wx/include/osx_cocoa-unicode-2.9 -I/usr/local/include/wx-2.9 -I/Users/Ingwie/Work/drag0n-php/TSRM -I/Users/Ingwie/Work/drag0n-php/Zend  -no-cpp-precomp  -I/usr/include -g -O2 -fvisibility=hidden -DZTS  -c /Users/Ingwie/Work/drag0n-php/ext/intl/normalizer/normalizer.c -o ext/intl/normalizer/normalizer.lo 
/bin/sh /Users/Ingwie/Work/drag0n-php/libtool --silent --preserve-dup-deps --mode=compile cc -I/usr/local/include  -Wno-write-strings -Iext/intl/ -I/Users/Ingwie/Work/drag0n-php/ext/intl/ -DPHP_ATOM_INC -I/Users/Ingwie/Work/drag0n-php/include -I/Users/Ingwie/Work/drag0n-php/main -I/Users/Ingwie/Work/drag0n-php -I/Users/Ingwie/Work/drag0n-php/ext/date/lib -I/Users/Ingwie/Work/drag0n-php/ext/ereg/regex -I/usr/include/libxml2 -I/usr/local/include -I/Users/Ingwie/Work/drag0n-php/ext/mbstring/oniguruma -I/Users/Ingwie/Work/drag0n-php/ext/mbstring/libmbfl -I/Users/Ingwie/Work/drag0n-php/ext/mbstring/libmbfl/mbfl -I/Users/Ingwie/Work/drag0n-php/ext/sqlite3/libsqlite -I/Users/Ingwie/Work/drag0n-php/ext/pthreads -I/usr/include/tidy -I/Users/Ingwie/Work/drag0n-php/ext/tokenizer/includes -I/usr/local/lib/wx/include/osx_cocoa-unicode-2.9 -I/usr/local/include/wx-2.9 -I/Users/Ingwie/Work/drag0n-php/TSRM -I/Users/Ingwie/Work/drag0n-php/Zend  -no-cpp-precomp  -I/usr/include -g -O2 -fvisibility=hidden -DZTS  -c /Users/Ingwie/Work/drag0n-php/ext/intl/normalizer/normalizer_class.c -o ext/intl/normalizer/normalizer_class.lo 
/bin/sh /Users/Ingwie/Work/drag0n-php/libtool --silent --preserve-dup-deps --mode=compile cc -I/usr/local/include  -Wno-write-strings -Iext/intl/ -I/Users/Ingwie/Work/drag0n-php/ext/intl/ -DPHP_ATOM_INC -I/Users/Ingwie/Work/drag0n-php/include -I/Users/Ingwie/Work/drag0n-php/main -I/Users/Ingwie/Work/drag0n-php -I/Users/Ingwie/Work/drag0n-php/ext/date/lib -I/Users/Ingwie/Work/drag0n-php/ext/ereg/regex -I/usr/include/libxml2 -I/usr/local/include -I/Users/Ingwie/Work/drag0n-php/ext/mbstring/oniguruma -I/Users/Ingwie/Work/drag0n-php/ext/mbstring/libmbfl -I/Users/Ingwie/Work/drag0n-php/ext/mbstring/libmbfl/mbfl -I/Users/Ingwie/Work/drag0n-php/ext/sqlite3/libsqlite -I/Users/Ingwie/Work/drag0n-php/ext/pthreads -I/usr/include/tidy -I/Users/Ingwie/Work/drag0n-php/ext/tokenizer/includes -I/usr/local/lib/wx/include/osx_cocoa-unicode-2.9 -I/usr/local/include/wx-2.9 -I/Users/Ingwie/Work/drag0n-php/TSRM -I/Users/Ingwie/Work/drag0n-php/Zend  -no-cpp-precomp  -I/usr/include -g -O2 -fvisibility=hidden -DZTS  -c /Users/Ingwie/Work/drag0n-php/ext/intl/normalizer/normalizer_normalize.c -o ext/intl/normalizer/normalizer_normalize.lo 
/bin/sh /Users/Ingwie/Work/drag0n-php/libtool --silent --preserve-dup-deps --mode=compile cc -I/usr/local/include  -Wno-write-strings -Iext/intl/ -I/Users/Ingwie/Work/drag0n-php/ext/intl/ -DPHP_ATOM_INC -I/Users/Ingwie/Work/drag0n-php/include -I/Users/Ingwie/Work/drag0n-php/main -I/Users/Ingwie/Work/drag0n-php -I/Users/Ingwie/Work/drag0n-php/ext/date/lib -I/Users/Ingwie/Work/drag0n-php/ext/ereg/regex -I/usr/include/libxml2 -I/usr/local/include -I/Users/Ingwie/Work/drag0n-php/ext/mbstring/oniguruma -I/Users/Ingwie/Work/drag0n-php/ext/mbstring/libmbfl -I/Users/Ingwie/Work/drag0n-php/ext/mbstring/libmbfl/mbfl -I/Users/Ingwie/Work/drag0n-php/ext/sqlite3/libsqlite -I/Users/Ingwie/Work/drag0n-php/ext/pthreads -I/usr/include/tidy -I/Users/Ingwie/Work/drag0n-php/ext/tokenizer/includes -I/usr/local/lib/wx/include/osx_cocoa-unicode-2.9 -I/usr/local/include/wx-2.9 -I/Users/Ingwie/Work/drag0n-php/TSRM -I/Users/Ingwie/Work/drag0n-php/Zend  -no-cpp-precomp  -I/usr/include -g -O2 -fvisibility=hidden -DZTS  -c /Users/Ingwie/Work/drag0n-php/ext/intl/locale/locale.c -o ext/intl/locale/locale.lo 
/bin/sh /Users/Ingwie/Work/drag0n-php/libtool --silent --preserve-dup-deps --mode=compile cc -I/usr/local/include  -Wno-write-strings -Iext/intl/ -I/Users/Ingwie/Work/drag0n-php/ext/intl/ -DPHP_ATOM_INC -I/Users/Ingwie/Work/drag0n-php/include -I/Users/Ingwie/Work/drag0n-php/main -I/Users/Ingwie/Work/drag0n-php -I/Users/Ingwie/Work/drag0n-php/ext/date/lib -I/Users/Ingwie/Work/drag0n-php/ext/ereg/regex -I/usr/include/libxml2 -I/usr/local/include -I/Users/Ingwie/Work/drag0n-php/ext/mbstring/oniguruma -I/Users/Ingwie/Work/drag0n-php/ext/mbstring/libmbfl -I/Users/Ingwie/Work/drag0n-php/ext/mbstring/libmbfl/mbfl -I/Users/Ingwie/Work/drag0n-php/ext/sqlite3/libsqlite -I/Users/Ingwie/Work/drag0n-php/ext/pthreads -I/usr/include/tidy -I/Users/Ingwie/Work/drag0n-php/ext/tokenizer/includes -I/usr/local/lib/wx/include/osx_cocoa-unicode-2.9 -I/usr/local/include/wx-2.9 -I/Users/Ingwie/Work/drag0n-php/TSRM -I/Users/Ingwie/Work/drag0n-php/Zend  -no-cpp-precomp  -I/usr/include -g -O2 -fvisibility=hidden -DZTS  -c /Users/Ingwie/Work/drag0n-php/ext/intl/locale/locale_class.c -o ext/intl/locale/locale_class.lo 
/bin/sh /Users/Ingwie/Work/drag0n-php/libtool --silent --preserve-dup-deps --mode=compile cc -I/usr/local/include  -Wno-write-strings -Iext/intl/ -I/Users/Ingwie/Work/drag0n-php/ext/intl/ -DPHP_ATOM_INC -I/Users/Ingwie/Work/drag0n-php/include -I/Users/Ingwie/Work/drag0n-php/main -I/Users/Ingwie/Work/drag0n-php -I/Users/Ingwie/Work/drag0n-php/ext/date/lib -I/Users/Ingwie/Work/drag0n-php/ext/ereg/regex -I/usr/include/libxml2 -I/usr/local/include -I/Users/Ingwie/Work/drag0n-php/ext/mbstring/oniguruma -I/Users/Ingwie/Work/drag0n-php/ext/mbstring/libmbfl -I/Users/Ingwie/Work/drag0n-php/ext/mbstring/libmbfl/mbfl -I/Users/Ingwie/Work/drag0n-php/ext/sqlite3/libsqlite -I/Users/Ingwie/Work/drag0n-php/ext/pthreads -I/usr/include/tidy -I/Users/Ingwie/Work/drag0n-php/ext/tokenizer/includes -I/usr/local/lib/wx/include/osx_cocoa-unicode-2.9 -I/usr/local/include/wx-2.9 -I/Users/Ingwie/Work/drag0n-php/TSRM -I/Users/Ingwie/Work/drag0n-php/Zend  -no-cpp-precomp  -I/usr/include -g -O2 -fvisibility=hidden -DZTS  -c /Users/Ingwie/Work/drag0n-php/ext/intl/locale/locale_methods.c -o ext/intl/locale/locale_methods.lo 
/Users/Ingwie/Work/drag0n-php/ext/intl/locale/locale_methods.c:393:12: warning: assigning to 'char *' from 'const char *' discards qualifiers [-Wincompatible-pointer-types]
                loc_name = intl_locale_get_default(TSRMLS_C);
                         ^ ~~~~~~~~~~~~~~~~~~~~~~~~~~~~~~~~~
/Users/Ingwie/Work/drag0n-php/ext/intl/locale/locale_methods.c:499:12: warning: assigning to 'char *' from 'const char *' discards qualifiers [-Wincompatible-pointer-types]
                loc_name = intl_locale_get_default(TSRMLS_C);
                         ^ ~~~~~~~~~~~~~~~~~~~~~~~~~~~~~~~~~
/Users/Ingwie/Work/drag0n-php/ext/intl/locale/locale_methods.c:693:18: warning: assigning to 'char *' from 'const char *' discards qualifiers [-Wincompatible-pointer-types]
        loc_name = intl_locale_get_default(TSRMLS_C);
                 ^ ~~~~~~~~~~~~~~~~~~~~~~~~~~~~~~~~~
/Users/Ingwie/Work/drag0n-php/ext/intl/locale/locale_methods.c:716:33: warning: implicit conversion from enumeration type 'ZEND_RESULT_CODE' to different enumeration type 'UErrorCode' (aka 'enum UErrorCode') [-Wenum-conversion]
                        intl_error_set( NULL, FAILURE, "locale_get_keywords: Error encountered while getting the keyword  value for the  keyword", 0 TSRMLS_CC );
                        ~~~~~~~~~~~~~~        ^~~~~~~
/Users/Ingwie/Work/drag0n-php/ext/intl/locale/locale_methods.c:1100:18: warning: assigning to 'char *' from 'const char *' discards qualifiers [-Wincompatible-pointer-types]
        loc_name = intl_locale_get_default(TSRMLS_C);
                 ^ ~~~~~~~~~~~~~~~~~~~~~~~~~~~~~~~~~
/Users/Ingwie/Work/drag0n-php/ext/intl/locale/locale_methods.c:1148:12: warning: assigning to 'char *' from 'const char *' discards qualifiers [-Wincompatible-pointer-types]
                loc_name = intl_locale_get_default(TSRMLS_C);
                         ^ ~~~~~~~~~~~~~~~~~~~~~~~~~~~~~~~~~
/Users/Ingwie/Work/drag0n-php/ext/intl/locale/locale_methods.c:1254:13: warning: assigning to 'char *' from 'const char *' discards qualifiers [-Wincompatible-pointer-types]
                loc_range = intl_locale_get_default(TSRMLS_C);
                          ^ ~~~~~~~~~~~~~~~~~~~~~~~~~~~~~~~~~
/Users/Ingwie/Work/drag0n-php/ext/intl/locale/locale_methods.c:1540:13: warning: assigning to 'char *' from 'const char *' discards qualifiers [-Wincompatible-pointer-types]
                loc_range = intl_locale_get_default(TSRMLS_C);
                          ^ ~~~~~~~~~~~~~~~~~~~~~~~~~~~~~~~~~
8 warnings generated.
/bin/sh /Users/Ingwie/Work/drag0n-php/libtool --silent --preserve-dup-deps --mode=compile cc -I/usr/local/include  -Wno-write-strings -Iext/intl/ -I/Users/Ingwie/Work/drag0n-php/ext/intl/ -DPHP_ATOM_INC -I/Users/Ingwie/Work/drag0n-php/include -I/Users/Ingwie/Work/drag0n-php/main -I/Users/Ingwie/Work/drag0n-php -I/Users/Ingwie/Work/drag0n-php/ext/date/lib -I/Users/Ingwie/Work/drag0n-php/ext/ereg/regex -I/usr/include/libxml2 -I/usr/local/include -I/Users/Ingwie/Work/drag0n-php/ext/mbstring/oniguruma -I/Users/Ingwie/Work/drag0n-php/ext/mbstring/libmbfl -I/Users/Ingwie/Work/drag0n-php/ext/mbstring/libmbfl/mbfl -I/Users/Ingwie/Work/drag0n-php/ext/sqlite3/libsqlite -I/Users/Ingwie/Work/drag0n-php/ext/pthreads -I/usr/include/tidy -I/Users/Ingwie/Work/drag0n-php/ext/tokenizer/includes -I/usr/local/lib/wx/include/osx_cocoa-unicode-2.9 -I/usr/local/include/wx-2.9 -I/Users/Ingwie/Work/drag0n-php/TSRM -I/Users/Ingwie/Work/drag0n-php/Zend  -no-cpp-precomp  -I/usr/include -g -O2 -fvisibility=hidden -DZTS  -c /Users/Ingwie/Work/drag0n-php/ext/intl/dateformat/dateformat.c -o ext/intl/dateformat/dateformat.lo 
/bin/sh /Users/Ingwie/Work/drag0n-php/libtool --silent --preserve-dup-deps --mode=compile cc -I/usr/local/include  -Wno-write-strings -Iext/intl/ -I/Users/Ingwie/Work/drag0n-php/ext/intl/ -DPHP_ATOM_INC -I/Users/Ingwie/Work/drag0n-php/include -I/Users/Ingwie/Work/drag0n-php/main -I/Users/Ingwie/Work/drag0n-php -I/Users/Ingwie/Work/drag0n-php/ext/date/lib -I/Users/Ingwie/Work/drag0n-php/ext/ereg/regex -I/usr/include/libxml2 -I/usr/local/include -I/Users/Ingwie/Work/drag0n-php/ext/mbstring/oniguruma -I/Users/Ingwie/Work/drag0n-php/ext/mbstring/libmbfl -I/Users/Ingwie/Work/drag0n-php/ext/mbstring/libmbfl/mbfl -I/Users/Ingwie/Work/drag0n-php/ext/sqlite3/libsqlite -I/Users/Ingwie/Work/drag0n-php/ext/pthreads -I/usr/include/tidy -I/Users/Ingwie/Work/drag0n-php/ext/tokenizer/includes -I/usr/local/lib/wx/include/osx_cocoa-unicode-2.9 -I/usr/local/include/wx-2.9 -I/Users/Ingwie/Work/drag0n-php/TSRM -I/Users/Ingwie/Work/drag0n-php/Zend  -no-cpp-precomp  -I/usr/include -g -O2 -fvisibility=hidden -DZTS  -c /Users/Ingwie/Work/drag0n-php/ext/intl/dateformat/dateformat_class.c -o ext/intl/dateformat/dateformat_class.lo 
/bin/sh /Users/Ingwie/Work/drag0n-php/libtool --silent --preserve-dup-deps --mode=compile cc -I/usr/local/include  -Wno-write-strings -Iext/intl/ -I/Users/Ingwie/Work/drag0n-php/ext/intl/ -DPHP_ATOM_INC -I/Users/Ingwie/Work/drag0n-php/include -I/Users/Ingwie/Work/drag0n-php/main -I/Users/Ingwie/Work/drag0n-php -I/Users/Ingwie/Work/drag0n-php/ext/date/lib -I/Users/Ingwie/Work/drag0n-php/ext/ereg/regex -I/usr/include/libxml2 -I/usr/local/include -I/Users/Ingwie/Work/drag0n-php/ext/mbstring/oniguruma -I/Users/Ingwie/Work/drag0n-php/ext/mbstring/libmbfl -I/Users/Ingwie/Work/drag0n-php/ext/mbstring/libmbfl/mbfl -I/Users/Ingwie/Work/drag0n-php/ext/sqlite3/libsqlite -I/Users/Ingwie/Work/drag0n-php/ext/pthreads -I/usr/include/tidy -I/Users/Ingwie/Work/drag0n-php/ext/tokenizer/includes -I/usr/local/lib/wx/include/osx_cocoa-unicode-2.9 -I/usr/local/include/wx-2.9 -I/Users/Ingwie/Work/drag0n-php/TSRM -I/Users/Ingwie/Work/drag0n-php/Zend  -no-cpp-precomp  -I/usr/include -g -O2 -fvisibility=hidden -DZTS  -c /Users/Ingwie/Work/drag0n-php/ext/intl/dateformat/dateformat_attr.c -o ext/intl/dateformat/dateformat_attr.lo 
/bin/sh /Users/Ingwie/Work/drag0n-php/libtool --silent --preserve-dup-deps --mode=compile cc -I/usr/local/include  -Wno-write-strings -Iext/intl/ -I/Users/Ingwie/Work/drag0n-php/ext/intl/ -DPHP_ATOM_INC -I/Users/Ingwie/Work/drag0n-php/include -I/Users/Ingwie/Work/drag0n-php/main -I/Users/Ingwie/Work/drag0n-php -I/Users/Ingwie/Work/drag0n-php/ext/date/lib -I/Users/Ingwie/Work/drag0n-php/ext/ereg/regex -I/usr/include/libxml2 -I/usr/local/include -I/Users/Ingwie/Work/drag0n-php/ext/mbstring/oniguruma -I/Users/Ingwie/Work/drag0n-php/ext/mbstring/libmbfl -I/Users/Ingwie/Work/drag0n-php/ext/mbstring/libmbfl/mbfl -I/Users/Ingwie/Work/drag0n-php/ext/sqlite3/libsqlite -I/Users/Ingwie/Work/drag0n-php/ext/pthreads -I/usr/include/tidy -I/Users/Ingwie/Work/drag0n-php/ext/tokenizer/includes -I/usr/local/lib/wx/include/osx_cocoa-unicode-2.9 -I/usr/local/include/wx-2.9 -I/Users/Ingwie/Work/drag0n-php/TSRM -I/Users/Ingwie/Work/drag0n-php/Zend  -no-cpp-precomp  -I/usr/include -g -O2 -fvisibility=hidden -DZTS  -c /Users/Ingwie/Work/drag0n-php/ext/intl/dateformat/dateformat_data.c -o ext/intl/dateformat/dateformat_data.lo 
/bin/sh /Users/Ingwie/Work/drag0n-php/libtool --silent --preserve-dup-deps --mode=compile cc -I/usr/local/include  -Wno-write-strings -Iext/intl/ -I/Users/Ingwie/Work/drag0n-php/ext/intl/ -DPHP_ATOM_INC -I/Users/Ingwie/Work/drag0n-php/include -I/Users/Ingwie/Work/drag0n-php/main -I/Users/Ingwie/Work/drag0n-php -I/Users/Ingwie/Work/drag0n-php/ext/date/lib -I/Users/Ingwie/Work/drag0n-php/ext/ereg/regex -I/usr/include/libxml2 -I/usr/local/include -I/Users/Ingwie/Work/drag0n-php/ext/mbstring/oniguruma -I/Users/Ingwie/Work/drag0n-php/ext/mbstring/libmbfl -I/Users/Ingwie/Work/drag0n-php/ext/mbstring/libmbfl/mbfl -I/Users/Ingwie/Work/drag0n-php/ext/sqlite3/libsqlite -I/Users/Ingwie/Work/drag0n-php/ext/pthreads -I/usr/include/tidy -I/Users/Ingwie/Work/drag0n-php/ext/tokenizer/includes -I/usr/local/lib/wx/include/osx_cocoa-unicode-2.9 -I/usr/local/include/wx-2.9 -I/Users/Ingwie/Work/drag0n-php/TSRM -I/Users/Ingwie/Work/drag0n-php/Zend  -no-cpp-precomp  -I/usr/include -g -O2 -fvisibility=hidden -DZTS  -c /Users/Ingwie/Work/drag0n-php/ext/intl/dateformat/dateformat_format.c -o ext/intl/dateformat/dateformat_format.lo 
/bin/sh /Users/Ingwie/Work/drag0n-php/libtool --silent --preserve-dup-deps --mode=compile g++ -I/usr/local/include  -Wno-write-strings -Iext/intl/ -I/Users/Ingwie/Work/drag0n-php/ext/intl/ -DPHP_ATOM_INC -I/Users/Ingwie/Work/drag0n-php/include -I/Users/Ingwie/Work/drag0n-php/main -I/Users/Ingwie/Work/drag0n-php -I/Users/Ingwie/Work/drag0n-php/ext/date/lib -I/Users/Ingwie/Work/drag0n-php/ext/ereg/regex -I/usr/include/libxml2 -I/usr/local/include -I/Users/Ingwie/Work/drag0n-php/ext/mbstring/oniguruma -I/Users/Ingwie/Work/drag0n-php/ext/mbstring/libmbfl -I/Users/Ingwie/Work/drag0n-php/ext/mbstring/libmbfl/mbfl -I/Users/Ingwie/Work/drag0n-php/ext/sqlite3/libsqlite -I/Users/Ingwie/Work/drag0n-php/ext/pthreads -I/usr/include/tidy -I/Users/Ingwie/Work/drag0n-php/ext/tokenizer/includes -I/usr/local/lib/wx/include/osx_cocoa-unicode-2.9 -I/usr/local/include/wx-2.9 -I/Users/Ingwie/Work/drag0n-php/TSRM -I/Users/Ingwie/Work/drag0n-php/Zend  -no-cpp-precomp  -g -O2 -I/Users/Ingwie/Work/drag0n-php/ext/tokenizer/includes -I/usr/local/lib/wx/include/osx_cocoa-unicode-2.9 -I/usr/local/include/wx-2.9 -D_FILE_OFFSET_BITS=64 -DWXUSINGDLL -D__WXMAC__ -D__WXOSX__ -D__WXOSX_COCOA__  -c /Users/Ingwie/Work/drag0n-php/ext/intl/dateformat/dateformat_format_object.cpp -o ext/intl/dateformat/dateformat_format_object.lo 
/bin/sh /Users/Ingwie/Work/drag0n-php/libtool --silent --preserve-dup-deps --mode=compile cc -I/usr/local/include  -Wno-write-strings -Iext/intl/ -I/Users/Ingwie/Work/drag0n-php/ext/intl/ -DPHP_ATOM_INC -I/Users/Ingwie/Work/drag0n-php/include -I/Users/Ingwie/Work/drag0n-php/main -I/Users/Ingwie/Work/drag0n-php -I/Users/Ingwie/Work/drag0n-php/ext/date/lib -I/Users/Ingwie/Work/drag0n-php/ext/ereg/regex -I/usr/include/libxml2 -I/usr/local/include -I/Users/Ingwie/Work/drag0n-php/ext/mbstring/oniguruma -I/Users/Ingwie/Work/drag0n-php/ext/mbstring/libmbfl -I/Users/Ingwie/Work/drag0n-php/ext/mbstring/libmbfl/mbfl -I/Users/Ingwie/Work/drag0n-php/ext/sqlite3/libsqlite -I/Users/Ingwie/Work/drag0n-php/ext/pthreads -I/usr/include/tidy -I/Users/Ingwie/Work/drag0n-php/ext/tokenizer/includes -I/usr/local/lib/wx/include/osx_cocoa-unicode-2.9 -I/usr/local/include/wx-2.9 -I/Users/Ingwie/Work/drag0n-php/TSRM -I/Users/Ingwie/Work/drag0n-php/Zend  -no-cpp-precomp  -I/usr/include -g -O2 -fvisibility=hidden -DZTS  -c /Users/Ingwie/Work/drag0n-php/ext/intl/dateformat/dateformat_parse.c -o ext/intl/dateformat/dateformat_parse.lo 
/Users/Ingwie/Work/drag0n-php/ext/intl/dateformat/dateformat_parse.c:95:18: warning: assigning to 'UCalendar *' (aka 'void **') from 'const UCalendar *' (aka 'void *const *') discards qualifiers [-Wincompatible-pointer-types]
        parsed_calendar = udat_getCalendar(DATE_FORMAT_OBJECT(dfo));
                        ^ ~~~~~~~~~~~~~~~~~~~~~~~~~~~~~~~~~~~~~~~~~
1 warning generated.
/bin/sh /Users/Ingwie/Work/drag0n-php/libtool --silent --preserve-dup-deps --mode=compile g++ -I/usr/local/include  -Wno-write-strings -Iext/intl/ -I/Users/Ingwie/Work/drag0n-php/ext/intl/ -DPHP_ATOM_INC -I/Users/Ingwie/Work/drag0n-php/include -I/Users/Ingwie/Work/drag0n-php/main -I/Users/Ingwie/Work/drag0n-php -I/Users/Ingwie/Work/drag0n-php/ext/date/lib -I/Users/Ingwie/Work/drag0n-php/ext/ereg/regex -I/usr/include/libxml2 -I/usr/local/include -I/Users/Ingwie/Work/drag0n-php/ext/mbstring/oniguruma -I/Users/Ingwie/Work/drag0n-php/ext/mbstring/libmbfl -I/Users/Ingwie/Work/drag0n-php/ext/mbstring/libmbfl/mbfl -I/Users/Ingwie/Work/drag0n-php/ext/sqlite3/libsqlite -I/Users/Ingwie/Work/drag0n-php/ext/pthreads -I/usr/include/tidy -I/Users/Ingwie/Work/drag0n-php/ext/tokenizer/includes -I/usr/local/lib/wx/include/osx_cocoa-unicode-2.9 -I/usr/local/include/wx-2.9 -I/Users/Ingwie/Work/drag0n-php/TSRM -I/Users/Ingwie/Work/drag0n-php/Zend  -no-cpp-precomp  -g -O2 -I/Users/Ingwie/Work/drag0n-php/ext/tokenizer/includes -I/usr/local/lib/wx/include/osx_cocoa-unicode-2.9 -I/usr/local/include/wx-2.9 -D_FILE_OFFSET_BITS=64 -DWXUSINGDLL -D__WXMAC__ -D__WXOSX__ -D__WXOSX_COCOA__  -c /Users/Ingwie/Work/drag0n-php/ext/intl/dateformat/dateformat_create.cpp -o ext/intl/dateformat/dateformat_create.lo 
/bin/sh /Users/Ingwie/Work/drag0n-php/libtool --silent --preserve-dup-deps --mode=compile g++ -I/usr/local/include  -Wno-write-strings -Iext/intl/ -I/Users/Ingwie/Work/drag0n-php/ext/intl/ -DPHP_ATOM_INC -I/Users/Ingwie/Work/drag0n-php/include -I/Users/Ingwie/Work/drag0n-php/main -I/Users/Ingwie/Work/drag0n-php -I/Users/Ingwie/Work/drag0n-php/ext/date/lib -I/Users/Ingwie/Work/drag0n-php/ext/ereg/regex -I/usr/include/libxml2 -I/usr/local/include -I/Users/Ingwie/Work/drag0n-php/ext/mbstring/oniguruma -I/Users/Ingwie/Work/drag0n-php/ext/mbstring/libmbfl -I/Users/Ingwie/Work/drag0n-php/ext/mbstring/libmbfl/mbfl -I/Users/Ingwie/Work/drag0n-php/ext/sqlite3/libsqlite -I/Users/Ingwie/Work/drag0n-php/ext/pthreads -I/usr/include/tidy -I/Users/Ingwie/Work/drag0n-php/ext/tokenizer/includes -I/usr/local/lib/wx/include/osx_cocoa-unicode-2.9 -I/usr/local/include/wx-2.9 -I/Users/Ingwie/Work/drag0n-php/TSRM -I/Users/Ingwie/Work/drag0n-php/Zend  -no-cpp-precomp  -g -O2 -I/Users/Ingwie/Work/drag0n-php/ext/tokenizer/includes -I/usr/local/lib/wx/include/osx_cocoa-unicode-2.9 -I/usr/local/include/wx-2.9 -D_FILE_OFFSET_BITS=64 -DWXUSINGDLL -D__WXMAC__ -D__WXOSX__ -D__WXOSX_COCOA__  -c /Users/Ingwie/Work/drag0n-php/ext/intl/dateformat/dateformat_attrcpp.cpp -o ext/intl/dateformat/dateformat_attrcpp.lo 
/bin/sh /Users/Ingwie/Work/drag0n-php/libtool --silent --preserve-dup-deps --mode=compile g++ -I/usr/local/include  -Wno-write-strings -Iext/intl/ -I/Users/Ingwie/Work/drag0n-php/ext/intl/ -DPHP_ATOM_INC -I/Users/Ingwie/Work/drag0n-php/include -I/Users/Ingwie/Work/drag0n-php/main -I/Users/Ingwie/Work/drag0n-php -I/Users/Ingwie/Work/drag0n-php/ext/date/lib -I/Users/Ingwie/Work/drag0n-php/ext/ereg/regex -I/usr/include/libxml2 -I/usr/local/include -I/Users/Ingwie/Work/drag0n-php/ext/mbstring/oniguruma -I/Users/Ingwie/Work/drag0n-php/ext/mbstring/libmbfl -I/Users/Ingwie/Work/drag0n-php/ext/mbstring/libmbfl/mbfl -I/Users/Ingwie/Work/drag0n-php/ext/sqlite3/libsqlite -I/Users/Ingwie/Work/drag0n-php/ext/pthreads -I/usr/include/tidy -I/Users/Ingwie/Work/drag0n-php/ext/tokenizer/includes -I/usr/local/lib/wx/include/osx_cocoa-unicode-2.9 -I/usr/local/include/wx-2.9 -I/Users/Ingwie/Work/drag0n-php/TSRM -I/Users/Ingwie/Work/drag0n-php/Zend  -no-cpp-precomp  -g -O2 -I/Users/Ingwie/Work/drag0n-php/ext/tokenizer/includes -I/usr/local/lib/wx/include/osx_cocoa-unicode-2.9 -I/usr/local/include/wx-2.9 -D_FILE_OFFSET_BITS=64 -DWXUSINGDLL -D__WXMAC__ -D__WXOSX__ -D__WXOSX_COCOA__  -c /Users/Ingwie/Work/drag0n-php/ext/intl/dateformat/dateformat_helpers.cpp -o ext/intl/dateformat/dateformat_helpers.lo 
/bin/sh /Users/Ingwie/Work/drag0n-php/libtool --silent --preserve-dup-deps --mode=compile cc -I/usr/local/include  -Wno-write-strings -Iext/intl/ -I/Users/Ingwie/Work/drag0n-php/ext/intl/ -DPHP_ATOM_INC -I/Users/Ingwie/Work/drag0n-php/include -I/Users/Ingwie/Work/drag0n-php/main -I/Users/Ingwie/Work/drag0n-php -I/Users/Ingwie/Work/drag0n-php/ext/date/lib -I/Users/Ingwie/Work/drag0n-php/ext/ereg/regex -I/usr/include/libxml2 -I/usr/local/include -I/Users/Ingwie/Work/drag0n-php/ext/mbstring/oniguruma -I/Users/Ingwie/Work/drag0n-php/ext/mbstring/libmbfl -I/Users/Ingwie/Work/drag0n-php/ext/mbstring/libmbfl/mbfl -I/Users/Ingwie/Work/drag0n-php/ext/sqlite3/libsqlite -I/Users/Ingwie/Work/drag0n-php/ext/pthreads -I/usr/include/tidy -I/Users/Ingwie/Work/drag0n-php/ext/tokenizer/includes -I/usr/local/lib/wx/include/osx_cocoa-unicode-2.9 -I/usr/local/include/wx-2.9 -I/Users/Ingwie/Work/drag0n-php/TSRM -I/Users/Ingwie/Work/drag0n-php/Zend  -no-cpp-precomp  -I/usr/include -g -O2 -fvisibility=hidden -DZTS  -c /Users/Ingwie/Work/drag0n-php/ext/intl/msgformat/msgformat.c -o ext/intl/msgformat/msgformat.lo 
/Users/Ingwie/Work/drag0n-php/ext/intl/msgformat/msgformat.c:64:10: warning: assigning to 'char *' from 'const char *' discards qualifiers [-Wincompatible-pointer-types]
                locale = intl_locale_get_default(TSRMLS_C);
                       ^ ~~~~~~~~~~~~~~~~~~~~~~~~~~~~~~~~~
1 warning generated.
/bin/sh /Users/Ingwie/Work/drag0n-php/libtool --silent --preserve-dup-deps --mode=compile cc -I/usr/local/include  -Wno-write-strings -Iext/intl/ -I/Users/Ingwie/Work/drag0n-php/ext/intl/ -DPHP_ATOM_INC -I/Users/Ingwie/Work/drag0n-php/include -I/Users/Ingwie/Work/drag0n-php/main -I/Users/Ingwie/Work/drag0n-php -I/Users/Ingwie/Work/drag0n-php/ext/date/lib -I/Users/Ingwie/Work/drag0n-php/ext/ereg/regex -I/usr/include/libxml2 -I/usr/local/include -I/Users/Ingwie/Work/drag0n-php/ext/mbstring/oniguruma -I/Users/Ingwie/Work/drag0n-php/ext/mbstring/libmbfl -I/Users/Ingwie/Work/drag0n-php/ext/mbstring/libmbfl/mbfl -I/Users/Ingwie/Work/drag0n-php/ext/sqlite3/libsqlite -I/Users/Ingwie/Work/drag0n-php/ext/pthreads -I/usr/include/tidy -I/Users/Ingwie/Work/drag0n-php/ext/tokenizer/includes -I/usr/local/lib/wx/include/osx_cocoa-unicode-2.9 -I/usr/local/include/wx-2.9 -I/Users/Ingwie/Work/drag0n-php/TSRM -I/Users/Ingwie/Work/drag0n-php/Zend  -no-cpp-precomp  -I/usr/include -g -O2 -fvisibility=hidden -DZTS  -c /Users/Ingwie/Work/drag0n-php/ext/intl/msgformat/msgformat_attr.c -o ext/intl/msgformat/msgformat_attr.lo 
/bin/sh /Users/Ingwie/Work/drag0n-php/libtool --silent --preserve-dup-deps --mode=compile cc -I/usr/local/include  -Wno-write-strings -Iext/intl/ -I/Users/Ingwie/Work/drag0n-php/ext/intl/ -DPHP_ATOM_INC -I/Users/Ingwie/Work/drag0n-php/include -I/Users/Ingwie/Work/drag0n-php/main -I/Users/Ingwie/Work/drag0n-php -I/Users/Ingwie/Work/drag0n-php/ext/date/lib -I/Users/Ingwie/Work/drag0n-php/ext/ereg/regex -I/usr/include/libxml2 -I/usr/local/include -I/Users/Ingwie/Work/drag0n-php/ext/mbstring/oniguruma -I/Users/Ingwie/Work/drag0n-php/ext/mbstring/libmbfl -I/Users/Ingwie/Work/drag0n-php/ext/mbstring/libmbfl/mbfl -I/Users/Ingwie/Work/drag0n-php/ext/sqlite3/libsqlite -I/Users/Ingwie/Work/drag0n-php/ext/pthreads -I/usr/include/tidy -I/Users/Ingwie/Work/drag0n-php/ext/tokenizer/includes -I/usr/local/lib/wx/include/osx_cocoa-unicode-2.9 -I/usr/local/include/wx-2.9 -I/Users/Ingwie/Work/drag0n-php/TSRM -I/Users/Ingwie/Work/drag0n-php/Zend  -no-cpp-precomp  -I/usr/include -g -O2 -fvisibility=hidden -DZTS  -c /Users/Ingwie/Work/drag0n-php/ext/intl/msgformat/msgformat_class.c -o ext/intl/msgformat/msgformat_class.lo 
/bin/sh /Users/Ingwie/Work/drag0n-php/libtool --silent --preserve-dup-deps --mode=compile cc -I/usr/local/include  -Wno-write-strings -Iext/intl/ -I/Users/Ingwie/Work/drag0n-php/ext/intl/ -DPHP_ATOM_INC -I/Users/Ingwie/Work/drag0n-php/include -I/Users/Ingwie/Work/drag0n-php/main -I/Users/Ingwie/Work/drag0n-php -I/Users/Ingwie/Work/drag0n-php/ext/date/lib -I/Users/Ingwie/Work/drag0n-php/ext/ereg/regex -I/usr/include/libxml2 -I/usr/local/include -I/Users/Ingwie/Work/drag0n-php/ext/mbstring/oniguruma -I/Users/Ingwie/Work/drag0n-php/ext/mbstring/libmbfl -I/Users/Ingwie/Work/drag0n-php/ext/mbstring/libmbfl/mbfl -I/Users/Ingwie/Work/drag0n-php/ext/sqlite3/libsqlite -I/Users/Ingwie/Work/drag0n-php/ext/pthreads -I/usr/include/tidy -I/Users/Ingwie/Work/drag0n-php/ext/tokenizer/includes -I/usr/local/lib/wx/include/osx_cocoa-unicode-2.9 -I/usr/local/include/wx-2.9 -I/Users/Ingwie/Work/drag0n-php/TSRM -I/Users/Ingwie/Work/drag0n-php/Zend  -no-cpp-precomp  -I/usr/include -g -O2 -fvisibility=hidden -DZTS  -c /Users/Ingwie/Work/drag0n-php/ext/intl/msgformat/msgformat_data.c -o ext/intl/msgformat/msgformat_data.lo 
/bin/sh /Users/Ingwie/Work/drag0n-php/libtool --silent --preserve-dup-deps --mode=compile cc -I/usr/local/include  -Wno-write-strings -Iext/intl/ -I/Users/Ingwie/Work/drag0n-php/ext/intl/ -DPHP_ATOM_INC -I/Users/Ingwie/Work/drag0n-php/include -I/Users/Ingwie/Work/drag0n-php/main -I/Users/Ingwie/Work/drag0n-php -I/Users/Ingwie/Work/drag0n-php/ext/date/lib -I/Users/Ingwie/Work/drag0n-php/ext/ereg/regex -I/usr/include/libxml2 -I/usr/local/include -I/Users/Ingwie/Work/drag0n-php/ext/mbstring/oniguruma -I/Users/Ingwie/Work/drag0n-php/ext/mbstring/libmbfl -I/Users/Ingwie/Work/drag0n-php/ext/mbstring/libmbfl/mbfl -I/Users/Ingwie/Work/drag0n-php/ext/sqlite3/libsqlite -I/Users/Ingwie/Work/drag0n-php/ext/pthreads -I/usr/include/tidy -I/Users/Ingwie/Work/drag0n-php/ext/tokenizer/includes -I/usr/local/lib/wx/include/osx_cocoa-unicode-2.9 -I/usr/local/include/wx-2.9 -I/Users/Ingwie/Work/drag0n-php/TSRM -I/Users/Ingwie/Work/drag0n-php/Zend  -no-cpp-precomp  -I/usr/include -g -O2 -fvisibility=hidden -DZTS  -c /Users/Ingwie/Work/drag0n-php/ext/intl/msgformat/msgformat_format.c -o ext/intl/msgformat/msgformat_format.lo 
/Users/Ingwie/Work/drag0n-php/ext/intl/msgformat/msgformat_format.c:137:11: warning: assigning to 'char *' from 'const char *' discards qualifiers [-Wincompatible-pointer-types]
                slocale = intl_locale_get_default(TSRMLS_C);
                        ^ ~~~~~~~~~~~~~~~~~~~~~~~~~~~~~~~~~
1 warning generated.
/bin/sh /Users/Ingwie/Work/drag0n-php/libtool --silent --preserve-dup-deps --mode=compile g++ -I/usr/local/include  -Wno-write-strings -Iext/intl/ -I/Users/Ingwie/Work/drag0n-php/ext/intl/ -DPHP_ATOM_INC -I/Users/Ingwie/Work/drag0n-php/include -I/Users/Ingwie/Work/drag0n-php/main -I/Users/Ingwie/Work/drag0n-php -I/Users/Ingwie/Work/drag0n-php/ext/date/lib -I/Users/Ingwie/Work/drag0n-php/ext/ereg/regex -I/usr/include/libxml2 -I/usr/local/include -I/Users/Ingwie/Work/drag0n-php/ext/mbstring/oniguruma -I/Users/Ingwie/Work/drag0n-php/ext/mbstring/libmbfl -I/Users/Ingwie/Work/drag0n-php/ext/mbstring/libmbfl/mbfl -I/Users/Ingwie/Work/drag0n-php/ext/sqlite3/libsqlite -I/Users/Ingwie/Work/drag0n-php/ext/pthreads -I/usr/include/tidy -I/Users/Ingwie/Work/drag0n-php/ext/tokenizer/includes -I/usr/local/lib/wx/include/osx_cocoa-unicode-2.9 -I/usr/local/include/wx-2.9 -I/Users/Ingwie/Work/drag0n-php/TSRM -I/Users/Ingwie/Work/drag0n-php/Zend  -no-cpp-precomp  -g -O2 -I/Users/Ingwie/Work/drag0n-php/ext/tokenizer/includes -I/usr/local/lib/wx/include/osx_cocoa-unicode-2.9 -I/usr/local/include/wx-2.9 -D_FILE_OFFSET_BITS=64 -DWXUSINGDLL -D__WXMAC__ -D__WXOSX__ -D__WXOSX_COCOA__  -c /Users/Ingwie/Work/drag0n-php/ext/intl/msgformat/msgformat_helpers.cpp -o ext/intl/msgformat/msgformat_helpers.lo 
/bin/sh /Users/Ingwie/Work/drag0n-php/libtool --silent --preserve-dup-deps --mode=compile cc -I/usr/local/include  -Wno-write-strings -Iext/intl/ -I/Users/Ingwie/Work/drag0n-php/ext/intl/ -DPHP_ATOM_INC -I/Users/Ingwie/Work/drag0n-php/include -I/Users/Ingwie/Work/drag0n-php/main -I/Users/Ingwie/Work/drag0n-php -I/Users/Ingwie/Work/drag0n-php/ext/date/lib -I/Users/Ingwie/Work/drag0n-php/ext/ereg/regex -I/usr/include/libxml2 -I/usr/local/include -I/Users/Ingwie/Work/drag0n-php/ext/mbstring/oniguruma -I/Users/Ingwie/Work/drag0n-php/ext/mbstring/libmbfl -I/Users/Ingwie/Work/drag0n-php/ext/mbstring/libmbfl/mbfl -I/Users/Ingwie/Work/drag0n-php/ext/sqlite3/libsqlite -I/Users/Ingwie/Work/drag0n-php/ext/pthreads -I/usr/include/tidy -I/Users/Ingwie/Work/drag0n-php/ext/tokenizer/includes -I/usr/local/lib/wx/include/osx_cocoa-unicode-2.9 -I/usr/local/include/wx-2.9 -I/Users/Ingwie/Work/drag0n-php/TSRM -I/Users/Ingwie/Work/drag0n-php/Zend  -no-cpp-precomp  -I/usr/include -g -O2 -fvisibility=hidden -DZTS  -c /Users/Ingwie/Work/drag0n-php/ext/intl/msgformat/msgformat_parse.c -o ext/intl/msgformat/msgformat_parse.lo 
/Users/Ingwie/Work/drag0n-php/ext/intl/msgformat/msgformat_parse.c:129:11: warning: assigning to 'char *' from 'const char *' discards qualifiers [-Wincompatible-pointer-types]
                slocale = intl_locale_get_default(TSRMLS_C);
                        ^ ~~~~~~~~~~~~~~~~~~~~~~~~~~~~~~~~~
1 warning generated.
/bin/sh /Users/Ingwie/Work/drag0n-php/libtool --silent --preserve-dup-deps --mode=compile cc -I/usr/local/include  -Wno-write-strings -Iext/intl/ -I/Users/Ingwie/Work/drag0n-php/ext/intl/ -DPHP_ATOM_INC -I/Users/Ingwie/Work/drag0n-php/include -I/Users/Ingwie/Work/drag0n-php/main -I/Users/Ingwie/Work/drag0n-php -I/Users/Ingwie/Work/drag0n-php/ext/date/lib -I/Users/Ingwie/Work/drag0n-php/ext/ereg/regex -I/usr/include/libxml2 -I/usr/local/include -I/Users/Ingwie/Work/drag0n-php/ext/mbstring/oniguruma -I/Users/Ingwie/Work/drag0n-php/ext/mbstring/libmbfl -I/Users/Ingwie/Work/drag0n-php/ext/mbstring/libmbfl/mbfl -I/Users/Ingwie/Work/drag0n-php/ext/sqlite3/libsqlite -I/Users/Ingwie/Work/drag0n-php/ext/pthreads -I/usr/include/tidy -I/Users/Ingwie/Work/drag0n-php/ext/tokenizer/includes -I/usr/local/lib/wx/include/osx_cocoa-unicode-2.9 -I/usr/local/include/wx-2.9 -I/Users/Ingwie/Work/drag0n-php/TSRM -I/Users/Ingwie/Work/drag0n-php/Zend  -no-cpp-precomp  -I/usr/include -g -O2 -fvisibility=hidden -DZTS  -c /Users/Ingwie/Work/drag0n-php/ext/intl/grapheme/grapheme_string.c -o ext/intl/grapheme/grapheme_string.lo 
/bin/sh /Users/Ingwie/Work/drag0n-php/libtool --silent --preserve-dup-deps --mode=compile cc -I/usr/local/include  -Wno-write-strings -Iext/intl/ -I/Users/Ingwie/Work/drag0n-php/ext/intl/ -DPHP_ATOM_INC -I/Users/Ingwie/Work/drag0n-php/include -I/Users/Ingwie/Work/drag0n-php/main -I/Users/Ingwie/Work/drag0n-php -I/Users/Ingwie/Work/drag0n-php/ext/date/lib -I/Users/Ingwie/Work/drag0n-php/ext/ereg/regex -I/usr/include/libxml2 -I/usr/local/include -I/Users/Ingwie/Work/drag0n-php/ext/mbstring/oniguruma -I/Users/Ingwie/Work/drag0n-php/ext/mbstring/libmbfl -I/Users/Ingwie/Work/drag0n-php/ext/mbstring/libmbfl/mbfl -I/Users/Ingwie/Work/drag0n-php/ext/sqlite3/libsqlite -I/Users/Ingwie/Work/drag0n-php/ext/pthreads -I/usr/include/tidy -I/Users/Ingwie/Work/drag0n-php/ext/tokenizer/includes -I/usr/local/lib/wx/include/osx_cocoa-unicode-2.9 -I/usr/local/include/wx-2.9 -I/Users/Ingwie/Work/drag0n-php/TSRM -I/Users/Ingwie/Work/drag0n-php/Zend  -no-cpp-precomp  -I/usr/include -g -O2 -fvisibility=hidden -DZTS  -c /Users/Ingwie/Work/drag0n-php/ext/intl/grapheme/grapheme_util.c -o ext/intl/grapheme/grapheme_util.lo 
/bin/sh /Users/Ingwie/Work/drag0n-php/libtool --silent --preserve-dup-deps --mode=compile cc -I/usr/local/include  -Wno-write-strings -Iext/intl/ -I/Users/Ingwie/Work/drag0n-php/ext/intl/ -DPHP_ATOM_INC -I/Users/Ingwie/Work/drag0n-php/include -I/Users/Ingwie/Work/drag0n-php/main -I/Users/Ingwie/Work/drag0n-php -I/Users/Ingwie/Work/drag0n-php/ext/date/lib -I/Users/Ingwie/Work/drag0n-php/ext/ereg/regex -I/usr/include/libxml2 -I/usr/local/include -I/Users/Ingwie/Work/drag0n-php/ext/mbstring/oniguruma -I/Users/Ingwie/Work/drag0n-php/ext/mbstring/libmbfl -I/Users/Ingwie/Work/drag0n-php/ext/mbstring/libmbfl/mbfl -I/Users/Ingwie/Work/drag0n-php/ext/sqlite3/libsqlite -I/Users/Ingwie/Work/drag0n-php/ext/pthreads -I/usr/include/tidy -I/Users/Ingwie/Work/drag0n-php/ext/tokenizer/includes -I/usr/local/lib/wx/include/osx_cocoa-unicode-2.9 -I/usr/local/include/wx-2.9 -I/Users/Ingwie/Work/drag0n-php/TSRM -I/Users/Ingwie/Work/drag0n-php/Zend  -no-cpp-precomp  -I/usr/include -g -O2 -fvisibility=hidden -DZTS  -c /Users/Ingwie/Work/drag0n-php/ext/intl/resourcebundle/resourcebundle.c -o ext/intl/resourcebundle/resourcebundle.lo 
/Users/Ingwie/Work/drag0n-php/ext/intl/resourcebundle/resourcebundle.c:44:4: warning: passing 'const UChar *' (aka 'const unsigned short *') to parameter of type 'void *' discards qualifiers [-Wincompatible-pointer-types]
                        INTL_METHOD_RETVAL_UTF8(source, ufield, ilen, 0);
                        ^~~~~~~~~~~~~~~~~~~~~~~~~~~~~~~~~~~~~~~~~~~~~~~~
ext/intl/intl_data.h:82:3: note: expanded from macro 'INTL_METHOD_RETVAL_UTF8'
                efree(ustring);                                                                                                                                                 \
                ^~~~~~~~~~~~~~
/Users/Ingwie/Work/drag0n-php/Zend/zend_alloc.h:72:33: note: expanded from macro 'efree'
#define efree(ptr)                                                      _efree((ptr) ZEND_FILE_LINE_CC ZEND_FILE_LINE_EMPTY_CC)
                                                                               ^~~~~
/Users/Ingwie/Work/drag0n-php/Zend/zend_alloc.h:60:28: note: passing argument to parameter 'ptr' here
ZEND_API void _efree(void *ptr ZEND_FILE_LINE_DC ZEND_FILE_LINE_ORIG_DC);
                           ^
1 warning generated.
/bin/sh /Users/Ingwie/Work/drag0n-php/libtool --silent --preserve-dup-deps --mode=compile cc -I/usr/local/include  -Wno-write-strings -Iext/intl/ -I/Users/Ingwie/Work/drag0n-php/ext/intl/ -DPHP_ATOM_INC -I/Users/Ingwie/Work/drag0n-php/include -I/Users/Ingwie/Work/drag0n-php/main -I/Users/Ingwie/Work/drag0n-php -I/Users/Ingwie/Work/drag0n-php/ext/date/lib -I/Users/Ingwie/Work/drag0n-php/ext/ereg/regex -I/usr/include/libxml2 -I/usr/local/include -I/Users/Ingwie/Work/drag0n-php/ext/mbstring/oniguruma -I/Users/Ingwie/Work/drag0n-php/ext/mbstring/libmbfl -I/Users/Ingwie/Work/drag0n-php/ext/mbstring/libmbfl/mbfl -I/Users/Ingwie/Work/drag0n-php/ext/sqlite3/libsqlite -I/Users/Ingwie/Work/drag0n-php/ext/pthreads -I/usr/include/tidy -I/Users/Ingwie/Work/drag0n-php/ext/tokenizer/includes -I/usr/local/lib/wx/include/osx_cocoa-unicode-2.9 -I/usr/local/include/wx-2.9 -I/Users/Ingwie/Work/drag0n-php/TSRM -I/Users/Ingwie/Work/drag0n-php/Zend  -no-cpp-precomp  -I/usr/include -g -O2 -fvisibility=hidden -DZTS  -c /Users/Ingwie/Work/drag0n-php/ext/intl/resourcebundle/resourcebundle_class.c -o ext/intl/resourcebundle/resourcebundle_class.lo 
/bin/sh /Users/Ingwie/Work/drag0n-php/libtool --silent --preserve-dup-deps --mode=compile cc -I/usr/local/include  -Wno-write-strings -Iext/intl/ -I/Users/Ingwie/Work/drag0n-php/ext/intl/ -DPHP_ATOM_INC -I/Users/Ingwie/Work/drag0n-php/include -I/Users/Ingwie/Work/drag0n-php/main -I/Users/Ingwie/Work/drag0n-php -I/Users/Ingwie/Work/drag0n-php/ext/date/lib -I/Users/Ingwie/Work/drag0n-php/ext/ereg/regex -I/usr/include/libxml2 -I/usr/local/include -I/Users/Ingwie/Work/drag0n-php/ext/mbstring/oniguruma -I/Users/Ingwie/Work/drag0n-php/ext/mbstring/libmbfl -I/Users/Ingwie/Work/drag0n-php/ext/mbstring/libmbfl/mbfl -I/Users/Ingwie/Work/drag0n-php/ext/sqlite3/libsqlite -I/Users/Ingwie/Work/drag0n-php/ext/pthreads -I/usr/include/tidy -I/Users/Ingwie/Work/drag0n-php/ext/tokenizer/includes -I/usr/local/lib/wx/include/osx_cocoa-unicode-2.9 -I/usr/local/include/wx-2.9 -I/Users/Ingwie/Work/drag0n-php/TSRM -I/Users/Ingwie/Work/drag0n-php/Zend  -no-cpp-precomp  -I/usr/include -g -O2 -fvisibility=hidden -DZTS  -c /Users/Ingwie/Work/drag0n-php/ext/intl/resourcebundle/resourcebundle_iterator.c -o ext/intl/resourcebundle/resourcebundle_iterator.lo 
/bin/sh /Users/Ingwie/Work/drag0n-php/libtool --silent --preserve-dup-deps --mode=compile cc -I/usr/local/include  -Wno-write-strings -Iext/intl/ -I/Users/Ingwie/Work/drag0n-php/ext/intl/ -DPHP_ATOM_INC -I/Users/Ingwie/Work/drag0n-php/include -I/Users/Ingwie/Work/drag0n-php/main -I/Users/Ingwie/Work/drag0n-php -I/Users/Ingwie/Work/drag0n-php/ext/date/lib -I/Users/Ingwie/Work/drag0n-php/ext/ereg/regex -I/usr/include/libxml2 -I/usr/local/include -I/Users/Ingwie/Work/drag0n-php/ext/mbstring/oniguruma -I/Users/Ingwie/Work/drag0n-php/ext/mbstring/libmbfl -I/Users/Ingwie/Work/drag0n-php/ext/mbstring/libmbfl/mbfl -I/Users/Ingwie/Work/drag0n-php/ext/sqlite3/libsqlite -I/Users/Ingwie/Work/drag0n-php/ext/pthreads -I/usr/include/tidy -I/Users/Ingwie/Work/drag0n-php/ext/tokenizer/includes -I/usr/local/lib/wx/include/osx_cocoa-unicode-2.9 -I/usr/local/include/wx-2.9 -I/Users/Ingwie/Work/drag0n-php/TSRM -I/Users/Ingwie/Work/drag0n-php/Zend  -no-cpp-precomp  -I/usr/include -g -O2 -fvisibility=hidden -DZTS  -c /Users/Ingwie/Work/drag0n-php/ext/intl/transliterator/transliterator.c -o ext/intl/transliterator/transliterator.lo 
/bin/sh /Users/Ingwie/Work/drag0n-php/libtool --silent --preserve-dup-deps --mode=compile cc -I/usr/local/include  -Wno-write-strings -Iext/intl/ -I/Users/Ingwie/Work/drag0n-php/ext/intl/ -DPHP_ATOM_INC -I/Users/Ingwie/Work/drag0n-php/include -I/Users/Ingwie/Work/drag0n-php/main -I/Users/Ingwie/Work/drag0n-php -I/Users/Ingwie/Work/drag0n-php/ext/date/lib -I/Users/Ingwie/Work/drag0n-php/ext/ereg/regex -I/usr/include/libxml2 -I/usr/local/include -I/Users/Ingwie/Work/drag0n-php/ext/mbstring/oniguruma -I/Users/Ingwie/Work/drag0n-php/ext/mbstring/libmbfl -I/Users/Ingwie/Work/drag0n-php/ext/mbstring/libmbfl/mbfl -I/Users/Ingwie/Work/drag0n-php/ext/sqlite3/libsqlite -I/Users/Ingwie/Work/drag0n-php/ext/pthreads -I/usr/include/tidy -I/Users/Ingwie/Work/drag0n-php/ext/tokenizer/includes -I/usr/local/lib/wx/include/osx_cocoa-unicode-2.9 -I/usr/local/include/wx-2.9 -I/Users/Ingwie/Work/drag0n-php/TSRM -I/Users/Ingwie/Work/drag0n-php/Zend  -no-cpp-precomp  -I/usr/include -g -O2 -fvisibility=hidden -DZTS  -c /Users/Ingwie/Work/drag0n-php/ext/intl/transliterator/transliterator_class.c -o ext/intl/transliterator/transliterator_class.lo 
/bin/sh /Users/Ingwie/Work/drag0n-php/libtool --silent --preserve-dup-deps --mode=compile cc -I/usr/local/include  -Wno-write-strings -Iext/intl/ -I/Users/Ingwie/Work/drag0n-php/ext/intl/ -DPHP_ATOM_INC -I/Users/Ingwie/Work/drag0n-php/include -I/Users/Ingwie/Work/drag0n-php/main -I/Users/Ingwie/Work/drag0n-php -I/Users/Ingwie/Work/drag0n-php/ext/date/lib -I/Users/Ingwie/Work/drag0n-php/ext/ereg/regex -I/usr/include/libxml2 -I/usr/local/include -I/Users/Ingwie/Work/drag0n-php/ext/mbstring/oniguruma -I/Users/Ingwie/Work/drag0n-php/ext/mbstring/libmbfl -I/Users/Ingwie/Work/drag0n-php/ext/mbstring/libmbfl/mbfl -I/Users/Ingwie/Work/drag0n-php/ext/sqlite3/libsqlite -I/Users/Ingwie/Work/drag0n-php/ext/pthreads -I/usr/include/tidy -I/Users/Ingwie/Work/drag0n-php/ext/tokenizer/includes -I/usr/local/lib/wx/include/osx_cocoa-unicode-2.9 -I/usr/local/include/wx-2.9 -I/Users/Ingwie/Work/drag0n-php/TSRM -I/Users/Ingwie/Work/drag0n-php/Zend  -no-cpp-precomp  -I/usr/include -g -O2 -fvisibility=hidden -DZTS  -c /Users/Ingwie/Work/drag0n-php/ext/intl/transliterator/transliterator_methods.c -o ext/intl/transliterator/transliterator_methods.lo 
/bin/sh /Users/Ingwie/Work/drag0n-php/libtool --silent --preserve-dup-deps --mode=compile g++ -I/usr/local/include  -Wno-write-strings -Iext/intl/ -I/Users/Ingwie/Work/drag0n-php/ext/intl/ -DPHP_ATOM_INC -I/Users/Ingwie/Work/drag0n-php/include -I/Users/Ingwie/Work/drag0n-php/main -I/Users/Ingwie/Work/drag0n-php -I/Users/Ingwie/Work/drag0n-php/ext/date/lib -I/Users/Ingwie/Work/drag0n-php/ext/ereg/regex -I/usr/include/libxml2 -I/usr/local/include -I/Users/Ingwie/Work/drag0n-php/ext/mbstring/oniguruma -I/Users/Ingwie/Work/drag0n-php/ext/mbstring/libmbfl -I/Users/Ingwie/Work/drag0n-php/ext/mbstring/libmbfl/mbfl -I/Users/Ingwie/Work/drag0n-php/ext/sqlite3/libsqlite -I/Users/Ingwie/Work/drag0n-php/ext/pthreads -I/usr/include/tidy -I/Users/Ingwie/Work/drag0n-php/ext/tokenizer/includes -I/usr/local/lib/wx/include/osx_cocoa-unicode-2.9 -I/usr/local/include/wx-2.9 -I/Users/Ingwie/Work/drag0n-php/TSRM -I/Users/Ingwie/Work/drag0n-php/Zend  -no-cpp-precomp  -g -O2 -I/Users/Ingwie/Work/drag0n-php/ext/tokenizer/includes -I/usr/local/lib/wx/include/osx_cocoa-unicode-2.9 -I/usr/local/include/wx-2.9 -D_FILE_OFFSET_BITS=64 -DWXUSINGDLL -D__WXMAC__ -D__WXOSX__ -D__WXOSX_COCOA__  -c /Users/Ingwie/Work/drag0n-php/ext/intl/timezone/timezone_class.cpp -o ext/intl/timezone/timezone_class.lo 
/bin/sh /Users/Ingwie/Work/drag0n-php/libtool --silent --preserve-dup-deps --mode=compile g++ -I/usr/local/include  -Wno-write-strings -Iext/intl/ -I/Users/Ingwie/Work/drag0n-php/ext/intl/ -DPHP_ATOM_INC -I/Users/Ingwie/Work/drag0n-php/include -I/Users/Ingwie/Work/drag0n-php/main -I/Users/Ingwie/Work/drag0n-php -I/Users/Ingwie/Work/drag0n-php/ext/date/lib -I/Users/Ingwie/Work/drag0n-php/ext/ereg/regex -I/usr/include/libxml2 -I/usr/local/include -I/Users/Ingwie/Work/drag0n-php/ext/mbstring/oniguruma -I/Users/Ingwie/Work/drag0n-php/ext/mbstring/libmbfl -I/Users/Ingwie/Work/drag0n-php/ext/mbstring/libmbfl/mbfl -I/Users/Ingwie/Work/drag0n-php/ext/sqlite3/libsqlite -I/Users/Ingwie/Work/drag0n-php/ext/pthreads -I/usr/include/tidy -I/Users/Ingwie/Work/drag0n-php/ext/tokenizer/includes -I/usr/local/lib/wx/include/osx_cocoa-unicode-2.9 -I/usr/local/include/wx-2.9 -I/Users/Ingwie/Work/drag0n-php/TSRM -I/Users/Ingwie/Work/drag0n-php/Zend  -no-cpp-precomp  -g -O2 -I/Users/Ingwie/Work/drag0n-php/ext/tokenizer/includes -I/usr/local/lib/wx/include/osx_cocoa-unicode-2.9 -I/usr/local/include/wx-2.9 -D_FILE_OFFSET_BITS=64 -DWXUSINGDLL -D__WXMAC__ -D__WXOSX__ -D__WXOSX_COCOA__  -c /Users/Ingwie/Work/drag0n-php/ext/intl/timezone/timezone_methods.cpp -o ext/intl/timezone/timezone_methods.lo 
/Users/Ingwie/Work/drag0n-php/ext/intl/timezone/timezone_methods.cpp: In function ‘void zif_intltz_create_time_zone_id_enumeration(int, zval*, zval**, zval*, int, void***)’:
/Users/Ingwie/Work/drag0n-php/ext/intl/timezone/timezone_methods.cpp:251: warning: ‘zend_get_parameters_ex’ is deprecated (declared at /Users/Ingwie/Work/drag0n-php/Zend/zend_API.h:238)
/Users/Ingwie/Work/drag0n-php/ext/intl/timezone/timezone_methods.cpp:251: warning: ‘zend_get_parameters_ex’ is deprecated (declared at /Users/Ingwie/Work/drag0n-php/Zend/zend_API.h:238)
/bin/sh /Users/Ingwie/Work/drag0n-php/libtool --silent --preserve-dup-deps --mode=compile g++ -I/usr/local/include  -Wno-write-strings -Iext/intl/ -I/Users/Ingwie/Work/drag0n-php/ext/intl/ -DPHP_ATOM_INC -I/Users/Ingwie/Work/drag0n-php/include -I/Users/Ingwie/Work/drag0n-php/main -I/Users/Ingwie/Work/drag0n-php -I/Users/Ingwie/Work/drag0n-php/ext/date/lib -I/Users/Ingwie/Work/drag0n-php/ext/ereg/regex -I/usr/include/libxml2 -I/usr/local/include -I/Users/Ingwie/Work/drag0n-php/ext/mbstring/oniguruma -I/Users/Ingwie/Work/drag0n-php/ext/mbstring/libmbfl -I/Users/Ingwie/Work/drag0n-php/ext/mbstring/libmbfl/mbfl -I/Users/Ingwie/Work/drag0n-php/ext/sqlite3/libsqlite -I/Users/Ingwie/Work/drag0n-php/ext/pthreads -I/usr/include/tidy -I/Users/Ingwie/Work/drag0n-php/ext/tokenizer/includes -I/usr/local/lib/wx/include/osx_cocoa-unicode-2.9 -I/usr/local/include/wx-2.9 -I/Users/Ingwie/Work/drag0n-php/TSRM -I/Users/Ingwie/Work/drag0n-php/Zend  -no-cpp-precomp  -g -O2 -I/Users/Ingwie/Work/drag0n-php/ext/tokenizer/includes -I/usr/local/lib/wx/include/osx_cocoa-unicode-2.9 -I/usr/local/include/wx-2.9 -D_FILE_OFFSET_BITS=64 -DWXUSINGDLL -D__WXMAC__ -D__WXOSX__ -D__WXOSX_COCOA__  -c /Users/Ingwie/Work/drag0n-php/ext/intl/calendar/calendar_class.cpp -o ext/intl/calendar/calendar_class.lo 
/bin/sh /Users/Ingwie/Work/drag0n-php/libtool --silent --preserve-dup-deps --mode=compile g++ -I/usr/local/include  -Wno-write-strings -Iext/intl/ -I/Users/Ingwie/Work/drag0n-php/ext/intl/ -DPHP_ATOM_INC -I/Users/Ingwie/Work/drag0n-php/include -I/Users/Ingwie/Work/drag0n-php/main -I/Users/Ingwie/Work/drag0n-php -I/Users/Ingwie/Work/drag0n-php/ext/date/lib -I/Users/Ingwie/Work/drag0n-php/ext/ereg/regex -I/usr/include/libxml2 -I/usr/local/include -I/Users/Ingwie/Work/drag0n-php/ext/mbstring/oniguruma -I/Users/Ingwie/Work/drag0n-php/ext/mbstring/libmbfl -I/Users/Ingwie/Work/drag0n-php/ext/mbstring/libmbfl/mbfl -I/Users/Ingwie/Work/drag0n-php/ext/sqlite3/libsqlite -I/Users/Ingwie/Work/drag0n-php/ext/pthreads -I/usr/include/tidy -I/Users/Ingwie/Work/drag0n-php/ext/tokenizer/includes -I/usr/local/lib/wx/include/osx_cocoa-unicode-2.9 -I/usr/local/include/wx-2.9 -I/Users/Ingwie/Work/drag0n-php/TSRM -I/Users/Ingwie/Work/drag0n-php/Zend  -no-cpp-precomp  -g -O2 -I/Users/Ingwie/Work/drag0n-php/ext/tokenizer/includes -I/usr/local/lib/wx/include/osx_cocoa-unicode-2.9 -I/usr/local/include/wx-2.9 -D_FILE_OFFSET_BITS=64 -DWXUSINGDLL -D__WXMAC__ -D__WXOSX__ -D__WXOSX_COCOA__  -c /Users/Ingwie/Work/drag0n-php/ext/intl/calendar/calendar_methods.cpp -o ext/intl/calendar/calendar_methods.lo 
/bin/sh /Users/Ingwie/Work/drag0n-php/libtool --silent --preserve-dup-deps --mode=compile g++ -I/usr/local/include  -Wno-write-strings -Iext/intl/ -I/Users/Ingwie/Work/drag0n-php/ext/intl/ -DPHP_ATOM_INC -I/Users/Ingwie/Work/drag0n-php/include -I/Users/Ingwie/Work/drag0n-php/main -I/Users/Ingwie/Work/drag0n-php -I/Users/Ingwie/Work/drag0n-php/ext/date/lib -I/Users/Ingwie/Work/drag0n-php/ext/ereg/regex -I/usr/include/libxml2 -I/usr/local/include -I/Users/Ingwie/Work/drag0n-php/ext/mbstring/oniguruma -I/Users/Ingwie/Work/drag0n-php/ext/mbstring/libmbfl -I/Users/Ingwie/Work/drag0n-php/ext/mbstring/libmbfl/mbfl -I/Users/Ingwie/Work/drag0n-php/ext/sqlite3/libsqlite -I/Users/Ingwie/Work/drag0n-php/ext/pthreads -I/usr/include/tidy -I/Users/Ingwie/Work/drag0n-php/ext/tokenizer/includes -I/usr/local/lib/wx/include/osx_cocoa-unicode-2.9 -I/usr/local/include/wx-2.9 -I/Users/Ingwie/Work/drag0n-php/TSRM -I/Users/Ingwie/Work/drag0n-php/Zend  -no-cpp-precomp  -g -O2 -I/Users/Ingwie/Work/drag0n-php/ext/tokenizer/includes -I/usr/local/lib/wx/include/osx_cocoa-unicode-2.9 -I/usr/local/include/wx-2.9 -D_FILE_OFFSET_BITS=64 -DWXUSINGDLL -D__WXMAC__ -D__WXOSX__ -D__WXOSX_COCOA__  -c /Users/Ingwie/Work/drag0n-php/ext/intl/calendar/gregoriancalendar_methods.cpp -o ext/intl/calendar/gregoriancalendar_methods.lo 
/bin/sh /Users/Ingwie/Work/drag0n-php/libtool --silent --preserve-dup-deps --mode=compile g++ -I/usr/local/include  -Wno-write-strings -Iext/intl/ -I/Users/Ingwie/Work/drag0n-php/ext/intl/ -DPHP_ATOM_INC -I/Users/Ingwie/Work/drag0n-php/include -I/Users/Ingwie/Work/drag0n-php/main -I/Users/Ingwie/Work/drag0n-php -I/Users/Ingwie/Work/drag0n-php/ext/date/lib -I/Users/Ingwie/Work/drag0n-php/ext/ereg/regex -I/usr/include/libxml2 -I/usr/local/include -I/Users/Ingwie/Work/drag0n-php/ext/mbstring/oniguruma -I/Users/Ingwie/Work/drag0n-php/ext/mbstring/libmbfl -I/Users/Ingwie/Work/drag0n-php/ext/mbstring/libmbfl/mbfl -I/Users/Ingwie/Work/drag0n-php/ext/sqlite3/libsqlite -I/Users/Ingwie/Work/drag0n-php/ext/pthreads -I/usr/include/tidy -I/Users/Ingwie/Work/drag0n-php/ext/tokenizer/includes -I/usr/local/lib/wx/include/osx_cocoa-unicode-2.9 -I/usr/local/include/wx-2.9 -I/Users/Ingwie/Work/drag0n-php/TSRM -I/Users/Ingwie/Work/drag0n-php/Zend  -no-cpp-precomp  -g -O2 -I/Users/Ingwie/Work/drag0n-php/ext/tokenizer/includes -I/usr/local/lib/wx/include/osx_cocoa-unicode-2.9 -I/usr/local/include/wx-2.9 -D_FILE_OFFSET_BITS=64 -DWXUSINGDLL -D__WXMAC__ -D__WXOSX__ -D__WXOSX_COCOA__  -c /Users/Ingwie/Work/drag0n-php/ext/intl/breakiterator/breakiterator_class.cpp -o ext/intl/breakiterator/breakiterator_class.lo 
/bin/sh /Users/Ingwie/Work/drag0n-php/libtool --silent --preserve-dup-deps --mode=compile g++ -I/usr/local/include  -Wno-write-strings -Iext/intl/ -I/Users/Ingwie/Work/drag0n-php/ext/intl/ -DPHP_ATOM_INC -I/Users/Ingwie/Work/drag0n-php/include -I/Users/Ingwie/Work/drag0n-php/main -I/Users/Ingwie/Work/drag0n-php -I/Users/Ingwie/Work/drag0n-php/ext/date/lib -I/Users/Ingwie/Work/drag0n-php/ext/ereg/regex -I/usr/include/libxml2 -I/usr/local/include -I/Users/Ingwie/Work/drag0n-php/ext/mbstring/oniguruma -I/Users/Ingwie/Work/drag0n-php/ext/mbstring/libmbfl -I/Users/Ingwie/Work/drag0n-php/ext/mbstring/libmbfl/mbfl -I/Users/Ingwie/Work/drag0n-php/ext/sqlite3/libsqlite -I/Users/Ingwie/Work/drag0n-php/ext/pthreads -I/usr/include/tidy -I/Users/Ingwie/Work/drag0n-php/ext/tokenizer/includes -I/usr/local/lib/wx/include/osx_cocoa-unicode-2.9 -I/usr/local/include/wx-2.9 -I/Users/Ingwie/Work/drag0n-php/TSRM -I/Users/Ingwie/Work/drag0n-php/Zend  -no-cpp-precomp  -g -O2 -I/Users/Ingwie/Work/drag0n-php/ext/tokenizer/includes -I/usr/local/lib/wx/include/osx_cocoa-unicode-2.9 -I/usr/local/include/wx-2.9 -D_FILE_OFFSET_BITS=64 -DWXUSINGDLL -D__WXMAC__ -D__WXOSX__ -D__WXOSX_COCOA__  -c /Users/Ingwie/Work/drag0n-php/ext/intl/breakiterator/breakiterator_iterators.cpp -o ext/intl/breakiterator/breakiterator_iterators.lo 
/bin/sh /Users/Ingwie/Work/drag0n-php/libtool --silent --preserve-dup-deps --mode=compile g++ -I/usr/local/include  -Wno-write-strings -Iext/intl/ -I/Users/Ingwie/Work/drag0n-php/ext/intl/ -DPHP_ATOM_INC -I/Users/Ingwie/Work/drag0n-php/include -I/Users/Ingwie/Work/drag0n-php/main -I/Users/Ingwie/Work/drag0n-php -I/Users/Ingwie/Work/drag0n-php/ext/date/lib -I/Users/Ingwie/Work/drag0n-php/ext/ereg/regex -I/usr/include/libxml2 -I/usr/local/include -I/Users/Ingwie/Work/drag0n-php/ext/mbstring/oniguruma -I/Users/Ingwie/Work/drag0n-php/ext/mbstring/libmbfl -I/Users/Ingwie/Work/drag0n-php/ext/mbstring/libmbfl/mbfl -I/Users/Ingwie/Work/drag0n-php/ext/sqlite3/libsqlite -I/Users/Ingwie/Work/drag0n-php/ext/pthreads -I/usr/include/tidy -I/Users/Ingwie/Work/drag0n-php/ext/tokenizer/includes -I/usr/local/lib/wx/include/osx_cocoa-unicode-2.9 -I/usr/local/include/wx-2.9 -I/Users/Ingwie/Work/drag0n-php/TSRM -I/Users/Ingwie/Work/drag0n-php/Zend  -no-cpp-precomp  -g -O2 -I/Users/Ingwie/Work/drag0n-php/ext/tokenizer/includes -I/usr/local/lib/wx/include/osx_cocoa-unicode-2.9 -I/usr/local/include/wx-2.9 -D_FILE_OFFSET_BITS=64 -DWXUSINGDLL -D__WXMAC__ -D__WXOSX__ -D__WXOSX_COCOA__  -c /Users/Ingwie/Work/drag0n-php/ext/intl/breakiterator/breakiterator_methods.cpp -o ext/intl/breakiterator/breakiterator_methods.lo 
/Users/Ingwie/Work/drag0n-php/ext/intl/breakiterator/breakiterator_methods.cpp: In function ‘void zif_breakiter_set_text(int, zval*, zval**, zval*, int, void***)’:
/Users/Ingwie/Work/drag0n-php/ext/intl/breakiterator/breakiterator_methods.cpp:165: warning: ‘zend_get_parameters_ex’ is deprecated (declared at /Users/Ingwie/Work/drag0n-php/Zend/zend_API.h:238)
/Users/Ingwie/Work/drag0n-php/ext/intl/breakiterator/breakiterator_methods.cpp:165: warning: ‘zend_get_parameters_ex’ is deprecated (declared at /Users/Ingwie/Work/drag0n-php/Zend/zend_API.h:238)
/Users/Ingwie/Work/drag0n-php/ext/intl/breakiterator/breakiterator_methods.cpp: In function ‘void zif_breakiter_next(int, zval*, zval**, zval*, int, void***)’:
/Users/Ingwie/Work/drag0n-php/ext/intl/breakiterator/breakiterator_methods.cpp:278: warning: ‘zend_get_parameters_ex’ is deprecated (declared at /Users/Ingwie/Work/drag0n-php/Zend/zend_API.h:238)
/Users/Ingwie/Work/drag0n-php/ext/intl/breakiterator/breakiterator_methods.cpp:278: warning: ‘zend_get_parameters_ex’ is deprecated (declared at /Users/Ingwie/Work/drag0n-php/Zend/zend_API.h:238)
/bin/sh /Users/Ingwie/Work/drag0n-php/libtool --silent --preserve-dup-deps --mode=compile g++ -I/usr/local/include  -Wno-write-strings -Iext/intl/ -I/Users/Ingwie/Work/drag0n-php/ext/intl/ -DPHP_ATOM_INC -I/Users/Ingwie/Work/drag0n-php/include -I/Users/Ingwie/Work/drag0n-php/main -I/Users/Ingwie/Work/drag0n-php -I/Users/Ingwie/Work/drag0n-php/ext/date/lib -I/Users/Ingwie/Work/drag0n-php/ext/ereg/regex -I/usr/include/libxml2 -I/usr/local/include -I/Users/Ingwie/Work/drag0n-php/ext/mbstring/oniguruma -I/Users/Ingwie/Work/drag0n-php/ext/mbstring/libmbfl -I/Users/Ingwie/Work/drag0n-php/ext/mbstring/libmbfl/mbfl -I/Users/Ingwie/Work/drag0n-php/ext/sqlite3/libsqlite -I/Users/Ingwie/Work/drag0n-php/ext/pthreads -I/usr/include/tidy -I/Users/Ingwie/Work/drag0n-php/ext/tokenizer/includes -I/usr/local/lib/wx/include/osx_cocoa-unicode-2.9 -I/usr/local/include/wx-2.9 -I/Users/Ingwie/Work/drag0n-php/TSRM -I/Users/Ingwie/Work/drag0n-php/Zend  -no-cpp-precomp  -g -O2 -I/Users/Ingwie/Work/drag0n-php/ext/tokenizer/includes -I/usr/local/lib/wx/include/osx_cocoa-unicode-2.9 -I/usr/local/include/wx-2.9 -D_FILE_OFFSET_BITS=64 -DWXUSINGDLL -D__WXMAC__ -D__WXOSX__ -D__WXOSX_COCOA__  -c /Users/Ingwie/Work/drag0n-php/ext/intl/breakiterator/rulebasedbreakiterator_methods.cpp -o ext/intl/breakiterator/rulebasedbreakiterator_methods.lo 
/bin/sh /Users/Ingwie/Work/drag0n-php/libtool --silent --preserve-dup-deps --mode=compile g++ -I/usr/local/include  -Wno-write-strings -Iext/intl/ -I/Users/Ingwie/Work/drag0n-php/ext/intl/ -DPHP_ATOM_INC -I/Users/Ingwie/Work/drag0n-php/include -I/Users/Ingwie/Work/drag0n-php/main -I/Users/Ingwie/Work/drag0n-php -I/Users/Ingwie/Work/drag0n-php/ext/date/lib -I/Users/Ingwie/Work/drag0n-php/ext/ereg/regex -I/usr/include/libxml2 -I/usr/local/include -I/Users/Ingwie/Work/drag0n-php/ext/mbstring/oniguruma -I/Users/Ingwie/Work/drag0n-php/ext/mbstring/libmbfl -I/Users/Ingwie/Work/drag0n-php/ext/mbstring/libmbfl/mbfl -I/Users/Ingwie/Work/drag0n-php/ext/sqlite3/libsqlite -I/Users/Ingwie/Work/drag0n-php/ext/pthreads -I/usr/include/tidy -I/Users/Ingwie/Work/drag0n-php/ext/tokenizer/includes -I/usr/local/lib/wx/include/osx_cocoa-unicode-2.9 -I/usr/local/include/wx-2.9 -I/Users/Ingwie/Work/drag0n-php/TSRM -I/Users/Ingwie/Work/drag0n-php/Zend  -no-cpp-precomp  -g -O2 -I/Users/Ingwie/Work/drag0n-php/ext/tokenizer/includes -I/usr/local/lib/wx/include/osx_cocoa-unicode-2.9 -I/usr/local/include/wx-2.9 -D_FILE_OFFSET_BITS=64 -DWXUSINGDLL -D__WXMAC__ -D__WXOSX__ -D__WXOSX_COCOA__  -c /Users/Ingwie/Work/drag0n-php/ext/intl/breakiterator/codepointiterator_internal.cpp -o ext/intl/breakiterator/codepointiterator_internal.lo 
/bin/sh /Users/Ingwie/Work/drag0n-php/libtool --silent --preserve-dup-deps --mode=compile g++ -I/usr/local/include  -Wno-write-strings -Iext/intl/ -I/Users/Ingwie/Work/drag0n-php/ext/intl/ -DPHP_ATOM_INC -I/Users/Ingwie/Work/drag0n-php/include -I/Users/Ingwie/Work/drag0n-php/main -I/Users/Ingwie/Work/drag0n-php -I/Users/Ingwie/Work/drag0n-php/ext/date/lib -I/Users/Ingwie/Work/drag0n-php/ext/ereg/regex -I/usr/include/libxml2 -I/usr/local/include -I/Users/Ingwie/Work/drag0n-php/ext/mbstring/oniguruma -I/Users/Ingwie/Work/drag0n-php/ext/mbstring/libmbfl -I/Users/Ingwie/Work/drag0n-php/ext/mbstring/libmbfl/mbfl -I/Users/Ingwie/Work/drag0n-php/ext/sqlite3/libsqlite -I/Users/Ingwie/Work/drag0n-php/ext/pthreads -I/usr/include/tidy -I/Users/Ingwie/Work/drag0n-php/ext/tokenizer/includes -I/usr/local/lib/wx/include/osx_cocoa-unicode-2.9 -I/usr/local/include/wx-2.9 -I/Users/Ingwie/Work/drag0n-php/TSRM -I/Users/Ingwie/Work/drag0n-php/Zend  -no-cpp-precomp  -g -O2 -I/Users/Ingwie/Work/drag0n-php/ext/tokenizer/includes -I/usr/local/lib/wx/include/osx_cocoa-unicode-2.9 -I/usr/local/include/wx-2.9 -D_FILE_OFFSET_BITS=64 -DWXUSINGDLL -D__WXMAC__ -D__WXOSX__ -D__WXOSX_COCOA__  -c /Users/Ingwie/Work/drag0n-php/ext/intl/breakiterator/codepointiterator_methods.cpp -o ext/intl/breakiterator/codepointiterator_methods.lo 
/bin/sh /Users/Ingwie/Work/drag0n-php/libtool --silent --preserve-dup-deps --mode=compile cc -I/usr/local/include  -Wno-write-strings -Iext/intl/ -I/Users/Ingwie/Work/drag0n-php/ext/intl/ -DPHP_ATOM_INC -I/Users/Ingwie/Work/drag0n-php/include -I/Users/Ingwie/Work/drag0n-php/main -I/Users/Ingwie/Work/drag0n-php -I/Users/Ingwie/Work/drag0n-php/ext/date/lib -I/Users/Ingwie/Work/drag0n-php/ext/ereg/regex -I/usr/include/libxml2 -I/usr/local/include -I/Users/Ingwie/Work/drag0n-php/ext/mbstring/oniguruma -I/Users/Ingwie/Work/drag0n-php/ext/mbstring/libmbfl -I/Users/Ingwie/Work/drag0n-php/ext/mbstring/libmbfl/mbfl -I/Users/Ingwie/Work/drag0n-php/ext/sqlite3/libsqlite -I/Users/Ingwie/Work/drag0n-php/ext/pthreads -I/usr/include/tidy -I/Users/Ingwie/Work/drag0n-php/ext/tokenizer/includes -I/usr/local/lib/wx/include/osx_cocoa-unicode-2.9 -I/usr/local/include/wx-2.9 -I/Users/Ingwie/Work/drag0n-php/TSRM -I/Users/Ingwie/Work/drag0n-php/Zend  -no-cpp-precomp  -I/usr/include -g -O2 -fvisibility=hidden -DZTS  -c /Users/Ingwie/Work/drag0n-php/ext/intl/idn/idn.c -o ext/intl/idn/idn.lo 
/bin/sh /Users/Ingwie/Work/drag0n-php/libtool --silent --preserve-dup-deps --mode=compile cc -I/usr/local/include  -Wno-write-strings -Iext/intl/ -I/Users/Ingwie/Work/drag0n-php/ext/intl/ -DPHP_ATOM_INC -I/Users/Ingwie/Work/drag0n-php/include -I/Users/Ingwie/Work/drag0n-php/main -I/Users/Ingwie/Work/drag0n-php -I/Users/Ingwie/Work/drag0n-php/ext/date/lib -I/Users/Ingwie/Work/drag0n-php/ext/ereg/regex -I/usr/include/libxml2 -I/usr/local/include -I/Users/Ingwie/Work/drag0n-php/ext/mbstring/oniguruma -I/Users/Ingwie/Work/drag0n-php/ext/mbstring/libmbfl -I/Users/Ingwie/Work/drag0n-php/ext/mbstring/libmbfl/mbfl -I/Users/Ingwie/Work/drag0n-php/ext/sqlite3/libsqlite -I/Users/Ingwie/Work/drag0n-php/ext/pthreads -I/usr/include/tidy -I/Users/Ingwie/Work/drag0n-php/ext/tokenizer/includes -I/usr/local/lib/wx/include/osx_cocoa-unicode-2.9 -I/usr/local/include/wx-2.9 -I/Users/Ingwie/Work/drag0n-php/TSRM -I/Users/Ingwie/Work/drag0n-php/Zend  -no-cpp-precomp  -I/usr/include -g -O2 -fvisibility=hidden -DZTS  -c /Users/Ingwie/Work/drag0n-php/ext/intl/spoofchecker/spoofchecker_class.c -o ext/intl/spoofchecker/spoofchecker_class.lo 
/bin/sh /Users/Ingwie/Work/drag0n-php/libtool --silent --preserve-dup-deps --mode=compile cc -I/usr/local/include  -Wno-write-strings -Iext/intl/ -I/Users/Ingwie/Work/drag0n-php/ext/intl/ -DPHP_ATOM_INC -I/Users/Ingwie/Work/drag0n-php/include -I/Users/Ingwie/Work/drag0n-php/main -I/Users/Ingwie/Work/drag0n-php -I/Users/Ingwie/Work/drag0n-php/ext/date/lib -I/Users/Ingwie/Work/drag0n-php/ext/ereg/regex -I/usr/include/libxml2 -I/usr/local/include -I/Users/Ingwie/Work/drag0n-php/ext/mbstring/oniguruma -I/Users/Ingwie/Work/drag0n-php/ext/mbstring/libmbfl -I/Users/Ingwie/Work/drag0n-php/ext/mbstring/libmbfl/mbfl -I/Users/Ingwie/Work/drag0n-php/ext/sqlite3/libsqlite -I/Users/Ingwie/Work/drag0n-php/ext/pthreads -I/usr/include/tidy -I/Users/Ingwie/Work/drag0n-php/ext/tokenizer/includes -I/usr/local/lib/wx/include/osx_cocoa-unicode-2.9 -I/usr/local/include/wx-2.9 -I/Users/Ingwie/Work/drag0n-php/TSRM -I/Users/Ingwie/Work/drag0n-php/Zend  -no-cpp-precomp  -I/usr/include -g -O2 -fvisibility=hidden -DZTS  -c /Users/Ingwie/Work/drag0n-php/ext/intl/spoofchecker/spoofchecker.c -o ext/intl/spoofchecker/spoofchecker.lo 
/bin/sh /Users/Ingwie/Work/drag0n-php/libtool --silent --preserve-dup-deps --mode=compile cc -I/usr/local/include  -Wno-write-strings -Iext/intl/ -I/Users/Ingwie/Work/drag0n-php/ext/intl/ -DPHP_ATOM_INC -I/Users/Ingwie/Work/drag0n-php/include -I/Users/Ingwie/Work/drag0n-php/main -I/Users/Ingwie/Work/drag0n-php -I/Users/Ingwie/Work/drag0n-php/ext/date/lib -I/Users/Ingwie/Work/drag0n-php/ext/ereg/regex -I/usr/include/libxml2 -I/usr/local/include -I/Users/Ingwie/Work/drag0n-php/ext/mbstring/oniguruma -I/Users/Ingwie/Work/drag0n-php/ext/mbstring/libmbfl -I/Users/Ingwie/Work/drag0n-php/ext/mbstring/libmbfl/mbfl -I/Users/Ingwie/Work/drag0n-php/ext/sqlite3/libsqlite -I/Users/Ingwie/Work/drag0n-php/ext/pthreads -I/usr/include/tidy -I/Users/Ingwie/Work/drag0n-php/ext/tokenizer/includes -I/usr/local/lib/wx/include/osx_cocoa-unicode-2.9 -I/usr/local/include/wx-2.9 -I/Users/Ingwie/Work/drag0n-php/TSRM -I/Users/Ingwie/Work/drag0n-php/Zend  -no-cpp-precomp  -I/usr/include -g -O2 -fvisibility=hidden -DZTS  -c /Users/Ingwie/Work/drag0n-php/ext/intl/spoofchecker/spoofchecker_create.c -o ext/intl/spoofchecker/spoofchecker_create.lo 
/bin/sh /Users/Ingwie/Work/drag0n-php/libtool --silent --preserve-dup-deps --mode=compile cc -I/usr/local/include  -Wno-write-strings -Iext/intl/ -I/Users/Ingwie/Work/drag0n-php/ext/intl/ -DPHP_ATOM_INC -I/Users/Ingwie/Work/drag0n-php/include -I/Users/Ingwie/Work/drag0n-php/main -I/Users/Ingwie/Work/drag0n-php -I/Users/Ingwie/Work/drag0n-php/ext/date/lib -I/Users/Ingwie/Work/drag0n-php/ext/ereg/regex -I/usr/include/libxml2 -I/usr/local/include -I/Users/Ingwie/Work/drag0n-php/ext/mbstring/oniguruma -I/Users/Ingwie/Work/drag0n-php/ext/mbstring/libmbfl -I/Users/Ingwie/Work/drag0n-php/ext/mbstring/libmbfl/mbfl -I/Users/Ingwie/Work/drag0n-php/ext/sqlite3/libsqlite -I/Users/Ingwie/Work/drag0n-php/ext/pthreads -I/usr/include/tidy -I/Users/Ingwie/Work/drag0n-php/ext/tokenizer/includes -I/usr/local/lib/wx/include/osx_cocoa-unicode-2.9 -I/usr/local/include/wx-2.9 -I/Users/Ingwie/Work/drag0n-php/TSRM -I/Users/Ingwie/Work/drag0n-php/Zend  -no-cpp-precomp  -I/usr/include -g -O2 -fvisibility=hidden -DZTS  -c /Users/Ingwie/Work/drag0n-php/ext/intl/spoofchecker/spoofchecker_main.c -o ext/intl/spoofchecker/spoofchecker_main.lo 
/bin/sh /Users/Ingwie/Work/drag0n-php/libtool --silent --preserve-dup-deps --mode=compile cc  -Iext/json/ -I/Users/Ingwie/Work/drag0n-php/ext/json/ -DPHP_ATOM_INC -I/Users/Ingwie/Work/drag0n-php/include -I/Users/Ingwie/Work/drag0n-php/main -I/Users/Ingwie/Work/drag0n-php -I/Users/Ingwie/Work/drag0n-php/ext/date/lib -I/Users/Ingwie/Work/drag0n-php/ext/ereg/regex -I/usr/include/libxml2 -I/usr/local/include -I/Users/Ingwie/Work/drag0n-php/ext/mbstring/oniguruma -I/Users/Ingwie/Work/drag0n-php/ext/mbstring/libmbfl -I/Users/Ingwie/Work/drag0n-php/ext/mbstring/libmbfl/mbfl -I/Users/Ingwie/Work/drag0n-php/ext/sqlite3/libsqlite -I/Users/Ingwie/Work/drag0n-php/ext/pthreads -I/usr/include/tidy -I/Users/Ingwie/Work/drag0n-php/ext/tokenizer/includes -I/usr/local/lib/wx/include/osx_cocoa-unicode-2.9 -I/usr/local/include/wx-2.9 -I/Users/Ingwie/Work/drag0n-php/TSRM -I/Users/Ingwie/Work/drag0n-php/Zend  -no-cpp-precomp  -I/usr/include -g -O2 -fvisibility=hidden -DZTS  -c /Users/Ingwie/Work/drag0n-php/ext/json/json.c -o ext/json/json.lo 
/Users/Ingwie/Work/drag0n-php/ext/json/json.c:422:36: warning: invalid conversion specifier 'k' [-Wformat-invalid-specifier]
                                        int l = spprintf(&tmp, 0, "%.*k", (int) EG(precision), d);
                                                                   ~~~^
/Users/Ingwie/Work/drag0n-php/ext/json/json.c:422:40: warning: data argument not used by format string [-Wformat-extra-args]
                                        int l = spprintf(&tmp, 0, "%.*k", (int) EG(precision), d);
                                                                  ~~~~~~  ^
/Users/Ingwie/Work/drag0n-php/ext/json/json.c:630:32: warning: invalid conversion specifier 'k' [-Wformat-invalid-specifier]
                                        len = spprintf(&d, 0, "%.*k", (int) EG(precision), dbl);
                                                               ~~~^
/Users/Ingwie/Work/drag0n-php/ext/json/json.c:630:36: warning: data argument not used by format string [-Wformat-extra-args]
                                        len = spprintf(&d, 0, "%.*k", (int) EG(precision), dbl);
                                                              ~~~~~~  ^
4 warnings generated.
/bin/sh /Users/Ingwie/Work/drag0n-php/libtool --silent --preserve-dup-deps --mode=compile cc  -Iext/json/ -I/Users/Ingwie/Work/drag0n-php/ext/json/ -DPHP_ATOM_INC -I/Users/Ingwie/Work/drag0n-php/include -I/Users/Ingwie/Work/drag0n-php/main -I/Users/Ingwie/Work/drag0n-php -I/Users/Ingwie/Work/drag0n-php/ext/date/lib -I/Users/Ingwie/Work/drag0n-php/ext/ereg/regex -I/usr/include/libxml2 -I/usr/local/include -I/Users/Ingwie/Work/drag0n-php/ext/mbstring/oniguruma -I/Users/Ingwie/Work/drag0n-php/ext/mbstring/libmbfl -I/Users/Ingwie/Work/drag0n-php/ext/mbstring/libmbfl/mbfl -I/Users/Ingwie/Work/drag0n-php/ext/sqlite3/libsqlite -I/Users/Ingwie/Work/drag0n-php/ext/pthreads -I/usr/include/tidy -I/Users/Ingwie/Work/drag0n-php/ext/tokenizer/includes -I/usr/local/lib/wx/include/osx_cocoa-unicode-2.9 -I/usr/local/include/wx-2.9 -I/Users/Ingwie/Work/drag0n-php/TSRM -I/Users/Ingwie/Work/drag0n-php/Zend  -no-cpp-precomp  -I/usr/include -g -O2 -fvisibility=hidden -DZTS  -c /Users/Ingwie/Work/drag0n-php/ext/json/utf8_decode.c -o ext/json/utf8_decode.lo 
/bin/sh /Users/Ingwie/Work/drag0n-php/libtool --silent --preserve-dup-deps --mode=compile cc  -Iext/json/ -I/Users/Ingwie/Work/drag0n-php/ext/json/ -DPHP_ATOM_INC -I/Users/Ingwie/Work/drag0n-php/include -I/Users/Ingwie/Work/drag0n-php/main -I/Users/Ingwie/Work/drag0n-php -I/Users/Ingwie/Work/drag0n-php/ext/date/lib -I/Users/Ingwie/Work/drag0n-php/ext/ereg/regex -I/usr/include/libxml2 -I/usr/local/include -I/Users/Ingwie/Work/drag0n-php/ext/mbstring/oniguruma -I/Users/Ingwie/Work/drag0n-php/ext/mbstring/libmbfl -I/Users/Ingwie/Work/drag0n-php/ext/mbstring/libmbfl/mbfl -I/Users/Ingwie/Work/drag0n-php/ext/sqlite3/libsqlite -I/Users/Ingwie/Work/drag0n-php/ext/pthreads -I/usr/include/tidy -I/Users/Ingwie/Work/drag0n-php/ext/tokenizer/includes -I/usr/local/lib/wx/include/osx_cocoa-unicode-2.9 -I/usr/local/include/wx-2.9 -I/Users/Ingwie/Work/drag0n-php/TSRM -I/Users/Ingwie/Work/drag0n-php/Zend  -no-cpp-precomp  -I/usr/include -g -O2 -fvisibility=hidden -DZTS  -c /Users/Ingwie/Work/drag0n-php/ext/json/JSON_parser.c -o ext/json/JSON_parser.lo 
/bin/sh /Users/Ingwie/Work/drag0n-php/libtool --silent --preserve-dup-deps --mode=compile cc  -DNOT_RUBY -DONIG_ESCAPE_UCHAR_COLLISION=1 -DUChar=OnigUChar -DHAVE_CONFIG_H -Iext/mbstring/ -I/Users/Ingwie/Work/drag0n-php/ext/mbstring/ -DPHP_ATOM_INC -I/Users/Ingwie/Work/drag0n-php/include -I/Users/Ingwie/Work/drag0n-php/main -I/Users/Ingwie/Work/drag0n-php -I/Users/Ingwie/Work/drag0n-php/ext/date/lib -I/Users/Ingwie/Work/drag0n-php/ext/ereg/regex -I/usr/include/libxml2 -I/usr/local/include -I/Users/Ingwie/Work/drag0n-php/ext/mbstring/oniguruma -I/Users/Ingwie/Work/drag0n-php/ext/mbstring/libmbfl -I/Users/Ingwie/Work/drag0n-php/ext/mbstring/libmbfl/mbfl -I/Users/Ingwie/Work/drag0n-php/ext/sqlite3/libsqlite -I/Users/Ingwie/Work/drag0n-php/ext/pthreads -I/usr/include/tidy -I/Users/Ingwie/Work/drag0n-php/ext/tokenizer/includes -I/usr/local/lib/wx/include/osx_cocoa-unicode-2.9 -I/usr/local/include/wx-2.9 -I/Users/Ingwie/Work/drag0n-php/TSRM -I/Users/Ingwie/Work/drag0n-php/Zend  -no-cpp-precomp  -I/usr/include -g -O2 -fvisibility=hidden -DZTS  -c /Users/Ingwie/Work/drag0n-php/ext/mbstring/oniguruma/regcomp.c -o ext/mbstring/oniguruma/regcomp.lo 
/bin/sh /Users/Ingwie/Work/drag0n-php/libtool --silent --preserve-dup-deps --mode=compile cc  -DNOT_RUBY -DONIG_ESCAPE_UCHAR_COLLISION=1 -DUChar=OnigUChar -DHAVE_CONFIG_H -Iext/mbstring/ -I/Users/Ingwie/Work/drag0n-php/ext/mbstring/ -DPHP_ATOM_INC -I/Users/Ingwie/Work/drag0n-php/include -I/Users/Ingwie/Work/drag0n-php/main -I/Users/Ingwie/Work/drag0n-php -I/Users/Ingwie/Work/drag0n-php/ext/date/lib -I/Users/Ingwie/Work/drag0n-php/ext/ereg/regex -I/usr/include/libxml2 -I/usr/local/include -I/Users/Ingwie/Work/drag0n-php/ext/mbstring/oniguruma -I/Users/Ingwie/Work/drag0n-php/ext/mbstring/libmbfl -I/Users/Ingwie/Work/drag0n-php/ext/mbstring/libmbfl/mbfl -I/Users/Ingwie/Work/drag0n-php/ext/sqlite3/libsqlite -I/Users/Ingwie/Work/drag0n-php/ext/pthreads -I/usr/include/tidy -I/Users/Ingwie/Work/drag0n-php/ext/tokenizer/includes -I/usr/local/lib/wx/include/osx_cocoa-unicode-2.9 -I/usr/local/include/wx-2.9 -I/Users/Ingwie/Work/drag0n-php/TSRM -I/Users/Ingwie/Work/drag0n-php/Zend  -no-cpp-precomp  -I/usr/include -g -O2 -fvisibility=hidden -DZTS  -c /Users/Ingwie/Work/drag0n-php/ext/mbstring/oniguruma/regerror.c -o ext/mbstring/oniguruma/regerror.lo 
/bin/sh /Users/Ingwie/Work/drag0n-php/libtool --silent --preserve-dup-deps --mode=compile cc  -DNOT_RUBY -DONIG_ESCAPE_UCHAR_COLLISION=1 -DUChar=OnigUChar -DHAVE_CONFIG_H -Iext/mbstring/ -I/Users/Ingwie/Work/drag0n-php/ext/mbstring/ -DPHP_ATOM_INC -I/Users/Ingwie/Work/drag0n-php/include -I/Users/Ingwie/Work/drag0n-php/main -I/Users/Ingwie/Work/drag0n-php -I/Users/Ingwie/Work/drag0n-php/ext/date/lib -I/Users/Ingwie/Work/drag0n-php/ext/ereg/regex -I/usr/include/libxml2 -I/usr/local/include -I/Users/Ingwie/Work/drag0n-php/ext/mbstring/oniguruma -I/Users/Ingwie/Work/drag0n-php/ext/mbstring/libmbfl -I/Users/Ingwie/Work/drag0n-php/ext/mbstring/libmbfl/mbfl -I/Users/Ingwie/Work/drag0n-php/ext/sqlite3/libsqlite -I/Users/Ingwie/Work/drag0n-php/ext/pthreads -I/usr/include/tidy -I/Users/Ingwie/Work/drag0n-php/ext/tokenizer/includes -I/usr/local/lib/wx/include/osx_cocoa-unicode-2.9 -I/usr/local/include/wx-2.9 -I/Users/Ingwie/Work/drag0n-php/TSRM -I/Users/Ingwie/Work/drag0n-php/Zend  -no-cpp-precomp  -I/usr/include -g -O2 -fvisibility=hidden -DZTS  -c /Users/Ingwie/Work/drag0n-php/ext/mbstring/oniguruma/regexec.c -o ext/mbstring/oniguruma/regexec.lo 
/bin/sh /Users/Ingwie/Work/drag0n-php/libtool --silent --preserve-dup-deps --mode=compile cc  -DNOT_RUBY -DONIG_ESCAPE_UCHAR_COLLISION=1 -DUChar=OnigUChar -DHAVE_CONFIG_H -Iext/mbstring/ -I/Users/Ingwie/Work/drag0n-php/ext/mbstring/ -DPHP_ATOM_INC -I/Users/Ingwie/Work/drag0n-php/include -I/Users/Ingwie/Work/drag0n-php/main -I/Users/Ingwie/Work/drag0n-php -I/Users/Ingwie/Work/drag0n-php/ext/date/lib -I/Users/Ingwie/Work/drag0n-php/ext/ereg/regex -I/usr/include/libxml2 -I/usr/local/include -I/Users/Ingwie/Work/drag0n-php/ext/mbstring/oniguruma -I/Users/Ingwie/Work/drag0n-php/ext/mbstring/libmbfl -I/Users/Ingwie/Work/drag0n-php/ext/mbstring/libmbfl/mbfl -I/Users/Ingwie/Work/drag0n-php/ext/sqlite3/libsqlite -I/Users/Ingwie/Work/drag0n-php/ext/pthreads -I/usr/include/tidy -I/Users/Ingwie/Work/drag0n-php/ext/tokenizer/includes -I/usr/local/lib/wx/include/osx_cocoa-unicode-2.9 -I/usr/local/include/wx-2.9 -I/Users/Ingwie/Work/drag0n-php/TSRM -I/Users/Ingwie/Work/drag0n-php/Zend  -no-cpp-precomp  -I/usr/include -g -O2 -fvisibility=hidden -DZTS  -c /Users/Ingwie/Work/drag0n-php/ext/mbstring/oniguruma/reggnu.c -o ext/mbstring/oniguruma/reggnu.lo 
/bin/sh /Users/Ingwie/Work/drag0n-php/libtool --silent --preserve-dup-deps --mode=compile cc  -DNOT_RUBY -DONIG_ESCAPE_UCHAR_COLLISION=1 -DUChar=OnigUChar -DHAVE_CONFIG_H -Iext/mbstring/ -I/Users/Ingwie/Work/drag0n-php/ext/mbstring/ -DPHP_ATOM_INC -I/Users/Ingwie/Work/drag0n-php/include -I/Users/Ingwie/Work/drag0n-php/main -I/Users/Ingwie/Work/drag0n-php -I/Users/Ingwie/Work/drag0n-php/ext/date/lib -I/Users/Ingwie/Work/drag0n-php/ext/ereg/regex -I/usr/include/libxml2 -I/usr/local/include -I/Users/Ingwie/Work/drag0n-php/ext/mbstring/oniguruma -I/Users/Ingwie/Work/drag0n-php/ext/mbstring/libmbfl -I/Users/Ingwie/Work/drag0n-php/ext/mbstring/libmbfl/mbfl -I/Users/Ingwie/Work/drag0n-php/ext/sqlite3/libsqlite -I/Users/Ingwie/Work/drag0n-php/ext/pthreads -I/usr/include/tidy -I/Users/Ingwie/Work/drag0n-php/ext/tokenizer/includes -I/usr/local/lib/wx/include/osx_cocoa-unicode-2.9 -I/usr/local/include/wx-2.9 -I/Users/Ingwie/Work/drag0n-php/TSRM -I/Users/Ingwie/Work/drag0n-php/Zend  -no-cpp-precomp  -I/usr/include -g -O2 -fvisibility=hidden -DZTS  -c /Users/Ingwie/Work/drag0n-php/ext/mbstring/oniguruma/regparse.c -o ext/mbstring/oniguruma/regparse.lo 
/bin/sh /Users/Ingwie/Work/drag0n-php/libtool --silent --preserve-dup-deps --mode=compile cc  -DNOT_RUBY -DONIG_ESCAPE_UCHAR_COLLISION=1 -DUChar=OnigUChar -DHAVE_CONFIG_H -Iext/mbstring/ -I/Users/Ingwie/Work/drag0n-php/ext/mbstring/ -DPHP_ATOM_INC -I/Users/Ingwie/Work/drag0n-php/include -I/Users/Ingwie/Work/drag0n-php/main -I/Users/Ingwie/Work/drag0n-php -I/Users/Ingwie/Work/drag0n-php/ext/date/lib -I/Users/Ingwie/Work/drag0n-php/ext/ereg/regex -I/usr/include/libxml2 -I/usr/local/include -I/Users/Ingwie/Work/drag0n-php/ext/mbstring/oniguruma -I/Users/Ingwie/Work/drag0n-php/ext/mbstring/libmbfl -I/Users/Ingwie/Work/drag0n-php/ext/mbstring/libmbfl/mbfl -I/Users/Ingwie/Work/drag0n-php/ext/sqlite3/libsqlite -I/Users/Ingwie/Work/drag0n-php/ext/pthreads -I/usr/include/tidy -I/Users/Ingwie/Work/drag0n-php/ext/tokenizer/includes -I/usr/local/lib/wx/include/osx_cocoa-unicode-2.9 -I/usr/local/include/wx-2.9 -I/Users/Ingwie/Work/drag0n-php/TSRM -I/Users/Ingwie/Work/drag0n-php/Zend  -no-cpp-precomp  -I/usr/include -g -O2 -fvisibility=hidden -DZTS  -c /Users/Ingwie/Work/drag0n-php/ext/mbstring/oniguruma/regenc.c -o ext/mbstring/oniguruma/regenc.lo 
/bin/sh /Users/Ingwie/Work/drag0n-php/libtool --silent --preserve-dup-deps --mode=compile cc  -DNOT_RUBY -DONIG_ESCAPE_UCHAR_COLLISION=1 -DUChar=OnigUChar -DHAVE_CONFIG_H -Iext/mbstring/ -I/Users/Ingwie/Work/drag0n-php/ext/mbstring/ -DPHP_ATOM_INC -I/Users/Ingwie/Work/drag0n-php/include -I/Users/Ingwie/Work/drag0n-php/main -I/Users/Ingwie/Work/drag0n-php -I/Users/Ingwie/Work/drag0n-php/ext/date/lib -I/Users/Ingwie/Work/drag0n-php/ext/ereg/regex -I/usr/include/libxml2 -I/usr/local/include -I/Users/Ingwie/Work/drag0n-php/ext/mbstring/oniguruma -I/Users/Ingwie/Work/drag0n-php/ext/mbstring/libmbfl -I/Users/Ingwie/Work/drag0n-php/ext/mbstring/libmbfl/mbfl -I/Users/Ingwie/Work/drag0n-php/ext/sqlite3/libsqlite -I/Users/Ingwie/Work/drag0n-php/ext/pthreads -I/usr/include/tidy -I/Users/Ingwie/Work/drag0n-php/ext/tokenizer/includes -I/usr/local/lib/wx/include/osx_cocoa-unicode-2.9 -I/usr/local/include/wx-2.9 -I/Users/Ingwie/Work/drag0n-php/TSRM -I/Users/Ingwie/Work/drag0n-php/Zend  -no-cpp-precomp  -I/usr/include -g -O2 -fvisibility=hidden -DZTS  -c /Users/Ingwie/Work/drag0n-php/ext/mbstring/oniguruma/regext.c -o ext/mbstring/oniguruma/regext.lo 
/bin/sh /Users/Ingwie/Work/drag0n-php/libtool --silent --preserve-dup-deps --mode=compile cc  -DNOT_RUBY -DONIG_ESCAPE_UCHAR_COLLISION=1 -DUChar=OnigUChar -DHAVE_CONFIG_H -Iext/mbstring/ -I/Users/Ingwie/Work/drag0n-php/ext/mbstring/ -DPHP_ATOM_INC -I/Users/Ingwie/Work/drag0n-php/include -I/Users/Ingwie/Work/drag0n-php/main -I/Users/Ingwie/Work/drag0n-php -I/Users/Ingwie/Work/drag0n-php/ext/date/lib -I/Users/Ingwie/Work/drag0n-php/ext/ereg/regex -I/usr/include/libxml2 -I/usr/local/include -I/Users/Ingwie/Work/drag0n-php/ext/mbstring/oniguruma -I/Users/Ingwie/Work/drag0n-php/ext/mbstring/libmbfl -I/Users/Ingwie/Work/drag0n-php/ext/mbstring/libmbfl/mbfl -I/Users/Ingwie/Work/drag0n-php/ext/sqlite3/libsqlite -I/Users/Ingwie/Work/drag0n-php/ext/pthreads -I/usr/include/tidy -I/Users/Ingwie/Work/drag0n-php/ext/tokenizer/includes -I/usr/local/lib/wx/include/osx_cocoa-unicode-2.9 -I/usr/local/include/wx-2.9 -I/Users/Ingwie/Work/drag0n-php/TSRM -I/Users/Ingwie/Work/drag0n-php/Zend  -no-cpp-precomp  -I/usr/include -g -O2 -fvisibility=hidden -DZTS  -c /Users/Ingwie/Work/drag0n-php/ext/mbstring/oniguruma/regsyntax.c -o ext/mbstring/oniguruma/regsyntax.lo 
/bin/sh /Users/Ingwie/Work/drag0n-php/libtool --silent --preserve-dup-deps --mode=compile cc  -DNOT_RUBY -DONIG_ESCAPE_UCHAR_COLLISION=1 -DUChar=OnigUChar -DHAVE_CONFIG_H -Iext/mbstring/ -I/Users/Ingwie/Work/drag0n-php/ext/mbstring/ -DPHP_ATOM_INC -I/Users/Ingwie/Work/drag0n-php/include -I/Users/Ingwie/Work/drag0n-php/main -I/Users/Ingwie/Work/drag0n-php -I/Users/Ingwie/Work/drag0n-php/ext/date/lib -I/Users/Ingwie/Work/drag0n-php/ext/ereg/regex -I/usr/include/libxml2 -I/usr/local/include -I/Users/Ingwie/Work/drag0n-php/ext/mbstring/oniguruma -I/Users/Ingwie/Work/drag0n-php/ext/mbstring/libmbfl -I/Users/Ingwie/Work/drag0n-php/ext/mbstring/libmbfl/mbfl -I/Users/Ingwie/Work/drag0n-php/ext/sqlite3/libsqlite -I/Users/Ingwie/Work/drag0n-php/ext/pthreads -I/usr/include/tidy -I/Users/Ingwie/Work/drag0n-php/ext/tokenizer/includes -I/usr/local/lib/wx/include/osx_cocoa-unicode-2.9 -I/usr/local/include/wx-2.9 -I/Users/Ingwie/Work/drag0n-php/TSRM -I/Users/Ingwie/Work/drag0n-php/Zend  -no-cpp-precomp  -I/usr/include -g -O2 -fvisibility=hidden -DZTS  -c /Users/Ingwie/Work/drag0n-php/ext/mbstring/oniguruma/regtrav.c -o ext/mbstring/oniguruma/regtrav.lo 
/bin/sh /Users/Ingwie/Work/drag0n-php/libtool --silent --preserve-dup-deps --mode=compile cc  -DNOT_RUBY -DONIG_ESCAPE_UCHAR_COLLISION=1 -DUChar=OnigUChar -DHAVE_CONFIG_H -Iext/mbstring/ -I/Users/Ingwie/Work/drag0n-php/ext/mbstring/ -DPHP_ATOM_INC -I/Users/Ingwie/Work/drag0n-php/include -I/Users/Ingwie/Work/drag0n-php/main -I/Users/Ingwie/Work/drag0n-php -I/Users/Ingwie/Work/drag0n-php/ext/date/lib -I/Users/Ingwie/Work/drag0n-php/ext/ereg/regex -I/usr/include/libxml2 -I/usr/local/include -I/Users/Ingwie/Work/drag0n-php/ext/mbstring/oniguruma -I/Users/Ingwie/Work/drag0n-php/ext/mbstring/libmbfl -I/Users/Ingwie/Work/drag0n-php/ext/mbstring/libmbfl/mbfl -I/Users/Ingwie/Work/drag0n-php/ext/sqlite3/libsqlite -I/Users/Ingwie/Work/drag0n-php/ext/pthreads -I/usr/include/tidy -I/Users/Ingwie/Work/drag0n-php/ext/tokenizer/includes -I/usr/local/lib/wx/include/osx_cocoa-unicode-2.9 -I/usr/local/include/wx-2.9 -I/Users/Ingwie/Work/drag0n-php/TSRM -I/Users/Ingwie/Work/drag0n-php/Zend  -no-cpp-precomp  -I/usr/include -g -O2 -fvisibility=hidden -DZTS  -c /Users/Ingwie/Work/drag0n-php/ext/mbstring/oniguruma/regversion.c -o ext/mbstring/oniguruma/regversion.lo 
/bin/sh /Users/Ingwie/Work/drag0n-php/libtool --silent --preserve-dup-deps --mode=compile cc  -DNOT_RUBY -DONIG_ESCAPE_UCHAR_COLLISION=1 -DUChar=OnigUChar -DHAVE_CONFIG_H -Iext/mbstring/ -I/Users/Ingwie/Work/drag0n-php/ext/mbstring/ -DPHP_ATOM_INC -I/Users/Ingwie/Work/drag0n-php/include -I/Users/Ingwie/Work/drag0n-php/main -I/Users/Ingwie/Work/drag0n-php -I/Users/Ingwie/Work/drag0n-php/ext/date/lib -I/Users/Ingwie/Work/drag0n-php/ext/ereg/regex -I/usr/include/libxml2 -I/usr/local/include -I/Users/Ingwie/Work/drag0n-php/ext/mbstring/oniguruma -I/Users/Ingwie/Work/drag0n-php/ext/mbstring/libmbfl -I/Users/Ingwie/Work/drag0n-php/ext/mbstring/libmbfl/mbfl -I/Users/Ingwie/Work/drag0n-php/ext/sqlite3/libsqlite -I/Users/Ingwie/Work/drag0n-php/ext/pthreads -I/usr/include/tidy -I/Users/Ingwie/Work/drag0n-php/ext/tokenizer/includes -I/usr/local/lib/wx/include/osx_cocoa-unicode-2.9 -I/usr/local/include/wx-2.9 -I/Users/Ingwie/Work/drag0n-php/TSRM -I/Users/Ingwie/Work/drag0n-php/Zend  -no-cpp-precomp  -I/usr/include -g -O2 -fvisibility=hidden -DZTS  -c /Users/Ingwie/Work/drag0n-php/ext/mbstring/oniguruma/st.c -o ext/mbstring/oniguruma/st.lo 
/bin/sh /Users/Ingwie/Work/drag0n-php/libtool --silent --preserve-dup-deps --mode=compile cc  -DNOT_RUBY -DONIG_ESCAPE_UCHAR_COLLISION=1 -DUChar=OnigUChar -DHAVE_CONFIG_H -Iext/mbstring/ -I/Users/Ingwie/Work/drag0n-php/ext/mbstring/ -DPHP_ATOM_INC -I/Users/Ingwie/Work/drag0n-php/include -I/Users/Ingwie/Work/drag0n-php/main -I/Users/Ingwie/Work/drag0n-php -I/Users/Ingwie/Work/drag0n-php/ext/date/lib -I/Users/Ingwie/Work/drag0n-php/ext/ereg/regex -I/usr/include/libxml2 -I/usr/local/include -I/Users/Ingwie/Work/drag0n-php/ext/mbstring/oniguruma -I/Users/Ingwie/Work/drag0n-php/ext/mbstring/libmbfl -I/Users/Ingwie/Work/drag0n-php/ext/mbstring/libmbfl/mbfl -I/Users/Ingwie/Work/drag0n-php/ext/sqlite3/libsqlite -I/Users/Ingwie/Work/drag0n-php/ext/pthreads -I/usr/include/tidy -I/Users/Ingwie/Work/drag0n-php/ext/tokenizer/includes -I/usr/local/lib/wx/include/osx_cocoa-unicode-2.9 -I/usr/local/include/wx-2.9 -I/Users/Ingwie/Work/drag0n-php/TSRM -I/Users/Ingwie/Work/drag0n-php/Zend  -no-cpp-precomp  -I/usr/include -g -O2 -fvisibility=hidden -DZTS  -c /Users/Ingwie/Work/drag0n-php/ext/mbstring/oniguruma/enc/unicode.c -o ext/mbstring/oniguruma/enc/unicode.lo 
/bin/sh /Users/Ingwie/Work/drag0n-php/libtool --silent --preserve-dup-deps --mode=compile cc  -DNOT_RUBY -DONIG_ESCAPE_UCHAR_COLLISION=1 -DUChar=OnigUChar -DHAVE_CONFIG_H -Iext/mbstring/ -I/Users/Ingwie/Work/drag0n-php/ext/mbstring/ -DPHP_ATOM_INC -I/Users/Ingwie/Work/drag0n-php/include -I/Users/Ingwie/Work/drag0n-php/main -I/Users/Ingwie/Work/drag0n-php -I/Users/Ingwie/Work/drag0n-php/ext/date/lib -I/Users/Ingwie/Work/drag0n-php/ext/ereg/regex -I/usr/include/libxml2 -I/usr/local/include -I/Users/Ingwie/Work/drag0n-php/ext/mbstring/oniguruma -I/Users/Ingwie/Work/drag0n-php/ext/mbstring/libmbfl -I/Users/Ingwie/Work/drag0n-php/ext/mbstring/libmbfl/mbfl -I/Users/Ingwie/Work/drag0n-php/ext/sqlite3/libsqlite -I/Users/Ingwie/Work/drag0n-php/ext/pthreads -I/usr/include/tidy -I/Users/Ingwie/Work/drag0n-php/ext/tokenizer/includes -I/usr/local/lib/wx/include/osx_cocoa-unicode-2.9 -I/usr/local/include/wx-2.9 -I/Users/Ingwie/Work/drag0n-php/TSRM -I/Users/Ingwie/Work/drag0n-php/Zend  -no-cpp-precomp  -I/usr/include -g -O2 -fvisibility=hidden -DZTS  -c /Users/Ingwie/Work/drag0n-php/ext/mbstring/oniguruma/enc/ascii.c -o ext/mbstring/oniguruma/enc/ascii.lo 
/bin/sh /Users/Ingwie/Work/drag0n-php/libtool --silent --preserve-dup-deps --mode=compile cc  -DNOT_RUBY -DONIG_ESCAPE_UCHAR_COLLISION=1 -DUChar=OnigUChar -DHAVE_CONFIG_H -Iext/mbstring/ -I/Users/Ingwie/Work/drag0n-php/ext/mbstring/ -DPHP_ATOM_INC -I/Users/Ingwie/Work/drag0n-php/include -I/Users/Ingwie/Work/drag0n-php/main -I/Users/Ingwie/Work/drag0n-php -I/Users/Ingwie/Work/drag0n-php/ext/date/lib -I/Users/Ingwie/Work/drag0n-php/ext/ereg/regex -I/usr/include/libxml2 -I/usr/local/include -I/Users/Ingwie/Work/drag0n-php/ext/mbstring/oniguruma -I/Users/Ingwie/Work/drag0n-php/ext/mbstring/libmbfl -I/Users/Ingwie/Work/drag0n-php/ext/mbstring/libmbfl/mbfl -I/Users/Ingwie/Work/drag0n-php/ext/sqlite3/libsqlite -I/Users/Ingwie/Work/drag0n-php/ext/pthreads -I/usr/include/tidy -I/Users/Ingwie/Work/drag0n-php/ext/tokenizer/includes -I/usr/local/lib/wx/include/osx_cocoa-unicode-2.9 -I/usr/local/include/wx-2.9 -I/Users/Ingwie/Work/drag0n-php/TSRM -I/Users/Ingwie/Work/drag0n-php/Zend  -no-cpp-precomp  -I/usr/include -g -O2 -fvisibility=hidden -DZTS  -c /Users/Ingwie/Work/drag0n-php/ext/mbstring/oniguruma/enc/utf8.c -o ext/mbstring/oniguruma/enc/utf8.lo 
/bin/sh /Users/Ingwie/Work/drag0n-php/libtool --silent --preserve-dup-deps --mode=compile cc  -DNOT_RUBY -DONIG_ESCAPE_UCHAR_COLLISION=1 -DUChar=OnigUChar -DHAVE_CONFIG_H -Iext/mbstring/ -I/Users/Ingwie/Work/drag0n-php/ext/mbstring/ -DPHP_ATOM_INC -I/Users/Ingwie/Work/drag0n-php/include -I/Users/Ingwie/Work/drag0n-php/main -I/Users/Ingwie/Work/drag0n-php -I/Users/Ingwie/Work/drag0n-php/ext/date/lib -I/Users/Ingwie/Work/drag0n-php/ext/ereg/regex -I/usr/include/libxml2 -I/usr/local/include -I/Users/Ingwie/Work/drag0n-php/ext/mbstring/oniguruma -I/Users/Ingwie/Work/drag0n-php/ext/mbstring/libmbfl -I/Users/Ingwie/Work/drag0n-php/ext/mbstring/libmbfl/mbfl -I/Users/Ingwie/Work/drag0n-php/ext/sqlite3/libsqlite -I/Users/Ingwie/Work/drag0n-php/ext/pthreads -I/usr/include/tidy -I/Users/Ingwie/Work/drag0n-php/ext/tokenizer/includes -I/usr/local/lib/wx/include/osx_cocoa-unicode-2.9 -I/usr/local/include/wx-2.9 -I/Users/Ingwie/Work/drag0n-php/TSRM -I/Users/Ingwie/Work/drag0n-php/Zend  -no-cpp-precomp  -I/usr/include -g -O2 -fvisibility=hidden -DZTS  -c /Users/Ingwie/Work/drag0n-php/ext/mbstring/oniguruma/enc/euc_jp.c -o ext/mbstring/oniguruma/enc/euc_jp.lo 
/bin/sh /Users/Ingwie/Work/drag0n-php/libtool --silent --preserve-dup-deps --mode=compile cc  -DNOT_RUBY -DONIG_ESCAPE_UCHAR_COLLISION=1 -DUChar=OnigUChar -DHAVE_CONFIG_H -Iext/mbstring/ -I/Users/Ingwie/Work/drag0n-php/ext/mbstring/ -DPHP_ATOM_INC -I/Users/Ingwie/Work/drag0n-php/include -I/Users/Ingwie/Work/drag0n-php/main -I/Users/Ingwie/Work/drag0n-php -I/Users/Ingwie/Work/drag0n-php/ext/date/lib -I/Users/Ingwie/Work/drag0n-php/ext/ereg/regex -I/usr/include/libxml2 -I/usr/local/include -I/Users/Ingwie/Work/drag0n-php/ext/mbstring/oniguruma -I/Users/Ingwie/Work/drag0n-php/ext/mbstring/libmbfl -I/Users/Ingwie/Work/drag0n-php/ext/mbstring/libmbfl/mbfl -I/Users/Ingwie/Work/drag0n-php/ext/sqlite3/libsqlite -I/Users/Ingwie/Work/drag0n-php/ext/pthreads -I/usr/include/tidy -I/Users/Ingwie/Work/drag0n-php/ext/tokenizer/includes -I/usr/local/lib/wx/include/osx_cocoa-unicode-2.9 -I/usr/local/include/wx-2.9 -I/Users/Ingwie/Work/drag0n-php/TSRM -I/Users/Ingwie/Work/drag0n-php/Zend  -no-cpp-precomp  -I/usr/include -g -O2 -fvisibility=hidden -DZTS  -c /Users/Ingwie/Work/drag0n-php/ext/mbstring/oniguruma/enc/euc_tw.c -o ext/mbstring/oniguruma/enc/euc_tw.lo 
/bin/sh /Users/Ingwie/Work/drag0n-php/libtool --silent --preserve-dup-deps --mode=compile cc  -DNOT_RUBY -DONIG_ESCAPE_UCHAR_COLLISION=1 -DUChar=OnigUChar -DHAVE_CONFIG_H -Iext/mbstring/ -I/Users/Ingwie/Work/drag0n-php/ext/mbstring/ -DPHP_ATOM_INC -I/Users/Ingwie/Work/drag0n-php/include -I/Users/Ingwie/Work/drag0n-php/main -I/Users/Ingwie/Work/drag0n-php -I/Users/Ingwie/Work/drag0n-php/ext/date/lib -I/Users/Ingwie/Work/drag0n-php/ext/ereg/regex -I/usr/include/libxml2 -I/usr/local/include -I/Users/Ingwie/Work/drag0n-php/ext/mbstring/oniguruma -I/Users/Ingwie/Work/drag0n-php/ext/mbstring/libmbfl -I/Users/Ingwie/Work/drag0n-php/ext/mbstring/libmbfl/mbfl -I/Users/Ingwie/Work/drag0n-php/ext/sqlite3/libsqlite -I/Users/Ingwie/Work/drag0n-php/ext/pthreads -I/usr/include/tidy -I/Users/Ingwie/Work/drag0n-php/ext/tokenizer/includes -I/usr/local/lib/wx/include/osx_cocoa-unicode-2.9 -I/usr/local/include/wx-2.9 -I/Users/Ingwie/Work/drag0n-php/TSRM -I/Users/Ingwie/Work/drag0n-php/Zend  -no-cpp-precomp  -I/usr/include -g -O2 -fvisibility=hidden -DZTS  -c /Users/Ingwie/Work/drag0n-php/ext/mbstring/oniguruma/enc/euc_kr.c -o ext/mbstring/oniguruma/enc/euc_kr.lo 
/bin/sh /Users/Ingwie/Work/drag0n-php/libtool --silent --preserve-dup-deps --mode=compile cc  -DNOT_RUBY -DONIG_ESCAPE_UCHAR_COLLISION=1 -DUChar=OnigUChar -DHAVE_CONFIG_H -Iext/mbstring/ -I/Users/Ingwie/Work/drag0n-php/ext/mbstring/ -DPHP_ATOM_INC -I/Users/Ingwie/Work/drag0n-php/include -I/Users/Ingwie/Work/drag0n-php/main -I/Users/Ingwie/Work/drag0n-php -I/Users/Ingwie/Work/drag0n-php/ext/date/lib -I/Users/Ingwie/Work/drag0n-php/ext/ereg/regex -I/usr/include/libxml2 -I/usr/local/include -I/Users/Ingwie/Work/drag0n-php/ext/mbstring/oniguruma -I/Users/Ingwie/Work/drag0n-php/ext/mbstring/libmbfl -I/Users/Ingwie/Work/drag0n-php/ext/mbstring/libmbfl/mbfl -I/Users/Ingwie/Work/drag0n-php/ext/sqlite3/libsqlite -I/Users/Ingwie/Work/drag0n-php/ext/pthreads -I/usr/include/tidy -I/Users/Ingwie/Work/drag0n-php/ext/tokenizer/includes -I/usr/local/lib/wx/include/osx_cocoa-unicode-2.9 -I/usr/local/include/wx-2.9 -I/Users/Ingwie/Work/drag0n-php/TSRM -I/Users/Ingwie/Work/drag0n-php/Zend  -no-cpp-precomp  -I/usr/include -g -O2 -fvisibility=hidden -DZTS  -c /Users/Ingwie/Work/drag0n-php/ext/mbstring/oniguruma/enc/sjis.c -o ext/mbstring/oniguruma/enc/sjis.lo 
/bin/sh /Users/Ingwie/Work/drag0n-php/libtool --silent --preserve-dup-deps --mode=compile cc  -DNOT_RUBY -DONIG_ESCAPE_UCHAR_COLLISION=1 -DUChar=OnigUChar -DHAVE_CONFIG_H -Iext/mbstring/ -I/Users/Ingwie/Work/drag0n-php/ext/mbstring/ -DPHP_ATOM_INC -I/Users/Ingwie/Work/drag0n-php/include -I/Users/Ingwie/Work/drag0n-php/main -I/Users/Ingwie/Work/drag0n-php -I/Users/Ingwie/Work/drag0n-php/ext/date/lib -I/Users/Ingwie/Work/drag0n-php/ext/ereg/regex -I/usr/include/libxml2 -I/usr/local/include -I/Users/Ingwie/Work/drag0n-php/ext/mbstring/oniguruma -I/Users/Ingwie/Work/drag0n-php/ext/mbstring/libmbfl -I/Users/Ingwie/Work/drag0n-php/ext/mbstring/libmbfl/mbfl -I/Users/Ingwie/Work/drag0n-php/ext/sqlite3/libsqlite -I/Users/Ingwie/Work/drag0n-php/ext/pthreads -I/usr/include/tidy -I/Users/Ingwie/Work/drag0n-php/ext/tokenizer/includes -I/usr/local/lib/wx/include/osx_cocoa-unicode-2.9 -I/usr/local/include/wx-2.9 -I/Users/Ingwie/Work/drag0n-php/TSRM -I/Users/Ingwie/Work/drag0n-php/Zend  -no-cpp-precomp  -I/usr/include -g -O2 -fvisibility=hidden -DZTS  -c /Users/Ingwie/Work/drag0n-php/ext/mbstring/oniguruma/enc/iso8859_1.c -o ext/mbstring/oniguruma/enc/iso8859_1.lo 
/bin/sh /Users/Ingwie/Work/drag0n-php/libtool --silent --preserve-dup-deps --mode=compile cc  -DNOT_RUBY -DONIG_ESCAPE_UCHAR_COLLISION=1 -DUChar=OnigUChar -DHAVE_CONFIG_H -Iext/mbstring/ -I/Users/Ingwie/Work/drag0n-php/ext/mbstring/ -DPHP_ATOM_INC -I/Users/Ingwie/Work/drag0n-php/include -I/Users/Ingwie/Work/drag0n-php/main -I/Users/Ingwie/Work/drag0n-php -I/Users/Ingwie/Work/drag0n-php/ext/date/lib -I/Users/Ingwie/Work/drag0n-php/ext/ereg/regex -I/usr/include/libxml2 -I/usr/local/include -I/Users/Ingwie/Work/drag0n-php/ext/mbstring/oniguruma -I/Users/Ingwie/Work/drag0n-php/ext/mbstring/libmbfl -I/Users/Ingwie/Work/drag0n-php/ext/mbstring/libmbfl/mbfl -I/Users/Ingwie/Work/drag0n-php/ext/sqlite3/libsqlite -I/Users/Ingwie/Work/drag0n-php/ext/pthreads -I/usr/include/tidy -I/Users/Ingwie/Work/drag0n-php/ext/tokenizer/includes -I/usr/local/lib/wx/include/osx_cocoa-unicode-2.9 -I/usr/local/include/wx-2.9 -I/Users/Ingwie/Work/drag0n-php/TSRM -I/Users/Ingwie/Work/drag0n-php/Zend  -no-cpp-precomp  -I/usr/include -g -O2 -fvisibility=hidden -DZTS  -c /Users/Ingwie/Work/drag0n-php/ext/mbstring/oniguruma/enc/iso8859_2.c -o ext/mbstring/oniguruma/enc/iso8859_2.lo 
/bin/sh /Users/Ingwie/Work/drag0n-php/libtool --silent --preserve-dup-deps --mode=compile cc  -DNOT_RUBY -DONIG_ESCAPE_UCHAR_COLLISION=1 -DUChar=OnigUChar -DHAVE_CONFIG_H -Iext/mbstring/ -I/Users/Ingwie/Work/drag0n-php/ext/mbstring/ -DPHP_ATOM_INC -I/Users/Ingwie/Work/drag0n-php/include -I/Users/Ingwie/Work/drag0n-php/main -I/Users/Ingwie/Work/drag0n-php -I/Users/Ingwie/Work/drag0n-php/ext/date/lib -I/Users/Ingwie/Work/drag0n-php/ext/ereg/regex -I/usr/include/libxml2 -I/usr/local/include -I/Users/Ingwie/Work/drag0n-php/ext/mbstring/oniguruma -I/Users/Ingwie/Work/drag0n-php/ext/mbstring/libmbfl -I/Users/Ingwie/Work/drag0n-php/ext/mbstring/libmbfl/mbfl -I/Users/Ingwie/Work/drag0n-php/ext/sqlite3/libsqlite -I/Users/Ingwie/Work/drag0n-php/ext/pthreads -I/usr/include/tidy -I/Users/Ingwie/Work/drag0n-php/ext/tokenizer/includes -I/usr/local/lib/wx/include/osx_cocoa-unicode-2.9 -I/usr/local/include/wx-2.9 -I/Users/Ingwie/Work/drag0n-php/TSRM -I/Users/Ingwie/Work/drag0n-php/Zend  -no-cpp-precomp  -I/usr/include -g -O2 -fvisibility=hidden -DZTS  -c /Users/Ingwie/Work/drag0n-php/ext/mbstring/oniguruma/enc/iso8859_3.c -o ext/mbstring/oniguruma/enc/iso8859_3.lo 
/bin/sh /Users/Ingwie/Work/drag0n-php/libtool --silent --preserve-dup-deps --mode=compile cc  -DNOT_RUBY -DONIG_ESCAPE_UCHAR_COLLISION=1 -DUChar=OnigUChar -DHAVE_CONFIG_H -Iext/mbstring/ -I/Users/Ingwie/Work/drag0n-php/ext/mbstring/ -DPHP_ATOM_INC -I/Users/Ingwie/Work/drag0n-php/include -I/Users/Ingwie/Work/drag0n-php/main -I/Users/Ingwie/Work/drag0n-php -I/Users/Ingwie/Work/drag0n-php/ext/date/lib -I/Users/Ingwie/Work/drag0n-php/ext/ereg/regex -I/usr/include/libxml2 -I/usr/local/include -I/Users/Ingwie/Work/drag0n-php/ext/mbstring/oniguruma -I/Users/Ingwie/Work/drag0n-php/ext/mbstring/libmbfl -I/Users/Ingwie/Work/drag0n-php/ext/mbstring/libmbfl/mbfl -I/Users/Ingwie/Work/drag0n-php/ext/sqlite3/libsqlite -I/Users/Ingwie/Work/drag0n-php/ext/pthreads -I/usr/include/tidy -I/Users/Ingwie/Work/drag0n-php/ext/tokenizer/includes -I/usr/local/lib/wx/include/osx_cocoa-unicode-2.9 -I/usr/local/include/wx-2.9 -I/Users/Ingwie/Work/drag0n-php/TSRM -I/Users/Ingwie/Work/drag0n-php/Zend  -no-cpp-precomp  -I/usr/include -g -O2 -fvisibility=hidden -DZTS  -c /Users/Ingwie/Work/drag0n-php/ext/mbstring/oniguruma/enc/iso8859_4.c -o ext/mbstring/oniguruma/enc/iso8859_4.lo 
/bin/sh /Users/Ingwie/Work/drag0n-php/libtool --silent --preserve-dup-deps --mode=compile cc  -DNOT_RUBY -DONIG_ESCAPE_UCHAR_COLLISION=1 -DUChar=OnigUChar -DHAVE_CONFIG_H -Iext/mbstring/ -I/Users/Ingwie/Work/drag0n-php/ext/mbstring/ -DPHP_ATOM_INC -I/Users/Ingwie/Work/drag0n-php/include -I/Users/Ingwie/Work/drag0n-php/main -I/Users/Ingwie/Work/drag0n-php -I/Users/Ingwie/Work/drag0n-php/ext/date/lib -I/Users/Ingwie/Work/drag0n-php/ext/ereg/regex -I/usr/include/libxml2 -I/usr/local/include -I/Users/Ingwie/Work/drag0n-php/ext/mbstring/oniguruma -I/Users/Ingwie/Work/drag0n-php/ext/mbstring/libmbfl -I/Users/Ingwie/Work/drag0n-php/ext/mbstring/libmbfl/mbfl -I/Users/Ingwie/Work/drag0n-php/ext/sqlite3/libsqlite -I/Users/Ingwie/Work/drag0n-php/ext/pthreads -I/usr/include/tidy -I/Users/Ingwie/Work/drag0n-php/ext/tokenizer/includes -I/usr/local/lib/wx/include/osx_cocoa-unicode-2.9 -I/usr/local/include/wx-2.9 -I/Users/Ingwie/Work/drag0n-php/TSRM -I/Users/Ingwie/Work/drag0n-php/Zend  -no-cpp-precomp  -I/usr/include -g -O2 -fvisibility=hidden -DZTS  -c /Users/Ingwie/Work/drag0n-php/ext/mbstring/oniguruma/enc/iso8859_5.c -o ext/mbstring/oniguruma/enc/iso8859_5.lo 
/bin/sh /Users/Ingwie/Work/drag0n-php/libtool --silent --preserve-dup-deps --mode=compile cc  -DNOT_RUBY -DONIG_ESCAPE_UCHAR_COLLISION=1 -DUChar=OnigUChar -DHAVE_CONFIG_H -Iext/mbstring/ -I/Users/Ingwie/Work/drag0n-php/ext/mbstring/ -DPHP_ATOM_INC -I/Users/Ingwie/Work/drag0n-php/include -I/Users/Ingwie/Work/drag0n-php/main -I/Users/Ingwie/Work/drag0n-php -I/Users/Ingwie/Work/drag0n-php/ext/date/lib -I/Users/Ingwie/Work/drag0n-php/ext/ereg/regex -I/usr/include/libxml2 -I/usr/local/include -I/Users/Ingwie/Work/drag0n-php/ext/mbstring/oniguruma -I/Users/Ingwie/Work/drag0n-php/ext/mbstring/libmbfl -I/Users/Ingwie/Work/drag0n-php/ext/mbstring/libmbfl/mbfl -I/Users/Ingwie/Work/drag0n-php/ext/sqlite3/libsqlite -I/Users/Ingwie/Work/drag0n-php/ext/pthreads -I/usr/include/tidy -I/Users/Ingwie/Work/drag0n-php/ext/tokenizer/includes -I/usr/local/lib/wx/include/osx_cocoa-unicode-2.9 -I/usr/local/include/wx-2.9 -I/Users/Ingwie/Work/drag0n-php/TSRM -I/Users/Ingwie/Work/drag0n-php/Zend  -no-cpp-precomp  -I/usr/include -g -O2 -fvisibility=hidden -DZTS  -c /Users/Ingwie/Work/drag0n-php/ext/mbstring/oniguruma/enc/iso8859_6.c -o ext/mbstring/oniguruma/enc/iso8859_6.lo 
/bin/sh /Users/Ingwie/Work/drag0n-php/libtool --silent --preserve-dup-deps --mode=compile cc  -DNOT_RUBY -DONIG_ESCAPE_UCHAR_COLLISION=1 -DUChar=OnigUChar -DHAVE_CONFIG_H -Iext/mbstring/ -I/Users/Ingwie/Work/drag0n-php/ext/mbstring/ -DPHP_ATOM_INC -I/Users/Ingwie/Work/drag0n-php/include -I/Users/Ingwie/Work/drag0n-php/main -I/Users/Ingwie/Work/drag0n-php -I/Users/Ingwie/Work/drag0n-php/ext/date/lib -I/Users/Ingwie/Work/drag0n-php/ext/ereg/regex -I/usr/include/libxml2 -I/usr/local/include -I/Users/Ingwie/Work/drag0n-php/ext/mbstring/oniguruma -I/Users/Ingwie/Work/drag0n-php/ext/mbstring/libmbfl -I/Users/Ingwie/Work/drag0n-php/ext/mbstring/libmbfl/mbfl -I/Users/Ingwie/Work/drag0n-php/ext/sqlite3/libsqlite -I/Users/Ingwie/Work/drag0n-php/ext/pthreads -I/usr/include/tidy -I/Users/Ingwie/Work/drag0n-php/ext/tokenizer/includes -I/usr/local/lib/wx/include/osx_cocoa-unicode-2.9 -I/usr/local/include/wx-2.9 -I/Users/Ingwie/Work/drag0n-php/TSRM -I/Users/Ingwie/Work/drag0n-php/Zend  -no-cpp-precomp  -I/usr/include -g -O2 -fvisibility=hidden -DZTS  -c /Users/Ingwie/Work/drag0n-php/ext/mbstring/oniguruma/enc/iso8859_7.c -o ext/mbstring/oniguruma/enc/iso8859_7.lo 
/bin/sh /Users/Ingwie/Work/drag0n-php/libtool --silent --preserve-dup-deps --mode=compile cc  -DNOT_RUBY -DONIG_ESCAPE_UCHAR_COLLISION=1 -DUChar=OnigUChar -DHAVE_CONFIG_H -Iext/mbstring/ -I/Users/Ingwie/Work/drag0n-php/ext/mbstring/ -DPHP_ATOM_INC -I/Users/Ingwie/Work/drag0n-php/include -I/Users/Ingwie/Work/drag0n-php/main -I/Users/Ingwie/Work/drag0n-php -I/Users/Ingwie/Work/drag0n-php/ext/date/lib -I/Users/Ingwie/Work/drag0n-php/ext/ereg/regex -I/usr/include/libxml2 -I/usr/local/include -I/Users/Ingwie/Work/drag0n-php/ext/mbstring/oniguruma -I/Users/Ingwie/Work/drag0n-php/ext/mbstring/libmbfl -I/Users/Ingwie/Work/drag0n-php/ext/mbstring/libmbfl/mbfl -I/Users/Ingwie/Work/drag0n-php/ext/sqlite3/libsqlite -I/Users/Ingwie/Work/drag0n-php/ext/pthreads -I/usr/include/tidy -I/Users/Ingwie/Work/drag0n-php/ext/tokenizer/includes -I/usr/local/lib/wx/include/osx_cocoa-unicode-2.9 -I/usr/local/include/wx-2.9 -I/Users/Ingwie/Work/drag0n-php/TSRM -I/Users/Ingwie/Work/drag0n-php/Zend  -no-cpp-precomp  -I/usr/include -g -O2 -fvisibility=hidden -DZTS  -c /Users/Ingwie/Work/drag0n-php/ext/mbstring/oniguruma/enc/iso8859_8.c -o ext/mbstring/oniguruma/enc/iso8859_8.lo 
/bin/sh /Users/Ingwie/Work/drag0n-php/libtool --silent --preserve-dup-deps --mode=compile cc  -DNOT_RUBY -DONIG_ESCAPE_UCHAR_COLLISION=1 -DUChar=OnigUChar -DHAVE_CONFIG_H -Iext/mbstring/ -I/Users/Ingwie/Work/drag0n-php/ext/mbstring/ -DPHP_ATOM_INC -I/Users/Ingwie/Work/drag0n-php/include -I/Users/Ingwie/Work/drag0n-php/main -I/Users/Ingwie/Work/drag0n-php -I/Users/Ingwie/Work/drag0n-php/ext/date/lib -I/Users/Ingwie/Work/drag0n-php/ext/ereg/regex -I/usr/include/libxml2 -I/usr/local/include -I/Users/Ingwie/Work/drag0n-php/ext/mbstring/oniguruma -I/Users/Ingwie/Work/drag0n-php/ext/mbstring/libmbfl -I/Users/Ingwie/Work/drag0n-php/ext/mbstring/libmbfl/mbfl -I/Users/Ingwie/Work/drag0n-php/ext/sqlite3/libsqlite -I/Users/Ingwie/Work/drag0n-php/ext/pthreads -I/usr/include/tidy -I/Users/Ingwie/Work/drag0n-php/ext/tokenizer/includes -I/usr/local/lib/wx/include/osx_cocoa-unicode-2.9 -I/usr/local/include/wx-2.9 -I/Users/Ingwie/Work/drag0n-php/TSRM -I/Users/Ingwie/Work/drag0n-php/Zend  -no-cpp-precomp  -I/usr/include -g -O2 -fvisibility=hidden -DZTS  -c /Users/Ingwie/Work/drag0n-php/ext/mbstring/oniguruma/enc/iso8859_9.c -o ext/mbstring/oniguruma/enc/iso8859_9.lo 
/bin/sh /Users/Ingwie/Work/drag0n-php/libtool --silent --preserve-dup-deps --mode=compile cc  -DNOT_RUBY -DONIG_ESCAPE_UCHAR_COLLISION=1 -DUChar=OnigUChar -DHAVE_CONFIG_H -Iext/mbstring/ -I/Users/Ingwie/Work/drag0n-php/ext/mbstring/ -DPHP_ATOM_INC -I/Users/Ingwie/Work/drag0n-php/include -I/Users/Ingwie/Work/drag0n-php/main -I/Users/Ingwie/Work/drag0n-php -I/Users/Ingwie/Work/drag0n-php/ext/date/lib -I/Users/Ingwie/Work/drag0n-php/ext/ereg/regex -I/usr/include/libxml2 -I/usr/local/include -I/Users/Ingwie/Work/drag0n-php/ext/mbstring/oniguruma -I/Users/Ingwie/Work/drag0n-php/ext/mbstring/libmbfl -I/Users/Ingwie/Work/drag0n-php/ext/mbstring/libmbfl/mbfl -I/Users/Ingwie/Work/drag0n-php/ext/sqlite3/libsqlite -I/Users/Ingwie/Work/drag0n-php/ext/pthreads -I/usr/include/tidy -I/Users/Ingwie/Work/drag0n-php/ext/tokenizer/includes -I/usr/local/lib/wx/include/osx_cocoa-unicode-2.9 -I/usr/local/include/wx-2.9 -I/Users/Ingwie/Work/drag0n-php/TSRM -I/Users/Ingwie/Work/drag0n-php/Zend  -no-cpp-precomp  -I/usr/include -g -O2 -fvisibility=hidden -DZTS  -c /Users/Ingwie/Work/drag0n-php/ext/mbstring/oniguruma/enc/iso8859_10.c -o ext/mbstring/oniguruma/enc/iso8859_10.lo 
/bin/sh /Users/Ingwie/Work/drag0n-php/libtool --silent --preserve-dup-deps --mode=compile cc  -DNOT_RUBY -DONIG_ESCAPE_UCHAR_COLLISION=1 -DUChar=OnigUChar -DHAVE_CONFIG_H -Iext/mbstring/ -I/Users/Ingwie/Work/drag0n-php/ext/mbstring/ -DPHP_ATOM_INC -I/Users/Ingwie/Work/drag0n-php/include -I/Users/Ingwie/Work/drag0n-php/main -I/Users/Ingwie/Work/drag0n-php -I/Users/Ingwie/Work/drag0n-php/ext/date/lib -I/Users/Ingwie/Work/drag0n-php/ext/ereg/regex -I/usr/include/libxml2 -I/usr/local/include -I/Users/Ingwie/Work/drag0n-php/ext/mbstring/oniguruma -I/Users/Ingwie/Work/drag0n-php/ext/mbstring/libmbfl -I/Users/Ingwie/Work/drag0n-php/ext/mbstring/libmbfl/mbfl -I/Users/Ingwie/Work/drag0n-php/ext/sqlite3/libsqlite -I/Users/Ingwie/Work/drag0n-php/ext/pthreads -I/usr/include/tidy -I/Users/Ingwie/Work/drag0n-php/ext/tokenizer/includes -I/usr/local/lib/wx/include/osx_cocoa-unicode-2.9 -I/usr/local/include/wx-2.9 -I/Users/Ingwie/Work/drag0n-php/TSRM -I/Users/Ingwie/Work/drag0n-php/Zend  -no-cpp-precomp  -I/usr/include -g -O2 -fvisibility=hidden -DZTS  -c /Users/Ingwie/Work/drag0n-php/ext/mbstring/oniguruma/enc/iso8859_11.c -o ext/mbstring/oniguruma/enc/iso8859_11.lo 
/bin/sh /Users/Ingwie/Work/drag0n-php/libtool --silent --preserve-dup-deps --mode=compile cc  -DNOT_RUBY -DONIG_ESCAPE_UCHAR_COLLISION=1 -DUChar=OnigUChar -DHAVE_CONFIG_H -Iext/mbstring/ -I/Users/Ingwie/Work/drag0n-php/ext/mbstring/ -DPHP_ATOM_INC -I/Users/Ingwie/Work/drag0n-php/include -I/Users/Ingwie/Work/drag0n-php/main -I/Users/Ingwie/Work/drag0n-php -I/Users/Ingwie/Work/drag0n-php/ext/date/lib -I/Users/Ingwie/Work/drag0n-php/ext/ereg/regex -I/usr/include/libxml2 -I/usr/local/include -I/Users/Ingwie/Work/drag0n-php/ext/mbstring/oniguruma -I/Users/Ingwie/Work/drag0n-php/ext/mbstring/libmbfl -I/Users/Ingwie/Work/drag0n-php/ext/mbstring/libmbfl/mbfl -I/Users/Ingwie/Work/drag0n-php/ext/sqlite3/libsqlite -I/Users/Ingwie/Work/drag0n-php/ext/pthreads -I/usr/include/tidy -I/Users/Ingwie/Work/drag0n-php/ext/tokenizer/includes -I/usr/local/lib/wx/include/osx_cocoa-unicode-2.9 -I/usr/local/include/wx-2.9 -I/Users/Ingwie/Work/drag0n-php/TSRM -I/Users/Ingwie/Work/drag0n-php/Zend  -no-cpp-precomp  -I/usr/include -g -O2 -fvisibility=hidden -DZTS  -c /Users/Ingwie/Work/drag0n-php/ext/mbstring/oniguruma/enc/iso8859_13.c -o ext/mbstring/oniguruma/enc/iso8859_13.lo 
/bin/sh /Users/Ingwie/Work/drag0n-php/libtool --silent --preserve-dup-deps --mode=compile cc  -DNOT_RUBY -DONIG_ESCAPE_UCHAR_COLLISION=1 -DUChar=OnigUChar -DHAVE_CONFIG_H -Iext/mbstring/ -I/Users/Ingwie/Work/drag0n-php/ext/mbstring/ -DPHP_ATOM_INC -I/Users/Ingwie/Work/drag0n-php/include -I/Users/Ingwie/Work/drag0n-php/main -I/Users/Ingwie/Work/drag0n-php -I/Users/Ingwie/Work/drag0n-php/ext/date/lib -I/Users/Ingwie/Work/drag0n-php/ext/ereg/regex -I/usr/include/libxml2 -I/usr/local/include -I/Users/Ingwie/Work/drag0n-php/ext/mbstring/oniguruma -I/Users/Ingwie/Work/drag0n-php/ext/mbstring/libmbfl -I/Users/Ingwie/Work/drag0n-php/ext/mbstring/libmbfl/mbfl -I/Users/Ingwie/Work/drag0n-php/ext/sqlite3/libsqlite -I/Users/Ingwie/Work/drag0n-php/ext/pthreads -I/usr/include/tidy -I/Users/Ingwie/Work/drag0n-php/ext/tokenizer/includes -I/usr/local/lib/wx/include/osx_cocoa-unicode-2.9 -I/usr/local/include/wx-2.9 -I/Users/Ingwie/Work/drag0n-php/TSRM -I/Users/Ingwie/Work/drag0n-php/Zend  -no-cpp-precomp  -I/usr/include -g -O2 -fvisibility=hidden -DZTS  -c /Users/Ingwie/Work/drag0n-php/ext/mbstring/oniguruma/enc/iso8859_14.c -o ext/mbstring/oniguruma/enc/iso8859_14.lo 
/bin/sh /Users/Ingwie/Work/drag0n-php/libtool --silent --preserve-dup-deps --mode=compile cc  -DNOT_RUBY -DONIG_ESCAPE_UCHAR_COLLISION=1 -DUChar=OnigUChar -DHAVE_CONFIG_H -Iext/mbstring/ -I/Users/Ingwie/Work/drag0n-php/ext/mbstring/ -DPHP_ATOM_INC -I/Users/Ingwie/Work/drag0n-php/include -I/Users/Ingwie/Work/drag0n-php/main -I/Users/Ingwie/Work/drag0n-php -I/Users/Ingwie/Work/drag0n-php/ext/date/lib -I/Users/Ingwie/Work/drag0n-php/ext/ereg/regex -I/usr/include/libxml2 -I/usr/local/include -I/Users/Ingwie/Work/drag0n-php/ext/mbstring/oniguruma -I/Users/Ingwie/Work/drag0n-php/ext/mbstring/libmbfl -I/Users/Ingwie/Work/drag0n-php/ext/mbstring/libmbfl/mbfl -I/Users/Ingwie/Work/drag0n-php/ext/sqlite3/libsqlite -I/Users/Ingwie/Work/drag0n-php/ext/pthreads -I/usr/include/tidy -I/Users/Ingwie/Work/drag0n-php/ext/tokenizer/includes -I/usr/local/lib/wx/include/osx_cocoa-unicode-2.9 -I/usr/local/include/wx-2.9 -I/Users/Ingwie/Work/drag0n-php/TSRM -I/Users/Ingwie/Work/drag0n-php/Zend  -no-cpp-precomp  -I/usr/include -g -O2 -fvisibility=hidden -DZTS  -c /Users/Ingwie/Work/drag0n-php/ext/mbstring/oniguruma/enc/iso8859_15.c -o ext/mbstring/oniguruma/enc/iso8859_15.lo 
/bin/sh /Users/Ingwie/Work/drag0n-php/libtool --silent --preserve-dup-deps --mode=compile cc  -DNOT_RUBY -DONIG_ESCAPE_UCHAR_COLLISION=1 -DUChar=OnigUChar -DHAVE_CONFIG_H -Iext/mbstring/ -I/Users/Ingwie/Work/drag0n-php/ext/mbstring/ -DPHP_ATOM_INC -I/Users/Ingwie/Work/drag0n-php/include -I/Users/Ingwie/Work/drag0n-php/main -I/Users/Ingwie/Work/drag0n-php -I/Users/Ingwie/Work/drag0n-php/ext/date/lib -I/Users/Ingwie/Work/drag0n-php/ext/ereg/regex -I/usr/include/libxml2 -I/usr/local/include -I/Users/Ingwie/Work/drag0n-php/ext/mbstring/oniguruma -I/Users/Ingwie/Work/drag0n-php/ext/mbstring/libmbfl -I/Users/Ingwie/Work/drag0n-php/ext/mbstring/libmbfl/mbfl -I/Users/Ingwie/Work/drag0n-php/ext/sqlite3/libsqlite -I/Users/Ingwie/Work/drag0n-php/ext/pthreads -I/usr/include/tidy -I/Users/Ingwie/Work/drag0n-php/ext/tokenizer/includes -I/usr/local/lib/wx/include/osx_cocoa-unicode-2.9 -I/usr/local/include/wx-2.9 -I/Users/Ingwie/Work/drag0n-php/TSRM -I/Users/Ingwie/Work/drag0n-php/Zend  -no-cpp-precomp  -I/usr/include -g -O2 -fvisibility=hidden -DZTS  -c /Users/Ingwie/Work/drag0n-php/ext/mbstring/oniguruma/enc/iso8859_16.c -o ext/mbstring/oniguruma/enc/iso8859_16.lo 
/bin/sh /Users/Ingwie/Work/drag0n-php/libtool --silent --preserve-dup-deps --mode=compile cc  -DNOT_RUBY -DONIG_ESCAPE_UCHAR_COLLISION=1 -DUChar=OnigUChar -DHAVE_CONFIG_H -Iext/mbstring/ -I/Users/Ingwie/Work/drag0n-php/ext/mbstring/ -DPHP_ATOM_INC -I/Users/Ingwie/Work/drag0n-php/include -I/Users/Ingwie/Work/drag0n-php/main -I/Users/Ingwie/Work/drag0n-php -I/Users/Ingwie/Work/drag0n-php/ext/date/lib -I/Users/Ingwie/Work/drag0n-php/ext/ereg/regex -I/usr/include/libxml2 -I/usr/local/include -I/Users/Ingwie/Work/drag0n-php/ext/mbstring/oniguruma -I/Users/Ingwie/Work/drag0n-php/ext/mbstring/libmbfl -I/Users/Ingwie/Work/drag0n-php/ext/mbstring/libmbfl/mbfl -I/Users/Ingwie/Work/drag0n-php/ext/sqlite3/libsqlite -I/Users/Ingwie/Work/drag0n-php/ext/pthreads -I/usr/include/tidy -I/Users/Ingwie/Work/drag0n-php/ext/tokenizer/includes -I/usr/local/lib/wx/include/osx_cocoa-unicode-2.9 -I/usr/local/include/wx-2.9 -I/Users/Ingwie/Work/drag0n-php/TSRM -I/Users/Ingwie/Work/drag0n-php/Zend  -no-cpp-precomp  -I/usr/include -g -O2 -fvisibility=hidden -DZTS  -c /Users/Ingwie/Work/drag0n-php/ext/mbstring/oniguruma/enc/koi8.c -o ext/mbstring/oniguruma/enc/koi8.lo 
/bin/sh /Users/Ingwie/Work/drag0n-php/libtool --silent --preserve-dup-deps --mode=compile cc  -DNOT_RUBY -DONIG_ESCAPE_UCHAR_COLLISION=1 -DUChar=OnigUChar -DHAVE_CONFIG_H -Iext/mbstring/ -I/Users/Ingwie/Work/drag0n-php/ext/mbstring/ -DPHP_ATOM_INC -I/Users/Ingwie/Work/drag0n-php/include -I/Users/Ingwie/Work/drag0n-php/main -I/Users/Ingwie/Work/drag0n-php -I/Users/Ingwie/Work/drag0n-php/ext/date/lib -I/Users/Ingwie/Work/drag0n-php/ext/ereg/regex -I/usr/include/libxml2 -I/usr/local/include -I/Users/Ingwie/Work/drag0n-php/ext/mbstring/oniguruma -I/Users/Ingwie/Work/drag0n-php/ext/mbstring/libmbfl -I/Users/Ingwie/Work/drag0n-php/ext/mbstring/libmbfl/mbfl -I/Users/Ingwie/Work/drag0n-php/ext/sqlite3/libsqlite -I/Users/Ingwie/Work/drag0n-php/ext/pthreads -I/usr/include/tidy -I/Users/Ingwie/Work/drag0n-php/ext/tokenizer/includes -I/usr/local/lib/wx/include/osx_cocoa-unicode-2.9 -I/usr/local/include/wx-2.9 -I/Users/Ingwie/Work/drag0n-php/TSRM -I/Users/Ingwie/Work/drag0n-php/Zend  -no-cpp-precomp  -I/usr/include -g -O2 -fvisibility=hidden -DZTS  -c /Users/Ingwie/Work/drag0n-php/ext/mbstring/oniguruma/enc/koi8_r.c -o ext/mbstring/oniguruma/enc/koi8_r.lo 
/bin/sh /Users/Ingwie/Work/drag0n-php/libtool --silent --preserve-dup-deps --mode=compile cc  -DNOT_RUBY -DONIG_ESCAPE_UCHAR_COLLISION=1 -DUChar=OnigUChar -DHAVE_CONFIG_H -Iext/mbstring/ -I/Users/Ingwie/Work/drag0n-php/ext/mbstring/ -DPHP_ATOM_INC -I/Users/Ingwie/Work/drag0n-php/include -I/Users/Ingwie/Work/drag0n-php/main -I/Users/Ingwie/Work/drag0n-php -I/Users/Ingwie/Work/drag0n-php/ext/date/lib -I/Users/Ingwie/Work/drag0n-php/ext/ereg/regex -I/usr/include/libxml2 -I/usr/local/include -I/Users/Ingwie/Work/drag0n-php/ext/mbstring/oniguruma -I/Users/Ingwie/Work/drag0n-php/ext/mbstring/libmbfl -I/Users/Ingwie/Work/drag0n-php/ext/mbstring/libmbfl/mbfl -I/Users/Ingwie/Work/drag0n-php/ext/sqlite3/libsqlite -I/Users/Ingwie/Work/drag0n-php/ext/pthreads -I/usr/include/tidy -I/Users/Ingwie/Work/drag0n-php/ext/tokenizer/includes -I/usr/local/lib/wx/include/osx_cocoa-unicode-2.9 -I/usr/local/include/wx-2.9 -I/Users/Ingwie/Work/drag0n-php/TSRM -I/Users/Ingwie/Work/drag0n-php/Zend  -no-cpp-precomp  -I/usr/include -g -O2 -fvisibility=hidden -DZTS  -c /Users/Ingwie/Work/drag0n-php/ext/mbstring/oniguruma/enc/big5.c -o ext/mbstring/oniguruma/enc/big5.lo 
/bin/sh /Users/Ingwie/Work/drag0n-php/libtool --silent --preserve-dup-deps --mode=compile cc  -DNOT_RUBY -DONIG_ESCAPE_UCHAR_COLLISION=1 -DUChar=OnigUChar -DHAVE_CONFIG_H -Iext/mbstring/ -I/Users/Ingwie/Work/drag0n-php/ext/mbstring/ -DPHP_ATOM_INC -I/Users/Ingwie/Work/drag0n-php/include -I/Users/Ingwie/Work/drag0n-php/main -I/Users/Ingwie/Work/drag0n-php -I/Users/Ingwie/Work/drag0n-php/ext/date/lib -I/Users/Ingwie/Work/drag0n-php/ext/ereg/regex -I/usr/include/libxml2 -I/usr/local/include -I/Users/Ingwie/Work/drag0n-php/ext/mbstring/oniguruma -I/Users/Ingwie/Work/drag0n-php/ext/mbstring/libmbfl -I/Users/Ingwie/Work/drag0n-php/ext/mbstring/libmbfl/mbfl -I/Users/Ingwie/Work/drag0n-php/ext/sqlite3/libsqlite -I/Users/Ingwie/Work/drag0n-php/ext/pthreads -I/usr/include/tidy -I/Users/Ingwie/Work/drag0n-php/ext/tokenizer/includes -I/usr/local/lib/wx/include/osx_cocoa-unicode-2.9 -I/usr/local/include/wx-2.9 -I/Users/Ingwie/Work/drag0n-php/TSRM -I/Users/Ingwie/Work/drag0n-php/Zend  -no-cpp-precomp  -I/usr/include -g -O2 -fvisibility=hidden -DZTS  -c /Users/Ingwie/Work/drag0n-php/ext/mbstring/oniguruma/enc/utf16_be.c -o ext/mbstring/oniguruma/enc/utf16_be.lo 
/bin/sh /Users/Ingwie/Work/drag0n-php/libtool --silent --preserve-dup-deps --mode=compile cc  -DNOT_RUBY -DONIG_ESCAPE_UCHAR_COLLISION=1 -DUChar=OnigUChar -DHAVE_CONFIG_H -Iext/mbstring/ -I/Users/Ingwie/Work/drag0n-php/ext/mbstring/ -DPHP_ATOM_INC -I/Users/Ingwie/Work/drag0n-php/include -I/Users/Ingwie/Work/drag0n-php/main -I/Users/Ingwie/Work/drag0n-php -I/Users/Ingwie/Work/drag0n-php/ext/date/lib -I/Users/Ingwie/Work/drag0n-php/ext/ereg/regex -I/usr/include/libxml2 -I/usr/local/include -I/Users/Ingwie/Work/drag0n-php/ext/mbstring/oniguruma -I/Users/Ingwie/Work/drag0n-php/ext/mbstring/libmbfl -I/Users/Ingwie/Work/drag0n-php/ext/mbstring/libmbfl/mbfl -I/Users/Ingwie/Work/drag0n-php/ext/sqlite3/libsqlite -I/Users/Ingwie/Work/drag0n-php/ext/pthreads -I/usr/include/tidy -I/Users/Ingwie/Work/drag0n-php/ext/tokenizer/includes -I/usr/local/lib/wx/include/osx_cocoa-unicode-2.9 -I/usr/local/include/wx-2.9 -I/Users/Ingwie/Work/drag0n-php/TSRM -I/Users/Ingwie/Work/drag0n-php/Zend  -no-cpp-precomp  -I/usr/include -g -O2 -fvisibility=hidden -DZTS  -c /Users/Ingwie/Work/drag0n-php/ext/mbstring/oniguruma/enc/utf16_le.c -o ext/mbstring/oniguruma/enc/utf16_le.lo 
/bin/sh /Users/Ingwie/Work/drag0n-php/libtool --silent --preserve-dup-deps --mode=compile cc  -DNOT_RUBY -DONIG_ESCAPE_UCHAR_COLLISION=1 -DUChar=OnigUChar -DHAVE_CONFIG_H -Iext/mbstring/ -I/Users/Ingwie/Work/drag0n-php/ext/mbstring/ -DPHP_ATOM_INC -I/Users/Ingwie/Work/drag0n-php/include -I/Users/Ingwie/Work/drag0n-php/main -I/Users/Ingwie/Work/drag0n-php -I/Users/Ingwie/Work/drag0n-php/ext/date/lib -I/Users/Ingwie/Work/drag0n-php/ext/ereg/regex -I/usr/include/libxml2 -I/usr/local/include -I/Users/Ingwie/Work/drag0n-php/ext/mbstring/oniguruma -I/Users/Ingwie/Work/drag0n-php/ext/mbstring/libmbfl -I/Users/Ingwie/Work/drag0n-php/ext/mbstring/libmbfl/mbfl -I/Users/Ingwie/Work/drag0n-php/ext/sqlite3/libsqlite -I/Users/Ingwie/Work/drag0n-php/ext/pthreads -I/usr/include/tidy -I/Users/Ingwie/Work/drag0n-php/ext/tokenizer/includes -I/usr/local/lib/wx/include/osx_cocoa-unicode-2.9 -I/usr/local/include/wx-2.9 -I/Users/Ingwie/Work/drag0n-php/TSRM -I/Users/Ingwie/Work/drag0n-php/Zend  -no-cpp-precomp  -I/usr/include -g -O2 -fvisibility=hidden -DZTS  -c /Users/Ingwie/Work/drag0n-php/ext/mbstring/oniguruma/enc/utf32_be.c -o ext/mbstring/oniguruma/enc/utf32_be.lo 
/bin/sh /Users/Ingwie/Work/drag0n-php/libtool --silent --preserve-dup-deps --mode=compile cc  -DNOT_RUBY -DONIG_ESCAPE_UCHAR_COLLISION=1 -DUChar=OnigUChar -DHAVE_CONFIG_H -Iext/mbstring/ -I/Users/Ingwie/Work/drag0n-php/ext/mbstring/ -DPHP_ATOM_INC -I/Users/Ingwie/Work/drag0n-php/include -I/Users/Ingwie/Work/drag0n-php/main -I/Users/Ingwie/Work/drag0n-php -I/Users/Ingwie/Work/drag0n-php/ext/date/lib -I/Users/Ingwie/Work/drag0n-php/ext/ereg/regex -I/usr/include/libxml2 -I/usr/local/include -I/Users/Ingwie/Work/drag0n-php/ext/mbstring/oniguruma -I/Users/Ingwie/Work/drag0n-php/ext/mbstring/libmbfl -I/Users/Ingwie/Work/drag0n-php/ext/mbstring/libmbfl/mbfl -I/Users/Ingwie/Work/drag0n-php/ext/sqlite3/libsqlite -I/Users/Ingwie/Work/drag0n-php/ext/pthreads -I/usr/include/tidy -I/Users/Ingwie/Work/drag0n-php/ext/tokenizer/includes -I/usr/local/lib/wx/include/osx_cocoa-unicode-2.9 -I/usr/local/include/wx-2.9 -I/Users/Ingwie/Work/drag0n-php/TSRM -I/Users/Ingwie/Work/drag0n-php/Zend  -no-cpp-precomp  -I/usr/include -g -O2 -fvisibility=hidden -DZTS  -c /Users/Ingwie/Work/drag0n-php/ext/mbstring/oniguruma/enc/utf32_le.c -o ext/mbstring/oniguruma/enc/utf32_le.lo 
/bin/sh /Users/Ingwie/Work/drag0n-php/libtool --silent --preserve-dup-deps --mode=compile cc  -DNOT_RUBY -DONIG_ESCAPE_UCHAR_COLLISION=1 -DUChar=OnigUChar -DHAVE_CONFIG_H -Iext/mbstring/ -I/Users/Ingwie/Work/drag0n-php/ext/mbstring/ -DPHP_ATOM_INC -I/Users/Ingwie/Work/drag0n-php/include -I/Users/Ingwie/Work/drag0n-php/main -I/Users/Ingwie/Work/drag0n-php -I/Users/Ingwie/Work/drag0n-php/ext/date/lib -I/Users/Ingwie/Work/drag0n-php/ext/ereg/regex -I/usr/include/libxml2 -I/usr/local/include -I/Users/Ingwie/Work/drag0n-php/ext/mbstring/oniguruma -I/Users/Ingwie/Work/drag0n-php/ext/mbstring/libmbfl -I/Users/Ingwie/Work/drag0n-php/ext/mbstring/libmbfl/mbfl -I/Users/Ingwie/Work/drag0n-php/ext/sqlite3/libsqlite -I/Users/Ingwie/Work/drag0n-php/ext/pthreads -I/usr/include/tidy -I/Users/Ingwie/Work/drag0n-php/ext/tokenizer/includes -I/usr/local/lib/wx/include/osx_cocoa-unicode-2.9 -I/usr/local/include/wx-2.9 -I/Users/Ingwie/Work/drag0n-php/TSRM -I/Users/Ingwie/Work/drag0n-php/Zend  -no-cpp-precomp  -I/usr/include -g -O2 -fvisibility=hidden -DZTS  -c /Users/Ingwie/Work/drag0n-php/ext/mbstring/libmbfl/filters/html_entities.c -o ext/mbstring/libmbfl/filters/html_entities.lo 
/bin/sh /Users/Ingwie/Work/drag0n-php/libtool --silent --preserve-dup-deps --mode=compile cc  -DNOT_RUBY -DONIG_ESCAPE_UCHAR_COLLISION=1 -DUChar=OnigUChar -DHAVE_CONFIG_H -Iext/mbstring/ -I/Users/Ingwie/Work/drag0n-php/ext/mbstring/ -DPHP_ATOM_INC -I/Users/Ingwie/Work/drag0n-php/include -I/Users/Ingwie/Work/drag0n-php/main -I/Users/Ingwie/Work/drag0n-php -I/Users/Ingwie/Work/drag0n-php/ext/date/lib -I/Users/Ingwie/Work/drag0n-php/ext/ereg/regex -I/usr/include/libxml2 -I/usr/local/include -I/Users/Ingwie/Work/drag0n-php/ext/mbstring/oniguruma -I/Users/Ingwie/Work/drag0n-php/ext/mbstring/libmbfl -I/Users/Ingwie/Work/drag0n-php/ext/mbstring/libmbfl/mbfl -I/Users/Ingwie/Work/drag0n-php/ext/sqlite3/libsqlite -I/Users/Ingwie/Work/drag0n-php/ext/pthreads -I/usr/include/tidy -I/Users/Ingwie/Work/drag0n-php/ext/tokenizer/includes -I/usr/local/lib/wx/include/osx_cocoa-unicode-2.9 -I/usr/local/include/wx-2.9 -I/Users/Ingwie/Work/drag0n-php/TSRM -I/Users/Ingwie/Work/drag0n-php/Zend  -no-cpp-precomp  -I/usr/include -g -O2 -fvisibility=hidden -DZTS  -c /Users/Ingwie/Work/drag0n-php/ext/mbstring/libmbfl/filters/mbfilter_7bit.c -o ext/mbstring/libmbfl/filters/mbfilter_7bit.lo 
/bin/sh /Users/Ingwie/Work/drag0n-php/libtool --silent --preserve-dup-deps --mode=compile cc  -DNOT_RUBY -DONIG_ESCAPE_UCHAR_COLLISION=1 -DUChar=OnigUChar -DHAVE_CONFIG_H -Iext/mbstring/ -I/Users/Ingwie/Work/drag0n-php/ext/mbstring/ -DPHP_ATOM_INC -I/Users/Ingwie/Work/drag0n-php/include -I/Users/Ingwie/Work/drag0n-php/main -I/Users/Ingwie/Work/drag0n-php -I/Users/Ingwie/Work/drag0n-php/ext/date/lib -I/Users/Ingwie/Work/drag0n-php/ext/ereg/regex -I/usr/include/libxml2 -I/usr/local/include -I/Users/Ingwie/Work/drag0n-php/ext/mbstring/oniguruma -I/Users/Ingwie/Work/drag0n-php/ext/mbstring/libmbfl -I/Users/Ingwie/Work/drag0n-php/ext/mbstring/libmbfl/mbfl -I/Users/Ingwie/Work/drag0n-php/ext/sqlite3/libsqlite -I/Users/Ingwie/Work/drag0n-php/ext/pthreads -I/usr/include/tidy -I/Users/Ingwie/Work/drag0n-php/ext/tokenizer/includes -I/usr/local/lib/wx/include/osx_cocoa-unicode-2.9 -I/usr/local/include/wx-2.9 -I/Users/Ingwie/Work/drag0n-php/TSRM -I/Users/Ingwie/Work/drag0n-php/Zend  -no-cpp-precomp  -I/usr/include -g -O2 -fvisibility=hidden -DZTS  -c /Users/Ingwie/Work/drag0n-php/ext/mbstring/libmbfl/filters/mbfilter_ascii.c -o ext/mbstring/libmbfl/filters/mbfilter_ascii.lo 
/bin/sh /Users/Ingwie/Work/drag0n-php/libtool --silent --preserve-dup-deps --mode=compile cc  -DNOT_RUBY -DONIG_ESCAPE_UCHAR_COLLISION=1 -DUChar=OnigUChar -DHAVE_CONFIG_H -Iext/mbstring/ -I/Users/Ingwie/Work/drag0n-php/ext/mbstring/ -DPHP_ATOM_INC -I/Users/Ingwie/Work/drag0n-php/include -I/Users/Ingwie/Work/drag0n-php/main -I/Users/Ingwie/Work/drag0n-php -I/Users/Ingwie/Work/drag0n-php/ext/date/lib -I/Users/Ingwie/Work/drag0n-php/ext/ereg/regex -I/usr/include/libxml2 -I/usr/local/include -I/Users/Ingwie/Work/drag0n-php/ext/mbstring/oniguruma -I/Users/Ingwie/Work/drag0n-php/ext/mbstring/libmbfl -I/Users/Ingwie/Work/drag0n-php/ext/mbstring/libmbfl/mbfl -I/Users/Ingwie/Work/drag0n-php/ext/sqlite3/libsqlite -I/Users/Ingwie/Work/drag0n-php/ext/pthreads -I/usr/include/tidy -I/Users/Ingwie/Work/drag0n-php/ext/tokenizer/includes -I/usr/local/lib/wx/include/osx_cocoa-unicode-2.9 -I/usr/local/include/wx-2.9 -I/Users/Ingwie/Work/drag0n-php/TSRM -I/Users/Ingwie/Work/drag0n-php/Zend  -no-cpp-precomp  -I/usr/include -g -O2 -fvisibility=hidden -DZTS  -c /Users/Ingwie/Work/drag0n-php/ext/mbstring/libmbfl/filters/mbfilter_base64.c -o ext/mbstring/libmbfl/filters/mbfilter_base64.lo 
/bin/sh /Users/Ingwie/Work/drag0n-php/libtool --silent --preserve-dup-deps --mode=compile cc  -DNOT_RUBY -DONIG_ESCAPE_UCHAR_COLLISION=1 -DUChar=OnigUChar -DHAVE_CONFIG_H -Iext/mbstring/ -I/Users/Ingwie/Work/drag0n-php/ext/mbstring/ -DPHP_ATOM_INC -I/Users/Ingwie/Work/drag0n-php/include -I/Users/Ingwie/Work/drag0n-php/main -I/Users/Ingwie/Work/drag0n-php -I/Users/Ingwie/Work/drag0n-php/ext/date/lib -I/Users/Ingwie/Work/drag0n-php/ext/ereg/regex -I/usr/include/libxml2 -I/usr/local/include -I/Users/Ingwie/Work/drag0n-php/ext/mbstring/oniguruma -I/Users/Ingwie/Work/drag0n-php/ext/mbstring/libmbfl -I/Users/Ingwie/Work/drag0n-php/ext/mbstring/libmbfl/mbfl -I/Users/Ingwie/Work/drag0n-php/ext/sqlite3/libsqlite -I/Users/Ingwie/Work/drag0n-php/ext/pthreads -I/usr/include/tidy -I/Users/Ingwie/Work/drag0n-php/ext/tokenizer/includes -I/usr/local/lib/wx/include/osx_cocoa-unicode-2.9 -I/usr/local/include/wx-2.9 -I/Users/Ingwie/Work/drag0n-php/TSRM -I/Users/Ingwie/Work/drag0n-php/Zend  -no-cpp-precomp  -I/usr/include -g -O2 -fvisibility=hidden -DZTS  -c /Users/Ingwie/Work/drag0n-php/ext/mbstring/libmbfl/filters/mbfilter_big5.c -o ext/mbstring/libmbfl/filters/mbfilter_big5.lo 
/Users/Ingwie/Work/drag0n-php/ext/mbstring/libmbfl/filters/mbfilter_big5.c:189:16: warning: '&&' within '||' [-Wlogical-op-parentheses]
                                if (w <= 0 && 
                                    ~~~~~~~^~
/Users/Ingwie/Work/drag0n-php/ext/mbstring/libmbfl/filters/mbfilter_big5.c:189:16: note: place parentheses around the '&&' expression to silence this warning
                                if (w <= 0 && 
                                           ^
1 warning generated.
/bin/sh /Users/Ingwie/Work/drag0n-php/libtool --silent --preserve-dup-deps --mode=compile cc  -DNOT_RUBY -DONIG_ESCAPE_UCHAR_COLLISION=1 -DUChar=OnigUChar -DHAVE_CONFIG_H -Iext/mbstring/ -I/Users/Ingwie/Work/drag0n-php/ext/mbstring/ -DPHP_ATOM_INC -I/Users/Ingwie/Work/drag0n-php/include -I/Users/Ingwie/Work/drag0n-php/main -I/Users/Ingwie/Work/drag0n-php -I/Users/Ingwie/Work/drag0n-php/ext/date/lib -I/Users/Ingwie/Work/drag0n-php/ext/ereg/regex -I/usr/include/libxml2 -I/usr/local/include -I/Users/Ingwie/Work/drag0n-php/ext/mbstring/oniguruma -I/Users/Ingwie/Work/drag0n-php/ext/mbstring/libmbfl -I/Users/Ingwie/Work/drag0n-php/ext/mbstring/libmbfl/mbfl -I/Users/Ingwie/Work/drag0n-php/ext/sqlite3/libsqlite -I/Users/Ingwie/Work/drag0n-php/ext/pthreads -I/usr/include/tidy -I/Users/Ingwie/Work/drag0n-php/ext/tokenizer/includes -I/usr/local/lib/wx/include/osx_cocoa-unicode-2.9 -I/usr/local/include/wx-2.9 -I/Users/Ingwie/Work/drag0n-php/TSRM -I/Users/Ingwie/Work/drag0n-php/Zend  -no-cpp-precomp  -I/usr/include -g -O2 -fvisibility=hidden -DZTS  -c /Users/Ingwie/Work/drag0n-php/ext/mbstring/libmbfl/filters/mbfilter_byte2.c -o ext/mbstring/libmbfl/filters/mbfilter_byte2.lo 
/bin/sh /Users/Ingwie/Work/drag0n-php/libtool --silent --preserve-dup-deps --mode=compile cc  -DNOT_RUBY -DONIG_ESCAPE_UCHAR_COLLISION=1 -DUChar=OnigUChar -DHAVE_CONFIG_H -Iext/mbstring/ -I/Users/Ingwie/Work/drag0n-php/ext/mbstring/ -DPHP_ATOM_INC -I/Users/Ingwie/Work/drag0n-php/include -I/Users/Ingwie/Work/drag0n-php/main -I/Users/Ingwie/Work/drag0n-php -I/Users/Ingwie/Work/drag0n-php/ext/date/lib -I/Users/Ingwie/Work/drag0n-php/ext/ereg/regex -I/usr/include/libxml2 -I/usr/local/include -I/Users/Ingwie/Work/drag0n-php/ext/mbstring/oniguruma -I/Users/Ingwie/Work/drag0n-php/ext/mbstring/libmbfl -I/Users/Ingwie/Work/drag0n-php/ext/mbstring/libmbfl/mbfl -I/Users/Ingwie/Work/drag0n-php/ext/sqlite3/libsqlite -I/Users/Ingwie/Work/drag0n-php/ext/pthreads -I/usr/include/tidy -I/Users/Ingwie/Work/drag0n-php/ext/tokenizer/includes -I/usr/local/lib/wx/include/osx_cocoa-unicode-2.9 -I/usr/local/include/wx-2.9 -I/Users/Ingwie/Work/drag0n-php/TSRM -I/Users/Ingwie/Work/drag0n-php/Zend  -no-cpp-precomp  -I/usr/include -g -O2 -fvisibility=hidden -DZTS  -c /Users/Ingwie/Work/drag0n-php/ext/mbstring/libmbfl/filters/mbfilter_byte4.c -o ext/mbstring/libmbfl/filters/mbfilter_byte4.lo 
/bin/sh /Users/Ingwie/Work/drag0n-php/libtool --silent --preserve-dup-deps --mode=compile cc  -DNOT_RUBY -DONIG_ESCAPE_UCHAR_COLLISION=1 -DUChar=OnigUChar -DHAVE_CONFIG_H -Iext/mbstring/ -I/Users/Ingwie/Work/drag0n-php/ext/mbstring/ -DPHP_ATOM_INC -I/Users/Ingwie/Work/drag0n-php/include -I/Users/Ingwie/Work/drag0n-php/main -I/Users/Ingwie/Work/drag0n-php -I/Users/Ingwie/Work/drag0n-php/ext/date/lib -I/Users/Ingwie/Work/drag0n-php/ext/ereg/regex -I/usr/include/libxml2 -I/usr/local/include -I/Users/Ingwie/Work/drag0n-php/ext/mbstring/oniguruma -I/Users/Ingwie/Work/drag0n-php/ext/mbstring/libmbfl -I/Users/Ingwie/Work/drag0n-php/ext/mbstring/libmbfl/mbfl -I/Users/Ingwie/Work/drag0n-php/ext/sqlite3/libsqlite -I/Users/Ingwie/Work/drag0n-php/ext/pthreads -I/usr/include/tidy -I/Users/Ingwie/Work/drag0n-php/ext/tokenizer/includes -I/usr/local/lib/wx/include/osx_cocoa-unicode-2.9 -I/usr/local/include/wx-2.9 -I/Users/Ingwie/Work/drag0n-php/TSRM -I/Users/Ingwie/Work/drag0n-php/Zend  -no-cpp-precomp  -I/usr/include -g -O2 -fvisibility=hidden -DZTS  -c /Users/Ingwie/Work/drag0n-php/ext/mbstring/libmbfl/filters/mbfilter_cp1251.c -o ext/mbstring/libmbfl/filters/mbfilter_cp1251.lo 
/bin/sh /Users/Ingwie/Work/drag0n-php/libtool --silent --preserve-dup-deps --mode=compile cc  -DNOT_RUBY -DONIG_ESCAPE_UCHAR_COLLISION=1 -DUChar=OnigUChar -DHAVE_CONFIG_H -Iext/mbstring/ -I/Users/Ingwie/Work/drag0n-php/ext/mbstring/ -DPHP_ATOM_INC -I/Users/Ingwie/Work/drag0n-php/include -I/Users/Ingwie/Work/drag0n-php/main -I/Users/Ingwie/Work/drag0n-php -I/Users/Ingwie/Work/drag0n-php/ext/date/lib -I/Users/Ingwie/Work/drag0n-php/ext/ereg/regex -I/usr/include/libxml2 -I/usr/local/include -I/Users/Ingwie/Work/drag0n-php/ext/mbstring/oniguruma -I/Users/Ingwie/Work/drag0n-php/ext/mbstring/libmbfl -I/Users/Ingwie/Work/drag0n-php/ext/mbstring/libmbfl/mbfl -I/Users/Ingwie/Work/drag0n-php/ext/sqlite3/libsqlite -I/Users/Ingwie/Work/drag0n-php/ext/pthreads -I/usr/include/tidy -I/Users/Ingwie/Work/drag0n-php/ext/tokenizer/includes -I/usr/local/lib/wx/include/osx_cocoa-unicode-2.9 -I/usr/local/include/wx-2.9 -I/Users/Ingwie/Work/drag0n-php/TSRM -I/Users/Ingwie/Work/drag0n-php/Zend  -no-cpp-precomp  -I/usr/include -g -O2 -fvisibility=hidden -DZTS  -c /Users/Ingwie/Work/drag0n-php/ext/mbstring/libmbfl/filters/mbfilter_cp1252.c -o ext/mbstring/libmbfl/filters/mbfilter_cp1252.lo 
/bin/sh /Users/Ingwie/Work/drag0n-php/libtool --silent --preserve-dup-deps --mode=compile cc  -DNOT_RUBY -DONIG_ESCAPE_UCHAR_COLLISION=1 -DUChar=OnigUChar -DHAVE_CONFIG_H -Iext/mbstring/ -I/Users/Ingwie/Work/drag0n-php/ext/mbstring/ -DPHP_ATOM_INC -I/Users/Ingwie/Work/drag0n-php/include -I/Users/Ingwie/Work/drag0n-php/main -I/Users/Ingwie/Work/drag0n-php -I/Users/Ingwie/Work/drag0n-php/ext/date/lib -I/Users/Ingwie/Work/drag0n-php/ext/ereg/regex -I/usr/include/libxml2 -I/usr/local/include -I/Users/Ingwie/Work/drag0n-php/ext/mbstring/oniguruma -I/Users/Ingwie/Work/drag0n-php/ext/mbstring/libmbfl -I/Users/Ingwie/Work/drag0n-php/ext/mbstring/libmbfl/mbfl -I/Users/Ingwie/Work/drag0n-php/ext/sqlite3/libsqlite -I/Users/Ingwie/Work/drag0n-php/ext/pthreads -I/usr/include/tidy -I/Users/Ingwie/Work/drag0n-php/ext/tokenizer/includes -I/usr/local/lib/wx/include/osx_cocoa-unicode-2.9 -I/usr/local/include/wx-2.9 -I/Users/Ingwie/Work/drag0n-php/TSRM -I/Users/Ingwie/Work/drag0n-php/Zend  -no-cpp-precomp  -I/usr/include -g -O2 -fvisibility=hidden -DZTS  -c /Users/Ingwie/Work/drag0n-php/ext/mbstring/libmbfl/filters/mbfilter_cp1254.c -o ext/mbstring/libmbfl/filters/mbfilter_cp1254.lo 
/bin/sh /Users/Ingwie/Work/drag0n-php/libtool --silent --preserve-dup-deps --mode=compile cc  -DNOT_RUBY -DONIG_ESCAPE_UCHAR_COLLISION=1 -DUChar=OnigUChar -DHAVE_CONFIG_H -Iext/mbstring/ -I/Users/Ingwie/Work/drag0n-php/ext/mbstring/ -DPHP_ATOM_INC -I/Users/Ingwie/Work/drag0n-php/include -I/Users/Ingwie/Work/drag0n-php/main -I/Users/Ingwie/Work/drag0n-php -I/Users/Ingwie/Work/drag0n-php/ext/date/lib -I/Users/Ingwie/Work/drag0n-php/ext/ereg/regex -I/usr/include/libxml2 -I/usr/local/include -I/Users/Ingwie/Work/drag0n-php/ext/mbstring/oniguruma -I/Users/Ingwie/Work/drag0n-php/ext/mbstring/libmbfl -I/Users/Ingwie/Work/drag0n-php/ext/mbstring/libmbfl/mbfl -I/Users/Ingwie/Work/drag0n-php/ext/sqlite3/libsqlite -I/Users/Ingwie/Work/drag0n-php/ext/pthreads -I/usr/include/tidy -I/Users/Ingwie/Work/drag0n-php/ext/tokenizer/includes -I/usr/local/lib/wx/include/osx_cocoa-unicode-2.9 -I/usr/local/include/wx-2.9 -I/Users/Ingwie/Work/drag0n-php/TSRM -I/Users/Ingwie/Work/drag0n-php/Zend  -no-cpp-precomp  -I/usr/include -g -O2 -fvisibility=hidden -DZTS  -c /Users/Ingwie/Work/drag0n-php/ext/mbstring/libmbfl/filters/mbfilter_cp5022x.c -o ext/mbstring/libmbfl/filters/mbfilter_cp5022x.lo 
/bin/sh /Users/Ingwie/Work/drag0n-php/libtool --silent --preserve-dup-deps --mode=compile cc  -DNOT_RUBY -DONIG_ESCAPE_UCHAR_COLLISION=1 -DUChar=OnigUChar -DHAVE_CONFIG_H -Iext/mbstring/ -I/Users/Ingwie/Work/drag0n-php/ext/mbstring/ -DPHP_ATOM_INC -I/Users/Ingwie/Work/drag0n-php/include -I/Users/Ingwie/Work/drag0n-php/main -I/Users/Ingwie/Work/drag0n-php -I/Users/Ingwie/Work/drag0n-php/ext/date/lib -I/Users/Ingwie/Work/drag0n-php/ext/ereg/regex -I/usr/include/libxml2 -I/usr/local/include -I/Users/Ingwie/Work/drag0n-php/ext/mbstring/oniguruma -I/Users/Ingwie/Work/drag0n-php/ext/mbstring/libmbfl -I/Users/Ingwie/Work/drag0n-php/ext/mbstring/libmbfl/mbfl -I/Users/Ingwie/Work/drag0n-php/ext/sqlite3/libsqlite -I/Users/Ingwie/Work/drag0n-php/ext/pthreads -I/usr/include/tidy -I/Users/Ingwie/Work/drag0n-php/ext/tokenizer/includes -I/usr/local/lib/wx/include/osx_cocoa-unicode-2.9 -I/usr/local/include/wx-2.9 -I/Users/Ingwie/Work/drag0n-php/TSRM -I/Users/Ingwie/Work/drag0n-php/Zend  -no-cpp-precomp  -I/usr/include -g -O2 -fvisibility=hidden -DZTS  -c /Users/Ingwie/Work/drag0n-php/ext/mbstring/libmbfl/filters/mbfilter_cp51932.c -o ext/mbstring/libmbfl/filters/mbfilter_cp51932.lo 
/bin/sh /Users/Ingwie/Work/drag0n-php/libtool --silent --preserve-dup-deps --mode=compile cc  -DNOT_RUBY -DONIG_ESCAPE_UCHAR_COLLISION=1 -DUChar=OnigUChar -DHAVE_CONFIG_H -Iext/mbstring/ -I/Users/Ingwie/Work/drag0n-php/ext/mbstring/ -DPHP_ATOM_INC -I/Users/Ingwie/Work/drag0n-php/include -I/Users/Ingwie/Work/drag0n-php/main -I/Users/Ingwie/Work/drag0n-php -I/Users/Ingwie/Work/drag0n-php/ext/date/lib -I/Users/Ingwie/Work/drag0n-php/ext/ereg/regex -I/usr/include/libxml2 -I/usr/local/include -I/Users/Ingwie/Work/drag0n-php/ext/mbstring/oniguruma -I/Users/Ingwie/Work/drag0n-php/ext/mbstring/libmbfl -I/Users/Ingwie/Work/drag0n-php/ext/mbstring/libmbfl/mbfl -I/Users/Ingwie/Work/drag0n-php/ext/sqlite3/libsqlite -I/Users/Ingwie/Work/drag0n-php/ext/pthreads -I/usr/include/tidy -I/Users/Ingwie/Work/drag0n-php/ext/tokenizer/includes -I/usr/local/lib/wx/include/osx_cocoa-unicode-2.9 -I/usr/local/include/wx-2.9 -I/Users/Ingwie/Work/drag0n-php/TSRM -I/Users/Ingwie/Work/drag0n-php/Zend  -no-cpp-precomp  -I/usr/include -g -O2 -fvisibility=hidden -DZTS  -c /Users/Ingwie/Work/drag0n-php/ext/mbstring/libmbfl/filters/mbfilter_cp850.c -o ext/mbstring/libmbfl/filters/mbfilter_cp850.lo 
/bin/sh /Users/Ingwie/Work/drag0n-php/libtool --silent --preserve-dup-deps --mode=compile cc  -DNOT_RUBY -DONIG_ESCAPE_UCHAR_COLLISION=1 -DUChar=OnigUChar -DHAVE_CONFIG_H -Iext/mbstring/ -I/Users/Ingwie/Work/drag0n-php/ext/mbstring/ -DPHP_ATOM_INC -I/Users/Ingwie/Work/drag0n-php/include -I/Users/Ingwie/Work/drag0n-php/main -I/Users/Ingwie/Work/drag0n-php -I/Users/Ingwie/Work/drag0n-php/ext/date/lib -I/Users/Ingwie/Work/drag0n-php/ext/ereg/regex -I/usr/include/libxml2 -I/usr/local/include -I/Users/Ingwie/Work/drag0n-php/ext/mbstring/oniguruma -I/Users/Ingwie/Work/drag0n-php/ext/mbstring/libmbfl -I/Users/Ingwie/Work/drag0n-php/ext/mbstring/libmbfl/mbfl -I/Users/Ingwie/Work/drag0n-php/ext/sqlite3/libsqlite -I/Users/Ingwie/Work/drag0n-php/ext/pthreads -I/usr/include/tidy -I/Users/Ingwie/Work/drag0n-php/ext/tokenizer/includes -I/usr/local/lib/wx/include/osx_cocoa-unicode-2.9 -I/usr/local/include/wx-2.9 -I/Users/Ingwie/Work/drag0n-php/TSRM -I/Users/Ingwie/Work/drag0n-php/Zend  -no-cpp-precomp  -I/usr/include -g -O2 -fvisibility=hidden -DZTS  -c /Users/Ingwie/Work/drag0n-php/ext/mbstring/libmbfl/filters/mbfilter_cp866.c -o ext/mbstring/libmbfl/filters/mbfilter_cp866.lo 
/bin/sh /Users/Ingwie/Work/drag0n-php/libtool --silent --preserve-dup-deps --mode=compile cc  -DNOT_RUBY -DONIG_ESCAPE_UCHAR_COLLISION=1 -DUChar=OnigUChar -DHAVE_CONFIG_H -Iext/mbstring/ -I/Users/Ingwie/Work/drag0n-php/ext/mbstring/ -DPHP_ATOM_INC -I/Users/Ingwie/Work/drag0n-php/include -I/Users/Ingwie/Work/drag0n-php/main -I/Users/Ingwie/Work/drag0n-php -I/Users/Ingwie/Work/drag0n-php/ext/date/lib -I/Users/Ingwie/Work/drag0n-php/ext/ereg/regex -I/usr/include/libxml2 -I/usr/local/include -I/Users/Ingwie/Work/drag0n-php/ext/mbstring/oniguruma -I/Users/Ingwie/Work/drag0n-php/ext/mbstring/libmbfl -I/Users/Ingwie/Work/drag0n-php/ext/mbstring/libmbfl/mbfl -I/Users/Ingwie/Work/drag0n-php/ext/sqlite3/libsqlite -I/Users/Ingwie/Work/drag0n-php/ext/pthreads -I/usr/include/tidy -I/Users/Ingwie/Work/drag0n-php/ext/tokenizer/includes -I/usr/local/lib/wx/include/osx_cocoa-unicode-2.9 -I/usr/local/include/wx-2.9 -I/Users/Ingwie/Work/drag0n-php/TSRM -I/Users/Ingwie/Work/drag0n-php/Zend  -no-cpp-precomp  -I/usr/include -g -O2 -fvisibility=hidden -DZTS  -c /Users/Ingwie/Work/drag0n-php/ext/mbstring/libmbfl/filters/mbfilter_cp932.c -o ext/mbstring/libmbfl/filters/mbfilter_cp932.lo 
/bin/sh /Users/Ingwie/Work/drag0n-php/libtool --silent --preserve-dup-deps --mode=compile cc  -DNOT_RUBY -DONIG_ESCAPE_UCHAR_COLLISION=1 -DUChar=OnigUChar -DHAVE_CONFIG_H -Iext/mbstring/ -I/Users/Ingwie/Work/drag0n-php/ext/mbstring/ -DPHP_ATOM_INC -I/Users/Ingwie/Work/drag0n-php/include -I/Users/Ingwie/Work/drag0n-php/main -I/Users/Ingwie/Work/drag0n-php -I/Users/Ingwie/Work/drag0n-php/ext/date/lib -I/Users/Ingwie/Work/drag0n-php/ext/ereg/regex -I/usr/include/libxml2 -I/usr/local/include -I/Users/Ingwie/Work/drag0n-php/ext/mbstring/oniguruma -I/Users/Ingwie/Work/drag0n-php/ext/mbstring/libmbfl -I/Users/Ingwie/Work/drag0n-php/ext/mbstring/libmbfl/mbfl -I/Users/Ingwie/Work/drag0n-php/ext/sqlite3/libsqlite -I/Users/Ingwie/Work/drag0n-php/ext/pthreads -I/usr/include/tidy -I/Users/Ingwie/Work/drag0n-php/ext/tokenizer/includes -I/usr/local/lib/wx/include/osx_cocoa-unicode-2.9 -I/usr/local/include/wx-2.9 -I/Users/Ingwie/Work/drag0n-php/TSRM -I/Users/Ingwie/Work/drag0n-php/Zend  -no-cpp-precomp  -I/usr/include -g -O2 -fvisibility=hidden -DZTS  -c /Users/Ingwie/Work/drag0n-php/ext/mbstring/libmbfl/filters/mbfilter_cp936.c -o ext/mbstring/libmbfl/filters/mbfilter_cp936.lo 
/bin/sh /Users/Ingwie/Work/drag0n-php/libtool --silent --preserve-dup-deps --mode=compile cc  -DNOT_RUBY -DONIG_ESCAPE_UCHAR_COLLISION=1 -DUChar=OnigUChar -DHAVE_CONFIG_H -Iext/mbstring/ -I/Users/Ingwie/Work/drag0n-php/ext/mbstring/ -DPHP_ATOM_INC -I/Users/Ingwie/Work/drag0n-php/include -I/Users/Ingwie/Work/drag0n-php/main -I/Users/Ingwie/Work/drag0n-php -I/Users/Ingwie/Work/drag0n-php/ext/date/lib -I/Users/Ingwie/Work/drag0n-php/ext/ereg/regex -I/usr/include/libxml2 -I/usr/local/include -I/Users/Ingwie/Work/drag0n-php/ext/mbstring/oniguruma -I/Users/Ingwie/Work/drag0n-php/ext/mbstring/libmbfl -I/Users/Ingwie/Work/drag0n-php/ext/mbstring/libmbfl/mbfl -I/Users/Ingwie/Work/drag0n-php/ext/sqlite3/libsqlite -I/Users/Ingwie/Work/drag0n-php/ext/pthreads -I/usr/include/tidy -I/Users/Ingwie/Work/drag0n-php/ext/tokenizer/includes -I/usr/local/lib/wx/include/osx_cocoa-unicode-2.9 -I/usr/local/include/wx-2.9 -I/Users/Ingwie/Work/drag0n-php/TSRM -I/Users/Ingwie/Work/drag0n-php/Zend  -no-cpp-precomp  -I/usr/include -g -O2 -fvisibility=hidden -DZTS  -c /Users/Ingwie/Work/drag0n-php/ext/mbstring/libmbfl/filters/mbfilter_gb18030.c -o ext/mbstring/libmbfl/filters/mbfilter_gb18030.lo 
/bin/sh /Users/Ingwie/Work/drag0n-php/libtool --silent --preserve-dup-deps --mode=compile cc  -DNOT_RUBY -DONIG_ESCAPE_UCHAR_COLLISION=1 -DUChar=OnigUChar -DHAVE_CONFIG_H -Iext/mbstring/ -I/Users/Ingwie/Work/drag0n-php/ext/mbstring/ -DPHP_ATOM_INC -I/Users/Ingwie/Work/drag0n-php/include -I/Users/Ingwie/Work/drag0n-php/main -I/Users/Ingwie/Work/drag0n-php -I/Users/Ingwie/Work/drag0n-php/ext/date/lib -I/Users/Ingwie/Work/drag0n-php/ext/ereg/regex -I/usr/include/libxml2 -I/usr/local/include -I/Users/Ingwie/Work/drag0n-php/ext/mbstring/oniguruma -I/Users/Ingwie/Work/drag0n-php/ext/mbstring/libmbfl -I/Users/Ingwie/Work/drag0n-php/ext/mbstring/libmbfl/mbfl -I/Users/Ingwie/Work/drag0n-php/ext/sqlite3/libsqlite -I/Users/Ingwie/Work/drag0n-php/ext/pthreads -I/usr/include/tidy -I/Users/Ingwie/Work/drag0n-php/ext/tokenizer/includes -I/usr/local/lib/wx/include/osx_cocoa-unicode-2.9 -I/usr/local/include/wx-2.9 -I/Users/Ingwie/Work/drag0n-php/TSRM -I/Users/Ingwie/Work/drag0n-php/Zend  -no-cpp-precomp  -I/usr/include -g -O2 -fvisibility=hidden -DZTS  -c /Users/Ingwie/Work/drag0n-php/ext/mbstring/libmbfl/filters/mbfilter_euc_cn.c -o ext/mbstring/libmbfl/filters/mbfilter_euc_cn.lo 
/bin/sh /Users/Ingwie/Work/drag0n-php/libtool --silent --preserve-dup-deps --mode=compile cc  -DNOT_RUBY -DONIG_ESCAPE_UCHAR_COLLISION=1 -DUChar=OnigUChar -DHAVE_CONFIG_H -Iext/mbstring/ -I/Users/Ingwie/Work/drag0n-php/ext/mbstring/ -DPHP_ATOM_INC -I/Users/Ingwie/Work/drag0n-php/include -I/Users/Ingwie/Work/drag0n-php/main -I/Users/Ingwie/Work/drag0n-php -I/Users/Ingwie/Work/drag0n-php/ext/date/lib -I/Users/Ingwie/Work/drag0n-php/ext/ereg/regex -I/usr/include/libxml2 -I/usr/local/include -I/Users/Ingwie/Work/drag0n-php/ext/mbstring/oniguruma -I/Users/Ingwie/Work/drag0n-php/ext/mbstring/libmbfl -I/Users/Ingwie/Work/drag0n-php/ext/mbstring/libmbfl/mbfl -I/Users/Ingwie/Work/drag0n-php/ext/sqlite3/libsqlite -I/Users/Ingwie/Work/drag0n-php/ext/pthreads -I/usr/include/tidy -I/Users/Ingwie/Work/drag0n-php/ext/tokenizer/includes -I/usr/local/lib/wx/include/osx_cocoa-unicode-2.9 -I/usr/local/include/wx-2.9 -I/Users/Ingwie/Work/drag0n-php/TSRM -I/Users/Ingwie/Work/drag0n-php/Zend  -no-cpp-precomp  -I/usr/include -g -O2 -fvisibility=hidden -DZTS  -c /Users/Ingwie/Work/drag0n-php/ext/mbstring/libmbfl/filters/mbfilter_euc_jp.c -o ext/mbstring/libmbfl/filters/mbfilter_euc_jp.lo 
/bin/sh /Users/Ingwie/Work/drag0n-php/libtool --silent --preserve-dup-deps --mode=compile cc  -DNOT_RUBY -DONIG_ESCAPE_UCHAR_COLLISION=1 -DUChar=OnigUChar -DHAVE_CONFIG_H -Iext/mbstring/ -I/Users/Ingwie/Work/drag0n-php/ext/mbstring/ -DPHP_ATOM_INC -I/Users/Ingwie/Work/drag0n-php/include -I/Users/Ingwie/Work/drag0n-php/main -I/Users/Ingwie/Work/drag0n-php -I/Users/Ingwie/Work/drag0n-php/ext/date/lib -I/Users/Ingwie/Work/drag0n-php/ext/ereg/regex -I/usr/include/libxml2 -I/usr/local/include -I/Users/Ingwie/Work/drag0n-php/ext/mbstring/oniguruma -I/Users/Ingwie/Work/drag0n-php/ext/mbstring/libmbfl -I/Users/Ingwie/Work/drag0n-php/ext/mbstring/libmbfl/mbfl -I/Users/Ingwie/Work/drag0n-php/ext/sqlite3/libsqlite -I/Users/Ingwie/Work/drag0n-php/ext/pthreads -I/usr/include/tidy -I/Users/Ingwie/Work/drag0n-php/ext/tokenizer/includes -I/usr/local/lib/wx/include/osx_cocoa-unicode-2.9 -I/usr/local/include/wx-2.9 -I/Users/Ingwie/Work/drag0n-php/TSRM -I/Users/Ingwie/Work/drag0n-php/Zend  -no-cpp-precomp  -I/usr/include -g -O2 -fvisibility=hidden -DZTS  -c /Users/Ingwie/Work/drag0n-php/ext/mbstring/libmbfl/filters/mbfilter_euc_jp_2004.c -o ext/mbstring/libmbfl/filters/mbfilter_euc_jp_2004.lo 
/bin/sh /Users/Ingwie/Work/drag0n-php/libtool --silent --preserve-dup-deps --mode=compile cc  -DNOT_RUBY -DONIG_ESCAPE_UCHAR_COLLISION=1 -DUChar=OnigUChar -DHAVE_CONFIG_H -Iext/mbstring/ -I/Users/Ingwie/Work/drag0n-php/ext/mbstring/ -DPHP_ATOM_INC -I/Users/Ingwie/Work/drag0n-php/include -I/Users/Ingwie/Work/drag0n-php/main -I/Users/Ingwie/Work/drag0n-php -I/Users/Ingwie/Work/drag0n-php/ext/date/lib -I/Users/Ingwie/Work/drag0n-php/ext/ereg/regex -I/usr/include/libxml2 -I/usr/local/include -I/Users/Ingwie/Work/drag0n-php/ext/mbstring/oniguruma -I/Users/Ingwie/Work/drag0n-php/ext/mbstring/libmbfl -I/Users/Ingwie/Work/drag0n-php/ext/mbstring/libmbfl/mbfl -I/Users/Ingwie/Work/drag0n-php/ext/sqlite3/libsqlite -I/Users/Ingwie/Work/drag0n-php/ext/pthreads -I/usr/include/tidy -I/Users/Ingwie/Work/drag0n-php/ext/tokenizer/includes -I/usr/local/lib/wx/include/osx_cocoa-unicode-2.9 -I/usr/local/include/wx-2.9 -I/Users/Ingwie/Work/drag0n-php/TSRM -I/Users/Ingwie/Work/drag0n-php/Zend  -no-cpp-precomp  -I/usr/include -g -O2 -fvisibility=hidden -DZTS  -c /Users/Ingwie/Work/drag0n-php/ext/mbstring/libmbfl/filters/mbfilter_euc_jp_win.c -o ext/mbstring/libmbfl/filters/mbfilter_euc_jp_win.lo 
/bin/sh /Users/Ingwie/Work/drag0n-php/libtool --silent --preserve-dup-deps --mode=compile cc  -DNOT_RUBY -DONIG_ESCAPE_UCHAR_COLLISION=1 -DUChar=OnigUChar -DHAVE_CONFIG_H -Iext/mbstring/ -I/Users/Ingwie/Work/drag0n-php/ext/mbstring/ -DPHP_ATOM_INC -I/Users/Ingwie/Work/drag0n-php/include -I/Users/Ingwie/Work/drag0n-php/main -I/Users/Ingwie/Work/drag0n-php -I/Users/Ingwie/Work/drag0n-php/ext/date/lib -I/Users/Ingwie/Work/drag0n-php/ext/ereg/regex -I/usr/include/libxml2 -I/usr/local/include -I/Users/Ingwie/Work/drag0n-php/ext/mbstring/oniguruma -I/Users/Ingwie/Work/drag0n-php/ext/mbstring/libmbfl -I/Users/Ingwie/Work/drag0n-php/ext/mbstring/libmbfl/mbfl -I/Users/Ingwie/Work/drag0n-php/ext/sqlite3/libsqlite -I/Users/Ingwie/Work/drag0n-php/ext/pthreads -I/usr/include/tidy -I/Users/Ingwie/Work/drag0n-php/ext/tokenizer/includes -I/usr/local/lib/wx/include/osx_cocoa-unicode-2.9 -I/usr/local/include/wx-2.9 -I/Users/Ingwie/Work/drag0n-php/TSRM -I/Users/Ingwie/Work/drag0n-php/Zend  -no-cpp-precomp  -I/usr/include -g -O2 -fvisibility=hidden -DZTS  -c /Users/Ingwie/Work/drag0n-php/ext/mbstring/libmbfl/filters/mbfilter_euc_kr.c -o ext/mbstring/libmbfl/filters/mbfilter_euc_kr.lo 
/bin/sh /Users/Ingwie/Work/drag0n-php/libtool --silent --preserve-dup-deps --mode=compile cc  -DNOT_RUBY -DONIG_ESCAPE_UCHAR_COLLISION=1 -DUChar=OnigUChar -DHAVE_CONFIG_H -Iext/mbstring/ -I/Users/Ingwie/Work/drag0n-php/ext/mbstring/ -DPHP_ATOM_INC -I/Users/Ingwie/Work/drag0n-php/include -I/Users/Ingwie/Work/drag0n-php/main -I/Users/Ingwie/Work/drag0n-php -I/Users/Ingwie/Work/drag0n-php/ext/date/lib -I/Users/Ingwie/Work/drag0n-php/ext/ereg/regex -I/usr/include/libxml2 -I/usr/local/include -I/Users/Ingwie/Work/drag0n-php/ext/mbstring/oniguruma -I/Users/Ingwie/Work/drag0n-php/ext/mbstring/libmbfl -I/Users/Ingwie/Work/drag0n-php/ext/mbstring/libmbfl/mbfl -I/Users/Ingwie/Work/drag0n-php/ext/sqlite3/libsqlite -I/Users/Ingwie/Work/drag0n-php/ext/pthreads -I/usr/include/tidy -I/Users/Ingwie/Work/drag0n-php/ext/tokenizer/includes -I/usr/local/lib/wx/include/osx_cocoa-unicode-2.9 -I/usr/local/include/wx-2.9 -I/Users/Ingwie/Work/drag0n-php/TSRM -I/Users/Ingwie/Work/drag0n-php/Zend  -no-cpp-precomp  -I/usr/include -g -O2 -fvisibility=hidden -DZTS  -c /Users/Ingwie/Work/drag0n-php/ext/mbstring/libmbfl/filters/mbfilter_euc_tw.c -o ext/mbstring/libmbfl/filters/mbfilter_euc_tw.lo 
/bin/sh /Users/Ingwie/Work/drag0n-php/libtool --silent --preserve-dup-deps --mode=compile cc  -DNOT_RUBY -DONIG_ESCAPE_UCHAR_COLLISION=1 -DUChar=OnigUChar -DHAVE_CONFIG_H -Iext/mbstring/ -I/Users/Ingwie/Work/drag0n-php/ext/mbstring/ -DPHP_ATOM_INC -I/Users/Ingwie/Work/drag0n-php/include -I/Users/Ingwie/Work/drag0n-php/main -I/Users/Ingwie/Work/drag0n-php -I/Users/Ingwie/Work/drag0n-php/ext/date/lib -I/Users/Ingwie/Work/drag0n-php/ext/ereg/regex -I/usr/include/libxml2 -I/usr/local/include -I/Users/Ingwie/Work/drag0n-php/ext/mbstring/oniguruma -I/Users/Ingwie/Work/drag0n-php/ext/mbstring/libmbfl -I/Users/Ingwie/Work/drag0n-php/ext/mbstring/libmbfl/mbfl -I/Users/Ingwie/Work/drag0n-php/ext/sqlite3/libsqlite -I/Users/Ingwie/Work/drag0n-php/ext/pthreads -I/usr/include/tidy -I/Users/Ingwie/Work/drag0n-php/ext/tokenizer/includes -I/usr/local/lib/wx/include/osx_cocoa-unicode-2.9 -I/usr/local/include/wx-2.9 -I/Users/Ingwie/Work/drag0n-php/TSRM -I/Users/Ingwie/Work/drag0n-php/Zend  -no-cpp-precomp  -I/usr/include -g -O2 -fvisibility=hidden -DZTS  -c /Users/Ingwie/Work/drag0n-php/ext/mbstring/libmbfl/filters/mbfilter_htmlent.c -o ext/mbstring/libmbfl/filters/mbfilter_htmlent.lo 
/bin/sh /Users/Ingwie/Work/drag0n-php/libtool --silent --preserve-dup-deps --mode=compile cc  -DNOT_RUBY -DONIG_ESCAPE_UCHAR_COLLISION=1 -DUChar=OnigUChar -DHAVE_CONFIG_H -Iext/mbstring/ -I/Users/Ingwie/Work/drag0n-php/ext/mbstring/ -DPHP_ATOM_INC -I/Users/Ingwie/Work/drag0n-php/include -I/Users/Ingwie/Work/drag0n-php/main -I/Users/Ingwie/Work/drag0n-php -I/Users/Ingwie/Work/drag0n-php/ext/date/lib -I/Users/Ingwie/Work/drag0n-php/ext/ereg/regex -I/usr/include/libxml2 -I/usr/local/include -I/Users/Ingwie/Work/drag0n-php/ext/mbstring/oniguruma -I/Users/Ingwie/Work/drag0n-php/ext/mbstring/libmbfl -I/Users/Ingwie/Work/drag0n-php/ext/mbstring/libmbfl/mbfl -I/Users/Ingwie/Work/drag0n-php/ext/sqlite3/libsqlite -I/Users/Ingwie/Work/drag0n-php/ext/pthreads -I/usr/include/tidy -I/Users/Ingwie/Work/drag0n-php/ext/tokenizer/includes -I/usr/local/lib/wx/include/osx_cocoa-unicode-2.9 -I/usr/local/include/wx-2.9 -I/Users/Ingwie/Work/drag0n-php/TSRM -I/Users/Ingwie/Work/drag0n-php/Zend  -no-cpp-precomp  -I/usr/include -g -O2 -fvisibility=hidden -DZTS  -c /Users/Ingwie/Work/drag0n-php/ext/mbstring/libmbfl/filters/mbfilter_hz.c -o ext/mbstring/libmbfl/filters/mbfilter_hz.lo 
/bin/sh /Users/Ingwie/Work/drag0n-php/libtool --silent --preserve-dup-deps --mode=compile cc  -DNOT_RUBY -DONIG_ESCAPE_UCHAR_COLLISION=1 -DUChar=OnigUChar -DHAVE_CONFIG_H -Iext/mbstring/ -I/Users/Ingwie/Work/drag0n-php/ext/mbstring/ -DPHP_ATOM_INC -I/Users/Ingwie/Work/drag0n-php/include -I/Users/Ingwie/Work/drag0n-php/main -I/Users/Ingwie/Work/drag0n-php -I/Users/Ingwie/Work/drag0n-php/ext/date/lib -I/Users/Ingwie/Work/drag0n-php/ext/ereg/regex -I/usr/include/libxml2 -I/usr/local/include -I/Users/Ingwie/Work/drag0n-php/ext/mbstring/oniguruma -I/Users/Ingwie/Work/drag0n-php/ext/mbstring/libmbfl -I/Users/Ingwie/Work/drag0n-php/ext/mbstring/libmbfl/mbfl -I/Users/Ingwie/Work/drag0n-php/ext/sqlite3/libsqlite -I/Users/Ingwie/Work/drag0n-php/ext/pthreads -I/usr/include/tidy -I/Users/Ingwie/Work/drag0n-php/ext/tokenizer/includes -I/usr/local/lib/wx/include/osx_cocoa-unicode-2.9 -I/usr/local/include/wx-2.9 -I/Users/Ingwie/Work/drag0n-php/TSRM -I/Users/Ingwie/Work/drag0n-php/Zend  -no-cpp-precomp  -I/usr/include -g -O2 -fvisibility=hidden -DZTS  -c /Users/Ingwie/Work/drag0n-php/ext/mbstring/libmbfl/filters/mbfilter_iso2022_jp_ms.c -o ext/mbstring/libmbfl/filters/mbfilter_iso2022_jp_ms.lo 
/bin/sh /Users/Ingwie/Work/drag0n-php/libtool --silent --preserve-dup-deps --mode=compile cc  -DNOT_RUBY -DONIG_ESCAPE_UCHAR_COLLISION=1 -DUChar=OnigUChar -DHAVE_CONFIG_H -Iext/mbstring/ -I/Users/Ingwie/Work/drag0n-php/ext/mbstring/ -DPHP_ATOM_INC -I/Users/Ingwie/Work/drag0n-php/include -I/Users/Ingwie/Work/drag0n-php/main -I/Users/Ingwie/Work/drag0n-php -I/Users/Ingwie/Work/drag0n-php/ext/date/lib -I/Users/Ingwie/Work/drag0n-php/ext/ereg/regex -I/usr/include/libxml2 -I/usr/local/include -I/Users/Ingwie/Work/drag0n-php/ext/mbstring/oniguruma -I/Users/Ingwie/Work/drag0n-php/ext/mbstring/libmbfl -I/Users/Ingwie/Work/drag0n-php/ext/mbstring/libmbfl/mbfl -I/Users/Ingwie/Work/drag0n-php/ext/sqlite3/libsqlite -I/Users/Ingwie/Work/drag0n-php/ext/pthreads -I/usr/include/tidy -I/Users/Ingwie/Work/drag0n-php/ext/tokenizer/includes -I/usr/local/lib/wx/include/osx_cocoa-unicode-2.9 -I/usr/local/include/wx-2.9 -I/Users/Ingwie/Work/drag0n-php/TSRM -I/Users/Ingwie/Work/drag0n-php/Zend  -no-cpp-precomp  -I/usr/include -g -O2 -fvisibility=hidden -DZTS  -c /Users/Ingwie/Work/drag0n-php/ext/mbstring/libmbfl/filters/mbfilter_iso2022jp_2004.c -o ext/mbstring/libmbfl/filters/mbfilter_iso2022jp_2004.lo 
/bin/sh /Users/Ingwie/Work/drag0n-php/libtool --silent --preserve-dup-deps --mode=compile cc  -DNOT_RUBY -DONIG_ESCAPE_UCHAR_COLLISION=1 -DUChar=OnigUChar -DHAVE_CONFIG_H -Iext/mbstring/ -I/Users/Ingwie/Work/drag0n-php/ext/mbstring/ -DPHP_ATOM_INC -I/Users/Ingwie/Work/drag0n-php/include -I/Users/Ingwie/Work/drag0n-php/main -I/Users/Ingwie/Work/drag0n-php -I/Users/Ingwie/Work/drag0n-php/ext/date/lib -I/Users/Ingwie/Work/drag0n-php/ext/ereg/regex -I/usr/include/libxml2 -I/usr/local/include -I/Users/Ingwie/Work/drag0n-php/ext/mbstring/oniguruma -I/Users/Ingwie/Work/drag0n-php/ext/mbstring/libmbfl -I/Users/Ingwie/Work/drag0n-php/ext/mbstring/libmbfl/mbfl -I/Users/Ingwie/Work/drag0n-php/ext/sqlite3/libsqlite -I/Users/Ingwie/Work/drag0n-php/ext/pthreads -I/usr/include/tidy -I/Users/Ingwie/Work/drag0n-php/ext/tokenizer/includes -I/usr/local/lib/wx/include/osx_cocoa-unicode-2.9 -I/usr/local/include/wx-2.9 -I/Users/Ingwie/Work/drag0n-php/TSRM -I/Users/Ingwie/Work/drag0n-php/Zend  -no-cpp-precomp  -I/usr/include -g -O2 -fvisibility=hidden -DZTS  -c /Users/Ingwie/Work/drag0n-php/ext/mbstring/libmbfl/filters/mbfilter_iso2022jp_mobile.c -o ext/mbstring/libmbfl/filters/mbfilter_iso2022jp_mobile.lo 
/Users/Ingwie/Work/drag0n-php/ext/mbstring/libmbfl/filters/mbfilter_iso2022jp_mobile.c:51:2: warning: incompatible pointer types initializing 'const char *(*)[]' with an expression of type 'const char *[2]' [-Wincompatible-pointer-types]
        mbfl_encoding_2022jp_kddi_aliases,
        ^~~~~~~~~~~~~~~~~~~~~~~~~~~~~~~~~
1 warning generated.
/bin/sh /Users/Ingwie/Work/drag0n-php/libtool --silent --preserve-dup-deps --mode=compile cc  -DNOT_RUBY -DONIG_ESCAPE_UCHAR_COLLISION=1 -DUChar=OnigUChar -DHAVE_CONFIG_H -Iext/mbstring/ -I/Users/Ingwie/Work/drag0n-php/ext/mbstring/ -DPHP_ATOM_INC -I/Users/Ingwie/Work/drag0n-php/include -I/Users/Ingwie/Work/drag0n-php/main -I/Users/Ingwie/Work/drag0n-php -I/Users/Ingwie/Work/drag0n-php/ext/date/lib -I/Users/Ingwie/Work/drag0n-php/ext/ereg/regex -I/usr/include/libxml2 -I/usr/local/include -I/Users/Ingwie/Work/drag0n-php/ext/mbstring/oniguruma -I/Users/Ingwie/Work/drag0n-php/ext/mbstring/libmbfl -I/Users/Ingwie/Work/drag0n-php/ext/mbstring/libmbfl/mbfl -I/Users/Ingwie/Work/drag0n-php/ext/sqlite3/libsqlite -I/Users/Ingwie/Work/drag0n-php/ext/pthreads -I/usr/include/tidy -I/Users/Ingwie/Work/drag0n-php/ext/tokenizer/includes -I/usr/local/lib/wx/include/osx_cocoa-unicode-2.9 -I/usr/local/include/wx-2.9 -I/Users/Ingwie/Work/drag0n-php/TSRM -I/Users/Ingwie/Work/drag0n-php/Zend  -no-cpp-precomp  -I/usr/include -g -O2 -fvisibility=hidden -DZTS  -c /Users/Ingwie/Work/drag0n-php/ext/mbstring/libmbfl/filters/mbfilter_iso2022_kr.c -o ext/mbstring/libmbfl/filters/mbfilter_iso2022_kr.lo 
/bin/sh /Users/Ingwie/Work/drag0n-php/libtool --silent --preserve-dup-deps --mode=compile cc  -DNOT_RUBY -DONIG_ESCAPE_UCHAR_COLLISION=1 -DUChar=OnigUChar -DHAVE_CONFIG_H -Iext/mbstring/ -I/Users/Ingwie/Work/drag0n-php/ext/mbstring/ -DPHP_ATOM_INC -I/Users/Ingwie/Work/drag0n-php/include -I/Users/Ingwie/Work/drag0n-php/main -I/Users/Ingwie/Work/drag0n-php -I/Users/Ingwie/Work/drag0n-php/ext/date/lib -I/Users/Ingwie/Work/drag0n-php/ext/ereg/regex -I/usr/include/libxml2 -I/usr/local/include -I/Users/Ingwie/Work/drag0n-php/ext/mbstring/oniguruma -I/Users/Ingwie/Work/drag0n-php/ext/mbstring/libmbfl -I/Users/Ingwie/Work/drag0n-php/ext/mbstring/libmbfl/mbfl -I/Users/Ingwie/Work/drag0n-php/ext/sqlite3/libsqlite -I/Users/Ingwie/Work/drag0n-php/ext/pthreads -I/usr/include/tidy -I/Users/Ingwie/Work/drag0n-php/ext/tokenizer/includes -I/usr/local/lib/wx/include/osx_cocoa-unicode-2.9 -I/usr/local/include/wx-2.9 -I/Users/Ingwie/Work/drag0n-php/TSRM -I/Users/Ingwie/Work/drag0n-php/Zend  -no-cpp-precomp  -I/usr/include -g -O2 -fvisibility=hidden -DZTS  -c /Users/Ingwie/Work/drag0n-php/ext/mbstring/libmbfl/filters/mbfilter_iso8859_1.c -o ext/mbstring/libmbfl/filters/mbfilter_iso8859_1.lo 
/bin/sh /Users/Ingwie/Work/drag0n-php/libtool --silent --preserve-dup-deps --mode=compile cc  -DNOT_RUBY -DONIG_ESCAPE_UCHAR_COLLISION=1 -DUChar=OnigUChar -DHAVE_CONFIG_H -Iext/mbstring/ -I/Users/Ingwie/Work/drag0n-php/ext/mbstring/ -DPHP_ATOM_INC -I/Users/Ingwie/Work/drag0n-php/include -I/Users/Ingwie/Work/drag0n-php/main -I/Users/Ingwie/Work/drag0n-php -I/Users/Ingwie/Work/drag0n-php/ext/date/lib -I/Users/Ingwie/Work/drag0n-php/ext/ereg/regex -I/usr/include/libxml2 -I/usr/local/include -I/Users/Ingwie/Work/drag0n-php/ext/mbstring/oniguruma -I/Users/Ingwie/Work/drag0n-php/ext/mbstring/libmbfl -I/Users/Ingwie/Work/drag0n-php/ext/mbstring/libmbfl/mbfl -I/Users/Ingwie/Work/drag0n-php/ext/sqlite3/libsqlite -I/Users/Ingwie/Work/drag0n-php/ext/pthreads -I/usr/include/tidy -I/Users/Ingwie/Work/drag0n-php/ext/tokenizer/includes -I/usr/local/lib/wx/include/osx_cocoa-unicode-2.9 -I/usr/local/include/wx-2.9 -I/Users/Ingwie/Work/drag0n-php/TSRM -I/Users/Ingwie/Work/drag0n-php/Zend  -no-cpp-precomp  -I/usr/include -g -O2 -fvisibility=hidden -DZTS  -c /Users/Ingwie/Work/drag0n-php/ext/mbstring/libmbfl/filters/mbfilter_iso8859_10.c -o ext/mbstring/libmbfl/filters/mbfilter_iso8859_10.lo 
/bin/sh /Users/Ingwie/Work/drag0n-php/libtool --silent --preserve-dup-deps --mode=compile cc  -DNOT_RUBY -DONIG_ESCAPE_UCHAR_COLLISION=1 -DUChar=OnigUChar -DHAVE_CONFIG_H -Iext/mbstring/ -I/Users/Ingwie/Work/drag0n-php/ext/mbstring/ -DPHP_ATOM_INC -I/Users/Ingwie/Work/drag0n-php/include -I/Users/Ingwie/Work/drag0n-php/main -I/Users/Ingwie/Work/drag0n-php -I/Users/Ingwie/Work/drag0n-php/ext/date/lib -I/Users/Ingwie/Work/drag0n-php/ext/ereg/regex -I/usr/include/libxml2 -I/usr/local/include -I/Users/Ingwie/Work/drag0n-php/ext/mbstring/oniguruma -I/Users/Ingwie/Work/drag0n-php/ext/mbstring/libmbfl -I/Users/Ingwie/Work/drag0n-php/ext/mbstring/libmbfl/mbfl -I/Users/Ingwie/Work/drag0n-php/ext/sqlite3/libsqlite -I/Users/Ingwie/Work/drag0n-php/ext/pthreads -I/usr/include/tidy -I/Users/Ingwie/Work/drag0n-php/ext/tokenizer/includes -I/usr/local/lib/wx/include/osx_cocoa-unicode-2.9 -I/usr/local/include/wx-2.9 -I/Users/Ingwie/Work/drag0n-php/TSRM -I/Users/Ingwie/Work/drag0n-php/Zend  -no-cpp-precomp  -I/usr/include -g -O2 -fvisibility=hidden -DZTS  -c /Users/Ingwie/Work/drag0n-php/ext/mbstring/libmbfl/filters/mbfilter_iso8859_13.c -o ext/mbstring/libmbfl/filters/mbfilter_iso8859_13.lo 
/bin/sh /Users/Ingwie/Work/drag0n-php/libtool --silent --preserve-dup-deps --mode=compile cc  -DNOT_RUBY -DONIG_ESCAPE_UCHAR_COLLISION=1 -DUChar=OnigUChar -DHAVE_CONFIG_H -Iext/mbstring/ -I/Users/Ingwie/Work/drag0n-php/ext/mbstring/ -DPHP_ATOM_INC -I/Users/Ingwie/Work/drag0n-php/include -I/Users/Ingwie/Work/drag0n-php/main -I/Users/Ingwie/Work/drag0n-php -I/Users/Ingwie/Work/drag0n-php/ext/date/lib -I/Users/Ingwie/Work/drag0n-php/ext/ereg/regex -I/usr/include/libxml2 -I/usr/local/include -I/Users/Ingwie/Work/drag0n-php/ext/mbstring/oniguruma -I/Users/Ingwie/Work/drag0n-php/ext/mbstring/libmbfl -I/Users/Ingwie/Work/drag0n-php/ext/mbstring/libmbfl/mbfl -I/Users/Ingwie/Work/drag0n-php/ext/sqlite3/libsqlite -I/Users/Ingwie/Work/drag0n-php/ext/pthreads -I/usr/include/tidy -I/Users/Ingwie/Work/drag0n-php/ext/tokenizer/includes -I/usr/local/lib/wx/include/osx_cocoa-unicode-2.9 -I/usr/local/include/wx-2.9 -I/Users/Ingwie/Work/drag0n-php/TSRM -I/Users/Ingwie/Work/drag0n-php/Zend  -no-cpp-precomp  -I/usr/include -g -O2 -fvisibility=hidden -DZTS  -c /Users/Ingwie/Work/drag0n-php/ext/mbstring/libmbfl/filters/mbfilter_iso8859_14.c -o ext/mbstring/libmbfl/filters/mbfilter_iso8859_14.lo 
/bin/sh /Users/Ingwie/Work/drag0n-php/libtool --silent --preserve-dup-deps --mode=compile cc  -DNOT_RUBY -DONIG_ESCAPE_UCHAR_COLLISION=1 -DUChar=OnigUChar -DHAVE_CONFIG_H -Iext/mbstring/ -I/Users/Ingwie/Work/drag0n-php/ext/mbstring/ -DPHP_ATOM_INC -I/Users/Ingwie/Work/drag0n-php/include -I/Users/Ingwie/Work/drag0n-php/main -I/Users/Ingwie/Work/drag0n-php -I/Users/Ingwie/Work/drag0n-php/ext/date/lib -I/Users/Ingwie/Work/drag0n-php/ext/ereg/regex -I/usr/include/libxml2 -I/usr/local/include -I/Users/Ingwie/Work/drag0n-php/ext/mbstring/oniguruma -I/Users/Ingwie/Work/drag0n-php/ext/mbstring/libmbfl -I/Users/Ingwie/Work/drag0n-php/ext/mbstring/libmbfl/mbfl -I/Users/Ingwie/Work/drag0n-php/ext/sqlite3/libsqlite -I/Users/Ingwie/Work/drag0n-php/ext/pthreads -I/usr/include/tidy -I/Users/Ingwie/Work/drag0n-php/ext/tokenizer/includes -I/usr/local/lib/wx/include/osx_cocoa-unicode-2.9 -I/usr/local/include/wx-2.9 -I/Users/Ingwie/Work/drag0n-php/TSRM -I/Users/Ingwie/Work/drag0n-php/Zend  -no-cpp-precomp  -I/usr/include -g -O2 -fvisibility=hidden -DZTS  -c /Users/Ingwie/Work/drag0n-php/ext/mbstring/libmbfl/filters/mbfilter_iso8859_15.c -o ext/mbstring/libmbfl/filters/mbfilter_iso8859_15.lo 
/bin/sh /Users/Ingwie/Work/drag0n-php/libtool --silent --preserve-dup-deps --mode=compile cc  -DNOT_RUBY -DONIG_ESCAPE_UCHAR_COLLISION=1 -DUChar=OnigUChar -DHAVE_CONFIG_H -Iext/mbstring/ -I/Users/Ingwie/Work/drag0n-php/ext/mbstring/ -DPHP_ATOM_INC -I/Users/Ingwie/Work/drag0n-php/include -I/Users/Ingwie/Work/drag0n-php/main -I/Users/Ingwie/Work/drag0n-php -I/Users/Ingwie/Work/drag0n-php/ext/date/lib -I/Users/Ingwie/Work/drag0n-php/ext/ereg/regex -I/usr/include/libxml2 -I/usr/local/include -I/Users/Ingwie/Work/drag0n-php/ext/mbstring/oniguruma -I/Users/Ingwie/Work/drag0n-php/ext/mbstring/libmbfl -I/Users/Ingwie/Work/drag0n-php/ext/mbstring/libmbfl/mbfl -I/Users/Ingwie/Work/drag0n-php/ext/sqlite3/libsqlite -I/Users/Ingwie/Work/drag0n-php/ext/pthreads -I/usr/include/tidy -I/Users/Ingwie/Work/drag0n-php/ext/tokenizer/includes -I/usr/local/lib/wx/include/osx_cocoa-unicode-2.9 -I/usr/local/include/wx-2.9 -I/Users/Ingwie/Work/drag0n-php/TSRM -I/Users/Ingwie/Work/drag0n-php/Zend  -no-cpp-precomp  -I/usr/include -g -O2 -fvisibility=hidden -DZTS  -c /Users/Ingwie/Work/drag0n-php/ext/mbstring/libmbfl/filters/mbfilter_iso8859_16.c -o ext/mbstring/libmbfl/filters/mbfilter_iso8859_16.lo 
/bin/sh /Users/Ingwie/Work/drag0n-php/libtool --silent --preserve-dup-deps --mode=compile cc  -DNOT_RUBY -DONIG_ESCAPE_UCHAR_COLLISION=1 -DUChar=OnigUChar -DHAVE_CONFIG_H -Iext/mbstring/ -I/Users/Ingwie/Work/drag0n-php/ext/mbstring/ -DPHP_ATOM_INC -I/Users/Ingwie/Work/drag0n-php/include -I/Users/Ingwie/Work/drag0n-php/main -I/Users/Ingwie/Work/drag0n-php -I/Users/Ingwie/Work/drag0n-php/ext/date/lib -I/Users/Ingwie/Work/drag0n-php/ext/ereg/regex -I/usr/include/libxml2 -I/usr/local/include -I/Users/Ingwie/Work/drag0n-php/ext/mbstring/oniguruma -I/Users/Ingwie/Work/drag0n-php/ext/mbstring/libmbfl -I/Users/Ingwie/Work/drag0n-php/ext/mbstring/libmbfl/mbfl -I/Users/Ingwie/Work/drag0n-php/ext/sqlite3/libsqlite -I/Users/Ingwie/Work/drag0n-php/ext/pthreads -I/usr/include/tidy -I/Users/Ingwie/Work/drag0n-php/ext/tokenizer/includes -I/usr/local/lib/wx/include/osx_cocoa-unicode-2.9 -I/usr/local/include/wx-2.9 -I/Users/Ingwie/Work/drag0n-php/TSRM -I/Users/Ingwie/Work/drag0n-php/Zend  -no-cpp-precomp  -I/usr/include -g -O2 -fvisibility=hidden -DZTS  -c /Users/Ingwie/Work/drag0n-php/ext/mbstring/libmbfl/filters/mbfilter_iso8859_2.c -o ext/mbstring/libmbfl/filters/mbfilter_iso8859_2.lo 
/bin/sh /Users/Ingwie/Work/drag0n-php/libtool --silent --preserve-dup-deps --mode=compile cc  -DNOT_RUBY -DONIG_ESCAPE_UCHAR_COLLISION=1 -DUChar=OnigUChar -DHAVE_CONFIG_H -Iext/mbstring/ -I/Users/Ingwie/Work/drag0n-php/ext/mbstring/ -DPHP_ATOM_INC -I/Users/Ingwie/Work/drag0n-php/include -I/Users/Ingwie/Work/drag0n-php/main -I/Users/Ingwie/Work/drag0n-php -I/Users/Ingwie/Work/drag0n-php/ext/date/lib -I/Users/Ingwie/Work/drag0n-php/ext/ereg/regex -I/usr/include/libxml2 -I/usr/local/include -I/Users/Ingwie/Work/drag0n-php/ext/mbstring/oniguruma -I/Users/Ingwie/Work/drag0n-php/ext/mbstring/libmbfl -I/Users/Ingwie/Work/drag0n-php/ext/mbstring/libmbfl/mbfl -I/Users/Ingwie/Work/drag0n-php/ext/sqlite3/libsqlite -I/Users/Ingwie/Work/drag0n-php/ext/pthreads -I/usr/include/tidy -I/Users/Ingwie/Work/drag0n-php/ext/tokenizer/includes -I/usr/local/lib/wx/include/osx_cocoa-unicode-2.9 -I/usr/local/include/wx-2.9 -I/Users/Ingwie/Work/drag0n-php/TSRM -I/Users/Ingwie/Work/drag0n-php/Zend  -no-cpp-precomp  -I/usr/include -g -O2 -fvisibility=hidden -DZTS  -c /Users/Ingwie/Work/drag0n-php/ext/mbstring/libmbfl/filters/mbfilter_iso8859_3.c -o ext/mbstring/libmbfl/filters/mbfilter_iso8859_3.lo 
/bin/sh /Users/Ingwie/Work/drag0n-php/libtool --silent --preserve-dup-deps --mode=compile cc  -DNOT_RUBY -DONIG_ESCAPE_UCHAR_COLLISION=1 -DUChar=OnigUChar -DHAVE_CONFIG_H -Iext/mbstring/ -I/Users/Ingwie/Work/drag0n-php/ext/mbstring/ -DPHP_ATOM_INC -I/Users/Ingwie/Work/drag0n-php/include -I/Users/Ingwie/Work/drag0n-php/main -I/Users/Ingwie/Work/drag0n-php -I/Users/Ingwie/Work/drag0n-php/ext/date/lib -I/Users/Ingwie/Work/drag0n-php/ext/ereg/regex -I/usr/include/libxml2 -I/usr/local/include -I/Users/Ingwie/Work/drag0n-php/ext/mbstring/oniguruma -I/Users/Ingwie/Work/drag0n-php/ext/mbstring/libmbfl -I/Users/Ingwie/Work/drag0n-php/ext/mbstring/libmbfl/mbfl -I/Users/Ingwie/Work/drag0n-php/ext/sqlite3/libsqlite -I/Users/Ingwie/Work/drag0n-php/ext/pthreads -I/usr/include/tidy -I/Users/Ingwie/Work/drag0n-php/ext/tokenizer/includes -I/usr/local/lib/wx/include/osx_cocoa-unicode-2.9 -I/usr/local/include/wx-2.9 -I/Users/Ingwie/Work/drag0n-php/TSRM -I/Users/Ingwie/Work/drag0n-php/Zend  -no-cpp-precomp  -I/usr/include -g -O2 -fvisibility=hidden -DZTS  -c /Users/Ingwie/Work/drag0n-php/ext/mbstring/libmbfl/filters/mbfilter_iso8859_4.c -o ext/mbstring/libmbfl/filters/mbfilter_iso8859_4.lo 
/bin/sh /Users/Ingwie/Work/drag0n-php/libtool --silent --preserve-dup-deps --mode=compile cc  -DNOT_RUBY -DONIG_ESCAPE_UCHAR_COLLISION=1 -DUChar=OnigUChar -DHAVE_CONFIG_H -Iext/mbstring/ -I/Users/Ingwie/Work/drag0n-php/ext/mbstring/ -DPHP_ATOM_INC -I/Users/Ingwie/Work/drag0n-php/include -I/Users/Ingwie/Work/drag0n-php/main -I/Users/Ingwie/Work/drag0n-php -I/Users/Ingwie/Work/drag0n-php/ext/date/lib -I/Users/Ingwie/Work/drag0n-php/ext/ereg/regex -I/usr/include/libxml2 -I/usr/local/include -I/Users/Ingwie/Work/drag0n-php/ext/mbstring/oniguruma -I/Users/Ingwie/Work/drag0n-php/ext/mbstring/libmbfl -I/Users/Ingwie/Work/drag0n-php/ext/mbstring/libmbfl/mbfl -I/Users/Ingwie/Work/drag0n-php/ext/sqlite3/libsqlite -I/Users/Ingwie/Work/drag0n-php/ext/pthreads -I/usr/include/tidy -I/Users/Ingwie/Work/drag0n-php/ext/tokenizer/includes -I/usr/local/lib/wx/include/osx_cocoa-unicode-2.9 -I/usr/local/include/wx-2.9 -I/Users/Ingwie/Work/drag0n-php/TSRM -I/Users/Ingwie/Work/drag0n-php/Zend  -no-cpp-precomp  -I/usr/include -g -O2 -fvisibility=hidden -DZTS  -c /Users/Ingwie/Work/drag0n-php/ext/mbstring/libmbfl/filters/mbfilter_iso8859_5.c -o ext/mbstring/libmbfl/filters/mbfilter_iso8859_5.lo 
/bin/sh /Users/Ingwie/Work/drag0n-php/libtool --silent --preserve-dup-deps --mode=compile cc  -DNOT_RUBY -DONIG_ESCAPE_UCHAR_COLLISION=1 -DUChar=OnigUChar -DHAVE_CONFIG_H -Iext/mbstring/ -I/Users/Ingwie/Work/drag0n-php/ext/mbstring/ -DPHP_ATOM_INC -I/Users/Ingwie/Work/drag0n-php/include -I/Users/Ingwie/Work/drag0n-php/main -I/Users/Ingwie/Work/drag0n-php -I/Users/Ingwie/Work/drag0n-php/ext/date/lib -I/Users/Ingwie/Work/drag0n-php/ext/ereg/regex -I/usr/include/libxml2 -I/usr/local/include -I/Users/Ingwie/Work/drag0n-php/ext/mbstring/oniguruma -I/Users/Ingwie/Work/drag0n-php/ext/mbstring/libmbfl -I/Users/Ingwie/Work/drag0n-php/ext/mbstring/libmbfl/mbfl -I/Users/Ingwie/Work/drag0n-php/ext/sqlite3/libsqlite -I/Users/Ingwie/Work/drag0n-php/ext/pthreads -I/usr/include/tidy -I/Users/Ingwie/Work/drag0n-php/ext/tokenizer/includes -I/usr/local/lib/wx/include/osx_cocoa-unicode-2.9 -I/usr/local/include/wx-2.9 -I/Users/Ingwie/Work/drag0n-php/TSRM -I/Users/Ingwie/Work/drag0n-php/Zend  -no-cpp-precomp  -I/usr/include -g -O2 -fvisibility=hidden -DZTS  -c /Users/Ingwie/Work/drag0n-php/ext/mbstring/libmbfl/filters/mbfilter_iso8859_6.c -o ext/mbstring/libmbfl/filters/mbfilter_iso8859_6.lo 
/bin/sh /Users/Ingwie/Work/drag0n-php/libtool --silent --preserve-dup-deps --mode=compile cc  -DNOT_RUBY -DONIG_ESCAPE_UCHAR_COLLISION=1 -DUChar=OnigUChar -DHAVE_CONFIG_H -Iext/mbstring/ -I/Users/Ingwie/Work/drag0n-php/ext/mbstring/ -DPHP_ATOM_INC -I/Users/Ingwie/Work/drag0n-php/include -I/Users/Ingwie/Work/drag0n-php/main -I/Users/Ingwie/Work/drag0n-php -I/Users/Ingwie/Work/drag0n-php/ext/date/lib -I/Users/Ingwie/Work/drag0n-php/ext/ereg/regex -I/usr/include/libxml2 -I/usr/local/include -I/Users/Ingwie/Work/drag0n-php/ext/mbstring/oniguruma -I/Users/Ingwie/Work/drag0n-php/ext/mbstring/libmbfl -I/Users/Ingwie/Work/drag0n-php/ext/mbstring/libmbfl/mbfl -I/Users/Ingwie/Work/drag0n-php/ext/sqlite3/libsqlite -I/Users/Ingwie/Work/drag0n-php/ext/pthreads -I/usr/include/tidy -I/Users/Ingwie/Work/drag0n-php/ext/tokenizer/includes -I/usr/local/lib/wx/include/osx_cocoa-unicode-2.9 -I/usr/local/include/wx-2.9 -I/Users/Ingwie/Work/drag0n-php/TSRM -I/Users/Ingwie/Work/drag0n-php/Zend  -no-cpp-precomp  -I/usr/include -g -O2 -fvisibility=hidden -DZTS  -c /Users/Ingwie/Work/drag0n-php/ext/mbstring/libmbfl/filters/mbfilter_iso8859_7.c -o ext/mbstring/libmbfl/filters/mbfilter_iso8859_7.lo 
/bin/sh /Users/Ingwie/Work/drag0n-php/libtool --silent --preserve-dup-deps --mode=compile cc  -DNOT_RUBY -DONIG_ESCAPE_UCHAR_COLLISION=1 -DUChar=OnigUChar -DHAVE_CONFIG_H -Iext/mbstring/ -I/Users/Ingwie/Work/drag0n-php/ext/mbstring/ -DPHP_ATOM_INC -I/Users/Ingwie/Work/drag0n-php/include -I/Users/Ingwie/Work/drag0n-php/main -I/Users/Ingwie/Work/drag0n-php -I/Users/Ingwie/Work/drag0n-php/ext/date/lib -I/Users/Ingwie/Work/drag0n-php/ext/ereg/regex -I/usr/include/libxml2 -I/usr/local/include -I/Users/Ingwie/Work/drag0n-php/ext/mbstring/oniguruma -I/Users/Ingwie/Work/drag0n-php/ext/mbstring/libmbfl -I/Users/Ingwie/Work/drag0n-php/ext/mbstring/libmbfl/mbfl -I/Users/Ingwie/Work/drag0n-php/ext/sqlite3/libsqlite -I/Users/Ingwie/Work/drag0n-php/ext/pthreads -I/usr/include/tidy -I/Users/Ingwie/Work/drag0n-php/ext/tokenizer/includes -I/usr/local/lib/wx/include/osx_cocoa-unicode-2.9 -I/usr/local/include/wx-2.9 -I/Users/Ingwie/Work/drag0n-php/TSRM -I/Users/Ingwie/Work/drag0n-php/Zend  -no-cpp-precomp  -I/usr/include -g -O2 -fvisibility=hidden -DZTS  -c /Users/Ingwie/Work/drag0n-php/ext/mbstring/libmbfl/filters/mbfilter_iso8859_8.c -o ext/mbstring/libmbfl/filters/mbfilter_iso8859_8.lo 
/bin/sh /Users/Ingwie/Work/drag0n-php/libtool --silent --preserve-dup-deps --mode=compile cc  -DNOT_RUBY -DONIG_ESCAPE_UCHAR_COLLISION=1 -DUChar=OnigUChar -DHAVE_CONFIG_H -Iext/mbstring/ -I/Users/Ingwie/Work/drag0n-php/ext/mbstring/ -DPHP_ATOM_INC -I/Users/Ingwie/Work/drag0n-php/include -I/Users/Ingwie/Work/drag0n-php/main -I/Users/Ingwie/Work/drag0n-php -I/Users/Ingwie/Work/drag0n-php/ext/date/lib -I/Users/Ingwie/Work/drag0n-php/ext/ereg/regex -I/usr/include/libxml2 -I/usr/local/include -I/Users/Ingwie/Work/drag0n-php/ext/mbstring/oniguruma -I/Users/Ingwie/Work/drag0n-php/ext/mbstring/libmbfl -I/Users/Ingwie/Work/drag0n-php/ext/mbstring/libmbfl/mbfl -I/Users/Ingwie/Work/drag0n-php/ext/sqlite3/libsqlite -I/Users/Ingwie/Work/drag0n-php/ext/pthreads -I/usr/include/tidy -I/Users/Ingwie/Work/drag0n-php/ext/tokenizer/includes -I/usr/local/lib/wx/include/osx_cocoa-unicode-2.9 -I/usr/local/include/wx-2.9 -I/Users/Ingwie/Work/drag0n-php/TSRM -I/Users/Ingwie/Work/drag0n-php/Zend  -no-cpp-precomp  -I/usr/include -g -O2 -fvisibility=hidden -DZTS  -c /Users/Ingwie/Work/drag0n-php/ext/mbstring/libmbfl/filters/mbfilter_iso8859_9.c -o ext/mbstring/libmbfl/filters/mbfilter_iso8859_9.lo 
/bin/sh /Users/Ingwie/Work/drag0n-php/libtool --silent --preserve-dup-deps --mode=compile cc  -DNOT_RUBY -DONIG_ESCAPE_UCHAR_COLLISION=1 -DUChar=OnigUChar -DHAVE_CONFIG_H -Iext/mbstring/ -I/Users/Ingwie/Work/drag0n-php/ext/mbstring/ -DPHP_ATOM_INC -I/Users/Ingwie/Work/drag0n-php/include -I/Users/Ingwie/Work/drag0n-php/main -I/Users/Ingwie/Work/drag0n-php -I/Users/Ingwie/Work/drag0n-php/ext/date/lib -I/Users/Ingwie/Work/drag0n-php/ext/ereg/regex -I/usr/include/libxml2 -I/usr/local/include -I/Users/Ingwie/Work/drag0n-php/ext/mbstring/oniguruma -I/Users/Ingwie/Work/drag0n-php/ext/mbstring/libmbfl -I/Users/Ingwie/Work/drag0n-php/ext/mbstring/libmbfl/mbfl -I/Users/Ingwie/Work/drag0n-php/ext/sqlite3/libsqlite -I/Users/Ingwie/Work/drag0n-php/ext/pthreads -I/usr/include/tidy -I/Users/Ingwie/Work/drag0n-php/ext/tokenizer/includes -I/usr/local/lib/wx/include/osx_cocoa-unicode-2.9 -I/usr/local/include/wx-2.9 -I/Users/Ingwie/Work/drag0n-php/TSRM -I/Users/Ingwie/Work/drag0n-php/Zend  -no-cpp-precomp  -I/usr/include -g -O2 -fvisibility=hidden -DZTS  -c /Users/Ingwie/Work/drag0n-php/ext/mbstring/libmbfl/filters/mbfilter_jis.c -o ext/mbstring/libmbfl/filters/mbfilter_jis.lo 
/bin/sh /Users/Ingwie/Work/drag0n-php/libtool --silent --preserve-dup-deps --mode=compile cc  -DNOT_RUBY -DONIG_ESCAPE_UCHAR_COLLISION=1 -DUChar=OnigUChar -DHAVE_CONFIG_H -Iext/mbstring/ -I/Users/Ingwie/Work/drag0n-php/ext/mbstring/ -DPHP_ATOM_INC -I/Users/Ingwie/Work/drag0n-php/include -I/Users/Ingwie/Work/drag0n-php/main -I/Users/Ingwie/Work/drag0n-php -I/Users/Ingwie/Work/drag0n-php/ext/date/lib -I/Users/Ingwie/Work/drag0n-php/ext/ereg/regex -I/usr/include/libxml2 -I/usr/local/include -I/Users/Ingwie/Work/drag0n-php/ext/mbstring/oniguruma -I/Users/Ingwie/Work/drag0n-php/ext/mbstring/libmbfl -I/Users/Ingwie/Work/drag0n-php/ext/mbstring/libmbfl/mbfl -I/Users/Ingwie/Work/drag0n-php/ext/sqlite3/libsqlite -I/Users/Ingwie/Work/drag0n-php/ext/pthreads -I/usr/include/tidy -I/Users/Ingwie/Work/drag0n-php/ext/tokenizer/includes -I/usr/local/lib/wx/include/osx_cocoa-unicode-2.9 -I/usr/local/include/wx-2.9 -I/Users/Ingwie/Work/drag0n-php/TSRM -I/Users/Ingwie/Work/drag0n-php/Zend  -no-cpp-precomp  -I/usr/include -g -O2 -fvisibility=hidden -DZTS  -c /Users/Ingwie/Work/drag0n-php/ext/mbstring/libmbfl/filters/mbfilter_koi8r.c -o ext/mbstring/libmbfl/filters/mbfilter_koi8r.lo 
/bin/sh /Users/Ingwie/Work/drag0n-php/libtool --silent --preserve-dup-deps --mode=compile cc  -DNOT_RUBY -DONIG_ESCAPE_UCHAR_COLLISION=1 -DUChar=OnigUChar -DHAVE_CONFIG_H -Iext/mbstring/ -I/Users/Ingwie/Work/drag0n-php/ext/mbstring/ -DPHP_ATOM_INC -I/Users/Ingwie/Work/drag0n-php/include -I/Users/Ingwie/Work/drag0n-php/main -I/Users/Ingwie/Work/drag0n-php -I/Users/Ingwie/Work/drag0n-php/ext/date/lib -I/Users/Ingwie/Work/drag0n-php/ext/ereg/regex -I/usr/include/libxml2 -I/usr/local/include -I/Users/Ingwie/Work/drag0n-php/ext/mbstring/oniguruma -I/Users/Ingwie/Work/drag0n-php/ext/mbstring/libmbfl -I/Users/Ingwie/Work/drag0n-php/ext/mbstring/libmbfl/mbfl -I/Users/Ingwie/Work/drag0n-php/ext/sqlite3/libsqlite -I/Users/Ingwie/Work/drag0n-php/ext/pthreads -I/usr/include/tidy -I/Users/Ingwie/Work/drag0n-php/ext/tokenizer/includes -I/usr/local/lib/wx/include/osx_cocoa-unicode-2.9 -I/usr/local/include/wx-2.9 -I/Users/Ingwie/Work/drag0n-php/TSRM -I/Users/Ingwie/Work/drag0n-php/Zend  -no-cpp-precomp  -I/usr/include -g -O2 -fvisibility=hidden -DZTS  -c /Users/Ingwie/Work/drag0n-php/ext/mbstring/libmbfl/filters/mbfilter_armscii8.c -o ext/mbstring/libmbfl/filters/mbfilter_armscii8.lo 
/bin/sh /Users/Ingwie/Work/drag0n-php/libtool --silent --preserve-dup-deps --mode=compile cc  -DNOT_RUBY -DONIG_ESCAPE_UCHAR_COLLISION=1 -DUChar=OnigUChar -DHAVE_CONFIG_H -Iext/mbstring/ -I/Users/Ingwie/Work/drag0n-php/ext/mbstring/ -DPHP_ATOM_INC -I/Users/Ingwie/Work/drag0n-php/include -I/Users/Ingwie/Work/drag0n-php/main -I/Users/Ingwie/Work/drag0n-php -I/Users/Ingwie/Work/drag0n-php/ext/date/lib -I/Users/Ingwie/Work/drag0n-php/ext/ereg/regex -I/usr/include/libxml2 -I/usr/local/include -I/Users/Ingwie/Work/drag0n-php/ext/mbstring/oniguruma -I/Users/Ingwie/Work/drag0n-php/ext/mbstring/libmbfl -I/Users/Ingwie/Work/drag0n-php/ext/mbstring/libmbfl/mbfl -I/Users/Ingwie/Work/drag0n-php/ext/sqlite3/libsqlite -I/Users/Ingwie/Work/drag0n-php/ext/pthreads -I/usr/include/tidy -I/Users/Ingwie/Work/drag0n-php/ext/tokenizer/includes -I/usr/local/lib/wx/include/osx_cocoa-unicode-2.9 -I/usr/local/include/wx-2.9 -I/Users/Ingwie/Work/drag0n-php/TSRM -I/Users/Ingwie/Work/drag0n-php/Zend  -no-cpp-precomp  -I/usr/include -g -O2 -fvisibility=hidden -DZTS  -c /Users/Ingwie/Work/drag0n-php/ext/mbstring/libmbfl/filters/mbfilter_qprint.c -o ext/mbstring/libmbfl/filters/mbfilter_qprint.lo 
/bin/sh /Users/Ingwie/Work/drag0n-php/libtool --silent --preserve-dup-deps --mode=compile cc  -DNOT_RUBY -DONIG_ESCAPE_UCHAR_COLLISION=1 -DUChar=OnigUChar -DHAVE_CONFIG_H -Iext/mbstring/ -I/Users/Ingwie/Work/drag0n-php/ext/mbstring/ -DPHP_ATOM_INC -I/Users/Ingwie/Work/drag0n-php/include -I/Users/Ingwie/Work/drag0n-php/main -I/Users/Ingwie/Work/drag0n-php -I/Users/Ingwie/Work/drag0n-php/ext/date/lib -I/Users/Ingwie/Work/drag0n-php/ext/ereg/regex -I/usr/include/libxml2 -I/usr/local/include -I/Users/Ingwie/Work/drag0n-php/ext/mbstring/oniguruma -I/Users/Ingwie/Work/drag0n-php/ext/mbstring/libmbfl -I/Users/Ingwie/Work/drag0n-php/ext/mbstring/libmbfl/mbfl -I/Users/Ingwie/Work/drag0n-php/ext/sqlite3/libsqlite -I/Users/Ingwie/Work/drag0n-php/ext/pthreads -I/usr/include/tidy -I/Users/Ingwie/Work/drag0n-php/ext/tokenizer/includes -I/usr/local/lib/wx/include/osx_cocoa-unicode-2.9 -I/usr/local/include/wx-2.9 -I/Users/Ingwie/Work/drag0n-php/TSRM -I/Users/Ingwie/Work/drag0n-php/Zend  -no-cpp-precomp  -I/usr/include -g -O2 -fvisibility=hidden -DZTS  -c /Users/Ingwie/Work/drag0n-php/ext/mbstring/libmbfl/filters/mbfilter_sjis.c -o ext/mbstring/libmbfl/filters/mbfilter_sjis.lo 
/bin/sh /Users/Ingwie/Work/drag0n-php/libtool --silent --preserve-dup-deps --mode=compile cc  -DNOT_RUBY -DONIG_ESCAPE_UCHAR_COLLISION=1 -DUChar=OnigUChar -DHAVE_CONFIG_H -Iext/mbstring/ -I/Users/Ingwie/Work/drag0n-php/ext/mbstring/ -DPHP_ATOM_INC -I/Users/Ingwie/Work/drag0n-php/include -I/Users/Ingwie/Work/drag0n-php/main -I/Users/Ingwie/Work/drag0n-php -I/Users/Ingwie/Work/drag0n-php/ext/date/lib -I/Users/Ingwie/Work/drag0n-php/ext/ereg/regex -I/usr/include/libxml2 -I/usr/local/include -I/Users/Ingwie/Work/drag0n-php/ext/mbstring/oniguruma -I/Users/Ingwie/Work/drag0n-php/ext/mbstring/libmbfl -I/Users/Ingwie/Work/drag0n-php/ext/mbstring/libmbfl/mbfl -I/Users/Ingwie/Work/drag0n-php/ext/sqlite3/libsqlite -I/Users/Ingwie/Work/drag0n-php/ext/pthreads -I/usr/include/tidy -I/Users/Ingwie/Work/drag0n-php/ext/tokenizer/includes -I/usr/local/lib/wx/include/osx_cocoa-unicode-2.9 -I/usr/local/include/wx-2.9 -I/Users/Ingwie/Work/drag0n-php/TSRM -I/Users/Ingwie/Work/drag0n-php/Zend  -no-cpp-precomp  -I/usr/include -g -O2 -fvisibility=hidden -DZTS  -c /Users/Ingwie/Work/drag0n-php/ext/mbstring/libmbfl/filters/mbfilter_sjis_open.c -o ext/mbstring/libmbfl/filters/mbfilter_sjis_open.lo 
/bin/sh /Users/Ingwie/Work/drag0n-php/libtool --silent --preserve-dup-deps --mode=compile cc  -DNOT_RUBY -DONIG_ESCAPE_UCHAR_COLLISION=1 -DUChar=OnigUChar -DHAVE_CONFIG_H -Iext/mbstring/ -I/Users/Ingwie/Work/drag0n-php/ext/mbstring/ -DPHP_ATOM_INC -I/Users/Ingwie/Work/drag0n-php/include -I/Users/Ingwie/Work/drag0n-php/main -I/Users/Ingwie/Work/drag0n-php -I/Users/Ingwie/Work/drag0n-php/ext/date/lib -I/Users/Ingwie/Work/drag0n-php/ext/ereg/regex -I/usr/include/libxml2 -I/usr/local/include -I/Users/Ingwie/Work/drag0n-php/ext/mbstring/oniguruma -I/Users/Ingwie/Work/drag0n-php/ext/mbstring/libmbfl -I/Users/Ingwie/Work/drag0n-php/ext/mbstring/libmbfl/mbfl -I/Users/Ingwie/Work/drag0n-php/ext/sqlite3/libsqlite -I/Users/Ingwie/Work/drag0n-php/ext/pthreads -I/usr/include/tidy -I/Users/Ingwie/Work/drag0n-php/ext/tokenizer/includes -I/usr/local/lib/wx/include/osx_cocoa-unicode-2.9 -I/usr/local/include/wx-2.9 -I/Users/Ingwie/Work/drag0n-php/TSRM -I/Users/Ingwie/Work/drag0n-php/Zend  -no-cpp-precomp  -I/usr/include -g -O2 -fvisibility=hidden -DZTS  -c /Users/Ingwie/Work/drag0n-php/ext/mbstring/libmbfl/filters/mbfilter_sjis_mobile.c -o ext/mbstring/libmbfl/filters/mbfilter_sjis_mobile.lo 
/bin/sh /Users/Ingwie/Work/drag0n-php/libtool --silent --preserve-dup-deps --mode=compile cc  -DNOT_RUBY -DONIG_ESCAPE_UCHAR_COLLISION=1 -DUChar=OnigUChar -DHAVE_CONFIG_H -Iext/mbstring/ -I/Users/Ingwie/Work/drag0n-php/ext/mbstring/ -DPHP_ATOM_INC -I/Users/Ingwie/Work/drag0n-php/include -I/Users/Ingwie/Work/drag0n-php/main -I/Users/Ingwie/Work/drag0n-php -I/Users/Ingwie/Work/drag0n-php/ext/date/lib -I/Users/Ingwie/Work/drag0n-php/ext/ereg/regex -I/usr/include/libxml2 -I/usr/local/include -I/Users/Ingwie/Work/drag0n-php/ext/mbstring/oniguruma -I/Users/Ingwie/Work/drag0n-php/ext/mbstring/libmbfl -I/Users/Ingwie/Work/drag0n-php/ext/mbstring/libmbfl/mbfl -I/Users/Ingwie/Work/drag0n-php/ext/sqlite3/libsqlite -I/Users/Ingwie/Work/drag0n-php/ext/pthreads -I/usr/include/tidy -I/Users/Ingwie/Work/drag0n-php/ext/tokenizer/includes -I/usr/local/lib/wx/include/osx_cocoa-unicode-2.9 -I/usr/local/include/wx-2.9 -I/Users/Ingwie/Work/drag0n-php/TSRM -I/Users/Ingwie/Work/drag0n-php/Zend  -no-cpp-precomp  -I/usr/include -g -O2 -fvisibility=hidden -DZTS  -c /Users/Ingwie/Work/drag0n-php/ext/mbstring/libmbfl/filters/mbfilter_sjis_mac.c -o ext/mbstring/libmbfl/filters/mbfilter_sjis_mac.lo 
/bin/sh /Users/Ingwie/Work/drag0n-php/libtool --silent --preserve-dup-deps --mode=compile cc  -DNOT_RUBY -DONIG_ESCAPE_UCHAR_COLLISION=1 -DUChar=OnigUChar -DHAVE_CONFIG_H -Iext/mbstring/ -I/Users/Ingwie/Work/drag0n-php/ext/mbstring/ -DPHP_ATOM_INC -I/Users/Ingwie/Work/drag0n-php/include -I/Users/Ingwie/Work/drag0n-php/main -I/Users/Ingwie/Work/drag0n-php -I/Users/Ingwie/Work/drag0n-php/ext/date/lib -I/Users/Ingwie/Work/drag0n-php/ext/ereg/regex -I/usr/include/libxml2 -I/usr/local/include -I/Users/Ingwie/Work/drag0n-php/ext/mbstring/oniguruma -I/Users/Ingwie/Work/drag0n-php/ext/mbstring/libmbfl -I/Users/Ingwie/Work/drag0n-php/ext/mbstring/libmbfl/mbfl -I/Users/Ingwie/Work/drag0n-php/ext/sqlite3/libsqlite -I/Users/Ingwie/Work/drag0n-php/ext/pthreads -I/usr/include/tidy -I/Users/Ingwie/Work/drag0n-php/ext/tokenizer/includes -I/usr/local/lib/wx/include/osx_cocoa-unicode-2.9 -I/usr/local/include/wx-2.9 -I/Users/Ingwie/Work/drag0n-php/TSRM -I/Users/Ingwie/Work/drag0n-php/Zend  -no-cpp-precomp  -I/usr/include -g -O2 -fvisibility=hidden -DZTS  -c /Users/Ingwie/Work/drag0n-php/ext/mbstring/libmbfl/filters/mbfilter_sjis_2004.c -o ext/mbstring/libmbfl/filters/mbfilter_sjis_2004.lo 
/Users/Ingwie/Work/drag0n-php/ext/mbstring/libmbfl/filters/mbfilter_sjis_2004.c:675:1: warning: control may reach end of non-void function [-Wreturn-type]
}
^
1 warning generated.
/bin/sh /Users/Ingwie/Work/drag0n-php/libtool --silent --preserve-dup-deps --mode=compile cc  -DNOT_RUBY -DONIG_ESCAPE_UCHAR_COLLISION=1 -DUChar=OnigUChar -DHAVE_CONFIG_H -Iext/mbstring/ -I/Users/Ingwie/Work/drag0n-php/ext/mbstring/ -DPHP_ATOM_INC -I/Users/Ingwie/Work/drag0n-php/include -I/Users/Ingwie/Work/drag0n-php/main -I/Users/Ingwie/Work/drag0n-php -I/Users/Ingwie/Work/drag0n-php/ext/date/lib -I/Users/Ingwie/Work/drag0n-php/ext/ereg/regex -I/usr/include/libxml2 -I/usr/local/include -I/Users/Ingwie/Work/drag0n-php/ext/mbstring/oniguruma -I/Users/Ingwie/Work/drag0n-php/ext/mbstring/libmbfl -I/Users/Ingwie/Work/drag0n-php/ext/mbstring/libmbfl/mbfl -I/Users/Ingwie/Work/drag0n-php/ext/sqlite3/libsqlite -I/Users/Ingwie/Work/drag0n-php/ext/pthreads -I/usr/include/tidy -I/Users/Ingwie/Work/drag0n-php/ext/tokenizer/includes -I/usr/local/lib/wx/include/osx_cocoa-unicode-2.9 -I/usr/local/include/wx-2.9 -I/Users/Ingwie/Work/drag0n-php/TSRM -I/Users/Ingwie/Work/drag0n-php/Zend  -no-cpp-precomp  -I/usr/include -g -O2 -fvisibility=hidden -DZTS  -c /Users/Ingwie/Work/drag0n-php/ext/mbstring/libmbfl/filters/mbfilter_tl_jisx0201_jisx0208.c -o ext/mbstring/libmbfl/filters/mbfilter_tl_jisx0201_jisx0208.lo 
/bin/sh /Users/Ingwie/Work/drag0n-php/libtool --silent --preserve-dup-deps --mode=compile cc  -DNOT_RUBY -DONIG_ESCAPE_UCHAR_COLLISION=1 -DUChar=OnigUChar -DHAVE_CONFIG_H -Iext/mbstring/ -I/Users/Ingwie/Work/drag0n-php/ext/mbstring/ -DPHP_ATOM_INC -I/Users/Ingwie/Work/drag0n-php/include -I/Users/Ingwie/Work/drag0n-php/main -I/Users/Ingwie/Work/drag0n-php -I/Users/Ingwie/Work/drag0n-php/ext/date/lib -I/Users/Ingwie/Work/drag0n-php/ext/ereg/regex -I/usr/include/libxml2 -I/usr/local/include -I/Users/Ingwie/Work/drag0n-php/ext/mbstring/oniguruma -I/Users/Ingwie/Work/drag0n-php/ext/mbstring/libmbfl -I/Users/Ingwie/Work/drag0n-php/ext/mbstring/libmbfl/mbfl -I/Users/Ingwie/Work/drag0n-php/ext/sqlite3/libsqlite -I/Users/Ingwie/Work/drag0n-php/ext/pthreads -I/usr/include/tidy -I/Users/Ingwie/Work/drag0n-php/ext/tokenizer/includes -I/usr/local/lib/wx/include/osx_cocoa-unicode-2.9 -I/usr/local/include/wx-2.9 -I/Users/Ingwie/Work/drag0n-php/TSRM -I/Users/Ingwie/Work/drag0n-php/Zend  -no-cpp-precomp  -I/usr/include -g -O2 -fvisibility=hidden -DZTS  -c /Users/Ingwie/Work/drag0n-php/ext/mbstring/libmbfl/filters/mbfilter_ucs2.c -o ext/mbstring/libmbfl/filters/mbfilter_ucs2.lo 
/bin/sh /Users/Ingwie/Work/drag0n-php/libtool --silent --preserve-dup-deps --mode=compile cc  -DNOT_RUBY -DONIG_ESCAPE_UCHAR_COLLISION=1 -DUChar=OnigUChar -DHAVE_CONFIG_H -Iext/mbstring/ -I/Users/Ingwie/Work/drag0n-php/ext/mbstring/ -DPHP_ATOM_INC -I/Users/Ingwie/Work/drag0n-php/include -I/Users/Ingwie/Work/drag0n-php/main -I/Users/Ingwie/Work/drag0n-php -I/Users/Ingwie/Work/drag0n-php/ext/date/lib -I/Users/Ingwie/Work/drag0n-php/ext/ereg/regex -I/usr/include/libxml2 -I/usr/local/include -I/Users/Ingwie/Work/drag0n-php/ext/mbstring/oniguruma -I/Users/Ingwie/Work/drag0n-php/ext/mbstring/libmbfl -I/Users/Ingwie/Work/drag0n-php/ext/mbstring/libmbfl/mbfl -I/Users/Ingwie/Work/drag0n-php/ext/sqlite3/libsqlite -I/Users/Ingwie/Work/drag0n-php/ext/pthreads -I/usr/include/tidy -I/Users/Ingwie/Work/drag0n-php/ext/tokenizer/includes -I/usr/local/lib/wx/include/osx_cocoa-unicode-2.9 -I/usr/local/include/wx-2.9 -I/Users/Ingwie/Work/drag0n-php/TSRM -I/Users/Ingwie/Work/drag0n-php/Zend  -no-cpp-precomp  -I/usr/include -g -O2 -fvisibility=hidden -DZTS  -c /Users/Ingwie/Work/drag0n-php/ext/mbstring/libmbfl/filters/mbfilter_ucs4.c -o ext/mbstring/libmbfl/filters/mbfilter_ucs4.lo 
/bin/sh /Users/Ingwie/Work/drag0n-php/libtool --silent --preserve-dup-deps --mode=compile cc  -DNOT_RUBY -DONIG_ESCAPE_UCHAR_COLLISION=1 -DUChar=OnigUChar -DHAVE_CONFIG_H -Iext/mbstring/ -I/Users/Ingwie/Work/drag0n-php/ext/mbstring/ -DPHP_ATOM_INC -I/Users/Ingwie/Work/drag0n-php/include -I/Users/Ingwie/Work/drag0n-php/main -I/Users/Ingwie/Work/drag0n-php -I/Users/Ingwie/Work/drag0n-php/ext/date/lib -I/Users/Ingwie/Work/drag0n-php/ext/ereg/regex -I/usr/include/libxml2 -I/usr/local/include -I/Users/Ingwie/Work/drag0n-php/ext/mbstring/oniguruma -I/Users/Ingwie/Work/drag0n-php/ext/mbstring/libmbfl -I/Users/Ingwie/Work/drag0n-php/ext/mbstring/libmbfl/mbfl -I/Users/Ingwie/Work/drag0n-php/ext/sqlite3/libsqlite -I/Users/Ingwie/Work/drag0n-php/ext/pthreads -I/usr/include/tidy -I/Users/Ingwie/Work/drag0n-php/ext/tokenizer/includes -I/usr/local/lib/wx/include/osx_cocoa-unicode-2.9 -I/usr/local/include/wx-2.9 -I/Users/Ingwie/Work/drag0n-php/TSRM -I/Users/Ingwie/Work/drag0n-php/Zend  -no-cpp-precomp  -I/usr/include -g -O2 -fvisibility=hidden -DZTS  -c /Users/Ingwie/Work/drag0n-php/ext/mbstring/libmbfl/filters/mbfilter_uhc.c -o ext/mbstring/libmbfl/filters/mbfilter_uhc.lo 
/bin/sh /Users/Ingwie/Work/drag0n-php/libtool --silent --preserve-dup-deps --mode=compile cc  -DNOT_RUBY -DONIG_ESCAPE_UCHAR_COLLISION=1 -DUChar=OnigUChar -DHAVE_CONFIG_H -Iext/mbstring/ -I/Users/Ingwie/Work/drag0n-php/ext/mbstring/ -DPHP_ATOM_INC -I/Users/Ingwie/Work/drag0n-php/include -I/Users/Ingwie/Work/drag0n-php/main -I/Users/Ingwie/Work/drag0n-php -I/Users/Ingwie/Work/drag0n-php/ext/date/lib -I/Users/Ingwie/Work/drag0n-php/ext/ereg/regex -I/usr/include/libxml2 -I/usr/local/include -I/Users/Ingwie/Work/drag0n-php/ext/mbstring/oniguruma -I/Users/Ingwie/Work/drag0n-php/ext/mbstring/libmbfl -I/Users/Ingwie/Work/drag0n-php/ext/mbstring/libmbfl/mbfl -I/Users/Ingwie/Work/drag0n-php/ext/sqlite3/libsqlite -I/Users/Ingwie/Work/drag0n-php/ext/pthreads -I/usr/include/tidy -I/Users/Ingwie/Work/drag0n-php/ext/tokenizer/includes -I/usr/local/lib/wx/include/osx_cocoa-unicode-2.9 -I/usr/local/include/wx-2.9 -I/Users/Ingwie/Work/drag0n-php/TSRM -I/Users/Ingwie/Work/drag0n-php/Zend  -no-cpp-precomp  -I/usr/include -g -O2 -fvisibility=hidden -DZTS  -c /Users/Ingwie/Work/drag0n-php/ext/mbstring/libmbfl/filters/mbfilter_utf16.c -o ext/mbstring/libmbfl/filters/mbfilter_utf16.lo 
/bin/sh /Users/Ingwie/Work/drag0n-php/libtool --silent --preserve-dup-deps --mode=compile cc  -DNOT_RUBY -DONIG_ESCAPE_UCHAR_COLLISION=1 -DUChar=OnigUChar -DHAVE_CONFIG_H -Iext/mbstring/ -I/Users/Ingwie/Work/drag0n-php/ext/mbstring/ -DPHP_ATOM_INC -I/Users/Ingwie/Work/drag0n-php/include -I/Users/Ingwie/Work/drag0n-php/main -I/Users/Ingwie/Work/drag0n-php -I/Users/Ingwie/Work/drag0n-php/ext/date/lib -I/Users/Ingwie/Work/drag0n-php/ext/ereg/regex -I/usr/include/libxml2 -I/usr/local/include -I/Users/Ingwie/Work/drag0n-php/ext/mbstring/oniguruma -I/Users/Ingwie/Work/drag0n-php/ext/mbstring/libmbfl -I/Users/Ingwie/Work/drag0n-php/ext/mbstring/libmbfl/mbfl -I/Users/Ingwie/Work/drag0n-php/ext/sqlite3/libsqlite -I/Users/Ingwie/Work/drag0n-php/ext/pthreads -I/usr/include/tidy -I/Users/Ingwie/Work/drag0n-php/ext/tokenizer/includes -I/usr/local/lib/wx/include/osx_cocoa-unicode-2.9 -I/usr/local/include/wx-2.9 -I/Users/Ingwie/Work/drag0n-php/TSRM -I/Users/Ingwie/Work/drag0n-php/Zend  -no-cpp-precomp  -I/usr/include -g -O2 -fvisibility=hidden -DZTS  -c /Users/Ingwie/Work/drag0n-php/ext/mbstring/libmbfl/filters/mbfilter_utf32.c -o ext/mbstring/libmbfl/filters/mbfilter_utf32.lo 
/bin/sh /Users/Ingwie/Work/drag0n-php/libtool --silent --preserve-dup-deps --mode=compile cc  -DNOT_RUBY -DONIG_ESCAPE_UCHAR_COLLISION=1 -DUChar=OnigUChar -DHAVE_CONFIG_H -Iext/mbstring/ -I/Users/Ingwie/Work/drag0n-php/ext/mbstring/ -DPHP_ATOM_INC -I/Users/Ingwie/Work/drag0n-php/include -I/Users/Ingwie/Work/drag0n-php/main -I/Users/Ingwie/Work/drag0n-php -I/Users/Ingwie/Work/drag0n-php/ext/date/lib -I/Users/Ingwie/Work/drag0n-php/ext/ereg/regex -I/usr/include/libxml2 -I/usr/local/include -I/Users/Ingwie/Work/drag0n-php/ext/mbstring/oniguruma -I/Users/Ingwie/Work/drag0n-php/ext/mbstring/libmbfl -I/Users/Ingwie/Work/drag0n-php/ext/mbstring/libmbfl/mbfl -I/Users/Ingwie/Work/drag0n-php/ext/sqlite3/libsqlite -I/Users/Ingwie/Work/drag0n-php/ext/pthreads -I/usr/include/tidy -I/Users/Ingwie/Work/drag0n-php/ext/tokenizer/includes -I/usr/local/lib/wx/include/osx_cocoa-unicode-2.9 -I/usr/local/include/wx-2.9 -I/Users/Ingwie/Work/drag0n-php/TSRM -I/Users/Ingwie/Work/drag0n-php/Zend  -no-cpp-precomp  -I/usr/include -g -O2 -fvisibility=hidden -DZTS  -c /Users/Ingwie/Work/drag0n-php/ext/mbstring/libmbfl/filters/mbfilter_utf7.c -o ext/mbstring/libmbfl/filters/mbfilter_utf7.lo 
/bin/sh /Users/Ingwie/Work/drag0n-php/libtool --silent --preserve-dup-deps --mode=compile cc  -DNOT_RUBY -DONIG_ESCAPE_UCHAR_COLLISION=1 -DUChar=OnigUChar -DHAVE_CONFIG_H -Iext/mbstring/ -I/Users/Ingwie/Work/drag0n-php/ext/mbstring/ -DPHP_ATOM_INC -I/Users/Ingwie/Work/drag0n-php/include -I/Users/Ingwie/Work/drag0n-php/main -I/Users/Ingwie/Work/drag0n-php -I/Users/Ingwie/Work/drag0n-php/ext/date/lib -I/Users/Ingwie/Work/drag0n-php/ext/ereg/regex -I/usr/include/libxml2 -I/usr/local/include -I/Users/Ingwie/Work/drag0n-php/ext/mbstring/oniguruma -I/Users/Ingwie/Work/drag0n-php/ext/mbstring/libmbfl -I/Users/Ingwie/Work/drag0n-php/ext/mbstring/libmbfl/mbfl -I/Users/Ingwie/Work/drag0n-php/ext/sqlite3/libsqlite -I/Users/Ingwie/Work/drag0n-php/ext/pthreads -I/usr/include/tidy -I/Users/Ingwie/Work/drag0n-php/ext/tokenizer/includes -I/usr/local/lib/wx/include/osx_cocoa-unicode-2.9 -I/usr/local/include/wx-2.9 -I/Users/Ingwie/Work/drag0n-php/TSRM -I/Users/Ingwie/Work/drag0n-php/Zend  -no-cpp-precomp  -I/usr/include -g -O2 -fvisibility=hidden -DZTS  -c /Users/Ingwie/Work/drag0n-php/ext/mbstring/libmbfl/filters/mbfilter_utf7imap.c -o ext/mbstring/libmbfl/filters/mbfilter_utf7imap.lo 
/bin/sh /Users/Ingwie/Work/drag0n-php/libtool --silent --preserve-dup-deps --mode=compile cc  -DNOT_RUBY -DONIG_ESCAPE_UCHAR_COLLISION=1 -DUChar=OnigUChar -DHAVE_CONFIG_H -Iext/mbstring/ -I/Users/Ingwie/Work/drag0n-php/ext/mbstring/ -DPHP_ATOM_INC -I/Users/Ingwie/Work/drag0n-php/include -I/Users/Ingwie/Work/drag0n-php/main -I/Users/Ingwie/Work/drag0n-php -I/Users/Ingwie/Work/drag0n-php/ext/date/lib -I/Users/Ingwie/Work/drag0n-php/ext/ereg/regex -I/usr/include/libxml2 -I/usr/local/include -I/Users/Ingwie/Work/drag0n-php/ext/mbstring/oniguruma -I/Users/Ingwie/Work/drag0n-php/ext/mbstring/libmbfl -I/Users/Ingwie/Work/drag0n-php/ext/mbstring/libmbfl/mbfl -I/Users/Ingwie/Work/drag0n-php/ext/sqlite3/libsqlite -I/Users/Ingwie/Work/drag0n-php/ext/pthreads -I/usr/include/tidy -I/Users/Ingwie/Work/drag0n-php/ext/tokenizer/includes -I/usr/local/lib/wx/include/osx_cocoa-unicode-2.9 -I/usr/local/include/wx-2.9 -I/Users/Ingwie/Work/drag0n-php/TSRM -I/Users/Ingwie/Work/drag0n-php/Zend  -no-cpp-precomp  -I/usr/include -g -O2 -fvisibility=hidden -DZTS  -c /Users/Ingwie/Work/drag0n-php/ext/mbstring/libmbfl/filters/mbfilter_utf8.c -o ext/mbstring/libmbfl/filters/mbfilter_utf8.lo 
/Users/Ingwie/Work/drag0n-php/ext/mbstring/libmbfl/filters/mbfilter_utf8.c:104:1: warning: control may reach end of non-void function [-Wreturn-type]
}
^
1 warning generated.
/bin/sh /Users/Ingwie/Work/drag0n-php/libtool --silent --preserve-dup-deps --mode=compile cc  -DNOT_RUBY -DONIG_ESCAPE_UCHAR_COLLISION=1 -DUChar=OnigUChar -DHAVE_CONFIG_H -Iext/mbstring/ -I/Users/Ingwie/Work/drag0n-php/ext/mbstring/ -DPHP_ATOM_INC -I/Users/Ingwie/Work/drag0n-php/include -I/Users/Ingwie/Work/drag0n-php/main -I/Users/Ingwie/Work/drag0n-php -I/Users/Ingwie/Work/drag0n-php/ext/date/lib -I/Users/Ingwie/Work/drag0n-php/ext/ereg/regex -I/usr/include/libxml2 -I/usr/local/include -I/Users/Ingwie/Work/drag0n-php/ext/mbstring/oniguruma -I/Users/Ingwie/Work/drag0n-php/ext/mbstring/libmbfl -I/Users/Ingwie/Work/drag0n-php/ext/mbstring/libmbfl/mbfl -I/Users/Ingwie/Work/drag0n-php/ext/sqlite3/libsqlite -I/Users/Ingwie/Work/drag0n-php/ext/pthreads -I/usr/include/tidy -I/Users/Ingwie/Work/drag0n-php/ext/tokenizer/includes -I/usr/local/lib/wx/include/osx_cocoa-unicode-2.9 -I/usr/local/include/wx-2.9 -I/Users/Ingwie/Work/drag0n-php/TSRM -I/Users/Ingwie/Work/drag0n-php/Zend  -no-cpp-precomp  -I/usr/include -g -O2 -fvisibility=hidden -DZTS  -c /Users/Ingwie/Work/drag0n-php/ext/mbstring/libmbfl/filters/mbfilter_utf8_mobile.c -o ext/mbstring/libmbfl/filters/mbfilter_utf8_mobile.lo 
/Users/Ingwie/Work/drag0n-php/ext/mbstring/libmbfl/filters/mbfilter_utf8_mobile.c:210:4: warning: implicit declaration of function 'mbfl_filt_put_invalid_char' is invalid in C99 [-Wimplicit-function-declaration]
                        mbfl_filt_put_invalid_char(c, filter);
                        ^
1 warning generated.
/bin/sh /Users/Ingwie/Work/drag0n-php/libtool --silent --preserve-dup-deps --mode=compile cc  -DNOT_RUBY -DONIG_ESCAPE_UCHAR_COLLISION=1 -DUChar=OnigUChar -DHAVE_CONFIG_H -Iext/mbstring/ -I/Users/Ingwie/Work/drag0n-php/ext/mbstring/ -DPHP_ATOM_INC -I/Users/Ingwie/Work/drag0n-php/include -I/Users/Ingwie/Work/drag0n-php/main -I/Users/Ingwie/Work/drag0n-php -I/Users/Ingwie/Work/drag0n-php/ext/date/lib -I/Users/Ingwie/Work/drag0n-php/ext/ereg/regex -I/usr/include/libxml2 -I/usr/local/include -I/Users/Ingwie/Work/drag0n-php/ext/mbstring/oniguruma -I/Users/Ingwie/Work/drag0n-php/ext/mbstring/libmbfl -I/Users/Ingwie/Work/drag0n-php/ext/mbstring/libmbfl/mbfl -I/Users/Ingwie/Work/drag0n-php/ext/sqlite3/libsqlite -I/Users/Ingwie/Work/drag0n-php/ext/pthreads -I/usr/include/tidy -I/Users/Ingwie/Work/drag0n-php/ext/tokenizer/includes -I/usr/local/lib/wx/include/osx_cocoa-unicode-2.9 -I/usr/local/include/wx-2.9 -I/Users/Ingwie/Work/drag0n-php/TSRM -I/Users/Ingwie/Work/drag0n-php/Zend  -no-cpp-precomp  -I/usr/include -g -O2 -fvisibility=hidden -DZTS  -c /Users/Ingwie/Work/drag0n-php/ext/mbstring/libmbfl/filters/mbfilter_uuencode.c -o ext/mbstring/libmbfl/filters/mbfilter_uuencode.lo 
/bin/sh /Users/Ingwie/Work/drag0n-php/libtool --silent --preserve-dup-deps --mode=compile cc  -DNOT_RUBY -DONIG_ESCAPE_UCHAR_COLLISION=1 -DUChar=OnigUChar -DHAVE_CONFIG_H -Iext/mbstring/ -I/Users/Ingwie/Work/drag0n-php/ext/mbstring/ -DPHP_ATOM_INC -I/Users/Ingwie/Work/drag0n-php/include -I/Users/Ingwie/Work/drag0n-php/main -I/Users/Ingwie/Work/drag0n-php -I/Users/Ingwie/Work/drag0n-php/ext/date/lib -I/Users/Ingwie/Work/drag0n-php/ext/ereg/regex -I/usr/include/libxml2 -I/usr/local/include -I/Users/Ingwie/Work/drag0n-php/ext/mbstring/oniguruma -I/Users/Ingwie/Work/drag0n-php/ext/mbstring/libmbfl -I/Users/Ingwie/Work/drag0n-php/ext/mbstring/libmbfl/mbfl -I/Users/Ingwie/Work/drag0n-php/ext/sqlite3/libsqlite -I/Users/Ingwie/Work/drag0n-php/ext/pthreads -I/usr/include/tidy -I/Users/Ingwie/Work/drag0n-php/ext/tokenizer/includes -I/usr/local/lib/wx/include/osx_cocoa-unicode-2.9 -I/usr/local/include/wx-2.9 -I/Users/Ingwie/Work/drag0n-php/TSRM -I/Users/Ingwie/Work/drag0n-php/Zend  -no-cpp-precomp  -I/usr/include -g -O2 -fvisibility=hidden -DZTS  -c /Users/Ingwie/Work/drag0n-php/ext/mbstring/libmbfl/filters/mbfilter_koi8u.c -o ext/mbstring/libmbfl/filters/mbfilter_koi8u.lo 
/bin/sh /Users/Ingwie/Work/drag0n-php/libtool --silent --preserve-dup-deps --mode=compile cc  -DNOT_RUBY -DONIG_ESCAPE_UCHAR_COLLISION=1 -DUChar=OnigUChar -DHAVE_CONFIG_H -Iext/mbstring/ -I/Users/Ingwie/Work/drag0n-php/ext/mbstring/ -DPHP_ATOM_INC -I/Users/Ingwie/Work/drag0n-php/include -I/Users/Ingwie/Work/drag0n-php/main -I/Users/Ingwie/Work/drag0n-php -I/Users/Ingwie/Work/drag0n-php/ext/date/lib -I/Users/Ingwie/Work/drag0n-php/ext/ereg/regex -I/usr/include/libxml2 -I/usr/local/include -I/Users/Ingwie/Work/drag0n-php/ext/mbstring/oniguruma -I/Users/Ingwie/Work/drag0n-php/ext/mbstring/libmbfl -I/Users/Ingwie/Work/drag0n-php/ext/mbstring/libmbfl/mbfl -I/Users/Ingwie/Work/drag0n-php/ext/sqlite3/libsqlite -I/Users/Ingwie/Work/drag0n-php/ext/pthreads -I/usr/include/tidy -I/Users/Ingwie/Work/drag0n-php/ext/tokenizer/includes -I/usr/local/lib/wx/include/osx_cocoa-unicode-2.9 -I/usr/local/include/wx-2.9 -I/Users/Ingwie/Work/drag0n-php/TSRM -I/Users/Ingwie/Work/drag0n-php/Zend  -no-cpp-precomp  -I/usr/include -g -O2 -fvisibility=hidden -DZTS  -c /Users/Ingwie/Work/drag0n-php/ext/mbstring/libmbfl/mbfl/mbfilter.c -o ext/mbstring/libmbfl/mbfl/mbfilter.lo 
/bin/sh /Users/Ingwie/Work/drag0n-php/libtool --silent --preserve-dup-deps --mode=compile cc  -DNOT_RUBY -DONIG_ESCAPE_UCHAR_COLLISION=1 -DUChar=OnigUChar -DHAVE_CONFIG_H -Iext/mbstring/ -I/Users/Ingwie/Work/drag0n-php/ext/mbstring/ -DPHP_ATOM_INC -I/Users/Ingwie/Work/drag0n-php/include -I/Users/Ingwie/Work/drag0n-php/main -I/Users/Ingwie/Work/drag0n-php -I/Users/Ingwie/Work/drag0n-php/ext/date/lib -I/Users/Ingwie/Work/drag0n-php/ext/ereg/regex -I/usr/include/libxml2 -I/usr/local/include -I/Users/Ingwie/Work/drag0n-php/ext/mbstring/oniguruma -I/Users/Ingwie/Work/drag0n-php/ext/mbstring/libmbfl -I/Users/Ingwie/Work/drag0n-php/ext/mbstring/libmbfl/mbfl -I/Users/Ingwie/Work/drag0n-php/ext/sqlite3/libsqlite -I/Users/Ingwie/Work/drag0n-php/ext/pthreads -I/usr/include/tidy -I/Users/Ingwie/Work/drag0n-php/ext/tokenizer/includes -I/usr/local/lib/wx/include/osx_cocoa-unicode-2.9 -I/usr/local/include/wx-2.9 -I/Users/Ingwie/Work/drag0n-php/TSRM -I/Users/Ingwie/Work/drag0n-php/Zend  -no-cpp-precomp  -I/usr/include -g -O2 -fvisibility=hidden -DZTS  -c /Users/Ingwie/Work/drag0n-php/ext/mbstring/libmbfl/mbfl/mbfilter_8bit.c -o ext/mbstring/libmbfl/mbfl/mbfilter_8bit.lo 
/bin/sh /Users/Ingwie/Work/drag0n-php/libtool --silent --preserve-dup-deps --mode=compile cc  -DNOT_RUBY -DONIG_ESCAPE_UCHAR_COLLISION=1 -DUChar=OnigUChar -DHAVE_CONFIG_H -Iext/mbstring/ -I/Users/Ingwie/Work/drag0n-php/ext/mbstring/ -DPHP_ATOM_INC -I/Users/Ingwie/Work/drag0n-php/include -I/Users/Ingwie/Work/drag0n-php/main -I/Users/Ingwie/Work/drag0n-php -I/Users/Ingwie/Work/drag0n-php/ext/date/lib -I/Users/Ingwie/Work/drag0n-php/ext/ereg/regex -I/usr/include/libxml2 -I/usr/local/include -I/Users/Ingwie/Work/drag0n-php/ext/mbstring/oniguruma -I/Users/Ingwie/Work/drag0n-php/ext/mbstring/libmbfl -I/Users/Ingwie/Work/drag0n-php/ext/mbstring/libmbfl/mbfl -I/Users/Ingwie/Work/drag0n-php/ext/sqlite3/libsqlite -I/Users/Ingwie/Work/drag0n-php/ext/pthreads -I/usr/include/tidy -I/Users/Ingwie/Work/drag0n-php/ext/tokenizer/includes -I/usr/local/lib/wx/include/osx_cocoa-unicode-2.9 -I/usr/local/include/wx-2.9 -I/Users/Ingwie/Work/drag0n-php/TSRM -I/Users/Ingwie/Work/drag0n-php/Zend  -no-cpp-precomp  -I/usr/include -g -O2 -fvisibility=hidden -DZTS  -c /Users/Ingwie/Work/drag0n-php/ext/mbstring/libmbfl/mbfl/mbfilter_pass.c -o ext/mbstring/libmbfl/mbfl/mbfilter_pass.lo 
/bin/sh /Users/Ingwie/Work/drag0n-php/libtool --silent --preserve-dup-deps --mode=compile cc  -DNOT_RUBY -DONIG_ESCAPE_UCHAR_COLLISION=1 -DUChar=OnigUChar -DHAVE_CONFIG_H -Iext/mbstring/ -I/Users/Ingwie/Work/drag0n-php/ext/mbstring/ -DPHP_ATOM_INC -I/Users/Ingwie/Work/drag0n-php/include -I/Users/Ingwie/Work/drag0n-php/main -I/Users/Ingwie/Work/drag0n-php -I/Users/Ingwie/Work/drag0n-php/ext/date/lib -I/Users/Ingwie/Work/drag0n-php/ext/ereg/regex -I/usr/include/libxml2 -I/usr/local/include -I/Users/Ingwie/Work/drag0n-php/ext/mbstring/oniguruma -I/Users/Ingwie/Work/drag0n-php/ext/mbstring/libmbfl -I/Users/Ingwie/Work/drag0n-php/ext/mbstring/libmbfl/mbfl -I/Users/Ingwie/Work/drag0n-php/ext/sqlite3/libsqlite -I/Users/Ingwie/Work/drag0n-php/ext/pthreads -I/usr/include/tidy -I/Users/Ingwie/Work/drag0n-php/ext/tokenizer/includes -I/usr/local/lib/wx/include/osx_cocoa-unicode-2.9 -I/usr/local/include/wx-2.9 -I/Users/Ingwie/Work/drag0n-php/TSRM -I/Users/Ingwie/Work/drag0n-php/Zend  -no-cpp-precomp  -I/usr/include -g -O2 -fvisibility=hidden -DZTS  -c /Users/Ingwie/Work/drag0n-php/ext/mbstring/libmbfl/mbfl/mbfilter_wchar.c -o ext/mbstring/libmbfl/mbfl/mbfilter_wchar.lo 
/bin/sh /Users/Ingwie/Work/drag0n-php/libtool --silent --preserve-dup-deps --mode=compile cc  -DNOT_RUBY -DONIG_ESCAPE_UCHAR_COLLISION=1 -DUChar=OnigUChar -DHAVE_CONFIG_H -Iext/mbstring/ -I/Users/Ingwie/Work/drag0n-php/ext/mbstring/ -DPHP_ATOM_INC -I/Users/Ingwie/Work/drag0n-php/include -I/Users/Ingwie/Work/drag0n-php/main -I/Users/Ingwie/Work/drag0n-php -I/Users/Ingwie/Work/drag0n-php/ext/date/lib -I/Users/Ingwie/Work/drag0n-php/ext/ereg/regex -I/usr/include/libxml2 -I/usr/local/include -I/Users/Ingwie/Work/drag0n-php/ext/mbstring/oniguruma -I/Users/Ingwie/Work/drag0n-php/ext/mbstring/libmbfl -I/Users/Ingwie/Work/drag0n-php/ext/mbstring/libmbfl/mbfl -I/Users/Ingwie/Work/drag0n-php/ext/sqlite3/libsqlite -I/Users/Ingwie/Work/drag0n-php/ext/pthreads -I/usr/include/tidy -I/Users/Ingwie/Work/drag0n-php/ext/tokenizer/includes -I/usr/local/lib/wx/include/osx_cocoa-unicode-2.9 -I/usr/local/include/wx-2.9 -I/Users/Ingwie/Work/drag0n-php/TSRM -I/Users/Ingwie/Work/drag0n-php/Zend  -no-cpp-precomp  -I/usr/include -g -O2 -fvisibility=hidden -DZTS  -c /Users/Ingwie/Work/drag0n-php/ext/mbstring/libmbfl/mbfl/mbfl_convert.c -o ext/mbstring/libmbfl/mbfl/mbfl_convert.lo 
/bin/sh /Users/Ingwie/Work/drag0n-php/libtool --silent --preserve-dup-deps --mode=compile cc  -DNOT_RUBY -DONIG_ESCAPE_UCHAR_COLLISION=1 -DUChar=OnigUChar -DHAVE_CONFIG_H -Iext/mbstring/ -I/Users/Ingwie/Work/drag0n-php/ext/mbstring/ -DPHP_ATOM_INC -I/Users/Ingwie/Work/drag0n-php/include -I/Users/Ingwie/Work/drag0n-php/main -I/Users/Ingwie/Work/drag0n-php -I/Users/Ingwie/Work/drag0n-php/ext/date/lib -I/Users/Ingwie/Work/drag0n-php/ext/ereg/regex -I/usr/include/libxml2 -I/usr/local/include -I/Users/Ingwie/Work/drag0n-php/ext/mbstring/oniguruma -I/Users/Ingwie/Work/drag0n-php/ext/mbstring/libmbfl -I/Users/Ingwie/Work/drag0n-php/ext/mbstring/libmbfl/mbfl -I/Users/Ingwie/Work/drag0n-php/ext/sqlite3/libsqlite -I/Users/Ingwie/Work/drag0n-php/ext/pthreads -I/usr/include/tidy -I/Users/Ingwie/Work/drag0n-php/ext/tokenizer/includes -I/usr/local/lib/wx/include/osx_cocoa-unicode-2.9 -I/usr/local/include/wx-2.9 -I/Users/Ingwie/Work/drag0n-php/TSRM -I/Users/Ingwie/Work/drag0n-php/Zend  -no-cpp-precomp  -I/usr/include -g -O2 -fvisibility=hidden -DZTS  -c /Users/Ingwie/Work/drag0n-php/ext/mbstring/libmbfl/mbfl/mbfl_encoding.c -o ext/mbstring/libmbfl/mbfl/mbfl_encoding.lo 
/bin/sh /Users/Ingwie/Work/drag0n-php/libtool --silent --preserve-dup-deps --mode=compile cc  -DNOT_RUBY -DONIG_ESCAPE_UCHAR_COLLISION=1 -DUChar=OnigUChar -DHAVE_CONFIG_H -Iext/mbstring/ -I/Users/Ingwie/Work/drag0n-php/ext/mbstring/ -DPHP_ATOM_INC -I/Users/Ingwie/Work/drag0n-php/include -I/Users/Ingwie/Work/drag0n-php/main -I/Users/Ingwie/Work/drag0n-php -I/Users/Ingwie/Work/drag0n-php/ext/date/lib -I/Users/Ingwie/Work/drag0n-php/ext/ereg/regex -I/usr/include/libxml2 -I/usr/local/include -I/Users/Ingwie/Work/drag0n-php/ext/mbstring/oniguruma -I/Users/Ingwie/Work/drag0n-php/ext/mbstring/libmbfl -I/Users/Ingwie/Work/drag0n-php/ext/mbstring/libmbfl/mbfl -I/Users/Ingwie/Work/drag0n-php/ext/sqlite3/libsqlite -I/Users/Ingwie/Work/drag0n-php/ext/pthreads -I/usr/include/tidy -I/Users/Ingwie/Work/drag0n-php/ext/tokenizer/includes -I/usr/local/lib/wx/include/osx_cocoa-unicode-2.9 -I/usr/local/include/wx-2.9 -I/Users/Ingwie/Work/drag0n-php/TSRM -I/Users/Ingwie/Work/drag0n-php/Zend  -no-cpp-precomp  -I/usr/include -g -O2 -fvisibility=hidden -DZTS  -c /Users/Ingwie/Work/drag0n-php/ext/mbstring/libmbfl/mbfl/mbfl_filter_output.c -o ext/mbstring/libmbfl/mbfl/mbfl_filter_output.lo 
/bin/sh /Users/Ingwie/Work/drag0n-php/libtool --silent --preserve-dup-deps --mode=compile cc  -DNOT_RUBY -DONIG_ESCAPE_UCHAR_COLLISION=1 -DUChar=OnigUChar -DHAVE_CONFIG_H -Iext/mbstring/ -I/Users/Ingwie/Work/drag0n-php/ext/mbstring/ -DPHP_ATOM_INC -I/Users/Ingwie/Work/drag0n-php/include -I/Users/Ingwie/Work/drag0n-php/main -I/Users/Ingwie/Work/drag0n-php -I/Users/Ingwie/Work/drag0n-php/ext/date/lib -I/Users/Ingwie/Work/drag0n-php/ext/ereg/regex -I/usr/include/libxml2 -I/usr/local/include -I/Users/Ingwie/Work/drag0n-php/ext/mbstring/oniguruma -I/Users/Ingwie/Work/drag0n-php/ext/mbstring/libmbfl -I/Users/Ingwie/Work/drag0n-php/ext/mbstring/libmbfl/mbfl -I/Users/Ingwie/Work/drag0n-php/ext/sqlite3/libsqlite -I/Users/Ingwie/Work/drag0n-php/ext/pthreads -I/usr/include/tidy -I/Users/Ingwie/Work/drag0n-php/ext/tokenizer/includes -I/usr/local/lib/wx/include/osx_cocoa-unicode-2.9 -I/usr/local/include/wx-2.9 -I/Users/Ingwie/Work/drag0n-php/TSRM -I/Users/Ingwie/Work/drag0n-php/Zend  -no-cpp-precomp  -I/usr/include -g -O2 -fvisibility=hidden -DZTS  -c /Users/Ingwie/Work/drag0n-php/ext/mbstring/libmbfl/mbfl/mbfl_ident.c -o ext/mbstring/libmbfl/mbfl/mbfl_ident.lo 
/bin/sh /Users/Ingwie/Work/drag0n-php/libtool --silent --preserve-dup-deps --mode=compile cc  -DNOT_RUBY -DONIG_ESCAPE_UCHAR_COLLISION=1 -DUChar=OnigUChar -DHAVE_CONFIG_H -Iext/mbstring/ -I/Users/Ingwie/Work/drag0n-php/ext/mbstring/ -DPHP_ATOM_INC -I/Users/Ingwie/Work/drag0n-php/include -I/Users/Ingwie/Work/drag0n-php/main -I/Users/Ingwie/Work/drag0n-php -I/Users/Ingwie/Work/drag0n-php/ext/date/lib -I/Users/Ingwie/Work/drag0n-php/ext/ereg/regex -I/usr/include/libxml2 -I/usr/local/include -I/Users/Ingwie/Work/drag0n-php/ext/mbstring/oniguruma -I/Users/Ingwie/Work/drag0n-php/ext/mbstring/libmbfl -I/Users/Ingwie/Work/drag0n-php/ext/mbstring/libmbfl/mbfl -I/Users/Ingwie/Work/drag0n-php/ext/sqlite3/libsqlite -I/Users/Ingwie/Work/drag0n-php/ext/pthreads -I/usr/include/tidy -I/Users/Ingwie/Work/drag0n-php/ext/tokenizer/includes -I/usr/local/lib/wx/include/osx_cocoa-unicode-2.9 -I/usr/local/include/wx-2.9 -I/Users/Ingwie/Work/drag0n-php/TSRM -I/Users/Ingwie/Work/drag0n-php/Zend  -no-cpp-precomp  -I/usr/include -g -O2 -fvisibility=hidden -DZTS  -c /Users/Ingwie/Work/drag0n-php/ext/mbstring/libmbfl/mbfl/mbfl_language.c -o ext/mbstring/libmbfl/mbfl/mbfl_language.lo 
/bin/sh /Users/Ingwie/Work/drag0n-php/libtool --silent --preserve-dup-deps --mode=compile cc  -DNOT_RUBY -DONIG_ESCAPE_UCHAR_COLLISION=1 -DUChar=OnigUChar -DHAVE_CONFIG_H -Iext/mbstring/ -I/Users/Ingwie/Work/drag0n-php/ext/mbstring/ -DPHP_ATOM_INC -I/Users/Ingwie/Work/drag0n-php/include -I/Users/Ingwie/Work/drag0n-php/main -I/Users/Ingwie/Work/drag0n-php -I/Users/Ingwie/Work/drag0n-php/ext/date/lib -I/Users/Ingwie/Work/drag0n-php/ext/ereg/regex -I/usr/include/libxml2 -I/usr/local/include -I/Users/Ingwie/Work/drag0n-php/ext/mbstring/oniguruma -I/Users/Ingwie/Work/drag0n-php/ext/mbstring/libmbfl -I/Users/Ingwie/Work/drag0n-php/ext/mbstring/libmbfl/mbfl -I/Users/Ingwie/Work/drag0n-php/ext/sqlite3/libsqlite -I/Users/Ingwie/Work/drag0n-php/ext/pthreads -I/usr/include/tidy -I/Users/Ingwie/Work/drag0n-php/ext/tokenizer/includes -I/usr/local/lib/wx/include/osx_cocoa-unicode-2.9 -I/usr/local/include/wx-2.9 -I/Users/Ingwie/Work/drag0n-php/TSRM -I/Users/Ingwie/Work/drag0n-php/Zend  -no-cpp-precomp  -I/usr/include -g -O2 -fvisibility=hidden -DZTS  -c /Users/Ingwie/Work/drag0n-php/ext/mbstring/libmbfl/mbfl/mbfl_memory_device.c -o ext/mbstring/libmbfl/mbfl/mbfl_memory_device.lo 
/bin/sh /Users/Ingwie/Work/drag0n-php/libtool --silent --preserve-dup-deps --mode=compile cc  -DNOT_RUBY -DONIG_ESCAPE_UCHAR_COLLISION=1 -DUChar=OnigUChar -DHAVE_CONFIG_H -Iext/mbstring/ -I/Users/Ingwie/Work/drag0n-php/ext/mbstring/ -DPHP_ATOM_INC -I/Users/Ingwie/Work/drag0n-php/include -I/Users/Ingwie/Work/drag0n-php/main -I/Users/Ingwie/Work/drag0n-php -I/Users/Ingwie/Work/drag0n-php/ext/date/lib -I/Users/Ingwie/Work/drag0n-php/ext/ereg/regex -I/usr/include/libxml2 -I/usr/local/include -I/Users/Ingwie/Work/drag0n-php/ext/mbstring/oniguruma -I/Users/Ingwie/Work/drag0n-php/ext/mbstring/libmbfl -I/Users/Ingwie/Work/drag0n-php/ext/mbstring/libmbfl/mbfl -I/Users/Ingwie/Work/drag0n-php/ext/sqlite3/libsqlite -I/Users/Ingwie/Work/drag0n-php/ext/pthreads -I/usr/include/tidy -I/Users/Ingwie/Work/drag0n-php/ext/tokenizer/includes -I/usr/local/lib/wx/include/osx_cocoa-unicode-2.9 -I/usr/local/include/wx-2.9 -I/Users/Ingwie/Work/drag0n-php/TSRM -I/Users/Ingwie/Work/drag0n-php/Zend  -no-cpp-precomp  -I/usr/include -g -O2 -fvisibility=hidden -DZTS  -c /Users/Ingwie/Work/drag0n-php/ext/mbstring/libmbfl/mbfl/mbfl_string.c -o ext/mbstring/libmbfl/mbfl/mbfl_string.lo 
/bin/sh /Users/Ingwie/Work/drag0n-php/libtool --silent --preserve-dup-deps --mode=compile cc  -DNOT_RUBY -DONIG_ESCAPE_UCHAR_COLLISION=1 -DUChar=OnigUChar -DHAVE_CONFIG_H -Iext/mbstring/ -I/Users/Ingwie/Work/drag0n-php/ext/mbstring/ -DPHP_ATOM_INC -I/Users/Ingwie/Work/drag0n-php/include -I/Users/Ingwie/Work/drag0n-php/main -I/Users/Ingwie/Work/drag0n-php -I/Users/Ingwie/Work/drag0n-php/ext/date/lib -I/Users/Ingwie/Work/drag0n-php/ext/ereg/regex -I/usr/include/libxml2 -I/usr/local/include -I/Users/Ingwie/Work/drag0n-php/ext/mbstring/oniguruma -I/Users/Ingwie/Work/drag0n-php/ext/mbstring/libmbfl -I/Users/Ingwie/Work/drag0n-php/ext/mbstring/libmbfl/mbfl -I/Users/Ingwie/Work/drag0n-php/ext/sqlite3/libsqlite -I/Users/Ingwie/Work/drag0n-php/ext/pthreads -I/usr/include/tidy -I/Users/Ingwie/Work/drag0n-php/ext/tokenizer/includes -I/usr/local/lib/wx/include/osx_cocoa-unicode-2.9 -I/usr/local/include/wx-2.9 -I/Users/Ingwie/Work/drag0n-php/TSRM -I/Users/Ingwie/Work/drag0n-php/Zend  -no-cpp-precomp  -I/usr/include -g -O2 -fvisibility=hidden -DZTS  -c /Users/Ingwie/Work/drag0n-php/ext/mbstring/libmbfl/mbfl/mbfl_allocators.c -o ext/mbstring/libmbfl/mbfl/mbfl_allocators.lo 
/bin/sh /Users/Ingwie/Work/drag0n-php/libtool --silent --preserve-dup-deps --mode=compile cc  -DNOT_RUBY -DONIG_ESCAPE_UCHAR_COLLISION=1 -DUChar=OnigUChar -DHAVE_CONFIG_H -Iext/mbstring/ -I/Users/Ingwie/Work/drag0n-php/ext/mbstring/ -DPHP_ATOM_INC -I/Users/Ingwie/Work/drag0n-php/include -I/Users/Ingwie/Work/drag0n-php/main -I/Users/Ingwie/Work/drag0n-php -I/Users/Ingwie/Work/drag0n-php/ext/date/lib -I/Users/Ingwie/Work/drag0n-php/ext/ereg/regex -I/usr/include/libxml2 -I/usr/local/include -I/Users/Ingwie/Work/drag0n-php/ext/mbstring/oniguruma -I/Users/Ingwie/Work/drag0n-php/ext/mbstring/libmbfl -I/Users/Ingwie/Work/drag0n-php/ext/mbstring/libmbfl/mbfl -I/Users/Ingwie/Work/drag0n-php/ext/sqlite3/libsqlite -I/Users/Ingwie/Work/drag0n-php/ext/pthreads -I/usr/include/tidy -I/Users/Ingwie/Work/drag0n-php/ext/tokenizer/includes -I/usr/local/lib/wx/include/osx_cocoa-unicode-2.9 -I/usr/local/include/wx-2.9 -I/Users/Ingwie/Work/drag0n-php/TSRM -I/Users/Ingwie/Work/drag0n-php/Zend  -no-cpp-precomp  -I/usr/include -g -O2 -fvisibility=hidden -DZTS  -c /Users/Ingwie/Work/drag0n-php/ext/mbstring/libmbfl/nls/nls_de.c -o ext/mbstring/libmbfl/nls/nls_de.lo 
/bin/sh /Users/Ingwie/Work/drag0n-php/libtool --silent --preserve-dup-deps --mode=compile cc  -DNOT_RUBY -DONIG_ESCAPE_UCHAR_COLLISION=1 -DUChar=OnigUChar -DHAVE_CONFIG_H -Iext/mbstring/ -I/Users/Ingwie/Work/drag0n-php/ext/mbstring/ -DPHP_ATOM_INC -I/Users/Ingwie/Work/drag0n-php/include -I/Users/Ingwie/Work/drag0n-php/main -I/Users/Ingwie/Work/drag0n-php -I/Users/Ingwie/Work/drag0n-php/ext/date/lib -I/Users/Ingwie/Work/drag0n-php/ext/ereg/regex -I/usr/include/libxml2 -I/usr/local/include -I/Users/Ingwie/Work/drag0n-php/ext/mbstring/oniguruma -I/Users/Ingwie/Work/drag0n-php/ext/mbstring/libmbfl -I/Users/Ingwie/Work/drag0n-php/ext/mbstring/libmbfl/mbfl -I/Users/Ingwie/Work/drag0n-php/ext/sqlite3/libsqlite -I/Users/Ingwie/Work/drag0n-php/ext/pthreads -I/usr/include/tidy -I/Users/Ingwie/Work/drag0n-php/ext/tokenizer/includes -I/usr/local/lib/wx/include/osx_cocoa-unicode-2.9 -I/usr/local/include/wx-2.9 -I/Users/Ingwie/Work/drag0n-php/TSRM -I/Users/Ingwie/Work/drag0n-php/Zend  -no-cpp-precomp  -I/usr/include -g -O2 -fvisibility=hidden -DZTS  -c /Users/Ingwie/Work/drag0n-php/ext/mbstring/libmbfl/nls/nls_en.c -o ext/mbstring/libmbfl/nls/nls_en.lo 
/bin/sh /Users/Ingwie/Work/drag0n-php/libtool --silent --preserve-dup-deps --mode=compile cc  -DNOT_RUBY -DONIG_ESCAPE_UCHAR_COLLISION=1 -DUChar=OnigUChar -DHAVE_CONFIG_H -Iext/mbstring/ -I/Users/Ingwie/Work/drag0n-php/ext/mbstring/ -DPHP_ATOM_INC -I/Users/Ingwie/Work/drag0n-php/include -I/Users/Ingwie/Work/drag0n-php/main -I/Users/Ingwie/Work/drag0n-php -I/Users/Ingwie/Work/drag0n-php/ext/date/lib -I/Users/Ingwie/Work/drag0n-php/ext/ereg/regex -I/usr/include/libxml2 -I/usr/local/include -I/Users/Ingwie/Work/drag0n-php/ext/mbstring/oniguruma -I/Users/Ingwie/Work/drag0n-php/ext/mbstring/libmbfl -I/Users/Ingwie/Work/drag0n-php/ext/mbstring/libmbfl/mbfl -I/Users/Ingwie/Work/drag0n-php/ext/sqlite3/libsqlite -I/Users/Ingwie/Work/drag0n-php/ext/pthreads -I/usr/include/tidy -I/Users/Ingwie/Work/drag0n-php/ext/tokenizer/includes -I/usr/local/lib/wx/include/osx_cocoa-unicode-2.9 -I/usr/local/include/wx-2.9 -I/Users/Ingwie/Work/drag0n-php/TSRM -I/Users/Ingwie/Work/drag0n-php/Zend  -no-cpp-precomp  -I/usr/include -g -O2 -fvisibility=hidden -DZTS  -c /Users/Ingwie/Work/drag0n-php/ext/mbstring/libmbfl/nls/nls_ja.c -o ext/mbstring/libmbfl/nls/nls_ja.lo 
/bin/sh /Users/Ingwie/Work/drag0n-php/libtool --silent --preserve-dup-deps --mode=compile cc  -DNOT_RUBY -DONIG_ESCAPE_UCHAR_COLLISION=1 -DUChar=OnigUChar -DHAVE_CONFIG_H -Iext/mbstring/ -I/Users/Ingwie/Work/drag0n-php/ext/mbstring/ -DPHP_ATOM_INC -I/Users/Ingwie/Work/drag0n-php/include -I/Users/Ingwie/Work/drag0n-php/main -I/Users/Ingwie/Work/drag0n-php -I/Users/Ingwie/Work/drag0n-php/ext/date/lib -I/Users/Ingwie/Work/drag0n-php/ext/ereg/regex -I/usr/include/libxml2 -I/usr/local/include -I/Users/Ingwie/Work/drag0n-php/ext/mbstring/oniguruma -I/Users/Ingwie/Work/drag0n-php/ext/mbstring/libmbfl -I/Users/Ingwie/Work/drag0n-php/ext/mbstring/libmbfl/mbfl -I/Users/Ingwie/Work/drag0n-php/ext/sqlite3/libsqlite -I/Users/Ingwie/Work/drag0n-php/ext/pthreads -I/usr/include/tidy -I/Users/Ingwie/Work/drag0n-php/ext/tokenizer/includes -I/usr/local/lib/wx/include/osx_cocoa-unicode-2.9 -I/usr/local/include/wx-2.9 -I/Users/Ingwie/Work/drag0n-php/TSRM -I/Users/Ingwie/Work/drag0n-php/Zend  -no-cpp-precomp  -I/usr/include -g -O2 -fvisibility=hidden -DZTS  -c /Users/Ingwie/Work/drag0n-php/ext/mbstring/libmbfl/nls/nls_kr.c -o ext/mbstring/libmbfl/nls/nls_kr.lo 
/bin/sh /Users/Ingwie/Work/drag0n-php/libtool --silent --preserve-dup-deps --mode=compile cc  -DNOT_RUBY -DONIG_ESCAPE_UCHAR_COLLISION=1 -DUChar=OnigUChar -DHAVE_CONFIG_H -Iext/mbstring/ -I/Users/Ingwie/Work/drag0n-php/ext/mbstring/ -DPHP_ATOM_INC -I/Users/Ingwie/Work/drag0n-php/include -I/Users/Ingwie/Work/drag0n-php/main -I/Users/Ingwie/Work/drag0n-php -I/Users/Ingwie/Work/drag0n-php/ext/date/lib -I/Users/Ingwie/Work/drag0n-php/ext/ereg/regex -I/usr/include/libxml2 -I/usr/local/include -I/Users/Ingwie/Work/drag0n-php/ext/mbstring/oniguruma -I/Users/Ingwie/Work/drag0n-php/ext/mbstring/libmbfl -I/Users/Ingwie/Work/drag0n-php/ext/mbstring/libmbfl/mbfl -I/Users/Ingwie/Work/drag0n-php/ext/sqlite3/libsqlite -I/Users/Ingwie/Work/drag0n-php/ext/pthreads -I/usr/include/tidy -I/Users/Ingwie/Work/drag0n-php/ext/tokenizer/includes -I/usr/local/lib/wx/include/osx_cocoa-unicode-2.9 -I/usr/local/include/wx-2.9 -I/Users/Ingwie/Work/drag0n-php/TSRM -I/Users/Ingwie/Work/drag0n-php/Zend  -no-cpp-precomp  -I/usr/include -g -O2 -fvisibility=hidden -DZTS  -c /Users/Ingwie/Work/drag0n-php/ext/mbstring/libmbfl/nls/nls_neutral.c -o ext/mbstring/libmbfl/nls/nls_neutral.lo 
/bin/sh /Users/Ingwie/Work/drag0n-php/libtool --silent --preserve-dup-deps --mode=compile cc  -DNOT_RUBY -DONIG_ESCAPE_UCHAR_COLLISION=1 -DUChar=OnigUChar -DHAVE_CONFIG_H -Iext/mbstring/ -I/Users/Ingwie/Work/drag0n-php/ext/mbstring/ -DPHP_ATOM_INC -I/Users/Ingwie/Work/drag0n-php/include -I/Users/Ingwie/Work/drag0n-php/main -I/Users/Ingwie/Work/drag0n-php -I/Users/Ingwie/Work/drag0n-php/ext/date/lib -I/Users/Ingwie/Work/drag0n-php/ext/ereg/regex -I/usr/include/libxml2 -I/usr/local/include -I/Users/Ingwie/Work/drag0n-php/ext/mbstring/oniguruma -I/Users/Ingwie/Work/drag0n-php/ext/mbstring/libmbfl -I/Users/Ingwie/Work/drag0n-php/ext/mbstring/libmbfl/mbfl -I/Users/Ingwie/Work/drag0n-php/ext/sqlite3/libsqlite -I/Users/Ingwie/Work/drag0n-php/ext/pthreads -I/usr/include/tidy -I/Users/Ingwie/Work/drag0n-php/ext/tokenizer/includes -I/usr/local/lib/wx/include/osx_cocoa-unicode-2.9 -I/usr/local/include/wx-2.9 -I/Users/Ingwie/Work/drag0n-php/TSRM -I/Users/Ingwie/Work/drag0n-php/Zend  -no-cpp-precomp  -I/usr/include -g -O2 -fvisibility=hidden -DZTS  -c /Users/Ingwie/Work/drag0n-php/ext/mbstring/libmbfl/nls/nls_ru.c -o ext/mbstring/libmbfl/nls/nls_ru.lo 
/bin/sh /Users/Ingwie/Work/drag0n-php/libtool --silent --preserve-dup-deps --mode=compile cc  -DNOT_RUBY -DONIG_ESCAPE_UCHAR_COLLISION=1 -DUChar=OnigUChar -DHAVE_CONFIG_H -Iext/mbstring/ -I/Users/Ingwie/Work/drag0n-php/ext/mbstring/ -DPHP_ATOM_INC -I/Users/Ingwie/Work/drag0n-php/include -I/Users/Ingwie/Work/drag0n-php/main -I/Users/Ingwie/Work/drag0n-php -I/Users/Ingwie/Work/drag0n-php/ext/date/lib -I/Users/Ingwie/Work/drag0n-php/ext/ereg/regex -I/usr/include/libxml2 -I/usr/local/include -I/Users/Ingwie/Work/drag0n-php/ext/mbstring/oniguruma -I/Users/Ingwie/Work/drag0n-php/ext/mbstring/libmbfl -I/Users/Ingwie/Work/drag0n-php/ext/mbstring/libmbfl/mbfl -I/Users/Ingwie/Work/drag0n-php/ext/sqlite3/libsqlite -I/Users/Ingwie/Work/drag0n-php/ext/pthreads -I/usr/include/tidy -I/Users/Ingwie/Work/drag0n-php/ext/tokenizer/includes -I/usr/local/lib/wx/include/osx_cocoa-unicode-2.9 -I/usr/local/include/wx-2.9 -I/Users/Ingwie/Work/drag0n-php/TSRM -I/Users/Ingwie/Work/drag0n-php/Zend  -no-cpp-precomp  -I/usr/include -g -O2 -fvisibility=hidden -DZTS  -c /Users/Ingwie/Work/drag0n-php/ext/mbstring/libmbfl/nls/nls_uni.c -o ext/mbstring/libmbfl/nls/nls_uni.lo 
/bin/sh /Users/Ingwie/Work/drag0n-php/libtool --silent --preserve-dup-deps --mode=compile cc  -DNOT_RUBY -DONIG_ESCAPE_UCHAR_COLLISION=1 -DUChar=OnigUChar -DHAVE_CONFIG_H -Iext/mbstring/ -I/Users/Ingwie/Work/drag0n-php/ext/mbstring/ -DPHP_ATOM_INC -I/Users/Ingwie/Work/drag0n-php/include -I/Users/Ingwie/Work/drag0n-php/main -I/Users/Ingwie/Work/drag0n-php -I/Users/Ingwie/Work/drag0n-php/ext/date/lib -I/Users/Ingwie/Work/drag0n-php/ext/ereg/regex -I/usr/include/libxml2 -I/usr/local/include -I/Users/Ingwie/Work/drag0n-php/ext/mbstring/oniguruma -I/Users/Ingwie/Work/drag0n-php/ext/mbstring/libmbfl -I/Users/Ingwie/Work/drag0n-php/ext/mbstring/libmbfl/mbfl -I/Users/Ingwie/Work/drag0n-php/ext/sqlite3/libsqlite -I/Users/Ingwie/Work/drag0n-php/ext/pthreads -I/usr/include/tidy -I/Users/Ingwie/Work/drag0n-php/ext/tokenizer/includes -I/usr/local/lib/wx/include/osx_cocoa-unicode-2.9 -I/usr/local/include/wx-2.9 -I/Users/Ingwie/Work/drag0n-php/TSRM -I/Users/Ingwie/Work/drag0n-php/Zend  -no-cpp-precomp  -I/usr/include -g -O2 -fvisibility=hidden -DZTS  -c /Users/Ingwie/Work/drag0n-php/ext/mbstring/libmbfl/nls/nls_zh.c -o ext/mbstring/libmbfl/nls/nls_zh.lo 
/bin/sh /Users/Ingwie/Work/drag0n-php/libtool --silent --preserve-dup-deps --mode=compile cc  -DNOT_RUBY -DONIG_ESCAPE_UCHAR_COLLISION=1 -DUChar=OnigUChar -DHAVE_CONFIG_H -Iext/mbstring/ -I/Users/Ingwie/Work/drag0n-php/ext/mbstring/ -DPHP_ATOM_INC -I/Users/Ingwie/Work/drag0n-php/include -I/Users/Ingwie/Work/drag0n-php/main -I/Users/Ingwie/Work/drag0n-php -I/Users/Ingwie/Work/drag0n-php/ext/date/lib -I/Users/Ingwie/Work/drag0n-php/ext/ereg/regex -I/usr/include/libxml2 -I/usr/local/include -I/Users/Ingwie/Work/drag0n-php/ext/mbstring/oniguruma -I/Users/Ingwie/Work/drag0n-php/ext/mbstring/libmbfl -I/Users/Ingwie/Work/drag0n-php/ext/mbstring/libmbfl/mbfl -I/Users/Ingwie/Work/drag0n-php/ext/sqlite3/libsqlite -I/Users/Ingwie/Work/drag0n-php/ext/pthreads -I/usr/include/tidy -I/Users/Ingwie/Work/drag0n-php/ext/tokenizer/includes -I/usr/local/lib/wx/include/osx_cocoa-unicode-2.9 -I/usr/local/include/wx-2.9 -I/Users/Ingwie/Work/drag0n-php/TSRM -I/Users/Ingwie/Work/drag0n-php/Zend  -no-cpp-precomp  -I/usr/include -g -O2 -fvisibility=hidden -DZTS  -c /Users/Ingwie/Work/drag0n-php/ext/mbstring/libmbfl/nls/nls_hy.c -o ext/mbstring/libmbfl/nls/nls_hy.lo 
/bin/sh /Users/Ingwie/Work/drag0n-php/libtool --silent --preserve-dup-deps --mode=compile cc  -DNOT_RUBY -DONIG_ESCAPE_UCHAR_COLLISION=1 -DUChar=OnigUChar -DHAVE_CONFIG_H -Iext/mbstring/ -I/Users/Ingwie/Work/drag0n-php/ext/mbstring/ -DPHP_ATOM_INC -I/Users/Ingwie/Work/drag0n-php/include -I/Users/Ingwie/Work/drag0n-php/main -I/Users/Ingwie/Work/drag0n-php -I/Users/Ingwie/Work/drag0n-php/ext/date/lib -I/Users/Ingwie/Work/drag0n-php/ext/ereg/regex -I/usr/include/libxml2 -I/usr/local/include -I/Users/Ingwie/Work/drag0n-php/ext/mbstring/oniguruma -I/Users/Ingwie/Work/drag0n-php/ext/mbstring/libmbfl -I/Users/Ingwie/Work/drag0n-php/ext/mbstring/libmbfl/mbfl -I/Users/Ingwie/Work/drag0n-php/ext/sqlite3/libsqlite -I/Users/Ingwie/Work/drag0n-php/ext/pthreads -I/usr/include/tidy -I/Users/Ingwie/Work/drag0n-php/ext/tokenizer/includes -I/usr/local/lib/wx/include/osx_cocoa-unicode-2.9 -I/usr/local/include/wx-2.9 -I/Users/Ingwie/Work/drag0n-php/TSRM -I/Users/Ingwie/Work/drag0n-php/Zend  -no-cpp-precomp  -I/usr/include -g -O2 -fvisibility=hidden -DZTS  -c /Users/Ingwie/Work/drag0n-php/ext/mbstring/libmbfl/nls/nls_tr.c -o ext/mbstring/libmbfl/nls/nls_tr.lo 
/bin/sh /Users/Ingwie/Work/drag0n-php/libtool --silent --preserve-dup-deps --mode=compile cc  -DNOT_RUBY -DONIG_ESCAPE_UCHAR_COLLISION=1 -DUChar=OnigUChar -DHAVE_CONFIG_H -Iext/mbstring/ -I/Users/Ingwie/Work/drag0n-php/ext/mbstring/ -DPHP_ATOM_INC -I/Users/Ingwie/Work/drag0n-php/include -I/Users/Ingwie/Work/drag0n-php/main -I/Users/Ingwie/Work/drag0n-php -I/Users/Ingwie/Work/drag0n-php/ext/date/lib -I/Users/Ingwie/Work/drag0n-php/ext/ereg/regex -I/usr/include/libxml2 -I/usr/local/include -I/Users/Ingwie/Work/drag0n-php/ext/mbstring/oniguruma -I/Users/Ingwie/Work/drag0n-php/ext/mbstring/libmbfl -I/Users/Ingwie/Work/drag0n-php/ext/mbstring/libmbfl/mbfl -I/Users/Ingwie/Work/drag0n-php/ext/sqlite3/libsqlite -I/Users/Ingwie/Work/drag0n-php/ext/pthreads -I/usr/include/tidy -I/Users/Ingwie/Work/drag0n-php/ext/tokenizer/includes -I/usr/local/lib/wx/include/osx_cocoa-unicode-2.9 -I/usr/local/include/wx-2.9 -I/Users/Ingwie/Work/drag0n-php/TSRM -I/Users/Ingwie/Work/drag0n-php/Zend  -no-cpp-precomp  -I/usr/include -g -O2 -fvisibility=hidden -DZTS  -c /Users/Ingwie/Work/drag0n-php/ext/mbstring/libmbfl/nls/nls_ua.c -o ext/mbstring/libmbfl/nls/nls_ua.lo 
/bin/sh /Users/Ingwie/Work/drag0n-php/libtool --silent --preserve-dup-deps --mode=compile cc  -Iext/mbstring/ -I/Users/Ingwie/Work/drag0n-php/ext/mbstring/ -DPHP_ATOM_INC -I/Users/Ingwie/Work/drag0n-php/include -I/Users/Ingwie/Work/drag0n-php/main -I/Users/Ingwie/Work/drag0n-php -I/Users/Ingwie/Work/drag0n-php/ext/date/lib -I/Users/Ingwie/Work/drag0n-php/ext/ereg/regex -I/usr/include/libxml2 -I/usr/local/include -I/Users/Ingwie/Work/drag0n-php/ext/mbstring/oniguruma -I/Users/Ingwie/Work/drag0n-php/ext/mbstring/libmbfl -I/Users/Ingwie/Work/drag0n-php/ext/mbstring/libmbfl/mbfl -I/Users/Ingwie/Work/drag0n-php/ext/sqlite3/libsqlite -I/Users/Ingwie/Work/drag0n-php/ext/pthreads -I/usr/include/tidy -I/Users/Ingwie/Work/drag0n-php/ext/tokenizer/includes -I/usr/local/lib/wx/include/osx_cocoa-unicode-2.9 -I/usr/local/include/wx-2.9 -I/Users/Ingwie/Work/drag0n-php/TSRM -I/Users/Ingwie/Work/drag0n-php/Zend  -no-cpp-precomp  -I/usr/include -g -O2 -fvisibility=hidden -DZTS  -c /Users/Ingwie/Work/drag0n-php/ext/mbstring/mbstring.c -o ext/mbstring/mbstring.lo 
/bin/sh /Users/Ingwie/Work/drag0n-php/libtool --silent --preserve-dup-deps --mode=compile cc  -Iext/mbstring/ -I/Users/Ingwie/Work/drag0n-php/ext/mbstring/ -DPHP_ATOM_INC -I/Users/Ingwie/Work/drag0n-php/include -I/Users/Ingwie/Work/drag0n-php/main -I/Users/Ingwie/Work/drag0n-php -I/Users/Ingwie/Work/drag0n-php/ext/date/lib -I/Users/Ingwie/Work/drag0n-php/ext/ereg/regex -I/usr/include/libxml2 -I/usr/local/include -I/Users/Ingwie/Work/drag0n-php/ext/mbstring/oniguruma -I/Users/Ingwie/Work/drag0n-php/ext/mbstring/libmbfl -I/Users/Ingwie/Work/drag0n-php/ext/mbstring/libmbfl/mbfl -I/Users/Ingwie/Work/drag0n-php/ext/sqlite3/libsqlite -I/Users/Ingwie/Work/drag0n-php/ext/pthreads -I/usr/include/tidy -I/Users/Ingwie/Work/drag0n-php/ext/tokenizer/includes -I/usr/local/lib/wx/include/osx_cocoa-unicode-2.9 -I/usr/local/include/wx-2.9 -I/Users/Ingwie/Work/drag0n-php/TSRM -I/Users/Ingwie/Work/drag0n-php/Zend  -no-cpp-precomp  -I/usr/include -g -O2 -fvisibility=hidden -DZTS  -c /Users/Ingwie/Work/drag0n-php/ext/mbstring/php_unicode.c -o ext/mbstring/php_unicode.lo 
/bin/sh /Users/Ingwie/Work/drag0n-php/libtool --silent --preserve-dup-deps --mode=compile cc  -Iext/mbstring/ -I/Users/Ingwie/Work/drag0n-php/ext/mbstring/ -DPHP_ATOM_INC -I/Users/Ingwie/Work/drag0n-php/include -I/Users/Ingwie/Work/drag0n-php/main -I/Users/Ingwie/Work/drag0n-php -I/Users/Ingwie/Work/drag0n-php/ext/date/lib -I/Users/Ingwie/Work/drag0n-php/ext/ereg/regex -I/usr/include/libxml2 -I/usr/local/include -I/Users/Ingwie/Work/drag0n-php/ext/mbstring/oniguruma -I/Users/Ingwie/Work/drag0n-php/ext/mbstring/libmbfl -I/Users/Ingwie/Work/drag0n-php/ext/mbstring/libmbfl/mbfl -I/Users/Ingwie/Work/drag0n-php/ext/sqlite3/libsqlite -I/Users/Ingwie/Work/drag0n-php/ext/pthreads -I/usr/include/tidy -I/Users/Ingwie/Work/drag0n-php/ext/tokenizer/includes -I/usr/local/lib/wx/include/osx_cocoa-unicode-2.9 -I/usr/local/include/wx-2.9 -I/Users/Ingwie/Work/drag0n-php/TSRM -I/Users/Ingwie/Work/drag0n-php/Zend  -no-cpp-precomp  -I/usr/include -g -O2 -fvisibility=hidden -DZTS  -c /Users/Ingwie/Work/drag0n-php/ext/mbstring/mb_gpc.c -o ext/mbstring/mb_gpc.lo 
/bin/sh /Users/Ingwie/Work/drag0n-php/libtool --silent --preserve-dup-deps --mode=compile cc  -Iext/mbstring/ -I/Users/Ingwie/Work/drag0n-php/ext/mbstring/ -DPHP_ATOM_INC -I/Users/Ingwie/Work/drag0n-php/include -I/Users/Ingwie/Work/drag0n-php/main -I/Users/Ingwie/Work/drag0n-php -I/Users/Ingwie/Work/drag0n-php/ext/date/lib -I/Users/Ingwie/Work/drag0n-php/ext/ereg/regex -I/usr/include/libxml2 -I/usr/local/include -I/Users/Ingwie/Work/drag0n-php/ext/mbstring/oniguruma -I/Users/Ingwie/Work/drag0n-php/ext/mbstring/libmbfl -I/Users/Ingwie/Work/drag0n-php/ext/mbstring/libmbfl/mbfl -I/Users/Ingwie/Work/drag0n-php/ext/sqlite3/libsqlite -I/Users/Ingwie/Work/drag0n-php/ext/pthreads -I/usr/include/tidy -I/Users/Ingwie/Work/drag0n-php/ext/tokenizer/includes -I/usr/local/lib/wx/include/osx_cocoa-unicode-2.9 -I/usr/local/include/wx-2.9 -I/Users/Ingwie/Work/drag0n-php/TSRM -I/Users/Ingwie/Work/drag0n-php/Zend  -no-cpp-precomp  -I/usr/include -g -O2 -fvisibility=hidden -DZTS  -c /Users/Ingwie/Work/drag0n-php/ext/mbstring/php_mbregex.c -o ext/mbstring/php_mbregex.lo 
/bin/sh /Users/Ingwie/Work/drag0n-php/libtool --silent --preserve-dup-deps --mode=compile cc  -Iext/mcrypt/ -I/Users/Ingwie/Work/drag0n-php/ext/mcrypt/ -DPHP_ATOM_INC -I/Users/Ingwie/Work/drag0n-php/include -I/Users/Ingwie/Work/drag0n-php/main -I/Users/Ingwie/Work/drag0n-php -I/Users/Ingwie/Work/drag0n-php/ext/date/lib -I/Users/Ingwie/Work/drag0n-php/ext/ereg/regex -I/usr/include/libxml2 -I/usr/local/include -I/Users/Ingwie/Work/drag0n-php/ext/mbstring/oniguruma -I/Users/Ingwie/Work/drag0n-php/ext/mbstring/libmbfl -I/Users/Ingwie/Work/drag0n-php/ext/mbstring/libmbfl/mbfl -I/Users/Ingwie/Work/drag0n-php/ext/sqlite3/libsqlite -I/Users/Ingwie/Work/drag0n-php/ext/pthreads -I/usr/include/tidy -I/Users/Ingwie/Work/drag0n-php/ext/tokenizer/includes -I/usr/local/lib/wx/include/osx_cocoa-unicode-2.9 -I/usr/local/include/wx-2.9 -I/Users/Ingwie/Work/drag0n-php/TSRM -I/Users/Ingwie/Work/drag0n-php/Zend  -no-cpp-precomp  -I/usr/include -g -O2 -fvisibility=hidden -DZTS  -c /Users/Ingwie/Work/drag0n-php/ext/mcrypt/mcrypt.c -o ext/mcrypt/mcrypt.lo 
/Users/Ingwie/Work/drag0n-php/ext/mcrypt/mcrypt.c:693:2: warning: initializing 'const char *' with an expression of type 'unsigned char *' converts between pointers to integer types with different sign [-Wpointer-sign]
        RETVAL_STRINGL(data_s, data_size, 1);
        ^~~~~~~~~~~~~~~~~~~~~~~~~~~~~~~~~~~~
/Users/Ingwie/Work/drag0n-php/Zend/zend_API.h:623:42: note: expanded from macro 'RETVAL_STRINGL'
#define RETVAL_STRINGL(s, l, duplicate)         ZVAL_STRINGL(return_value, s, l, duplicate)
                                                ^~~~~~~~~~~~~~~~~~~~~~~~~~~~~~~~~~~~~~~~~~~
/Users/Ingwie/Work/drag0n-php/Zend/zend_API.h:583:15: note: expanded from macro 'ZVAL_STRINGL'
                const char *__s=(s); int __l=l;                 \
                            ^   ~~~
1 warning generated.
/bin/sh /Users/Ingwie/Work/drag0n-php/libtool --silent --preserve-dup-deps --mode=compile cc  -Iext/mcrypt/ -I/Users/Ingwie/Work/drag0n-php/ext/mcrypt/ -DPHP_ATOM_INC -I/Users/Ingwie/Work/drag0n-php/include -I/Users/Ingwie/Work/drag0n-php/main -I/Users/Ingwie/Work/drag0n-php -I/Users/Ingwie/Work/drag0n-php/ext/date/lib -I/Users/Ingwie/Work/drag0n-php/ext/ereg/regex -I/usr/include/libxml2 -I/usr/local/include -I/Users/Ingwie/Work/drag0n-php/ext/mbstring/oniguruma -I/Users/Ingwie/Work/drag0n-php/ext/mbstring/libmbfl -I/Users/Ingwie/Work/drag0n-php/ext/mbstring/libmbfl/mbfl -I/Users/Ingwie/Work/drag0n-php/ext/sqlite3/libsqlite -I/Users/Ingwie/Work/drag0n-php/ext/pthreads -I/usr/include/tidy -I/Users/Ingwie/Work/drag0n-php/ext/tokenizer/includes -I/usr/local/lib/wx/include/osx_cocoa-unicode-2.9 -I/usr/local/include/wx-2.9 -I/Users/Ingwie/Work/drag0n-php/TSRM -I/Users/Ingwie/Work/drag0n-php/Zend  -no-cpp-precomp  -I/usr/include -g -O2 -fvisibility=hidden -DZTS  -c /Users/Ingwie/Work/drag0n-php/ext/mcrypt/mcrypt_filter.c -o ext/mcrypt/mcrypt_filter.lo 
/Users/Ingwie/Work/drag0n-php/ext/mcrypt/mcrypt_filter.c:210:37: warning: passing 'const char *' to parameter of type 'char *' discards qualifiers [-Wincompatible-pointer-types]
        mcrypt_module = mcrypt_module_open(cipher, algo_dir, mode, mode_dir);
                                           ^~~~~~
/usr/local/include/mutils/mcrypt.h:38:34: note: passing argument to parameter 'algorithm' here
        MCRYPT mcrypt_module_open(char *algorithm,
                                        ^
1 warning generated.
/bin/sh /Users/Ingwie/Work/drag0n-php/libtool --silent --preserve-dup-deps --mode=compile cc  -Iext/pdo/ -I/Users/Ingwie/Work/drag0n-php/ext/pdo/ -DPHP_ATOM_INC -I/Users/Ingwie/Work/drag0n-php/include -I/Users/Ingwie/Work/drag0n-php/main -I/Users/Ingwie/Work/drag0n-php -I/Users/Ingwie/Work/drag0n-php/ext/date/lib -I/Users/Ingwie/Work/drag0n-php/ext/ereg/regex -I/usr/include/libxml2 -I/usr/local/include -I/Users/Ingwie/Work/drag0n-php/ext/mbstring/oniguruma -I/Users/Ingwie/Work/drag0n-php/ext/mbstring/libmbfl -I/Users/Ingwie/Work/drag0n-php/ext/mbstring/libmbfl/mbfl -I/Users/Ingwie/Work/drag0n-php/ext/sqlite3/libsqlite -I/Users/Ingwie/Work/drag0n-php/ext/pthreads -I/usr/include/tidy -I/Users/Ingwie/Work/drag0n-php/ext/tokenizer/includes -I/usr/local/lib/wx/include/osx_cocoa-unicode-2.9 -I/usr/local/include/wx-2.9 -I/Users/Ingwie/Work/drag0n-php/TSRM -I/Users/Ingwie/Work/drag0n-php/Zend  -no-cpp-precomp  -I/usr/include -g -O2 -fvisibility=hidden -DZTS  -c /Users/Ingwie/Work/drag0n-php/ext/pdo/pdo.c -o ext/pdo/pdo.lo 
/bin/sh /Users/Ingwie/Work/drag0n-php/libtool --silent --preserve-dup-deps --mode=compile cc  -Iext/pdo/ -I/Users/Ingwie/Work/drag0n-php/ext/pdo/ -DPHP_ATOM_INC -I/Users/Ingwie/Work/drag0n-php/include -I/Users/Ingwie/Work/drag0n-php/main -I/Users/Ingwie/Work/drag0n-php -I/Users/Ingwie/Work/drag0n-php/ext/date/lib -I/Users/Ingwie/Work/drag0n-php/ext/ereg/regex -I/usr/include/libxml2 -I/usr/local/include -I/Users/Ingwie/Work/drag0n-php/ext/mbstring/oniguruma -I/Users/Ingwie/Work/drag0n-php/ext/mbstring/libmbfl -I/Users/Ingwie/Work/drag0n-php/ext/mbstring/libmbfl/mbfl -I/Users/Ingwie/Work/drag0n-php/ext/sqlite3/libsqlite -I/Users/Ingwie/Work/drag0n-php/ext/pthreads -I/usr/include/tidy -I/Users/Ingwie/Work/drag0n-php/ext/tokenizer/includes -I/usr/local/lib/wx/include/osx_cocoa-unicode-2.9 -I/usr/local/include/wx-2.9 -I/Users/Ingwie/Work/drag0n-php/TSRM -I/Users/Ingwie/Work/drag0n-php/Zend  -no-cpp-precomp  -I/usr/include -g -O2 -fvisibility=hidden -DZTS  -c /Users/Ingwie/Work/drag0n-php/ext/pdo/pdo_dbh.c -o ext/pdo/pdo_dbh.lo 
/Users/Ingwie/Work/drag0n-php/ext/pdo/pdo_dbh.c:1000:63: warning: passing 'int *' to parameter of type 'unsigned int *' converts between pointers to integer types with different sign [-Wpointer-sign]
                Z_STRVAL_P(return_value) = dbh->methods->last_id(dbh, name, &Z_STRLEN_P(return_value) TSRMLS_CC);
                                                                            ^~~~~~~~~~~~~~~~~~~~~~~~~
1 warning generated.
/bin/sh /Users/Ingwie/Work/drag0n-php/libtool --silent --preserve-dup-deps --mode=compile cc  -Iext/pdo/ -I/Users/Ingwie/Work/drag0n-php/ext/pdo/ -DPHP_ATOM_INC -I/Users/Ingwie/Work/drag0n-php/include -I/Users/Ingwie/Work/drag0n-php/main -I/Users/Ingwie/Work/drag0n-php -I/Users/Ingwie/Work/drag0n-php/ext/date/lib -I/Users/Ingwie/Work/drag0n-php/ext/ereg/regex -I/usr/include/libxml2 -I/usr/local/include -I/Users/Ingwie/Work/drag0n-php/ext/mbstring/oniguruma -I/Users/Ingwie/Work/drag0n-php/ext/mbstring/libmbfl -I/Users/Ingwie/Work/drag0n-php/ext/mbstring/libmbfl/mbfl -I/Users/Ingwie/Work/drag0n-php/ext/sqlite3/libsqlite -I/Users/Ingwie/Work/drag0n-php/ext/pthreads -I/usr/include/tidy -I/Users/Ingwie/Work/drag0n-php/ext/tokenizer/includes -I/usr/local/lib/wx/include/osx_cocoa-unicode-2.9 -I/usr/local/include/wx-2.9 -I/Users/Ingwie/Work/drag0n-php/TSRM -I/Users/Ingwie/Work/drag0n-php/Zend  -no-cpp-precomp  -I/usr/include -g -O2 -fvisibility=hidden -DZTS  -c /Users/Ingwie/Work/drag0n-php/ext/pdo/pdo_stmt.c -o ext/pdo/pdo_stmt.lo 
/Users/Ingwie/Work/drag0n-php/ext/pdo/pdo_stmt.c:323:34: warning: invalid conversion specifier 'H' [-Wformat-invalid-specifier]
                        int len = spprintf(&p, 0, "%.*H", (int) EG(precision), Z_DVAL_P(param->parameter));
                                                   ~~~^
/Users/Ingwie/Work/drag0n-php/ext/pdo/pdo_stmt.c:323:38: warning: data argument not used by format string [-Wformat-extra-args]
                        int len = spprintf(&p, 0, "%.*H", (int) EG(precision), Z_DVAL_P(param->parameter));
                                                  ~~~~~~  ^
/Users/Ingwie/Work/drag0n-php/ext/pdo/pdo_stmt.c:469:19: warning: comparison of unsigned expression < 0 is always false [-Wtautological-compare]
                                if (num_index < 0) {
                                    ~~~~~~~~~ ^ ~
/Users/Ingwie/Work/drag0n-php/ext/pdo/pdo_stmt.c:1149:53: warning: passing 'char *' to parameter of type 'const unsigned char *' converts between pointers to integer types with different sign [-Wpointer-sign]
                                                } else if (ce->unserialize(&return_value, ce, Z_TYPE_P(val) == IS_STRING ? Z_STRVAL_P(val) : "", Z_TYPE_P(val) == IS_STRING ? Z_STRLEN_P(val) : 0, NULL TSRMLS_CC) == FAILURE) {
                                                                                              ^~~~~~~~~~~~~~~~~~~~~~~~~~~~~~~~~~~~~~~~~~~~~~~~~
/Users/Ingwie/Work/drag0n-php/Zend/zend_operators.h:486:26: note: expanded from macro 'Z_TYPE_P'
#define Z_TYPE_P(zval_p)        Z_TYPE(*zval_p)
                                ^
/Users/Ingwie/Work/drag0n-php/Zend/zend_operators.h:485:23: note: expanded from macro 'Z_TYPE'
#define Z_TYPE(zval)            (zval).type
                                ^
4 warnings generated.
/bin/sh /Users/Ingwie/Work/drag0n-php/libtool --silent --preserve-dup-deps --mode=compile cc  -Iext/pdo/ -I/Users/Ingwie/Work/drag0n-php/ext/pdo/ -DPHP_ATOM_INC -I/Users/Ingwie/Work/drag0n-php/include -I/Users/Ingwie/Work/drag0n-php/main -I/Users/Ingwie/Work/drag0n-php -I/Users/Ingwie/Work/drag0n-php/ext/date/lib -I/Users/Ingwie/Work/drag0n-php/ext/ereg/regex -I/usr/include/libxml2 -I/usr/local/include -I/Users/Ingwie/Work/drag0n-php/ext/mbstring/oniguruma -I/Users/Ingwie/Work/drag0n-php/ext/mbstring/libmbfl -I/Users/Ingwie/Work/drag0n-php/ext/mbstring/libmbfl/mbfl -I/Users/Ingwie/Work/drag0n-php/ext/sqlite3/libsqlite -I/Users/Ingwie/Work/drag0n-php/ext/pthreads -I/usr/include/tidy -I/Users/Ingwie/Work/drag0n-php/ext/tokenizer/includes -I/usr/local/lib/wx/include/osx_cocoa-unicode-2.9 -I/usr/local/include/wx-2.9 -I/Users/Ingwie/Work/drag0n-php/TSRM -I/Users/Ingwie/Work/drag0n-php/Zend  -no-cpp-precomp  -I/usr/include -g -O2 -fvisibility=hidden -DZTS  -c /Users/Ingwie/Work/drag0n-php/ext/pdo/pdo_sql_parser.c -o ext/pdo/pdo_sql_parser.lo 
/bin/sh /Users/Ingwie/Work/drag0n-php/libtool --silent --preserve-dup-deps --mode=compile cc  -Iext/pdo/ -I/Users/Ingwie/Work/drag0n-php/ext/pdo/ -DPHP_ATOM_INC -I/Users/Ingwie/Work/drag0n-php/include -I/Users/Ingwie/Work/drag0n-php/main -I/Users/Ingwie/Work/drag0n-php -I/Users/Ingwie/Work/drag0n-php/ext/date/lib -I/Users/Ingwie/Work/drag0n-php/ext/ereg/regex -I/usr/include/libxml2 -I/usr/local/include -I/Users/Ingwie/Work/drag0n-php/ext/mbstring/oniguruma -I/Users/Ingwie/Work/drag0n-php/ext/mbstring/libmbfl -I/Users/Ingwie/Work/drag0n-php/ext/mbstring/libmbfl/mbfl -I/Users/Ingwie/Work/drag0n-php/ext/sqlite3/libsqlite -I/Users/Ingwie/Work/drag0n-php/ext/pthreads -I/usr/include/tidy -I/Users/Ingwie/Work/drag0n-php/ext/tokenizer/includes -I/usr/local/lib/wx/include/osx_cocoa-unicode-2.9 -I/usr/local/include/wx-2.9 -I/Users/Ingwie/Work/drag0n-php/TSRM -I/Users/Ingwie/Work/drag0n-php/Zend  -no-cpp-precomp  -I/usr/include -g -O2 -fvisibility=hidden -DZTS  -c /Users/Ingwie/Work/drag0n-php/ext/pdo/pdo_sqlstate.c -o ext/pdo/pdo_sqlstate.lo 
/bin/sh /Users/Ingwie/Work/drag0n-php/libtool --silent --preserve-dup-deps --mode=compile cc -DPDO_SQLITE_BUNDLED=1 -DSQLITE_ENABLE_FTS3=1 -DSQLITE_CORE=1 -DSQLITE_ENABLE_COLUMN_METADATA=1 -DSQLITE_ENABLE_ICU=1 -DSQLITE_THREADSAFE=1 -I/Users/Ingwie/Work/drag0n-php/ext -Iext/pdo_sqlite/ -I/Users/Ingwie/Work/drag0n-php/ext/pdo_sqlite/ -DPHP_ATOM_INC -I/Users/Ingwie/Work/drag0n-php/include -I/Users/Ingwie/Work/drag0n-php/main -I/Users/Ingwie/Work/drag0n-php -I/Users/Ingwie/Work/drag0n-php/ext/date/lib -I/Users/Ingwie/Work/drag0n-php/ext/ereg/regex -I/usr/include/libxml2 -I/usr/local/include -I/Users/Ingwie/Work/drag0n-php/ext/mbstring/oniguruma -I/Users/Ingwie/Work/drag0n-php/ext/mbstring/libmbfl -I/Users/Ingwie/Work/drag0n-php/ext/mbstring/libmbfl/mbfl -I/Users/Ingwie/Work/drag0n-php/ext/sqlite3/libsqlite -I/Users/Ingwie/Work/drag0n-php/ext/pthreads -I/usr/include/tidy -I/Users/Ingwie/Work/drag0n-php/ext/tokenizer/includes -I/usr/local/lib/wx/include/osx_cocoa-unicode-2.9 -I/usr/local/include/wx-2.9 -I/Users/Ingwie/Work/drag0n-php/TSRM -I/Users/Ingwie/Work/drag0n-php/Zend  -no-cpp-precomp  -I/usr/include -g -O2 -fvisibility=hidden -DZTS  -c /Users/Ingwie/Work/drag0n-php/ext/pdo_sqlite/pdo_sqlite.c -o ext/pdo_sqlite/pdo_sqlite.lo 
/bin/sh /Users/Ingwie/Work/drag0n-php/libtool --silent --preserve-dup-deps --mode=compile cc -DPDO_SQLITE_BUNDLED=1 -DSQLITE_ENABLE_FTS3=1 -DSQLITE_CORE=1 -DSQLITE_ENABLE_COLUMN_METADATA=1 -DSQLITE_ENABLE_ICU=1 -DSQLITE_THREADSAFE=1 -I/Users/Ingwie/Work/drag0n-php/ext -Iext/pdo_sqlite/ -I/Users/Ingwie/Work/drag0n-php/ext/pdo_sqlite/ -DPHP_ATOM_INC -I/Users/Ingwie/Work/drag0n-php/include -I/Users/Ingwie/Work/drag0n-php/main -I/Users/Ingwie/Work/drag0n-php -I/Users/Ingwie/Work/drag0n-php/ext/date/lib -I/Users/Ingwie/Work/drag0n-php/ext/ereg/regex -I/usr/include/libxml2 -I/usr/local/include -I/Users/Ingwie/Work/drag0n-php/ext/mbstring/oniguruma -I/Users/Ingwie/Work/drag0n-php/ext/mbstring/libmbfl -I/Users/Ingwie/Work/drag0n-php/ext/mbstring/libmbfl/mbfl -I/Users/Ingwie/Work/drag0n-php/ext/sqlite3/libsqlite -I/Users/Ingwie/Work/drag0n-php/ext/pthreads -I/usr/include/tidy -I/Users/Ingwie/Work/drag0n-php/ext/tokenizer/includes -I/usr/local/lib/wx/include/osx_cocoa-unicode-2.9 -I/usr/local/include/wx-2.9 -I/Users/Ingwie/Work/drag0n-php/TSRM -I/Users/Ingwie/Work/drag0n-php/Zend  -no-cpp-precomp  -I/usr/include -g -O2 -fvisibility=hidden -DZTS  -c /Users/Ingwie/Work/drag0n-php/ext/pdo_sqlite/sqlite_driver.c -o ext/pdo_sqlite/sqlite_driver.lo 
/bin/sh /Users/Ingwie/Work/drag0n-php/libtool --silent --preserve-dup-deps --mode=compile cc -DPDO_SQLITE_BUNDLED=1 -DSQLITE_ENABLE_FTS3=1 -DSQLITE_CORE=1 -DSQLITE_ENABLE_COLUMN_METADATA=1 -DSQLITE_ENABLE_ICU=1 -DSQLITE_THREADSAFE=1 -I/Users/Ingwie/Work/drag0n-php/ext -Iext/pdo_sqlite/ -I/Users/Ingwie/Work/drag0n-php/ext/pdo_sqlite/ -DPHP_ATOM_INC -I/Users/Ingwie/Work/drag0n-php/include -I/Users/Ingwie/Work/drag0n-php/main -I/Users/Ingwie/Work/drag0n-php -I/Users/Ingwie/Work/drag0n-php/ext/date/lib -I/Users/Ingwie/Work/drag0n-php/ext/ereg/regex -I/usr/include/libxml2 -I/usr/local/include -I/Users/Ingwie/Work/drag0n-php/ext/mbstring/oniguruma -I/Users/Ingwie/Work/drag0n-php/ext/mbstring/libmbfl -I/Users/Ingwie/Work/drag0n-php/ext/mbstring/libmbfl/mbfl -I/Users/Ingwie/Work/drag0n-php/ext/sqlite3/libsqlite -I/Users/Ingwie/Work/drag0n-php/ext/pthreads -I/usr/include/tidy -I/Users/Ingwie/Work/drag0n-php/ext/tokenizer/includes -I/usr/local/lib/wx/include/osx_cocoa-unicode-2.9 -I/usr/local/include/wx-2.9 -I/Users/Ingwie/Work/drag0n-php/TSRM -I/Users/Ingwie/Work/drag0n-php/Zend  -no-cpp-precomp  -I/usr/include -g -O2 -fvisibility=hidden -DZTS  -c /Users/Ingwie/Work/drag0n-php/ext/pdo_sqlite/sqlite_statement.c -o ext/pdo_sqlite/sqlite_statement.lo 
/bin/sh /Users/Ingwie/Work/drag0n-php/libtool --silent --preserve-dup-deps --mode=compile cc  -Iext/phar/ -I/Users/Ingwie/Work/drag0n-php/ext/phar/ -DPHP_ATOM_INC -I/Users/Ingwie/Work/drag0n-php/include -I/Users/Ingwie/Work/drag0n-php/main -I/Users/Ingwie/Work/drag0n-php -I/Users/Ingwie/Work/drag0n-php/ext/date/lib -I/Users/Ingwie/Work/drag0n-php/ext/ereg/regex -I/usr/include/libxml2 -I/usr/local/include -I/Users/Ingwie/Work/drag0n-php/ext/mbstring/oniguruma -I/Users/Ingwie/Work/drag0n-php/ext/mbstring/libmbfl -I/Users/Ingwie/Work/drag0n-php/ext/mbstring/libmbfl/mbfl -I/Users/Ingwie/Work/drag0n-php/ext/sqlite3/libsqlite -I/Users/Ingwie/Work/drag0n-php/ext/pthreads -I/usr/include/tidy -I/Users/Ingwie/Work/drag0n-php/ext/tokenizer/includes -I/usr/local/lib/wx/include/osx_cocoa-unicode-2.9 -I/usr/local/include/wx-2.9 -I/Users/Ingwie/Work/drag0n-php/TSRM -I/Users/Ingwie/Work/drag0n-php/Zend  -no-cpp-precomp  -I/usr/include -g -O2 -fvisibility=hidden -DZTS  -c /Users/Ingwie/Work/drag0n-php/ext/phar/util.c -o ext/phar/util.lo 
/bin/sh /Users/Ingwie/Work/drag0n-php/libtool --silent --preserve-dup-deps --mode=compile cc  -Iext/phar/ -I/Users/Ingwie/Work/drag0n-php/ext/phar/ -DPHP_ATOM_INC -I/Users/Ingwie/Work/drag0n-php/include -I/Users/Ingwie/Work/drag0n-php/main -I/Users/Ingwie/Work/drag0n-php -I/Users/Ingwie/Work/drag0n-php/ext/date/lib -I/Users/Ingwie/Work/drag0n-php/ext/ereg/regex -I/usr/include/libxml2 -I/usr/local/include -I/Users/Ingwie/Work/drag0n-php/ext/mbstring/oniguruma -I/Users/Ingwie/Work/drag0n-php/ext/mbstring/libmbfl -I/Users/Ingwie/Work/drag0n-php/ext/mbstring/libmbfl/mbfl -I/Users/Ingwie/Work/drag0n-php/ext/sqlite3/libsqlite -I/Users/Ingwie/Work/drag0n-php/ext/pthreads -I/usr/include/tidy -I/Users/Ingwie/Work/drag0n-php/ext/tokenizer/includes -I/usr/local/lib/wx/include/osx_cocoa-unicode-2.9 -I/usr/local/include/wx-2.9 -I/Users/Ingwie/Work/drag0n-php/TSRM -I/Users/Ingwie/Work/drag0n-php/Zend  -no-cpp-precomp  -I/usr/include -g -O2 -fvisibility=hidden -DZTS  -c /Users/Ingwie/Work/drag0n-php/ext/phar/tar.c -o ext/phar/tar.lo 
/bin/sh /Users/Ingwie/Work/drag0n-php/libtool --silent --preserve-dup-deps --mode=compile cc  -Iext/phar/ -I/Users/Ingwie/Work/drag0n-php/ext/phar/ -DPHP_ATOM_INC -I/Users/Ingwie/Work/drag0n-php/include -I/Users/Ingwie/Work/drag0n-php/main -I/Users/Ingwie/Work/drag0n-php -I/Users/Ingwie/Work/drag0n-php/ext/date/lib -I/Users/Ingwie/Work/drag0n-php/ext/ereg/regex -I/usr/include/libxml2 -I/usr/local/include -I/Users/Ingwie/Work/drag0n-php/ext/mbstring/oniguruma -I/Users/Ingwie/Work/drag0n-php/ext/mbstring/libmbfl -I/Users/Ingwie/Work/drag0n-php/ext/mbstring/libmbfl/mbfl -I/Users/Ingwie/Work/drag0n-php/ext/sqlite3/libsqlite -I/Users/Ingwie/Work/drag0n-php/ext/pthreads -I/usr/include/tidy -I/Users/Ingwie/Work/drag0n-php/ext/tokenizer/includes -I/usr/local/lib/wx/include/osx_cocoa-unicode-2.9 -I/usr/local/include/wx-2.9 -I/Users/Ingwie/Work/drag0n-php/TSRM -I/Users/Ingwie/Work/drag0n-php/Zend  -no-cpp-precomp  -I/usr/include -g -O2 -fvisibility=hidden -DZTS  -c /Users/Ingwie/Work/drag0n-php/ext/phar/zip.c -o ext/phar/zip.lo 
/bin/sh /Users/Ingwie/Work/drag0n-php/libtool --silent --preserve-dup-deps --mode=compile cc  -Iext/phar/ -I/Users/Ingwie/Work/drag0n-php/ext/phar/ -DPHP_ATOM_INC -I/Users/Ingwie/Work/drag0n-php/include -I/Users/Ingwie/Work/drag0n-php/main -I/Users/Ingwie/Work/drag0n-php -I/Users/Ingwie/Work/drag0n-php/ext/date/lib -I/Users/Ingwie/Work/drag0n-php/ext/ereg/regex -I/usr/include/libxml2 -I/usr/local/include -I/Users/Ingwie/Work/drag0n-php/ext/mbstring/oniguruma -I/Users/Ingwie/Work/drag0n-php/ext/mbstring/libmbfl -I/Users/Ingwie/Work/drag0n-php/ext/mbstring/libmbfl/mbfl -I/Users/Ingwie/Work/drag0n-php/ext/sqlite3/libsqlite -I/Users/Ingwie/Work/drag0n-php/ext/pthreads -I/usr/include/tidy -I/Users/Ingwie/Work/drag0n-php/ext/tokenizer/includes -I/usr/local/lib/wx/include/osx_cocoa-unicode-2.9 -I/usr/local/include/wx-2.9 -I/Users/Ingwie/Work/drag0n-php/TSRM -I/Users/Ingwie/Work/drag0n-php/Zend  -no-cpp-precomp  -I/usr/include -g -O2 -fvisibility=hidden -DZTS  -c /Users/Ingwie/Work/drag0n-php/ext/phar/stream.c -o ext/phar/stream.lo 
/bin/sh /Users/Ingwie/Work/drag0n-php/libtool --silent --preserve-dup-deps --mode=compile cc  -Iext/phar/ -I/Users/Ingwie/Work/drag0n-php/ext/phar/ -DPHP_ATOM_INC -I/Users/Ingwie/Work/drag0n-php/include -I/Users/Ingwie/Work/drag0n-php/main -I/Users/Ingwie/Work/drag0n-php -I/Users/Ingwie/Work/drag0n-php/ext/date/lib -I/Users/Ingwie/Work/drag0n-php/ext/ereg/regex -I/usr/include/libxml2 -I/usr/local/include -I/Users/Ingwie/Work/drag0n-php/ext/mbstring/oniguruma -I/Users/Ingwie/Work/drag0n-php/ext/mbstring/libmbfl -I/Users/Ingwie/Work/drag0n-php/ext/mbstring/libmbfl/mbfl -I/Users/Ingwie/Work/drag0n-php/ext/sqlite3/libsqlite -I/Users/Ingwie/Work/drag0n-php/ext/pthreads -I/usr/include/tidy -I/Users/Ingwie/Work/drag0n-php/ext/tokenizer/includes -I/usr/local/lib/wx/include/osx_cocoa-unicode-2.9 -I/usr/local/include/wx-2.9 -I/Users/Ingwie/Work/drag0n-php/TSRM -I/Users/Ingwie/Work/drag0n-php/Zend  -no-cpp-precomp  -I/usr/include -g -O2 -fvisibility=hidden -DZTS  -c /Users/Ingwie/Work/drag0n-php/ext/phar/func_interceptors.c -o ext/phar/func_interceptors.lo 
/bin/sh /Users/Ingwie/Work/drag0n-php/libtool --silent --preserve-dup-deps --mode=compile cc  -Iext/phar/ -I/Users/Ingwie/Work/drag0n-php/ext/phar/ -DPHP_ATOM_INC -I/Users/Ingwie/Work/drag0n-php/include -I/Users/Ingwie/Work/drag0n-php/main -I/Users/Ingwie/Work/drag0n-php -I/Users/Ingwie/Work/drag0n-php/ext/date/lib -I/Users/Ingwie/Work/drag0n-php/ext/ereg/regex -I/usr/include/libxml2 -I/usr/local/include -I/Users/Ingwie/Work/drag0n-php/ext/mbstring/oniguruma -I/Users/Ingwie/Work/drag0n-php/ext/mbstring/libmbfl -I/Users/Ingwie/Work/drag0n-php/ext/mbstring/libmbfl/mbfl -I/Users/Ingwie/Work/drag0n-php/ext/sqlite3/libsqlite -I/Users/Ingwie/Work/drag0n-php/ext/pthreads -I/usr/include/tidy -I/Users/Ingwie/Work/drag0n-php/ext/tokenizer/includes -I/usr/local/lib/wx/include/osx_cocoa-unicode-2.9 -I/usr/local/include/wx-2.9 -I/Users/Ingwie/Work/drag0n-php/TSRM -I/Users/Ingwie/Work/drag0n-php/Zend  -no-cpp-precomp  -I/usr/include -g -O2 -fvisibility=hidden -DZTS  -c /Users/Ingwie/Work/drag0n-php/ext/phar/dirstream.c -o ext/phar/dirstream.lo 
/bin/sh /Users/Ingwie/Work/drag0n-php/libtool --silent --preserve-dup-deps --mode=compile cc  -Iext/phar/ -I/Users/Ingwie/Work/drag0n-php/ext/phar/ -DPHP_ATOM_INC -I/Users/Ingwie/Work/drag0n-php/include -I/Users/Ingwie/Work/drag0n-php/main -I/Users/Ingwie/Work/drag0n-php -I/Users/Ingwie/Work/drag0n-php/ext/date/lib -I/Users/Ingwie/Work/drag0n-php/ext/ereg/regex -I/usr/include/libxml2 -I/usr/local/include -I/Users/Ingwie/Work/drag0n-php/ext/mbstring/oniguruma -I/Users/Ingwie/Work/drag0n-php/ext/mbstring/libmbfl -I/Users/Ingwie/Work/drag0n-php/ext/mbstring/libmbfl/mbfl -I/Users/Ingwie/Work/drag0n-php/ext/sqlite3/libsqlite -I/Users/Ingwie/Work/drag0n-php/ext/pthreads -I/usr/include/tidy -I/Users/Ingwie/Work/drag0n-php/ext/tokenizer/includes -I/usr/local/lib/wx/include/osx_cocoa-unicode-2.9 -I/usr/local/include/wx-2.9 -I/Users/Ingwie/Work/drag0n-php/TSRM -I/Users/Ingwie/Work/drag0n-php/Zend  -no-cpp-precomp  -I/usr/include -g -O2 -fvisibility=hidden -DZTS  -c /Users/Ingwie/Work/drag0n-php/ext/phar/phar.c -o ext/phar/phar.lo 
/bin/sh /Users/Ingwie/Work/drag0n-php/libtool --silent --preserve-dup-deps --mode=compile cc  -Iext/phar/ -I/Users/Ingwie/Work/drag0n-php/ext/phar/ -DPHP_ATOM_INC -I/Users/Ingwie/Work/drag0n-php/include -I/Users/Ingwie/Work/drag0n-php/main -I/Users/Ingwie/Work/drag0n-php -I/Users/Ingwie/Work/drag0n-php/ext/date/lib -I/Users/Ingwie/Work/drag0n-php/ext/ereg/regex -I/usr/include/libxml2 -I/usr/local/include -I/Users/Ingwie/Work/drag0n-php/ext/mbstring/oniguruma -I/Users/Ingwie/Work/drag0n-php/ext/mbstring/libmbfl -I/Users/Ingwie/Work/drag0n-php/ext/mbstring/libmbfl/mbfl -I/Users/Ingwie/Work/drag0n-php/ext/sqlite3/libsqlite -I/Users/Ingwie/Work/drag0n-php/ext/pthreads -I/usr/include/tidy -I/Users/Ingwie/Work/drag0n-php/ext/tokenizer/includes -I/usr/local/lib/wx/include/osx_cocoa-unicode-2.9 -I/usr/local/include/wx-2.9 -I/Users/Ingwie/Work/drag0n-php/TSRM -I/Users/Ingwie/Work/drag0n-php/Zend  -no-cpp-precomp  -I/usr/include -g -O2 -fvisibility=hidden -DZTS  -c /Users/Ingwie/Work/drag0n-php/ext/phar/phar_object.c -o ext/phar/phar_object.lo 
/bin/sh /Users/Ingwie/Work/drag0n-php/libtool --silent --preserve-dup-deps --mode=compile cc  -Iext/phar/ -I/Users/Ingwie/Work/drag0n-php/ext/phar/ -DPHP_ATOM_INC -I/Users/Ingwie/Work/drag0n-php/include -I/Users/Ingwie/Work/drag0n-php/main -I/Users/Ingwie/Work/drag0n-php -I/Users/Ingwie/Work/drag0n-php/ext/date/lib -I/Users/Ingwie/Work/drag0n-php/ext/ereg/regex -I/usr/include/libxml2 -I/usr/local/include -I/Users/Ingwie/Work/drag0n-php/ext/mbstring/oniguruma -I/Users/Ingwie/Work/drag0n-php/ext/mbstring/libmbfl -I/Users/Ingwie/Work/drag0n-php/ext/mbstring/libmbfl/mbfl -I/Users/Ingwie/Work/drag0n-php/ext/sqlite3/libsqlite -I/Users/Ingwie/Work/drag0n-php/ext/pthreads -I/usr/include/tidy -I/Users/Ingwie/Work/drag0n-php/ext/tokenizer/includes -I/usr/local/lib/wx/include/osx_cocoa-unicode-2.9 -I/usr/local/include/wx-2.9 -I/Users/Ingwie/Work/drag0n-php/TSRM -I/Users/Ingwie/Work/drag0n-php/Zend  -no-cpp-precomp  -I/usr/include -g -O2 -fvisibility=hidden -DZTS  -c /Users/Ingwie/Work/drag0n-php/ext/phar/phar_path_check.c -o ext/phar/phar_path_check.lo 
/bin/sh /Users/Ingwie/Work/drag0n-php/libtool --silent --preserve-dup-deps --mode=compile cc  -Iext/posix/ -I/Users/Ingwie/Work/drag0n-php/ext/posix/ -DPHP_ATOM_INC -I/Users/Ingwie/Work/drag0n-php/include -I/Users/Ingwie/Work/drag0n-php/main -I/Users/Ingwie/Work/drag0n-php -I/Users/Ingwie/Work/drag0n-php/ext/date/lib -I/Users/Ingwie/Work/drag0n-php/ext/ereg/regex -I/usr/include/libxml2 -I/usr/local/include -I/Users/Ingwie/Work/drag0n-php/ext/mbstring/oniguruma -I/Users/Ingwie/Work/drag0n-php/ext/mbstring/libmbfl -I/Users/Ingwie/Work/drag0n-php/ext/mbstring/libmbfl/mbfl -I/Users/Ingwie/Work/drag0n-php/ext/sqlite3/libsqlite -I/Users/Ingwie/Work/drag0n-php/ext/pthreads -I/usr/include/tidy -I/Users/Ingwie/Work/drag0n-php/ext/tokenizer/includes -I/usr/local/lib/wx/include/osx_cocoa-unicode-2.9 -I/usr/local/include/wx-2.9 -I/Users/Ingwie/Work/drag0n-php/TSRM -I/Users/Ingwie/Work/drag0n-php/Zend  -no-cpp-precomp  -I/usr/include -g -O2 -fvisibility=hidden -DZTS  -c /Users/Ingwie/Work/drag0n-php/ext/posix/posix.c -o ext/posix/posix.lo 
/bin/sh /Users/Ingwie/Work/drag0n-php/libtool --silent --preserve-dup-deps --mode=compile cc  -Iext/pthreads/ -I/Users/Ingwie/Work/drag0n-php/ext/pthreads/ -DPHP_ATOM_INC -I/Users/Ingwie/Work/drag0n-php/include -I/Users/Ingwie/Work/drag0n-php/main -I/Users/Ingwie/Work/drag0n-php -I/Users/Ingwie/Work/drag0n-php/ext/date/lib -I/Users/Ingwie/Work/drag0n-php/ext/ereg/regex -I/usr/include/libxml2 -I/usr/local/include -I/Users/Ingwie/Work/drag0n-php/ext/mbstring/oniguruma -I/Users/Ingwie/Work/drag0n-php/ext/mbstring/libmbfl -I/Users/Ingwie/Work/drag0n-php/ext/mbstring/libmbfl/mbfl -I/Users/Ingwie/Work/drag0n-php/ext/sqlite3/libsqlite -I/Users/Ingwie/Work/drag0n-php/ext/pthreads -I/usr/include/tidy -I/Users/Ingwie/Work/drag0n-php/ext/tokenizer/includes -I/usr/local/lib/wx/include/osx_cocoa-unicode-2.9 -I/usr/local/include/wx-2.9 -I/Users/Ingwie/Work/drag0n-php/TSRM -I/Users/Ingwie/Work/drag0n-php/Zend  -no-cpp-precomp  -I/usr/include -g -O2 -fvisibility=hidden -DZTS  -c /Users/Ingwie/Work/drag0n-php/ext/pthreads/php_pthreads.c -o ext/pthreads/php_pthreads.lo 
In file included from /Users/Ingwie/Work/drag0n-php/ext/pthreads/php_pthreads.c:38:
ext/pthreads/src/thread.h:154:14: warning: equality comparison with extraneous parentheses [-Wparentheses-equality]
                if ((first == second))
                     ~~~~~~^~~~~~~~~
ext/pthreads/src/thread.h:154:14: note: remove extraneous parentheses around the comparison to silence this warning
                if ((first == second))
                    ~      ^        ~
ext/pthreads/src/thread.h:154:14: note: use '=' to turn this equality comparison into an assignment
                if ((first == second))
                           ^~
                           =
ext/pthreads/src/thread.h:216:64: warning: format specifies type 'int' but the argument has type 'size_t' (aka 'unsigned long') [-Wformat]
                php_printf("(2)found null at %d, return %d\n", length, length+1);
                                             ~~                ^~~~~~
                                             %zd
ext/pthreads/src/thread.h:216:72: warning: format specifies type 'int' but the argument has type 'unsigned long' [-Wformat]
                php_printf("(2)found null at %d, return %d\n", length, length+1);
                                                        ~~             ^~~~~~~~
                                                        %ld
ext/pthreads/src/thread.h:221:70: warning: format specifies type 'int' but the argument has type 'size_t' (aka 'unsigned long') [-Wformat]
                    php_printf("(3)found null at %d+1, return %d\n", length, length+1);
                                                 ~~                  ^~~~~~
                                                 %zd
ext/pthreads/src/thread.h:221:78: warning: format specifies type 'int' but the argument has type 'unsigned long' [-Wformat]
                    php_printf("(3)found null at %d+1, return %d\n", length, length+1);
                                                              ~~             ^~~~~~~~
                                                              %ld
ext/pthreads/src/thread.h:232:1: warning: control may reach end of non-void function [-Wreturn-type]
} /* }}} */
^
In file included from /Users/Ingwie/Work/drag0n-php/ext/pthreads/php_pthreads.c:232:
ext/pthreads/classes/thread.h:252:38: warning: passing 'unsigned char *' to parameter of type 'char *' converts between pointers to integer types with different sign [-Wpointer-sign]
                            return_value, "scope", thread->error->clazz, 1);       
                                                   ^~~~~~~~~~~~~~~~~~~~
/Users/Ingwie/Work/drag0n-php/Zend/zend_API.h:390:111: note: expanded from macro 'add_assoc_string'
#define add_assoc_string(__arg, __key, __str, __duplicate) add_assoc_string_ex(__arg, __key, strlen(__key)+1, __str, __duplicate)
                                                                                                              ^
/Users/Ingwie/Work/drag0n-php/Zend/zend_API.h:381:82: note: passing argument to parameter 'str' here
ZEND_API int add_assoc_string_ex(zval *arg, const char *key, uint key_len, char *str, int duplicate);
                                                                                 ^
In file included from /Users/Ingwie/Work/drag0n-php/ext/pthreads/php_pthreads.c:232:
ext/pthreads/classes/thread.h:257:41: warning: passing 'unsigned char *' to parameter of type 'char *' converts between pointers to integer types with different sign [-Wpointer-sign]
                            return_value, "function", thread->error->method, 1);
                                                      ^~~~~~~~~~~~~~~~~~~~~
/Users/Ingwie/Work/drag0n-php/Zend/zend_API.h:390:111: note: expanded from macro 'add_assoc_string'
#define add_assoc_string(__arg, __key, __str, __duplicate) add_assoc_string_ex(__arg, __key, strlen(__key)+1, __str, __duplicate)
                                                                                                              ^
/Users/Ingwie/Work/drag0n-php/Zend/zend_API.h:381:82: note: passing argument to parameter 'str' here
ZEND_API int add_assoc_string_ex(zval *arg, const char *key, uint key_len, char *str, int duplicate);
                                                                                 ^
In file included from /Users/Ingwie/Work/drag0n-php/ext/pthreads/php_pthreads.c:232:
ext/pthreads/classes/thread.h:262:37: warning: passing 'unsigned char *' to parameter of type 'char *' converts between pointers to integer types with different sign [-Wpointer-sign]
                            return_value, "file", thread->error->file, 1);
                                                  ^~~~~~~~~~~~~~~~~~~
/Users/Ingwie/Work/drag0n-php/Zend/zend_API.h:390:111: note: expanded from macro 'add_assoc_string'
#define add_assoc_string(__arg, __key, __str, __duplicate) add_assoc_string_ex(__arg, __key, strlen(__key)+1, __str, __duplicate)
                                                                                                              ^
/Users/Ingwie/Work/drag0n-php/Zend/zend_API.h:381:82: note: passing argument to parameter 'str' here
ZEND_API int add_assoc_string_ex(zval *arg, const char *key, uint key_len, char *str, int duplicate);
                                                                                 ^
In file included from /Users/Ingwie/Work/drag0n-php/ext/pthreads/php_pthreads.c:236:
ext/pthreads/classes/worker.h:267:38: warning: passing 'unsigned char *' to parameter of type 'char *' converts between pointers to integer types with different sign [-Wpointer-sign]
                            return_value, "scope", thread->error->clazz, 1);       
                                                   ^~~~~~~~~~~~~~~~~~~~
/Users/Ingwie/Work/drag0n-php/Zend/zend_API.h:390:111: note: expanded from macro 'add_assoc_string'
#define add_assoc_string(__arg, __key, __str, __duplicate) add_assoc_string_ex(__arg, __key, strlen(__key)+1, __str, __duplicate)
                                                                                                              ^
/Users/Ingwie/Work/drag0n-php/Zend/zend_API.h:381:82: note: passing argument to parameter 'str' here
ZEND_API int add_assoc_string_ex(zval *arg, const char *key, uint key_len, char *str, int duplicate);
                                                                                 ^
In file included from /Users/Ingwie/Work/drag0n-php/ext/pthreads/php_pthreads.c:236:
ext/pthreads/classes/worker.h:272:41: warning: passing 'unsigned char *' to parameter of type 'char *' converts between pointers to integer types with different sign [-Wpointer-sign]
                            return_value, "function", thread->error->method, 1);
                                                      ^~~~~~~~~~~~~~~~~~~~~
/Users/Ingwie/Work/drag0n-php/Zend/zend_API.h:390:111: note: expanded from macro 'add_assoc_string'
#define add_assoc_string(__arg, __key, __str, __duplicate) add_assoc_string_ex(__arg, __key, strlen(__key)+1, __str, __duplicate)
                                                                                                              ^
/Users/Ingwie/Work/drag0n-php/Zend/zend_API.h:381:82: note: passing argument to parameter 'str' here
ZEND_API int add_assoc_string_ex(zval *arg, const char *key, uint key_len, char *str, int duplicate);
                                                                                 ^
In file included from /Users/Ingwie/Work/drag0n-php/ext/pthreads/php_pthreads.c:236:
ext/pthreads/classes/worker.h:277:37: warning: passing 'unsigned char *' to parameter of type 'char *' converts between pointers to integer types with different sign [-Wpointer-sign]
                            return_value, "file", thread->error->file, 1);
                                                  ^~~~~~~~~~~~~~~~~~~
/Users/Ingwie/Work/drag0n-php/Zend/zend_API.h:390:111: note: expanded from macro 'add_assoc_string'
#define add_assoc_string(__arg, __key, __str, __duplicate) add_assoc_string_ex(__arg, __key, strlen(__key)+1, __str, __duplicate)
                                                                                                              ^
/Users/Ingwie/Work/drag0n-php/Zend/zend_API.h:381:82: note: passing argument to parameter 'str' here
ZEND_API int add_assoc_string_ex(zval *arg, const char *key, uint key_len, char *str, int duplicate);
                                                                                 ^
In file included from /Users/Ingwie/Work/drag0n-php/ext/pthreads/php_pthreads.c:240:
ext/pthreads/classes/stackable.h:170:38: warning: passing 'unsigned char *' to parameter of type 'char *' converts between pointers to integer types with different sign [-Wpointer-sign]
                            return_value, "scope", thread->error->clazz, 1);       
                                                   ^~~~~~~~~~~~~~~~~~~~
/Users/Ingwie/Work/drag0n-php/Zend/zend_API.h:390:111: note: expanded from macro 'add_assoc_string'
#define add_assoc_string(__arg, __key, __str, __duplicate) add_assoc_string_ex(__arg, __key, strlen(__key)+1, __str, __duplicate)
                                                                                                              ^
/Users/Ingwie/Work/drag0n-php/Zend/zend_API.h:381:82: note: passing argument to parameter 'str' here
ZEND_API int add_assoc_string_ex(zval *arg, const char *key, uint key_len, char *str, int duplicate);
                                                                                 ^
In file included from /Users/Ingwie/Work/drag0n-php/ext/pthreads/php_pthreads.c:240:
ext/pthreads/classes/stackable.h:175:41: warning: passing 'unsigned char *' to parameter of type 'char *' converts between pointers to integer types with different sign [-Wpointer-sign]
                            return_value, "function", thread->error->method, 1);
                                                      ^~~~~~~~~~~~~~~~~~~~~
/Users/Ingwie/Work/drag0n-php/Zend/zend_API.h:390:111: note: expanded from macro 'add_assoc_string'
#define add_assoc_string(__arg, __key, __str, __duplicate) add_assoc_string_ex(__arg, __key, strlen(__key)+1, __str, __duplicate)
                                                                                                              ^
/Users/Ingwie/Work/drag0n-php/Zend/zend_API.h:381:82: note: passing argument to parameter 'str' here
ZEND_API int add_assoc_string_ex(zval *arg, const char *key, uint key_len, char *str, int duplicate);
                                                                                 ^
In file included from /Users/Ingwie/Work/drag0n-php/ext/pthreads/php_pthreads.c:240:
ext/pthreads/classes/stackable.h:180:37: warning: passing 'unsigned char *' to parameter of type 'char *' converts between pointers to integer types with different sign [-Wpointer-sign]
                            return_value, "file", thread->error->file, 1);
                                                  ^~~~~~~~~~~~~~~~~~~
/Users/Ingwie/Work/drag0n-php/Zend/zend_API.h:390:111: note: expanded from macro 'add_assoc_string'
#define add_assoc_string(__arg, __key, __str, __duplicate) add_assoc_string_ex(__arg, __key, strlen(__key)+1, __str, __duplicate)
                                                                                                              ^
/Users/Ingwie/Work/drag0n-php/Zend/zend_API.h:381:82: note: passing argument to parameter 'str' here
ZEND_API int add_assoc_string_ex(zval *arg, const char *key, uint key_len, char *str, int duplicate);
                                                                                 ^
15 warnings generated.
/bin/sh /Users/Ingwie/Work/drag0n-php/libtool --silent --preserve-dup-deps --mode=compile cc  -Iext/pthreads/ -I/Users/Ingwie/Work/drag0n-php/ext/pthreads/ -DPHP_ATOM_INC -I/Users/Ingwie/Work/drag0n-php/include -I/Users/Ingwie/Work/drag0n-php/main -I/Users/Ingwie/Work/drag0n-php -I/Users/Ingwie/Work/drag0n-php/ext/date/lib -I/Users/Ingwie/Work/drag0n-php/ext/ereg/regex -I/usr/include/libxml2 -I/usr/local/include -I/Users/Ingwie/Work/drag0n-php/ext/mbstring/oniguruma -I/Users/Ingwie/Work/drag0n-php/ext/mbstring/libmbfl -I/Users/Ingwie/Work/drag0n-php/ext/mbstring/libmbfl/mbfl -I/Users/Ingwie/Work/drag0n-php/ext/sqlite3/libsqlite -I/Users/Ingwie/Work/drag0n-php/ext/pthreads -I/usr/include/tidy -I/Users/Ingwie/Work/drag0n-php/ext/tokenizer/includes -I/usr/local/lib/wx/include/osx_cocoa-unicode-2.9 -I/usr/local/include/wx-2.9 -I/Users/Ingwie/Work/drag0n-php/TSRM -I/Users/Ingwie/Work/drag0n-php/Zend  -no-cpp-precomp  -I/usr/include -g -O2 -fvisibility=hidden -DZTS  -c /Users/Ingwie/Work/drag0n-php/ext/pthreads/src/lock.c -o ext/pthreads/src/lock.lo 
In file included from /Users/Ingwie/Work/drag0n-php/ext/pthreads/src/lock.c:26:
ext/pthreads/src/thread.h:154:14: warning: equality comparison with extraneous parentheses [-Wparentheses-equality]
                if ((first == second))
                     ~~~~~~^~~~~~~~~
ext/pthreads/src/thread.h:154:14: note: remove extraneous parentheses around the comparison to silence this warning
                if ((first == second))
                    ~      ^        ~
ext/pthreads/src/thread.h:154:14: note: use '=' to turn this equality comparison into an assignment
                if ((first == second))
                           ^~
                           =
ext/pthreads/src/thread.h:216:64: warning: format specifies type 'int' but the argument has type 'size_t' (aka 'unsigned long') [-Wformat]
                php_printf("(2)found null at %d, return %d\n", length, length+1);
                                             ~~                ^~~~~~
                                             %zd
ext/pthreads/src/thread.h:216:72: warning: format specifies type 'int' but the argument has type 'unsigned long' [-Wformat]
                php_printf("(2)found null at %d, return %d\n", length, length+1);
                                                        ~~             ^~~~~~~~
                                                        %ld
ext/pthreads/src/thread.h:221:70: warning: format specifies type 'int' but the argument has type 'size_t' (aka 'unsigned long') [-Wformat]
                    php_printf("(3)found null at %d+1, return %d\n", length, length+1);
                                                 ~~                  ^~~~~~
                                                 %zd
ext/pthreads/src/thread.h:221:78: warning: format specifies type 'int' but the argument has type 'unsigned long' [-Wformat]
                    php_printf("(3)found null at %d+1, return %d\n", length, length+1);
                                                              ~~             ^~~~~~~~
                                                              %ld
ext/pthreads/src/thread.h:232:1: warning: control may reach end of non-void function [-Wreturn-type]
} /* }}} */
^
6 warnings generated.
/bin/sh /Users/Ingwie/Work/drag0n-php/libtool --silent --preserve-dup-deps --mode=compile cc  -Iext/pthreads/ -I/Users/Ingwie/Work/drag0n-php/ext/pthreads/ -DPHP_ATOM_INC -I/Users/Ingwie/Work/drag0n-php/include -I/Users/Ingwie/Work/drag0n-php/main -I/Users/Ingwie/Work/drag0n-php -I/Users/Ingwie/Work/drag0n-php/ext/date/lib -I/Users/Ingwie/Work/drag0n-php/ext/ereg/regex -I/usr/include/libxml2 -I/usr/local/include -I/Users/Ingwie/Work/drag0n-php/ext/mbstring/oniguruma -I/Users/Ingwie/Work/drag0n-php/ext/mbstring/libmbfl -I/Users/Ingwie/Work/drag0n-php/ext/mbstring/libmbfl/mbfl -I/Users/Ingwie/Work/drag0n-php/ext/sqlite3/libsqlite -I/Users/Ingwie/Work/drag0n-php/ext/pthreads -I/usr/include/tidy -I/Users/Ingwie/Work/drag0n-php/ext/tokenizer/includes -I/usr/local/lib/wx/include/osx_cocoa-unicode-2.9 -I/usr/local/include/wx-2.9 -I/Users/Ingwie/Work/drag0n-php/TSRM -I/Users/Ingwie/Work/drag0n-php/Zend  -no-cpp-precomp  -I/usr/include -g -O2 -fvisibility=hidden -DZTS  -c /Users/Ingwie/Work/drag0n-php/ext/pthreads/src/globals.c -o ext/pthreads/src/globals.lo 
In file included from /Users/Ingwie/Work/drag0n-php/ext/pthreads/src/globals.c:22:
In file included from ext/pthreads/src/globals.h:30:
ext/pthreads/src/thread.h:154:14: warning: equality comparison with extraneous parentheses [-Wparentheses-equality]
                if ((first == second))
                     ~~~~~~^~~~~~~~~
ext/pthreads/src/thread.h:154:14: note: remove extraneous parentheses around the comparison to silence this warning
                if ((first == second))
                    ~      ^        ~
ext/pthreads/src/thread.h:154:14: note: use '=' to turn this equality comparison into an assignment
                if ((first == second))
                           ^~
                           =
ext/pthreads/src/thread.h:216:64: warning: format specifies type 'int' but the argument has type 'size_t' (aka 'unsigned long') [-Wformat]
                php_printf("(2)found null at %d, return %d\n", length, length+1);
                                             ~~                ^~~~~~
                                             %zd
ext/pthreads/src/thread.h:216:72: warning: format specifies type 'int' but the argument has type 'unsigned long' [-Wformat]
                php_printf("(2)found null at %d, return %d\n", length, length+1);
                                                        ~~             ^~~~~~~~
                                                        %ld
ext/pthreads/src/thread.h:221:70: warning: format specifies type 'int' but the argument has type 'size_t' (aka 'unsigned long') [-Wformat]
                    php_printf("(3)found null at %d+1, return %d\n", length, length+1);
                                                 ~~                  ^~~~~~
                                                 %zd
ext/pthreads/src/thread.h:221:78: warning: format specifies type 'int' but the argument has type 'unsigned long' [-Wformat]
                    php_printf("(3)found null at %d+1, return %d\n", length, length+1);
                                                              ~~             ^~~~~~~~
                                                              %ld
ext/pthreads/src/thread.h:232:1: warning: control may reach end of non-void function [-Wreturn-type]
} /* }}} */
^
6 warnings generated.
/bin/sh /Users/Ingwie/Work/drag0n-php/libtool --silent --preserve-dup-deps --mode=compile cc  -Iext/pthreads/ -I/Users/Ingwie/Work/drag0n-php/ext/pthreads/ -DPHP_ATOM_INC -I/Users/Ingwie/Work/drag0n-php/include -I/Users/Ingwie/Work/drag0n-php/main -I/Users/Ingwie/Work/drag0n-php -I/Users/Ingwie/Work/drag0n-php/ext/date/lib -I/Users/Ingwie/Work/drag0n-php/ext/ereg/regex -I/usr/include/libxml2 -I/usr/local/include -I/Users/Ingwie/Work/drag0n-php/ext/mbstring/oniguruma -I/Users/Ingwie/Work/drag0n-php/ext/mbstring/libmbfl -I/Users/Ingwie/Work/drag0n-php/ext/mbstring/libmbfl/mbfl -I/Users/Ingwie/Work/drag0n-php/ext/sqlite3/libsqlite -I/Users/Ingwie/Work/drag0n-php/ext/pthreads -I/usr/include/tidy -I/Users/Ingwie/Work/drag0n-php/ext/tokenizer/includes -I/usr/local/lib/wx/include/osx_cocoa-unicode-2.9 -I/usr/local/include/wx-2.9 -I/Users/Ingwie/Work/drag0n-php/TSRM -I/Users/Ingwie/Work/drag0n-php/Zend  -no-cpp-precomp  -I/usr/include -g -O2 -fvisibility=hidden -DZTS  -c /Users/Ingwie/Work/drag0n-php/ext/pthreads/src/prepare.c -o ext/pthreads/src/prepare.lo 
In file included from /Users/Ingwie/Work/drag0n-php/ext/pthreads/src/prepare.c:22:
In file included from ext/pthreads/src/prepare.h:26:
ext/pthreads/src/thread.h:154:14: warning: equality comparison with extraneous parentheses [-Wparentheses-equality]
                if ((first == second))
                     ~~~~~~^~~~~~~~~
ext/pthreads/src/thread.h:154:14: note: remove extraneous parentheses around the comparison to silence this warning
                if ((first == second))
                    ~      ^        ~
ext/pthreads/src/thread.h:154:14: note: use '=' to turn this equality comparison into an assignment
                if ((first == second))
                           ^~
                           =
ext/pthreads/src/thread.h:216:64: warning: format specifies type 'int' but the argument has type 'size_t' (aka 'unsigned long') [-Wformat]
                php_printf("(2)found null at %d, return %d\n", length, length+1);
                                             ~~                ^~~~~~
                                             %zd
ext/pthreads/src/thread.h:216:72: warning: format specifies type 'int' but the argument has type 'unsigned long' [-Wformat]
                php_printf("(2)found null at %d, return %d\n", length, length+1);
                                                        ~~             ^~~~~~~~
                                                        %ld
ext/pthreads/src/thread.h:221:70: warning: format specifies type 'int' but the argument has type 'size_t' (aka 'unsigned long') [-Wformat]
                    php_printf("(3)found null at %d+1, return %d\n", length, length+1);
                                                 ~~                  ^~~~~~
                                                 %zd
ext/pthreads/src/thread.h:221:78: warning: format specifies type 'int' but the argument has type 'unsigned long' [-Wformat]
                    php_printf("(3)found null at %d+1, return %d\n", length, length+1);
                                                              ~~             ^~~~~~~~
                                                              %ld
ext/pthreads/src/thread.h:232:1: warning: control may reach end of non-void function [-Wreturn-type]
} /* }}} */
^
/Users/Ingwie/Work/drag0n-php/ext/pthreads/src/prepare.c:446:109: warning: data argument not used by format string [-Wformat-extra-args]
                                                        E_ERROR, "pthreads detected failure while preparing %s in %s", (*entry)->name, thread->std.ce->name, thread->tid
                                                                 ~~~~~~~~~~~~~~~~~~~~~~~~~~~~~~~~~~~~~~~~~~~~~~~~~~~~                                        ^
7 warnings generated.
/bin/sh /Users/Ingwie/Work/drag0n-php/libtool --silent --preserve-dup-deps --mode=compile cc  -Iext/pthreads/ -I/Users/Ingwie/Work/drag0n-php/ext/pthreads/ -DPHP_ATOM_INC -I/Users/Ingwie/Work/drag0n-php/include -I/Users/Ingwie/Work/drag0n-php/main -I/Users/Ingwie/Work/drag0n-php -I/Users/Ingwie/Work/drag0n-php/ext/date/lib -I/Users/Ingwie/Work/drag0n-php/ext/ereg/regex -I/usr/include/libxml2 -I/usr/local/include -I/Users/Ingwie/Work/drag0n-php/ext/mbstring/oniguruma -I/Users/Ingwie/Work/drag0n-php/ext/mbstring/libmbfl -I/Users/Ingwie/Work/drag0n-php/ext/mbstring/libmbfl/mbfl -I/Users/Ingwie/Work/drag0n-php/ext/sqlite3/libsqlite -I/Users/Ingwie/Work/drag0n-php/ext/pthreads -I/usr/include/tidy -I/Users/Ingwie/Work/drag0n-php/ext/tokenizer/includes -I/usr/local/lib/wx/include/osx_cocoa-unicode-2.9 -I/usr/local/include/wx-2.9 -I/Users/Ingwie/Work/drag0n-php/TSRM -I/Users/Ingwie/Work/drag0n-php/Zend  -no-cpp-precomp  -I/usr/include -g -O2 -fvisibility=hidden -DZTS  -c /Users/Ingwie/Work/drag0n-php/ext/pthreads/src/synchro.c -o ext/pthreads/src/synchro.lo 
In file included from /Users/Ingwie/Work/drag0n-php/ext/pthreads/src/synchro.c:30:
In file included from ext/pthreads/src/object.h:36:
ext/pthreads/src/thread.h:154:14: warning: equality comparison with extraneous parentheses [-Wparentheses-equality]
                if ((first == second))
                     ~~~~~~^~~~~~~~~
ext/pthreads/src/thread.h:154:14: note: remove extraneous parentheses around the comparison to silence this warning
                if ((first == second))
                    ~      ^        ~
ext/pthreads/src/thread.h:154:14: note: use '=' to turn this equality comparison into an assignment
                if ((first == second))
                           ^~
                           =
ext/pthreads/src/thread.h:216:64: warning: format specifies type 'int' but the argument has type 'size_t' (aka 'unsigned long') [-Wformat]
                php_printf("(2)found null at %d, return %d\n", length, length+1);
                                             ~~                ^~~~~~
                                             %zd
ext/pthreads/src/thread.h:216:72: warning: format specifies type 'int' but the argument has type 'unsigned long' [-Wformat]
                php_printf("(2)found null at %d, return %d\n", length, length+1);
                                                        ~~             ^~~~~~~~
                                                        %ld
ext/pthreads/src/thread.h:221:70: warning: format specifies type 'int' but the argument has type 'size_t' (aka 'unsigned long') [-Wformat]
                    php_printf("(3)found null at %d+1, return %d\n", length, length+1);
                                                 ~~                  ^~~~~~
                                                 %zd
ext/pthreads/src/thread.h:221:78: warning: format specifies type 'int' but the argument has type 'unsigned long' [-Wformat]
                    php_printf("(3)found null at %d+1, return %d\n", length, length+1);
                                                              ~~             ^~~~~~~~
                                                              %ld
ext/pthreads/src/thread.h:232:1: warning: control may reach end of non-void function [-Wreturn-type]
} /* }}} */
^
6 warnings generated.
/bin/sh /Users/Ingwie/Work/drag0n-php/libtool --silent --preserve-dup-deps --mode=compile cc  -Iext/pthreads/ -I/Users/Ingwie/Work/drag0n-php/ext/pthreads/ -DPHP_ATOM_INC -I/Users/Ingwie/Work/drag0n-php/include -I/Users/Ingwie/Work/drag0n-php/main -I/Users/Ingwie/Work/drag0n-php -I/Users/Ingwie/Work/drag0n-php/ext/date/lib -I/Users/Ingwie/Work/drag0n-php/ext/ereg/regex -I/usr/include/libxml2 -I/usr/local/include -I/Users/Ingwie/Work/drag0n-php/ext/mbstring/oniguruma -I/Users/Ingwie/Work/drag0n-php/ext/mbstring/libmbfl -I/Users/Ingwie/Work/drag0n-php/ext/mbstring/libmbfl/mbfl -I/Users/Ingwie/Work/drag0n-php/ext/sqlite3/libsqlite -I/Users/Ingwie/Work/drag0n-php/ext/pthreads -I/usr/include/tidy -I/Users/Ingwie/Work/drag0n-php/ext/tokenizer/includes -I/usr/local/lib/wx/include/osx_cocoa-unicode-2.9 -I/usr/local/include/wx-2.9 -I/Users/Ingwie/Work/drag0n-php/TSRM -I/Users/Ingwie/Work/drag0n-php/Zend  -no-cpp-precomp  -I/usr/include -g -O2 -fvisibility=hidden -DZTS  -c /Users/Ingwie/Work/drag0n-php/ext/pthreads/src/state.c -o ext/pthreads/src/state.lo 
In file included from /Users/Ingwie/Work/drag0n-php/ext/pthreads/src/state.c:31:
ext/pthreads/src/thread.h:154:14: warning: equality comparison with extraneous parentheses [-Wparentheses-equality]
                if ((first == second))
                     ~~~~~~^~~~~~~~~
ext/pthreads/src/thread.h:154:14: note: remove extraneous parentheses around the comparison to silence this warning
                if ((first == second))
                    ~      ^        ~
ext/pthreads/src/thread.h:154:14: note: use '=' to turn this equality comparison into an assignment
                if ((first == second))
                           ^~
                           =
ext/pthreads/src/thread.h:216:64: warning: format specifies type 'int' but the argument has type 'size_t' (aka 'unsigned long') [-Wformat]
                php_printf("(2)found null at %d, return %d\n", length, length+1);
                                             ~~                ^~~~~~
                                             %zd
ext/pthreads/src/thread.h:216:72: warning: format specifies type 'int' but the argument has type 'unsigned long' [-Wformat]
                php_printf("(2)found null at %d, return %d\n", length, length+1);
                                                        ~~             ^~~~~~~~
                                                        %ld
ext/pthreads/src/thread.h:221:70: warning: format specifies type 'int' but the argument has type 'size_t' (aka 'unsigned long') [-Wformat]
                    php_printf("(3)found null at %d+1, return %d\n", length, length+1);
                                                 ~~                  ^~~~~~
                                                 %zd
ext/pthreads/src/thread.h:221:78: warning: format specifies type 'int' but the argument has type 'unsigned long' [-Wformat]
                    php_printf("(3)found null at %d+1, return %d\n", length, length+1);
                                                              ~~             ^~~~~~~~
                                                              %ld
ext/pthreads/src/thread.h:232:1: warning: control may reach end of non-void function [-Wreturn-type]
} /* }}} */
^
6 warnings generated.
/bin/sh /Users/Ingwie/Work/drag0n-php/libtool --silent --preserve-dup-deps --mode=compile cc  -Iext/pthreads/ -I/Users/Ingwie/Work/drag0n-php/ext/pthreads/ -DPHP_ATOM_INC -I/Users/Ingwie/Work/drag0n-php/include -I/Users/Ingwie/Work/drag0n-php/main -I/Users/Ingwie/Work/drag0n-php -I/Users/Ingwie/Work/drag0n-php/ext/date/lib -I/Users/Ingwie/Work/drag0n-php/ext/ereg/regex -I/usr/include/libxml2 -I/usr/local/include -I/Users/Ingwie/Work/drag0n-php/ext/mbstring/oniguruma -I/Users/Ingwie/Work/drag0n-php/ext/mbstring/libmbfl -I/Users/Ingwie/Work/drag0n-php/ext/mbstring/libmbfl/mbfl -I/Users/Ingwie/Work/drag0n-php/ext/sqlite3/libsqlite -I/Users/Ingwie/Work/drag0n-php/ext/pthreads -I/usr/include/tidy -I/Users/Ingwie/Work/drag0n-php/ext/tokenizer/includes -I/usr/local/lib/wx/include/osx_cocoa-unicode-2.9 -I/usr/local/include/wx-2.9 -I/Users/Ingwie/Work/drag0n-php/TSRM -I/Users/Ingwie/Work/drag0n-php/Zend  -no-cpp-precomp  -I/usr/include -g -O2 -fvisibility=hidden -DZTS  -c /Users/Ingwie/Work/drag0n-php/ext/pthreads/src/store.c -o ext/pthreads/src/store.lo 
In file included from /Users/Ingwie/Work/drag0n-php/ext/pthreads/src/store.c:26:
ext/pthreads/src/thread.h:154:14: warning: equality comparison with extraneous parentheses [-Wparentheses-equality]
                if ((first == second))
                     ~~~~~~^~~~~~~~~
ext/pthreads/src/thread.h:154:14: note: remove extraneous parentheses around the comparison to silence this warning
                if ((first == second))
                    ~      ^        ~
ext/pthreads/src/thread.h:154:14: note: use '=' to turn this equality comparison into an assignment
                if ((first == second))
                           ^~
                           =
ext/pthreads/src/thread.h:216:64: warning: format specifies type 'int' but the argument has type 'size_t' (aka 'unsigned long') [-Wformat]
                php_printf("(2)found null at %d, return %d\n", length, length+1);
                                             ~~                ^~~~~~
                                             %zd
ext/pthreads/src/thread.h:216:72: warning: format specifies type 'int' but the argument has type 'unsigned long' [-Wformat]
                php_printf("(2)found null at %d, return %d\n", length, length+1);
                                                        ~~             ^~~~~~~~
                                                        %ld
ext/pthreads/src/thread.h:221:70: warning: format specifies type 'int' but the argument has type 'size_t' (aka 'unsigned long') [-Wformat]
                    php_printf("(3)found null at %d+1, return %d\n", length, length+1);
                                                 ~~                  ^~~~~~
                                                 %zd
ext/pthreads/src/thread.h:221:78: warning: format specifies type 'int' but the argument has type 'unsigned long' [-Wformat]
                    php_printf("(3)found null at %d+1, return %d\n", length, length+1);
                                                              ~~             ^~~~~~~~
                                                              %ld
ext/pthreads/src/thread.h:232:1: warning: control may reach end of non-void function [-Wreturn-type]
} /* }}} */
^
/Users/Ingwie/Work/drag0n-php/ext/pthreads/src/store.c:781:130: warning: format specifies type 'unsigned long' but the argument has type 'zend_uint' (aka 'unsigned int') [-Wformat]
                            zend_error(E_WARNING, "pthreads detected an unsupported key type for merging, ignoring data at %lu", index);
                                                                                                                           ~~~   ^~~~~
                                                                                                                           %u
7 warnings generated.
/bin/sh /Users/Ingwie/Work/drag0n-php/libtool --silent --preserve-dup-deps --mode=compile cc  -Iext/pthreads/ -I/Users/Ingwie/Work/drag0n-php/ext/pthreads/ -DPHP_ATOM_INC -I/Users/Ingwie/Work/drag0n-php/include -I/Users/Ingwie/Work/drag0n-php/main -I/Users/Ingwie/Work/drag0n-php -I/Users/Ingwie/Work/drag0n-php/ext/date/lib -I/Users/Ingwie/Work/drag0n-php/ext/ereg/regex -I/usr/include/libxml2 -I/usr/local/include -I/Users/Ingwie/Work/drag0n-php/ext/mbstring/oniguruma -I/Users/Ingwie/Work/drag0n-php/ext/mbstring/libmbfl -I/Users/Ingwie/Work/drag0n-php/ext/mbstring/libmbfl/mbfl -I/Users/Ingwie/Work/drag0n-php/ext/sqlite3/libsqlite -I/Users/Ingwie/Work/drag0n-php/ext/pthreads -I/usr/include/tidy -I/Users/Ingwie/Work/drag0n-php/ext/tokenizer/includes -I/usr/local/lib/wx/include/osx_cocoa-unicode-2.9 -I/usr/local/include/wx-2.9 -I/Users/Ingwie/Work/drag0n-php/TSRM -I/Users/Ingwie/Work/drag0n-php/Zend  -no-cpp-precomp  -I/usr/include -g -O2 -fvisibility=hidden -DZTS  -c /Users/Ingwie/Work/drag0n-php/ext/pthreads/src/resources.c -o ext/pthreads/src/resources.lo 
/bin/sh /Users/Ingwie/Work/drag0n-php/libtool --silent --preserve-dup-deps --mode=compile cc  -Iext/pthreads/ -I/Users/Ingwie/Work/drag0n-php/ext/pthreads/ -DPHP_ATOM_INC -I/Users/Ingwie/Work/drag0n-php/include -I/Users/Ingwie/Work/drag0n-php/main -I/Users/Ingwie/Work/drag0n-php -I/Users/Ingwie/Work/drag0n-php/ext/date/lib -I/Users/Ingwie/Work/drag0n-php/ext/ereg/regex -I/usr/include/libxml2 -I/usr/local/include -I/Users/Ingwie/Work/drag0n-php/ext/mbstring/oniguruma -I/Users/Ingwie/Work/drag0n-php/ext/mbstring/libmbfl -I/Users/Ingwie/Work/drag0n-php/ext/mbstring/libmbfl/mbfl -I/Users/Ingwie/Work/drag0n-php/ext/sqlite3/libsqlite -I/Users/Ingwie/Work/drag0n-php/ext/pthreads -I/usr/include/tidy -I/Users/Ingwie/Work/drag0n-php/ext/tokenizer/includes -I/usr/local/lib/wx/include/osx_cocoa-unicode-2.9 -I/usr/local/include/wx-2.9 -I/Users/Ingwie/Work/drag0n-php/TSRM -I/Users/Ingwie/Work/drag0n-php/Zend  -no-cpp-precomp  -I/usr/include -g -O2 -fvisibility=hidden -DZTS  -c /Users/Ingwie/Work/drag0n-php/ext/pthreads/src/modifiers.c -o ext/pthreads/src/modifiers.lo 
In file included from /Users/Ingwie/Work/drag0n-php/ext/pthreads/src/modifiers.c:30:
In file included from ext/pthreads/src/object.h:36:
ext/pthreads/src/thread.h:154:14: warning: equality comparison with extraneous parentheses [-Wparentheses-equality]
                if ((first == second))
                     ~~~~~~^~~~~~~~~
ext/pthreads/src/thread.h:154:14: note: remove extraneous parentheses around the comparison to silence this warning
                if ((first == second))
                    ~      ^        ~
ext/pthreads/src/thread.h:154:14: note: use '=' to turn this equality comparison into an assignment
                if ((first == second))
                           ^~
                           =
ext/pthreads/src/thread.h:216:64: warning: format specifies type 'int' but the argument has type 'size_t' (aka 'unsigned long') [-Wformat]
                php_printf("(2)found null at %d, return %d\n", length, length+1);
                                             ~~                ^~~~~~
                                             %zd
ext/pthreads/src/thread.h:216:72: warning: format specifies type 'int' but the argument has type 'unsigned long' [-Wformat]
                php_printf("(2)found null at %d, return %d\n", length, length+1);
                                                        ~~             ^~~~~~~~
                                                        %ld
ext/pthreads/src/thread.h:221:70: warning: format specifies type 'int' but the argument has type 'size_t' (aka 'unsigned long') [-Wformat]
                    php_printf("(3)found null at %d+1, return %d\n", length, length+1);
                                                 ~~                  ^~~~~~
                                                 %zd
ext/pthreads/src/thread.h:221:78: warning: format specifies type 'int' but the argument has type 'unsigned long' [-Wformat]
                    php_printf("(3)found null at %d+1, return %d\n", length, length+1);
                                                              ~~             ^~~~~~~~
                                                              %ld
ext/pthreads/src/thread.h:232:1: warning: control may reach end of non-void function [-Wreturn-type]
} /* }}} */
^
6 warnings generated.
/bin/sh /Users/Ingwie/Work/drag0n-php/libtool --silent --preserve-dup-deps --mode=compile cc  -Iext/pthreads/ -I/Users/Ingwie/Work/drag0n-php/ext/pthreads/ -DPHP_ATOM_INC -I/Users/Ingwie/Work/drag0n-php/include -I/Users/Ingwie/Work/drag0n-php/main -I/Users/Ingwie/Work/drag0n-php -I/Users/Ingwie/Work/drag0n-php/ext/date/lib -I/Users/Ingwie/Work/drag0n-php/ext/ereg/regex -I/usr/include/libxml2 -I/usr/local/include -I/Users/Ingwie/Work/drag0n-php/ext/mbstring/oniguruma -I/Users/Ingwie/Work/drag0n-php/ext/mbstring/libmbfl -I/Users/Ingwie/Work/drag0n-php/ext/mbstring/libmbfl/mbfl -I/Users/Ingwie/Work/drag0n-php/ext/sqlite3/libsqlite -I/Users/Ingwie/Work/drag0n-php/ext/pthreads -I/usr/include/tidy -I/Users/Ingwie/Work/drag0n-php/ext/tokenizer/includes -I/usr/local/lib/wx/include/osx_cocoa-unicode-2.9 -I/usr/local/include/wx-2.9 -I/Users/Ingwie/Work/drag0n-php/TSRM -I/Users/Ingwie/Work/drag0n-php/Zend  -no-cpp-precomp  -I/usr/include -g -O2 -fvisibility=hidden -DZTS  -c /Users/Ingwie/Work/drag0n-php/ext/pthreads/src/handlers.c -o ext/pthreads/src/handlers.lo 
In file included from /Users/Ingwie/Work/drag0n-php/ext/pthreads/src/handlers.c:26:
ext/pthreads/src/thread.h:154:14: warning: equality comparison with extraneous parentheses [-Wparentheses-equality]
                if ((first == second))
                     ~~~~~~^~~~~~~~~
ext/pthreads/src/thread.h:154:14: note: remove extraneous parentheses around the comparison to silence this warning
                if ((first == second))
                    ~      ^        ~
ext/pthreads/src/thread.h:154:14: note: use '=' to turn this equality comparison into an assignment
                if ((first == second))
                           ^~
                           =
ext/pthreads/src/thread.h:216:64: warning: format specifies type 'int' but the argument has type 'size_t' (aka 'unsigned long') [-Wformat]
                php_printf("(2)found null at %d, return %d\n", length, length+1);
                                             ~~                ^~~~~~
                                             %zd
ext/pthreads/src/thread.h:216:72: warning: format specifies type 'int' but the argument has type 'unsigned long' [-Wformat]
                php_printf("(2)found null at %d, return %d\n", length, length+1);
                                                        ~~             ^~~~~~~~
                                                        %ld
ext/pthreads/src/thread.h:221:70: warning: format specifies type 'int' but the argument has type 'size_t' (aka 'unsigned long') [-Wformat]
                    php_printf("(3)found null at %d+1, return %d\n", length, length+1);
                                                 ~~                  ^~~~~~
                                                 %zd
ext/pthreads/src/thread.h:221:78: warning: format specifies type 'int' but the argument has type 'unsigned long' [-Wformat]
                    php_printf("(3)found null at %d+1, return %d\n", length, length+1);
                                                              ~~             ^~~~~~~~
                                                              %ld
ext/pthreads/src/thread.h:232:1: warning: control may reach end of non-void function [-Wreturn-type]
} /* }}} */
^
6 warnings generated.
/bin/sh /Users/Ingwie/Work/drag0n-php/libtool --silent --preserve-dup-deps --mode=compile cc  -Iext/pthreads/ -I/Users/Ingwie/Work/drag0n-php/ext/pthreads/ -DPHP_ATOM_INC -I/Users/Ingwie/Work/drag0n-php/include -I/Users/Ingwie/Work/drag0n-php/main -I/Users/Ingwie/Work/drag0n-php -I/Users/Ingwie/Work/drag0n-php/ext/date/lib -I/Users/Ingwie/Work/drag0n-php/ext/ereg/regex -I/usr/include/libxml2 -I/usr/local/include -I/Users/Ingwie/Work/drag0n-php/ext/mbstring/oniguruma -I/Users/Ingwie/Work/drag0n-php/ext/mbstring/libmbfl -I/Users/Ingwie/Work/drag0n-php/ext/mbstring/libmbfl/mbfl -I/Users/Ingwie/Work/drag0n-php/ext/sqlite3/libsqlite -I/Users/Ingwie/Work/drag0n-php/ext/pthreads -I/usr/include/tidy -I/Users/Ingwie/Work/drag0n-php/ext/tokenizer/includes -I/usr/local/lib/wx/include/osx_cocoa-unicode-2.9 -I/usr/local/include/wx-2.9 -I/Users/Ingwie/Work/drag0n-php/TSRM -I/Users/Ingwie/Work/drag0n-php/Zend  -no-cpp-precomp  -I/usr/include -g -O2 -fvisibility=hidden -DZTS  -c /Users/Ingwie/Work/drag0n-php/ext/pthreads/src/object.c -o ext/pthreads/src/object.lo 
In file included from /Users/Ingwie/Work/drag0n-php/ext/pthreads/src/object.c:22:
In file included from ext/pthreads/src/object.h:36:
ext/pthreads/src/thread.h:154:14: warning: equality comparison with extraneous parentheses [-Wparentheses-equality]
                if ((first == second))
                     ~~~~~~^~~~~~~~~
ext/pthreads/src/thread.h:154:14: note: remove extraneous parentheses around the comparison to silence this warning
                if ((first == second))
                    ~      ^        ~
ext/pthreads/src/thread.h:154:14: note: use '=' to turn this equality comparison into an assignment
                if ((first == second))
                           ^~
                           =
ext/pthreads/src/thread.h:216:64: warning: format specifies type 'int' but the argument has type 'size_t' (aka 'unsigned long') [-Wformat]
                php_printf("(2)found null at %d, return %d\n", length, length+1);
                                             ~~                ^~~~~~
                                             %zd
ext/pthreads/src/thread.h:216:72: warning: format specifies type 'int' but the argument has type 'unsigned long' [-Wformat]
                php_printf("(2)found null at %d, return %d\n", length, length+1);
                                                        ~~             ^~~~~~~~
                                                        %ld
ext/pthreads/src/thread.h:221:70: warning: format specifies type 'int' but the argument has type 'size_t' (aka 'unsigned long') [-Wformat]
                    php_printf("(3)found null at %d+1, return %d\n", length, length+1);
                                                 ~~                  ^~~~~~
                                                 %zd
ext/pthreads/src/thread.h:221:78: warning: format specifies type 'int' but the argument has type 'unsigned long' [-Wformat]
                    php_printf("(3)found null at %d+1, return %d\n", length, length+1);
                                                              ~~             ^~~~~~~~
                                                              %ld
ext/pthreads/src/thread.h:232:1: warning: control may reach end of non-void function [-Wreturn-type]
} /* }}} */
^
/Users/Ingwie/Work/drag0n-php/ext/pthreads/src/object.c:128:30: warning: assigning to 'unsigned char *' from 'char *' converts between pointers to integer types with different sign [-Wpointer-sign]
                error->clazz = strdup(
                             ^ ~~~~~~~
/Users/Ingwie/Work/drag0n-php/ext/pthreads/src/object.c:133:31: warning: assigning to 'unsigned char *' from 'char *' converts between pointers to integer types with different sign [-Wpointer-sign]
                error->method = strdup(
                              ^ ~~~~~~~
/Users/Ingwie/Work/drag0n-php/ext/pthreads/src/object.c:144:29: warning: assigning to 'unsigned char *' from 'char *' converts between pointers to integer types with different sign [-Wpointer-sign]
                error->file = strdup(tmp);
                            ^ ~~~~~~~~~~~
/Users/Ingwie/Work/drag0n-php/ext/pthreads/src/object.c:254:16: warning: using the result of an assignment as a condition without parentheses [-Wparentheses]
                        if (current = *work) {
                            ~~~~~~~~^~~~~~~
/Users/Ingwie/Work/drag0n-php/ext/pthreads/src/object.c:254:16: note: place parentheses around the assignment to silence this warning
                        if (current = *work) {
                                    ^
                            (              )
/Users/Ingwie/Work/drag0n-php/ext/pthreads/src/object.c:254:16: note: use '==' to turn this assignment into an equality comparison
                        if (current = *work) {
                                    ^
                                    ==
/Users/Ingwie/Work/drag0n-php/ext/pthreads/src/object.c:474:48: warning: incompatible pointer to integer conversion passing 'void ***' to parameter of type 'int' [-Wint-conversion]
            base->error = pthreads_error_alloc(TSRMLS_C);
                                               ^~~~~~~~
/Users/Ingwie/Work/drag0n-php/Zend/../TSRM/TSRM.h:167:18: note: expanded from macro 'TSRMLS_C'
#define TSRMLS_C        tsrm_ls
                        ^~~~~~~
/Users/Ingwie/Work/drag0n-php/ext/pthreads/src/object.c:645:41: warning: format specifies type 'unsigned long *' but the argument has type 'PTHREAD *' (aka 'struct _pthread_construct **') [-Wformat]
        if (sscanf((const char*)buffer, "%lu", &address)) {
                                         ~~~   ^~~~~~~~
12 warnings generated.
/bin/sh /Users/Ingwie/Work/drag0n-php/libtool --silent --preserve-dup-deps --mode=compile cc  -Iext/readline/ -I/Users/Ingwie/Work/drag0n-php/ext/readline/ -DPHP_ATOM_INC -I/Users/Ingwie/Work/drag0n-php/include -I/Users/Ingwie/Work/drag0n-php/main -I/Users/Ingwie/Work/drag0n-php -I/Users/Ingwie/Work/drag0n-php/ext/date/lib -I/Users/Ingwie/Work/drag0n-php/ext/ereg/regex -I/usr/include/libxml2 -I/usr/local/include -I/Users/Ingwie/Work/drag0n-php/ext/mbstring/oniguruma -I/Users/Ingwie/Work/drag0n-php/ext/mbstring/libmbfl -I/Users/Ingwie/Work/drag0n-php/ext/mbstring/libmbfl/mbfl -I/Users/Ingwie/Work/drag0n-php/ext/sqlite3/libsqlite -I/Users/Ingwie/Work/drag0n-php/ext/pthreads -I/usr/include/tidy -I/Users/Ingwie/Work/drag0n-php/ext/tokenizer/includes -I/usr/local/lib/wx/include/osx_cocoa-unicode-2.9 -I/usr/local/include/wx-2.9 -I/Users/Ingwie/Work/drag0n-php/TSRM -I/Users/Ingwie/Work/drag0n-php/Zend  -no-cpp-precomp  -I/usr/include -g -O2 -fvisibility=hidden -DZTS  -c /Users/Ingwie/Work/drag0n-php/ext/readline/readline.c -o ext/readline/readline.lo 
In file included from /Users/Ingwie/Work/drag0n-php/ext/readline/readline.c:28:
ext/readline/php_readline.h:26:2: warning: Readline module will *NEVER* be thread-safe [-W#warnings]
#warning Readline module will *NEVER* be thread-safe
 ^
1 warning generated.
/bin/sh /Users/Ingwie/Work/drag0n-php/libtool --silent --preserve-dup-deps --mode=compile cc  -Iext/readline/ -I/Users/Ingwie/Work/drag0n-php/ext/readline/ -DPHP_ATOM_INC -I/Users/Ingwie/Work/drag0n-php/include -I/Users/Ingwie/Work/drag0n-php/main -I/Users/Ingwie/Work/drag0n-php -I/Users/Ingwie/Work/drag0n-php/ext/date/lib -I/Users/Ingwie/Work/drag0n-php/ext/ereg/regex -I/usr/include/libxml2 -I/usr/local/include -I/Users/Ingwie/Work/drag0n-php/ext/mbstring/oniguruma -I/Users/Ingwie/Work/drag0n-php/ext/mbstring/libmbfl -I/Users/Ingwie/Work/drag0n-php/ext/mbstring/libmbfl/mbfl -I/Users/Ingwie/Work/drag0n-php/ext/sqlite3/libsqlite -I/Users/Ingwie/Work/drag0n-php/ext/pthreads -I/usr/include/tidy -I/Users/Ingwie/Work/drag0n-php/ext/tokenizer/includes -I/usr/local/lib/wx/include/osx_cocoa-unicode-2.9 -I/usr/local/include/wx-2.9 -I/Users/Ingwie/Work/drag0n-php/TSRM -I/Users/Ingwie/Work/drag0n-php/Zend  -no-cpp-precomp  -I/usr/include -g -O2 -fvisibility=hidden -DZTS  -c /Users/Ingwie/Work/drag0n-php/ext/readline/readline_cli.c -o ext/readline/readline_cli.lo 
/bin/sh /Users/Ingwie/Work/drag0n-php/libtool --silent --preserve-dup-deps --mode=compile cc  -Iext/reflection/ -I/Users/Ingwie/Work/drag0n-php/ext/reflection/ -DPHP_ATOM_INC -I/Users/Ingwie/Work/drag0n-php/include -I/Users/Ingwie/Work/drag0n-php/main -I/Users/Ingwie/Work/drag0n-php -I/Users/Ingwie/Work/drag0n-php/ext/date/lib -I/Users/Ingwie/Work/drag0n-php/ext/ereg/regex -I/usr/include/libxml2 -I/usr/local/include -I/Users/Ingwie/Work/drag0n-php/ext/mbstring/oniguruma -I/Users/Ingwie/Work/drag0n-php/ext/mbstring/libmbfl -I/Users/Ingwie/Work/drag0n-php/ext/mbstring/libmbfl/mbfl -I/Users/Ingwie/Work/drag0n-php/ext/sqlite3/libsqlite -I/Users/Ingwie/Work/drag0n-php/ext/pthreads -I/usr/include/tidy -I/Users/Ingwie/Work/drag0n-php/ext/tokenizer/includes -I/usr/local/lib/wx/include/osx_cocoa-unicode-2.9 -I/usr/local/include/wx-2.9 -I/Users/Ingwie/Work/drag0n-php/TSRM -I/Users/Ingwie/Work/drag0n-php/Zend  -no-cpp-precomp  -I/usr/include -g -O2 -fvisibility=hidden -DZTS  -c /Users/Ingwie/Work/drag0n-php/ext/reflection/php_reflection.c -o ext/reflection/php_reflection.lo 
/bin/sh /Users/Ingwie/Work/drag0n-php/libtool --silent --preserve-dup-deps --mode=compile cc  -Iext/session/ -I/Users/Ingwie/Work/drag0n-php/ext/session/ -DPHP_ATOM_INC -I/Users/Ingwie/Work/drag0n-php/include -I/Users/Ingwie/Work/drag0n-php/main -I/Users/Ingwie/Work/drag0n-php -I/Users/Ingwie/Work/drag0n-php/ext/date/lib -I/Users/Ingwie/Work/drag0n-php/ext/ereg/regex -I/usr/include/libxml2 -I/usr/local/include -I/Users/Ingwie/Work/drag0n-php/ext/mbstring/oniguruma -I/Users/Ingwie/Work/drag0n-php/ext/mbstring/libmbfl -I/Users/Ingwie/Work/drag0n-php/ext/mbstring/libmbfl/mbfl -I/Users/Ingwie/Work/drag0n-php/ext/sqlite3/libsqlite -I/Users/Ingwie/Work/drag0n-php/ext/pthreads -I/usr/include/tidy -I/Users/Ingwie/Work/drag0n-php/ext/tokenizer/includes -I/usr/local/lib/wx/include/osx_cocoa-unicode-2.9 -I/usr/local/include/wx-2.9 -I/Users/Ingwie/Work/drag0n-php/TSRM -I/Users/Ingwie/Work/drag0n-php/Zend  -no-cpp-precomp  -I/usr/include -g -O2 -fvisibility=hidden -DZTS  -c /Users/Ingwie/Work/drag0n-php/ext/session/mod_user_class.c -o ext/session/mod_user_class.lo 
/bin/sh /Users/Ingwie/Work/drag0n-php/libtool --silent --preserve-dup-deps --mode=compile cc  -Iext/session/ -I/Users/Ingwie/Work/drag0n-php/ext/session/ -DPHP_ATOM_INC -I/Users/Ingwie/Work/drag0n-php/include -I/Users/Ingwie/Work/drag0n-php/main -I/Users/Ingwie/Work/drag0n-php -I/Users/Ingwie/Work/drag0n-php/ext/date/lib -I/Users/Ingwie/Work/drag0n-php/ext/ereg/regex -I/usr/include/libxml2 -I/usr/local/include -I/Users/Ingwie/Work/drag0n-php/ext/mbstring/oniguruma -I/Users/Ingwie/Work/drag0n-php/ext/mbstring/libmbfl -I/Users/Ingwie/Work/drag0n-php/ext/mbstring/libmbfl/mbfl -I/Users/Ingwie/Work/drag0n-php/ext/sqlite3/libsqlite -I/Users/Ingwie/Work/drag0n-php/ext/pthreads -I/usr/include/tidy -I/Users/Ingwie/Work/drag0n-php/ext/tokenizer/includes -I/usr/local/lib/wx/include/osx_cocoa-unicode-2.9 -I/usr/local/include/wx-2.9 -I/Users/Ingwie/Work/drag0n-php/TSRM -I/Users/Ingwie/Work/drag0n-php/Zend  -no-cpp-precomp  -I/usr/include -g -O2 -fvisibility=hidden -DZTS  -c /Users/Ingwie/Work/drag0n-php/ext/session/session.c -o ext/session/session.lo 
/bin/sh /Users/Ingwie/Work/drag0n-php/libtool --silent --preserve-dup-deps --mode=compile cc  -Iext/session/ -I/Users/Ingwie/Work/drag0n-php/ext/session/ -DPHP_ATOM_INC -I/Users/Ingwie/Work/drag0n-php/include -I/Users/Ingwie/Work/drag0n-php/main -I/Users/Ingwie/Work/drag0n-php -I/Users/Ingwie/Work/drag0n-php/ext/date/lib -I/Users/Ingwie/Work/drag0n-php/ext/ereg/regex -I/usr/include/libxml2 -I/usr/local/include -I/Users/Ingwie/Work/drag0n-php/ext/mbstring/oniguruma -I/Users/Ingwie/Work/drag0n-php/ext/mbstring/libmbfl -I/Users/Ingwie/Work/drag0n-php/ext/mbstring/libmbfl/mbfl -I/Users/Ingwie/Work/drag0n-php/ext/sqlite3/libsqlite -I/Users/Ingwie/Work/drag0n-php/ext/pthreads -I/usr/include/tidy -I/Users/Ingwie/Work/drag0n-php/ext/tokenizer/includes -I/usr/local/lib/wx/include/osx_cocoa-unicode-2.9 -I/usr/local/include/wx-2.9 -I/Users/Ingwie/Work/drag0n-php/TSRM -I/Users/Ingwie/Work/drag0n-php/Zend  -no-cpp-precomp  -I/usr/include -g -O2 -fvisibility=hidden -DZTS  -c /Users/Ingwie/Work/drag0n-php/ext/session/mod_files.c -o ext/session/mod_files.lo 
/bin/sh /Users/Ingwie/Work/drag0n-php/libtool --silent --preserve-dup-deps --mode=compile cc  -Iext/session/ -I/Users/Ingwie/Work/drag0n-php/ext/session/ -DPHP_ATOM_INC -I/Users/Ingwie/Work/drag0n-php/include -I/Users/Ingwie/Work/drag0n-php/main -I/Users/Ingwie/Work/drag0n-php -I/Users/Ingwie/Work/drag0n-php/ext/date/lib -I/Users/Ingwie/Work/drag0n-php/ext/ereg/regex -I/usr/include/libxml2 -I/usr/local/include -I/Users/Ingwie/Work/drag0n-php/ext/mbstring/oniguruma -I/Users/Ingwie/Work/drag0n-php/ext/mbstring/libmbfl -I/Users/Ingwie/Work/drag0n-php/ext/mbstring/libmbfl/mbfl -I/Users/Ingwie/Work/drag0n-php/ext/sqlite3/libsqlite -I/Users/Ingwie/Work/drag0n-php/ext/pthreads -I/usr/include/tidy -I/Users/Ingwie/Work/drag0n-php/ext/tokenizer/includes -I/usr/local/lib/wx/include/osx_cocoa-unicode-2.9 -I/usr/local/include/wx-2.9 -I/Users/Ingwie/Work/drag0n-php/TSRM -I/Users/Ingwie/Work/drag0n-php/Zend  -no-cpp-precomp  -I/usr/include -g -O2 -fvisibility=hidden -DZTS  -c /Users/Ingwie/Work/drag0n-php/ext/session/mod_mm.c -o ext/session/mod_mm.lo 
/bin/sh /Users/Ingwie/Work/drag0n-php/libtool --silent --preserve-dup-deps --mode=compile cc  -Iext/session/ -I/Users/Ingwie/Work/drag0n-php/ext/session/ -DPHP_ATOM_INC -I/Users/Ingwie/Work/drag0n-php/include -I/Users/Ingwie/Work/drag0n-php/main -I/Users/Ingwie/Work/drag0n-php -I/Users/Ingwie/Work/drag0n-php/ext/date/lib -I/Users/Ingwie/Work/drag0n-php/ext/ereg/regex -I/usr/include/libxml2 -I/usr/local/include -I/Users/Ingwie/Work/drag0n-php/ext/mbstring/oniguruma -I/Users/Ingwie/Work/drag0n-php/ext/mbstring/libmbfl -I/Users/Ingwie/Work/drag0n-php/ext/mbstring/libmbfl/mbfl -I/Users/Ingwie/Work/drag0n-php/ext/sqlite3/libsqlite -I/Users/Ingwie/Work/drag0n-php/ext/pthreads -I/usr/include/tidy -I/Users/Ingwie/Work/drag0n-php/ext/tokenizer/includes -I/usr/local/lib/wx/include/osx_cocoa-unicode-2.9 -I/usr/local/include/wx-2.9 -I/Users/Ingwie/Work/drag0n-php/TSRM -I/Users/Ingwie/Work/drag0n-php/Zend  -no-cpp-precomp  -I/usr/include -g -O2 -fvisibility=hidden -DZTS  -c /Users/Ingwie/Work/drag0n-php/ext/session/mod_user.c -o ext/session/mod_user.lo 
/bin/sh /Users/Ingwie/Work/drag0n-php/libtool --silent --preserve-dup-deps --mode=compile cc  -Iext/simplexml/ -I/Users/Ingwie/Work/drag0n-php/ext/simplexml/ -DPHP_ATOM_INC -I/Users/Ingwie/Work/drag0n-php/include -I/Users/Ingwie/Work/drag0n-php/main -I/Users/Ingwie/Work/drag0n-php -I/Users/Ingwie/Work/drag0n-php/ext/date/lib -I/Users/Ingwie/Work/drag0n-php/ext/ereg/regex -I/usr/include/libxml2 -I/usr/local/include -I/Users/Ingwie/Work/drag0n-php/ext/mbstring/oniguruma -I/Users/Ingwie/Work/drag0n-php/ext/mbstring/libmbfl -I/Users/Ingwie/Work/drag0n-php/ext/mbstring/libmbfl/mbfl -I/Users/Ingwie/Work/drag0n-php/ext/sqlite3/libsqlite -I/Users/Ingwie/Work/drag0n-php/ext/pthreads -I/usr/include/tidy -I/Users/Ingwie/Work/drag0n-php/ext/tokenizer/includes -I/usr/local/lib/wx/include/osx_cocoa-unicode-2.9 -I/usr/local/include/wx-2.9 -I/Users/Ingwie/Work/drag0n-php/TSRM -I/Users/Ingwie/Work/drag0n-php/Zend  -no-cpp-precomp  -I/usr/include -g -O2 -fvisibility=hidden -DZTS  -c /Users/Ingwie/Work/drag0n-php/ext/simplexml/simplexml.c -o ext/simplexml/simplexml.lo 
/Users/Ingwie/Work/drag0n-php/ext/simplexml/simplexml.c:804:120: warning: passing 'char [2]' to parameter of type 'const xmlChar *' (aka 'const unsigned char *') converts between pointers to integer types with different sign [-Wpointer-sign]
                                (!attr->children || !attr->children->content || !attr->children->content[0] || !xmlStrcmp(attr->children->content, "0")) ) {
                                                                                                                                                   ^~~
/usr/include/libxml2/libxml/xmlstring.h:65:57: note: passing argument to parameter 'str2' here
                                         const xmlChar *str2);
                                                        ^
/Users/Ingwie/Work/drag0n-php/ext/simplexml/simplexml.c:832:103: warning: passing 'char [2]' to parameter of type 'const xmlChar *' (aka 'const unsigned char *') converts between pointers to integer types with different sign [-Wpointer-sign]
                                                (!node->children->content || !node->children->content[0] || !xmlStrcmp(node->children->content, "0")))) ) {
                                                                                                                                                ^~~
/usr/include/libxml2/libxml/xmlstring.h:65:57: note: passing argument to parameter 'str2' here
                                         const xmlChar *str2);
                                                        ^
/Users/Ingwie/Work/drag0n-php/ext/simplexml/simplexml.c:1411:78: warning: passing 'const xmlChar *' (aka 'const unsigned char *') to parameter of type 'const char *' converts between pointers to integer types with different sign [-Wpointer-sign]
                        xmlDocDumpMemoryEnc((xmlDocPtr) sxe->document->ptr, &strval, &strval_len, ((xmlDocPtr) sxe->document->ptr)->encoding);
                                                                                                  ^~~~~~~~~~~~~~~~~~~~~~~~~~~~~~~~~~~~~~~~~~
/usr/include/libxml2/libxml/tree.h:1114:19: note: passing argument to parameter 'txt_encoding' here
                                         const char *txt_encoding);
                                                     ^
/Users/Ingwie/Work/drag0n-php/ext/simplexml/simplexml.c:1422:74: warning: passing 'const xmlChar *' (aka 'const unsigned char *') to parameter of type 'const char *' converts between pointers to integer types with different sign [-Wpointer-sign]
                        xmlNodeDumpOutput(outbuf, (xmlDocPtr) sxe->document->ptr, node, 0, 0, ((xmlDocPtr) sxe->document->ptr)->encoding);
                                                                                              ^~~~~~~~~~~~~~~~~~~~~~~~~~~~~~~~~~~~~~~~~~
/usr/include/libxml2/libxml/tree.h:1161:19: note: passing argument to parameter 'encoding' here
                                         const char *encoding);
                                                     ^
4 warnings generated.
/bin/sh /Users/Ingwie/Work/drag0n-php/libtool --silent --preserve-dup-deps --mode=compile cc  -Iext/simplexml/ -I/Users/Ingwie/Work/drag0n-php/ext/simplexml/ -DPHP_ATOM_INC -I/Users/Ingwie/Work/drag0n-php/include -I/Users/Ingwie/Work/drag0n-php/main -I/Users/Ingwie/Work/drag0n-php -I/Users/Ingwie/Work/drag0n-php/ext/date/lib -I/Users/Ingwie/Work/drag0n-php/ext/ereg/regex -I/usr/include/libxml2 -I/usr/local/include -I/Users/Ingwie/Work/drag0n-php/ext/mbstring/oniguruma -I/Users/Ingwie/Work/drag0n-php/ext/mbstring/libmbfl -I/Users/Ingwie/Work/drag0n-php/ext/mbstring/libmbfl/mbfl -I/Users/Ingwie/Work/drag0n-php/ext/sqlite3/libsqlite -I/Users/Ingwie/Work/drag0n-php/ext/pthreads -I/usr/include/tidy -I/Users/Ingwie/Work/drag0n-php/ext/tokenizer/includes -I/usr/local/lib/wx/include/osx_cocoa-unicode-2.9 -I/usr/local/include/wx-2.9 -I/Users/Ingwie/Work/drag0n-php/TSRM -I/Users/Ingwie/Work/drag0n-php/Zend  -no-cpp-precomp  -I/usr/include -g -O2 -fvisibility=hidden -DZTS  -c /Users/Ingwie/Work/drag0n-php/ext/simplexml/sxe.c -o ext/simplexml/sxe.lo 
/bin/sh /Users/Ingwie/Work/drag0n-php/libtool --silent --preserve-dup-deps --mode=compile cc  -Iext/soap/ -I/Users/Ingwie/Work/drag0n-php/ext/soap/ -DPHP_ATOM_INC -I/Users/Ingwie/Work/drag0n-php/include -I/Users/Ingwie/Work/drag0n-php/main -I/Users/Ingwie/Work/drag0n-php -I/Users/Ingwie/Work/drag0n-php/ext/date/lib -I/Users/Ingwie/Work/drag0n-php/ext/ereg/regex -I/usr/include/libxml2 -I/usr/local/include -I/Users/Ingwie/Work/drag0n-php/ext/mbstring/oniguruma -I/Users/Ingwie/Work/drag0n-php/ext/mbstring/libmbfl -I/Users/Ingwie/Work/drag0n-php/ext/mbstring/libmbfl/mbfl -I/Users/Ingwie/Work/drag0n-php/ext/sqlite3/libsqlite -I/Users/Ingwie/Work/drag0n-php/ext/pthreads -I/usr/include/tidy -I/Users/Ingwie/Work/drag0n-php/ext/tokenizer/includes -I/usr/local/lib/wx/include/osx_cocoa-unicode-2.9 -I/usr/local/include/wx-2.9 -I/Users/Ingwie/Work/drag0n-php/TSRM -I/Users/Ingwie/Work/drag0n-php/Zend  -no-cpp-precomp  -I/usr/include -g -O2 -fvisibility=hidden -DZTS  -c /Users/Ingwie/Work/drag0n-php/ext/soap/soap.c -o ext/soap/soap.lo 
/bin/sh /Users/Ingwie/Work/drag0n-php/libtool --silent --preserve-dup-deps --mode=compile cc  -Iext/soap/ -I/Users/Ingwie/Work/drag0n-php/ext/soap/ -DPHP_ATOM_INC -I/Users/Ingwie/Work/drag0n-php/include -I/Users/Ingwie/Work/drag0n-php/main -I/Users/Ingwie/Work/drag0n-php -I/Users/Ingwie/Work/drag0n-php/ext/date/lib -I/Users/Ingwie/Work/drag0n-php/ext/ereg/regex -I/usr/include/libxml2 -I/usr/local/include -I/Users/Ingwie/Work/drag0n-php/ext/mbstring/oniguruma -I/Users/Ingwie/Work/drag0n-php/ext/mbstring/libmbfl -I/Users/Ingwie/Work/drag0n-php/ext/mbstring/libmbfl/mbfl -I/Users/Ingwie/Work/drag0n-php/ext/sqlite3/libsqlite -I/Users/Ingwie/Work/drag0n-php/ext/pthreads -I/usr/include/tidy -I/Users/Ingwie/Work/drag0n-php/ext/tokenizer/includes -I/usr/local/lib/wx/include/osx_cocoa-unicode-2.9 -I/usr/local/include/wx-2.9 -I/Users/Ingwie/Work/drag0n-php/TSRM -I/Users/Ingwie/Work/drag0n-php/Zend  -no-cpp-precomp  -I/usr/include -g -O2 -fvisibility=hidden -DZTS  -c /Users/Ingwie/Work/drag0n-php/ext/soap/php_encoding.c -o ext/soap/php_encoding.lo 
/bin/sh /Users/Ingwie/Work/drag0n-php/libtool --silent --preserve-dup-deps --mode=compile cc  -Iext/soap/ -I/Users/Ingwie/Work/drag0n-php/ext/soap/ -DPHP_ATOM_INC -I/Users/Ingwie/Work/drag0n-php/include -I/Users/Ingwie/Work/drag0n-php/main -I/Users/Ingwie/Work/drag0n-php -I/Users/Ingwie/Work/drag0n-php/ext/date/lib -I/Users/Ingwie/Work/drag0n-php/ext/ereg/regex -I/usr/include/libxml2 -I/usr/local/include -I/Users/Ingwie/Work/drag0n-php/ext/mbstring/oniguruma -I/Users/Ingwie/Work/drag0n-php/ext/mbstring/libmbfl -I/Users/Ingwie/Work/drag0n-php/ext/mbstring/libmbfl/mbfl -I/Users/Ingwie/Work/drag0n-php/ext/sqlite3/libsqlite -I/Users/Ingwie/Work/drag0n-php/ext/pthreads -I/usr/include/tidy -I/Users/Ingwie/Work/drag0n-php/ext/tokenizer/includes -I/usr/local/lib/wx/include/osx_cocoa-unicode-2.9 -I/usr/local/include/wx-2.9 -I/Users/Ingwie/Work/drag0n-php/TSRM -I/Users/Ingwie/Work/drag0n-php/Zend  -no-cpp-precomp  -I/usr/include -g -O2 -fvisibility=hidden -DZTS  -c /Users/Ingwie/Work/drag0n-php/ext/soap/php_http.c -o ext/soap/php_http.lo 
/bin/sh /Users/Ingwie/Work/drag0n-php/libtool --silent --preserve-dup-deps --mode=compile cc  -Iext/soap/ -I/Users/Ingwie/Work/drag0n-php/ext/soap/ -DPHP_ATOM_INC -I/Users/Ingwie/Work/drag0n-php/include -I/Users/Ingwie/Work/drag0n-php/main -I/Users/Ingwie/Work/drag0n-php -I/Users/Ingwie/Work/drag0n-php/ext/date/lib -I/Users/Ingwie/Work/drag0n-php/ext/ereg/regex -I/usr/include/libxml2 -I/usr/local/include -I/Users/Ingwie/Work/drag0n-php/ext/mbstring/oniguruma -I/Users/Ingwie/Work/drag0n-php/ext/mbstring/libmbfl -I/Users/Ingwie/Work/drag0n-php/ext/mbstring/libmbfl/mbfl -I/Users/Ingwie/Work/drag0n-php/ext/sqlite3/libsqlite -I/Users/Ingwie/Work/drag0n-php/ext/pthreads -I/usr/include/tidy -I/Users/Ingwie/Work/drag0n-php/ext/tokenizer/includes -I/usr/local/lib/wx/include/osx_cocoa-unicode-2.9 -I/usr/local/include/wx-2.9 -I/Users/Ingwie/Work/drag0n-php/TSRM -I/Users/Ingwie/Work/drag0n-php/Zend  -no-cpp-precomp  -I/usr/include -g -O2 -fvisibility=hidden -DZTS  -c /Users/Ingwie/Work/drag0n-php/ext/soap/php_packet_soap.c -o ext/soap/php_packet_soap.lo 
/bin/sh /Users/Ingwie/Work/drag0n-php/libtool --silent --preserve-dup-deps --mode=compile cc  -Iext/soap/ -I/Users/Ingwie/Work/drag0n-php/ext/soap/ -DPHP_ATOM_INC -I/Users/Ingwie/Work/drag0n-php/include -I/Users/Ingwie/Work/drag0n-php/main -I/Users/Ingwie/Work/drag0n-php -I/Users/Ingwie/Work/drag0n-php/ext/date/lib -I/Users/Ingwie/Work/drag0n-php/ext/ereg/regex -I/usr/include/libxml2 -I/usr/local/include -I/Users/Ingwie/Work/drag0n-php/ext/mbstring/oniguruma -I/Users/Ingwie/Work/drag0n-php/ext/mbstring/libmbfl -I/Users/Ingwie/Work/drag0n-php/ext/mbstring/libmbfl/mbfl -I/Users/Ingwie/Work/drag0n-php/ext/sqlite3/libsqlite -I/Users/Ingwie/Work/drag0n-php/ext/pthreads -I/usr/include/tidy -I/Users/Ingwie/Work/drag0n-php/ext/tokenizer/includes -I/usr/local/lib/wx/include/osx_cocoa-unicode-2.9 -I/usr/local/include/wx-2.9 -I/Users/Ingwie/Work/drag0n-php/TSRM -I/Users/Ingwie/Work/drag0n-php/Zend  -no-cpp-precomp  -I/usr/include -g -O2 -fvisibility=hidden -DZTS  -c /Users/Ingwie/Work/drag0n-php/ext/soap/php_schema.c -o ext/soap/php_schema.lo 
/bin/sh /Users/Ingwie/Work/drag0n-php/libtool --silent --preserve-dup-deps --mode=compile cc  -Iext/soap/ -I/Users/Ingwie/Work/drag0n-php/ext/soap/ -DPHP_ATOM_INC -I/Users/Ingwie/Work/drag0n-php/include -I/Users/Ingwie/Work/drag0n-php/main -I/Users/Ingwie/Work/drag0n-php -I/Users/Ingwie/Work/drag0n-php/ext/date/lib -I/Users/Ingwie/Work/drag0n-php/ext/ereg/regex -I/usr/include/libxml2 -I/usr/local/include -I/Users/Ingwie/Work/drag0n-php/ext/mbstring/oniguruma -I/Users/Ingwie/Work/drag0n-php/ext/mbstring/libmbfl -I/Users/Ingwie/Work/drag0n-php/ext/mbstring/libmbfl/mbfl -I/Users/Ingwie/Work/drag0n-php/ext/sqlite3/libsqlite -I/Users/Ingwie/Work/drag0n-php/ext/pthreads -I/usr/include/tidy -I/Users/Ingwie/Work/drag0n-php/ext/tokenizer/includes -I/usr/local/lib/wx/include/osx_cocoa-unicode-2.9 -I/usr/local/include/wx-2.9 -I/Users/Ingwie/Work/drag0n-php/TSRM -I/Users/Ingwie/Work/drag0n-php/Zend  -no-cpp-precomp  -I/usr/include -g -O2 -fvisibility=hidden -DZTS  -c /Users/Ingwie/Work/drag0n-php/ext/soap/php_sdl.c -o ext/soap/php_sdl.lo 
/bin/sh /Users/Ingwie/Work/drag0n-php/libtool --silent --preserve-dup-deps --mode=compile cc  -Iext/soap/ -I/Users/Ingwie/Work/drag0n-php/ext/soap/ -DPHP_ATOM_INC -I/Users/Ingwie/Work/drag0n-php/include -I/Users/Ingwie/Work/drag0n-php/main -I/Users/Ingwie/Work/drag0n-php -I/Users/Ingwie/Work/drag0n-php/ext/date/lib -I/Users/Ingwie/Work/drag0n-php/ext/ereg/regex -I/usr/include/libxml2 -I/usr/local/include -I/Users/Ingwie/Work/drag0n-php/ext/mbstring/oniguruma -I/Users/Ingwie/Work/drag0n-php/ext/mbstring/libmbfl -I/Users/Ingwie/Work/drag0n-php/ext/mbstring/libmbfl/mbfl -I/Users/Ingwie/Work/drag0n-php/ext/sqlite3/libsqlite -I/Users/Ingwie/Work/drag0n-php/ext/pthreads -I/usr/include/tidy -I/Users/Ingwie/Work/drag0n-php/ext/tokenizer/includes -I/usr/local/lib/wx/include/osx_cocoa-unicode-2.9 -I/usr/local/include/wx-2.9 -I/Users/Ingwie/Work/drag0n-php/TSRM -I/Users/Ingwie/Work/drag0n-php/Zend  -no-cpp-precomp  -I/usr/include -g -O2 -fvisibility=hidden -DZTS  -c /Users/Ingwie/Work/drag0n-php/ext/soap/php_xml.c -o ext/soap/php_xml.lo 
/bin/sh /Users/Ingwie/Work/drag0n-php/libtool --silent --preserve-dup-deps --mode=compile cc  -Iext/sockets/ -I/Users/Ingwie/Work/drag0n-php/ext/sockets/ -DPHP_ATOM_INC -I/Users/Ingwie/Work/drag0n-php/include -I/Users/Ingwie/Work/drag0n-php/main -I/Users/Ingwie/Work/drag0n-php -I/Users/Ingwie/Work/drag0n-php/ext/date/lib -I/Users/Ingwie/Work/drag0n-php/ext/ereg/regex -I/usr/include/libxml2 -I/usr/local/include -I/Users/Ingwie/Work/drag0n-php/ext/mbstring/oniguruma -I/Users/Ingwie/Work/drag0n-php/ext/mbstring/libmbfl -I/Users/Ingwie/Work/drag0n-php/ext/mbstring/libmbfl/mbfl -I/Users/Ingwie/Work/drag0n-php/ext/sqlite3/libsqlite -I/Users/Ingwie/Work/drag0n-php/ext/pthreads -I/usr/include/tidy -I/Users/Ingwie/Work/drag0n-php/ext/tokenizer/includes -I/usr/local/lib/wx/include/osx_cocoa-unicode-2.9 -I/usr/local/include/wx-2.9 -I/Users/Ingwie/Work/drag0n-php/TSRM -I/Users/Ingwie/Work/drag0n-php/Zend  -no-cpp-precomp  -I/usr/include -g -O2 -fvisibility=hidden -DZTS  -c /Users/Ingwie/Work/drag0n-php/ext/sockets/sockets.c -o ext/sockets/sockets.lo 
/bin/sh /Users/Ingwie/Work/drag0n-php/libtool --silent --preserve-dup-deps --mode=compile cc  -Iext/sockets/ -I/Users/Ingwie/Work/drag0n-php/ext/sockets/ -DPHP_ATOM_INC -I/Users/Ingwie/Work/drag0n-php/include -I/Users/Ingwie/Work/drag0n-php/main -I/Users/Ingwie/Work/drag0n-php -I/Users/Ingwie/Work/drag0n-php/ext/date/lib -I/Users/Ingwie/Work/drag0n-php/ext/ereg/regex -I/usr/include/libxml2 -I/usr/local/include -I/Users/Ingwie/Work/drag0n-php/ext/mbstring/oniguruma -I/Users/Ingwie/Work/drag0n-php/ext/mbstring/libmbfl -I/Users/Ingwie/Work/drag0n-php/ext/mbstring/libmbfl/mbfl -I/Users/Ingwie/Work/drag0n-php/ext/sqlite3/libsqlite -I/Users/Ingwie/Work/drag0n-php/ext/pthreads -I/usr/include/tidy -I/Users/Ingwie/Work/drag0n-php/ext/tokenizer/includes -I/usr/local/lib/wx/include/osx_cocoa-unicode-2.9 -I/usr/local/include/wx-2.9 -I/Users/Ingwie/Work/drag0n-php/TSRM -I/Users/Ingwie/Work/drag0n-php/Zend  -no-cpp-precomp  -I/usr/include -g -O2 -fvisibility=hidden -DZTS  -c /Users/Ingwie/Work/drag0n-php/ext/sockets/multicast.c -o ext/sockets/multicast.lo 
/bin/sh /Users/Ingwie/Work/drag0n-php/libtool --silent --preserve-dup-deps --mode=compile cc  -Iext/sockets/ -I/Users/Ingwie/Work/drag0n-php/ext/sockets/ -DPHP_ATOM_INC -I/Users/Ingwie/Work/drag0n-php/include -I/Users/Ingwie/Work/drag0n-php/main -I/Users/Ingwie/Work/drag0n-php -I/Users/Ingwie/Work/drag0n-php/ext/date/lib -I/Users/Ingwie/Work/drag0n-php/ext/ereg/regex -I/usr/include/libxml2 -I/usr/local/include -I/Users/Ingwie/Work/drag0n-php/ext/mbstring/oniguruma -I/Users/Ingwie/Work/drag0n-php/ext/mbstring/libmbfl -I/Users/Ingwie/Work/drag0n-php/ext/mbstring/libmbfl/mbfl -I/Users/Ingwie/Work/drag0n-php/ext/sqlite3/libsqlite -I/Users/Ingwie/Work/drag0n-php/ext/pthreads -I/usr/include/tidy -I/Users/Ingwie/Work/drag0n-php/ext/tokenizer/includes -I/usr/local/lib/wx/include/osx_cocoa-unicode-2.9 -I/usr/local/include/wx-2.9 -I/Users/Ingwie/Work/drag0n-php/TSRM -I/Users/Ingwie/Work/drag0n-php/Zend  -no-cpp-precomp  -I/usr/include -g -O2 -fvisibility=hidden -DZTS  -c /Users/Ingwie/Work/drag0n-php/ext/sockets/conversions.c -o ext/sockets/conversions.lo 
/bin/sh /Users/Ingwie/Work/drag0n-php/libtool --silent --preserve-dup-deps --mode=compile cc  -Iext/sockets/ -I/Users/Ingwie/Work/drag0n-php/ext/sockets/ -DPHP_ATOM_INC -I/Users/Ingwie/Work/drag0n-php/include -I/Users/Ingwie/Work/drag0n-php/main -I/Users/Ingwie/Work/drag0n-php -I/Users/Ingwie/Work/drag0n-php/ext/date/lib -I/Users/Ingwie/Work/drag0n-php/ext/ereg/regex -I/usr/include/libxml2 -I/usr/local/include -I/Users/Ingwie/Work/drag0n-php/ext/mbstring/oniguruma -I/Users/Ingwie/Work/drag0n-php/ext/mbstring/libmbfl -I/Users/Ingwie/Work/drag0n-php/ext/mbstring/libmbfl/mbfl -I/Users/Ingwie/Work/drag0n-php/ext/sqlite3/libsqlite -I/Users/Ingwie/Work/drag0n-php/ext/pthreads -I/usr/include/tidy -I/Users/Ingwie/Work/drag0n-php/ext/tokenizer/includes -I/usr/local/lib/wx/include/osx_cocoa-unicode-2.9 -I/usr/local/include/wx-2.9 -I/Users/Ingwie/Work/drag0n-php/TSRM -I/Users/Ingwie/Work/drag0n-php/Zend  -no-cpp-precomp  -I/usr/include -g -O2 -fvisibility=hidden -DZTS  -c /Users/Ingwie/Work/drag0n-php/ext/sockets/sockaddr_conv.c -o ext/sockets/sockaddr_conv.lo 
/bin/sh /Users/Ingwie/Work/drag0n-php/libtool --silent --preserve-dup-deps --mode=compile cc  -Iext/sockets/ -I/Users/Ingwie/Work/drag0n-php/ext/sockets/ -DPHP_ATOM_INC -I/Users/Ingwie/Work/drag0n-php/include -I/Users/Ingwie/Work/drag0n-php/main -I/Users/Ingwie/Work/drag0n-php -I/Users/Ingwie/Work/drag0n-php/ext/date/lib -I/Users/Ingwie/Work/drag0n-php/ext/ereg/regex -I/usr/include/libxml2 -I/usr/local/include -I/Users/Ingwie/Work/drag0n-php/ext/mbstring/oniguruma -I/Users/Ingwie/Work/drag0n-php/ext/mbstring/libmbfl -I/Users/Ingwie/Work/drag0n-php/ext/mbstring/libmbfl/mbfl -I/Users/Ingwie/Work/drag0n-php/ext/sqlite3/libsqlite -I/Users/Ingwie/Work/drag0n-php/ext/pthreads -I/usr/include/tidy -I/Users/Ingwie/Work/drag0n-php/ext/tokenizer/includes -I/usr/local/lib/wx/include/osx_cocoa-unicode-2.9 -I/usr/local/include/wx-2.9 -I/Users/Ingwie/Work/drag0n-php/TSRM -I/Users/Ingwie/Work/drag0n-php/Zend  -no-cpp-precomp  -I/usr/include -g -O2 -fvisibility=hidden -DZTS  -c /Users/Ingwie/Work/drag0n-php/ext/sockets/sendrecvmsg.c -o ext/sockets/sendrecvmsg.lo 
/bin/sh /Users/Ingwie/Work/drag0n-php/libtool --silent --preserve-dup-deps --mode=compile cc  -Iext/spl/ -I/Users/Ingwie/Work/drag0n-php/ext/spl/ -DPHP_ATOM_INC -I/Users/Ingwie/Work/drag0n-php/include -I/Users/Ingwie/Work/drag0n-php/main -I/Users/Ingwie/Work/drag0n-php -I/Users/Ingwie/Work/drag0n-php/ext/date/lib -I/Users/Ingwie/Work/drag0n-php/ext/ereg/regex -I/usr/include/libxml2 -I/usr/local/include -I/Users/Ingwie/Work/drag0n-php/ext/mbstring/oniguruma -I/Users/Ingwie/Work/drag0n-php/ext/mbstring/libmbfl -I/Users/Ingwie/Work/drag0n-php/ext/mbstring/libmbfl/mbfl -I/Users/Ingwie/Work/drag0n-php/ext/sqlite3/libsqlite -I/Users/Ingwie/Work/drag0n-php/ext/pthreads -I/usr/include/tidy -I/Users/Ingwie/Work/drag0n-php/ext/tokenizer/includes -I/usr/local/lib/wx/include/osx_cocoa-unicode-2.9 -I/usr/local/include/wx-2.9 -I/Users/Ingwie/Work/drag0n-php/TSRM -I/Users/Ingwie/Work/drag0n-php/Zend  -no-cpp-precomp  -I/usr/include -g -O2 -fvisibility=hidden -DZTS  -c /Users/Ingwie/Work/drag0n-php/ext/spl/php_spl.c -o ext/spl/php_spl.lo 
/Users/Ingwie/Work/drag0n-php/ext/spl/php_spl.c:753:76: warning: passing 'long *' to parameter of type 'unsigned long *' converts between pointers to integer types with different sign [-Wpointer-sign]
                                   zend_hash_get_current_key_ex(SPL_G(autoload_functions), &key, &len, &dummy, 0, &function_pos); 
                                                                                                       ^~~~~~
/Users/Ingwie/Work/drag0n-php/Zend/zend_hash.h:179:107: note: passing argument to parameter 'num_index' here
ZEND_API int zend_hash_get_current_key_ex(const HashTable *ht, char **str_index, uint *str_length, ulong *num_index, zend_bool duplicate, HashPosition *pos);
                                                                                                          ^
1 warning generated.
/bin/sh /Users/Ingwie/Work/drag0n-php/libtool --silent --preserve-dup-deps --mode=compile cc  -Iext/spl/ -I/Users/Ingwie/Work/drag0n-php/ext/spl/ -DPHP_ATOM_INC -I/Users/Ingwie/Work/drag0n-php/include -I/Users/Ingwie/Work/drag0n-php/main -I/Users/Ingwie/Work/drag0n-php -I/Users/Ingwie/Work/drag0n-php/ext/date/lib -I/Users/Ingwie/Work/drag0n-php/ext/ereg/regex -I/usr/include/libxml2 -I/usr/local/include -I/Users/Ingwie/Work/drag0n-php/ext/mbstring/oniguruma -I/Users/Ingwie/Work/drag0n-php/ext/mbstring/libmbfl -I/Users/Ingwie/Work/drag0n-php/ext/mbstring/libmbfl/mbfl -I/Users/Ingwie/Work/drag0n-php/ext/sqlite3/libsqlite -I/Users/Ingwie/Work/drag0n-php/ext/pthreads -I/usr/include/tidy -I/Users/Ingwie/Work/drag0n-php/ext/tokenizer/includes -I/usr/local/lib/wx/include/osx_cocoa-unicode-2.9 -I/usr/local/include/wx-2.9 -I/Users/Ingwie/Work/drag0n-php/TSRM -I/Users/Ingwie/Work/drag0n-php/Zend  -no-cpp-precomp  -I/usr/include -g -O2 -fvisibility=hidden -DZTS  -c /Users/Ingwie/Work/drag0n-php/ext/spl/spl_functions.c -o ext/spl/spl_functions.lo 
/bin/sh /Users/Ingwie/Work/drag0n-php/libtool --silent --preserve-dup-deps --mode=compile cc  -Iext/spl/ -I/Users/Ingwie/Work/drag0n-php/ext/spl/ -DPHP_ATOM_INC -I/Users/Ingwie/Work/drag0n-php/include -I/Users/Ingwie/Work/drag0n-php/main -I/Users/Ingwie/Work/drag0n-php -I/Users/Ingwie/Work/drag0n-php/ext/date/lib -I/Users/Ingwie/Work/drag0n-php/ext/ereg/regex -I/usr/include/libxml2 -I/usr/local/include -I/Users/Ingwie/Work/drag0n-php/ext/mbstring/oniguruma -I/Users/Ingwie/Work/drag0n-php/ext/mbstring/libmbfl -I/Users/Ingwie/Work/drag0n-php/ext/mbstring/libmbfl/mbfl -I/Users/Ingwie/Work/drag0n-php/ext/sqlite3/libsqlite -I/Users/Ingwie/Work/drag0n-php/ext/pthreads -I/usr/include/tidy -I/Users/Ingwie/Work/drag0n-php/ext/tokenizer/includes -I/usr/local/lib/wx/include/osx_cocoa-unicode-2.9 -I/usr/local/include/wx-2.9 -I/Users/Ingwie/Work/drag0n-php/TSRM -I/Users/Ingwie/Work/drag0n-php/Zend  -no-cpp-precomp  -I/usr/include -g -O2 -fvisibility=hidden -DZTS  -c /Users/Ingwie/Work/drag0n-php/ext/spl/spl_engine.c -o ext/spl/spl_engine.lo 
/bin/sh /Users/Ingwie/Work/drag0n-php/libtool --silent --preserve-dup-deps --mode=compile cc  -Iext/spl/ -I/Users/Ingwie/Work/drag0n-php/ext/spl/ -DPHP_ATOM_INC -I/Users/Ingwie/Work/drag0n-php/include -I/Users/Ingwie/Work/drag0n-php/main -I/Users/Ingwie/Work/drag0n-php -I/Users/Ingwie/Work/drag0n-php/ext/date/lib -I/Users/Ingwie/Work/drag0n-php/ext/ereg/regex -I/usr/include/libxml2 -I/usr/local/include -I/Users/Ingwie/Work/drag0n-php/ext/mbstring/oniguruma -I/Users/Ingwie/Work/drag0n-php/ext/mbstring/libmbfl -I/Users/Ingwie/Work/drag0n-php/ext/mbstring/libmbfl/mbfl -I/Users/Ingwie/Work/drag0n-php/ext/sqlite3/libsqlite -I/Users/Ingwie/Work/drag0n-php/ext/pthreads -I/usr/include/tidy -I/Users/Ingwie/Work/drag0n-php/ext/tokenizer/includes -I/usr/local/lib/wx/include/osx_cocoa-unicode-2.9 -I/usr/local/include/wx-2.9 -I/Users/Ingwie/Work/drag0n-php/TSRM -I/Users/Ingwie/Work/drag0n-php/Zend  -no-cpp-precomp  -I/usr/include -g -O2 -fvisibility=hidden -DZTS  -c /Users/Ingwie/Work/drag0n-php/ext/spl/spl_iterators.c -o ext/spl/spl_iterators.lo 
/bin/sh /Users/Ingwie/Work/drag0n-php/libtool --silent --preserve-dup-deps --mode=compile cc  -Iext/spl/ -I/Users/Ingwie/Work/drag0n-php/ext/spl/ -DPHP_ATOM_INC -I/Users/Ingwie/Work/drag0n-php/include -I/Users/Ingwie/Work/drag0n-php/main -I/Users/Ingwie/Work/drag0n-php -I/Users/Ingwie/Work/drag0n-php/ext/date/lib -I/Users/Ingwie/Work/drag0n-php/ext/ereg/regex -I/usr/include/libxml2 -I/usr/local/include -I/Users/Ingwie/Work/drag0n-php/ext/mbstring/oniguruma -I/Users/Ingwie/Work/drag0n-php/ext/mbstring/libmbfl -I/Users/Ingwie/Work/drag0n-php/ext/mbstring/libmbfl/mbfl -I/Users/Ingwie/Work/drag0n-php/ext/sqlite3/libsqlite -I/Users/Ingwie/Work/drag0n-php/ext/pthreads -I/usr/include/tidy -I/Users/Ingwie/Work/drag0n-php/ext/tokenizer/includes -I/usr/local/lib/wx/include/osx_cocoa-unicode-2.9 -I/usr/local/include/wx-2.9 -I/Users/Ingwie/Work/drag0n-php/TSRM -I/Users/Ingwie/Work/drag0n-php/Zend  -no-cpp-precomp  -I/usr/include -g -O2 -fvisibility=hidden -DZTS  -c /Users/Ingwie/Work/drag0n-php/ext/spl/spl_array.c -o ext/spl/spl_array.lo 
/bin/sh /Users/Ingwie/Work/drag0n-php/libtool --silent --preserve-dup-deps --mode=compile cc  -Iext/spl/ -I/Users/Ingwie/Work/drag0n-php/ext/spl/ -DPHP_ATOM_INC -I/Users/Ingwie/Work/drag0n-php/include -I/Users/Ingwie/Work/drag0n-php/main -I/Users/Ingwie/Work/drag0n-php -I/Users/Ingwie/Work/drag0n-php/ext/date/lib -I/Users/Ingwie/Work/drag0n-php/ext/ereg/regex -I/usr/include/libxml2 -I/usr/local/include -I/Users/Ingwie/Work/drag0n-php/ext/mbstring/oniguruma -I/Users/Ingwie/Work/drag0n-php/ext/mbstring/libmbfl -I/Users/Ingwie/Work/drag0n-php/ext/mbstring/libmbfl/mbfl -I/Users/Ingwie/Work/drag0n-php/ext/sqlite3/libsqlite -I/Users/Ingwie/Work/drag0n-php/ext/pthreads -I/usr/include/tidy -I/Users/Ingwie/Work/drag0n-php/ext/tokenizer/includes -I/usr/local/lib/wx/include/osx_cocoa-unicode-2.9 -I/usr/local/include/wx-2.9 -I/Users/Ingwie/Work/drag0n-php/TSRM -I/Users/Ingwie/Work/drag0n-php/Zend  -no-cpp-precomp  -I/usr/include -g -O2 -fvisibility=hidden -DZTS  -c /Users/Ingwie/Work/drag0n-php/ext/spl/spl_directory.c -o ext/spl/spl_directory.lo 
/bin/sh /Users/Ingwie/Work/drag0n-php/libtool --silent --preserve-dup-deps --mode=compile cc  -Iext/spl/ -I/Users/Ingwie/Work/drag0n-php/ext/spl/ -DPHP_ATOM_INC -I/Users/Ingwie/Work/drag0n-php/include -I/Users/Ingwie/Work/drag0n-php/main -I/Users/Ingwie/Work/drag0n-php -I/Users/Ingwie/Work/drag0n-php/ext/date/lib -I/Users/Ingwie/Work/drag0n-php/ext/ereg/regex -I/usr/include/libxml2 -I/usr/local/include -I/Users/Ingwie/Work/drag0n-php/ext/mbstring/oniguruma -I/Users/Ingwie/Work/drag0n-php/ext/mbstring/libmbfl -I/Users/Ingwie/Work/drag0n-php/ext/mbstring/libmbfl/mbfl -I/Users/Ingwie/Work/drag0n-php/ext/sqlite3/libsqlite -I/Users/Ingwie/Work/drag0n-php/ext/pthreads -I/usr/include/tidy -I/Users/Ingwie/Work/drag0n-php/ext/tokenizer/includes -I/usr/local/lib/wx/include/osx_cocoa-unicode-2.9 -I/usr/local/include/wx-2.9 -I/Users/Ingwie/Work/drag0n-php/TSRM -I/Users/Ingwie/Work/drag0n-php/Zend  -no-cpp-precomp  -I/usr/include -g -O2 -fvisibility=hidden -DZTS  -c /Users/Ingwie/Work/drag0n-php/ext/spl/spl_exceptions.c -o ext/spl/spl_exceptions.lo 
/bin/sh /Users/Ingwie/Work/drag0n-php/libtool --silent --preserve-dup-deps --mode=compile cc  -Iext/spl/ -I/Users/Ingwie/Work/drag0n-php/ext/spl/ -DPHP_ATOM_INC -I/Users/Ingwie/Work/drag0n-php/include -I/Users/Ingwie/Work/drag0n-php/main -I/Users/Ingwie/Work/drag0n-php -I/Users/Ingwie/Work/drag0n-php/ext/date/lib -I/Users/Ingwie/Work/drag0n-php/ext/ereg/regex -I/usr/include/libxml2 -I/usr/local/include -I/Users/Ingwie/Work/drag0n-php/ext/mbstring/oniguruma -I/Users/Ingwie/Work/drag0n-php/ext/mbstring/libmbfl -I/Users/Ingwie/Work/drag0n-php/ext/mbstring/libmbfl/mbfl -I/Users/Ingwie/Work/drag0n-php/ext/sqlite3/libsqlite -I/Users/Ingwie/Work/drag0n-php/ext/pthreads -I/usr/include/tidy -I/Users/Ingwie/Work/drag0n-php/ext/tokenizer/includes -I/usr/local/lib/wx/include/osx_cocoa-unicode-2.9 -I/usr/local/include/wx-2.9 -I/Users/Ingwie/Work/drag0n-php/TSRM -I/Users/Ingwie/Work/drag0n-php/Zend  -no-cpp-precomp  -I/usr/include -g -O2 -fvisibility=hidden -DZTS  -c /Users/Ingwie/Work/drag0n-php/ext/spl/spl_observer.c -o ext/spl/spl_observer.lo 
/bin/sh /Users/Ingwie/Work/drag0n-php/libtool --silent --preserve-dup-deps --mode=compile cc  -Iext/spl/ -I/Users/Ingwie/Work/drag0n-php/ext/spl/ -DPHP_ATOM_INC -I/Users/Ingwie/Work/drag0n-php/include -I/Users/Ingwie/Work/drag0n-php/main -I/Users/Ingwie/Work/drag0n-php -I/Users/Ingwie/Work/drag0n-php/ext/date/lib -I/Users/Ingwie/Work/drag0n-php/ext/ereg/regex -I/usr/include/libxml2 -I/usr/local/include -I/Users/Ingwie/Work/drag0n-php/ext/mbstring/oniguruma -I/Users/Ingwie/Work/drag0n-php/ext/mbstring/libmbfl -I/Users/Ingwie/Work/drag0n-php/ext/mbstring/libmbfl/mbfl -I/Users/Ingwie/Work/drag0n-php/ext/sqlite3/libsqlite -I/Users/Ingwie/Work/drag0n-php/ext/pthreads -I/usr/include/tidy -I/Users/Ingwie/Work/drag0n-php/ext/tokenizer/includes -I/usr/local/lib/wx/include/osx_cocoa-unicode-2.9 -I/usr/local/include/wx-2.9 -I/Users/Ingwie/Work/drag0n-php/TSRM -I/Users/Ingwie/Work/drag0n-php/Zend  -no-cpp-precomp  -I/usr/include -g -O2 -fvisibility=hidden -DZTS  -c /Users/Ingwie/Work/drag0n-php/ext/spl/spl_dllist.c -o ext/spl/spl_dllist.lo 
/bin/sh /Users/Ingwie/Work/drag0n-php/libtool --silent --preserve-dup-deps --mode=compile cc  -Iext/spl/ -I/Users/Ingwie/Work/drag0n-php/ext/spl/ -DPHP_ATOM_INC -I/Users/Ingwie/Work/drag0n-php/include -I/Users/Ingwie/Work/drag0n-php/main -I/Users/Ingwie/Work/drag0n-php -I/Users/Ingwie/Work/drag0n-php/ext/date/lib -I/Users/Ingwie/Work/drag0n-php/ext/ereg/regex -I/usr/include/libxml2 -I/usr/local/include -I/Users/Ingwie/Work/drag0n-php/ext/mbstring/oniguruma -I/Users/Ingwie/Work/drag0n-php/ext/mbstring/libmbfl -I/Users/Ingwie/Work/drag0n-php/ext/mbstring/libmbfl/mbfl -I/Users/Ingwie/Work/drag0n-php/ext/sqlite3/libsqlite -I/Users/Ingwie/Work/drag0n-php/ext/pthreads -I/usr/include/tidy -I/Users/Ingwie/Work/drag0n-php/ext/tokenizer/includes -I/usr/local/lib/wx/include/osx_cocoa-unicode-2.9 -I/usr/local/include/wx-2.9 -I/Users/Ingwie/Work/drag0n-php/TSRM -I/Users/Ingwie/Work/drag0n-php/Zend  -no-cpp-precomp  -I/usr/include -g -O2 -fvisibility=hidden -DZTS  -c /Users/Ingwie/Work/drag0n-php/ext/spl/spl_heap.c -o ext/spl/spl_heap.lo 
/bin/sh /Users/Ingwie/Work/drag0n-php/libtool --silent --preserve-dup-deps --mode=compile cc  -Iext/spl/ -I/Users/Ingwie/Work/drag0n-php/ext/spl/ -DPHP_ATOM_INC -I/Users/Ingwie/Work/drag0n-php/include -I/Users/Ingwie/Work/drag0n-php/main -I/Users/Ingwie/Work/drag0n-php -I/Users/Ingwie/Work/drag0n-php/ext/date/lib -I/Users/Ingwie/Work/drag0n-php/ext/ereg/regex -I/usr/include/libxml2 -I/usr/local/include -I/Users/Ingwie/Work/drag0n-php/ext/mbstring/oniguruma -I/Users/Ingwie/Work/drag0n-php/ext/mbstring/libmbfl -I/Users/Ingwie/Work/drag0n-php/ext/mbstring/libmbfl/mbfl -I/Users/Ingwie/Work/drag0n-php/ext/sqlite3/libsqlite -I/Users/Ingwie/Work/drag0n-php/ext/pthreads -I/usr/include/tidy -I/Users/Ingwie/Work/drag0n-php/ext/tokenizer/includes -I/usr/local/lib/wx/include/osx_cocoa-unicode-2.9 -I/usr/local/include/wx-2.9 -I/Users/Ingwie/Work/drag0n-php/TSRM -I/Users/Ingwie/Work/drag0n-php/Zend  -no-cpp-precomp  -I/usr/include -g -O2 -fvisibility=hidden -DZTS  -c /Users/Ingwie/Work/drag0n-php/ext/spl/spl_fixedarray.c -o ext/spl/spl_fixedarray.lo 
/bin/sh /Users/Ingwie/Work/drag0n-php/libtool --silent --preserve-dup-deps --mode=compile cc  -Iext/standard/ -I/Users/Ingwie/Work/drag0n-php/ext/standard/ -DPHP_ATOM_INC -I/Users/Ingwie/Work/drag0n-php/include -I/Users/Ingwie/Work/drag0n-php/main -I/Users/Ingwie/Work/drag0n-php -I/Users/Ingwie/Work/drag0n-php/ext/date/lib -I/Users/Ingwie/Work/drag0n-php/ext/ereg/regex -I/usr/include/libxml2 -I/usr/local/include -I/Users/Ingwie/Work/drag0n-php/ext/mbstring/oniguruma -I/Users/Ingwie/Work/drag0n-php/ext/mbstring/libmbfl -I/Users/Ingwie/Work/drag0n-php/ext/mbstring/libmbfl/mbfl -I/Users/Ingwie/Work/drag0n-php/ext/sqlite3/libsqlite -I/Users/Ingwie/Work/drag0n-php/ext/pthreads -I/usr/include/tidy -I/Users/Ingwie/Work/drag0n-php/ext/tokenizer/includes -I/usr/local/lib/wx/include/osx_cocoa-unicode-2.9 -I/usr/local/include/wx-2.9 -I/Users/Ingwie/Work/drag0n-php/TSRM -I/Users/Ingwie/Work/drag0n-php/Zend  -no-cpp-precomp  -I/usr/include -g -O2 -fvisibility=hidden -DZTS  -c /Users/Ingwie/Work/drag0n-php/ext/standard/crypt_freesec.c -o ext/standard/crypt_freesec.lo 
/Users/Ingwie/Work/drag0n-php/ext/standard/crypt_freesec.c:636:17: warning: passing 'u_char *' (aka 'unsigned char *') to parameter of type 'const char *' converts between pointers to integer types with different sign [-Wpointer-sign]
        if (des_setkey((u_char *) keybuf, data))
                       ^~~~~~~~~~~~~~~~~
/Users/Ingwie/Work/drag0n-php/ext/standard/crypt_freesec.c:379:24: note: passing argument to parameter 'key' here
des_setkey(const char *key, struct php_crypt_extended_data *data)
                       ^
/Users/Ingwie/Work/drag0n-php/ext/standard/crypt_freesec.c:665:19: warning: passing 'u_char *' (aka 'unsigned char *') to parameter of type 'const char *' converts between pointers to integer types with different sign [-Wpointer-sign]
                        if (des_cipher((u_char *) keybuf, (u_char *) keybuf,
                                       ^~~~~~~~~~~~~~~~~
/Users/Ingwie/Work/drag0n-php/ext/standard/crypt_freesec.c:582:24: note: passing argument to parameter 'in' here
des_cipher(const char *in, char *out, uint32_t salt, int count,
                       ^
/Users/Ingwie/Work/drag0n-php/ext/standard/crypt_freesec.c:665:38: warning: passing 'u_char *' (aka 'unsigned char *') to parameter of type 'char *' converts between pointers to integer types with different sign [-Wpointer-sign]
                        if (des_cipher((u_char *) keybuf, (u_char *) keybuf,
                                                          ^~~~~~~~~~~~~~~~~
/Users/Ingwie/Work/drag0n-php/ext/standard/crypt_freesec.c:582:34: note: passing argument to parameter 'out' here
des_cipher(const char *in, char *out, uint32_t salt, int count,
                                 ^
/Users/Ingwie/Work/drag0n-php/ext/standard/crypt_freesec.c:675:19: warning: passing 'u_char *' (aka 'unsigned char *') to parameter of type 'const char *' converts between pointers to integer types with different sign [-Wpointer-sign]
                        if (des_setkey((u_char *) keybuf, data))
                                       ^~~~~~~~~~~~~~~~~
/Users/Ingwie/Work/drag0n-php/ext/standard/crypt_freesec.c:379:24: note: passing argument to parameter 'key' here
des_setkey(const char *key, struct php_crypt_extended_data *data)
                       ^
4 warnings generated.
/bin/sh /Users/Ingwie/Work/drag0n-php/libtool --silent --preserve-dup-deps --mode=compile cc  -Iext/standard/ -I/Users/Ingwie/Work/drag0n-php/ext/standard/ -DPHP_ATOM_INC -I/Users/Ingwie/Work/drag0n-php/include -I/Users/Ingwie/Work/drag0n-php/main -I/Users/Ingwie/Work/drag0n-php -I/Users/Ingwie/Work/drag0n-php/ext/date/lib -I/Users/Ingwie/Work/drag0n-php/ext/ereg/regex -I/usr/include/libxml2 -I/usr/local/include -I/Users/Ingwie/Work/drag0n-php/ext/mbstring/oniguruma -I/Users/Ingwie/Work/drag0n-php/ext/mbstring/libmbfl -I/Users/Ingwie/Work/drag0n-php/ext/mbstring/libmbfl/mbfl -I/Users/Ingwie/Work/drag0n-php/ext/sqlite3/libsqlite -I/Users/Ingwie/Work/drag0n-php/ext/pthreads -I/usr/include/tidy -I/Users/Ingwie/Work/drag0n-php/ext/tokenizer/includes -I/usr/local/lib/wx/include/osx_cocoa-unicode-2.9 -I/usr/local/include/wx-2.9 -I/Users/Ingwie/Work/drag0n-php/TSRM -I/Users/Ingwie/Work/drag0n-php/Zend  -no-cpp-precomp  -I/usr/include -g -O2 -fvisibility=hidden -DZTS  -c /Users/Ingwie/Work/drag0n-php/ext/standard/crypt_blowfish.c -o ext/standard/crypt_blowfish.lo 
/bin/sh /Users/Ingwie/Work/drag0n-php/libtool --silent --preserve-dup-deps --mode=compile cc  -Iext/standard/ -I/Users/Ingwie/Work/drag0n-php/ext/standard/ -DPHP_ATOM_INC -I/Users/Ingwie/Work/drag0n-php/include -I/Users/Ingwie/Work/drag0n-php/main -I/Users/Ingwie/Work/drag0n-php -I/Users/Ingwie/Work/drag0n-php/ext/date/lib -I/Users/Ingwie/Work/drag0n-php/ext/ereg/regex -I/usr/include/libxml2 -I/usr/local/include -I/Users/Ingwie/Work/drag0n-php/ext/mbstring/oniguruma -I/Users/Ingwie/Work/drag0n-php/ext/mbstring/libmbfl -I/Users/Ingwie/Work/drag0n-php/ext/mbstring/libmbfl/mbfl -I/Users/Ingwie/Work/drag0n-php/ext/sqlite3/libsqlite -I/Users/Ingwie/Work/drag0n-php/ext/pthreads -I/usr/include/tidy -I/Users/Ingwie/Work/drag0n-php/ext/tokenizer/includes -I/usr/local/lib/wx/include/osx_cocoa-unicode-2.9 -I/usr/local/include/wx-2.9 -I/Users/Ingwie/Work/drag0n-php/TSRM -I/Users/Ingwie/Work/drag0n-php/Zend  -no-cpp-precomp  -I/usr/include -g -O2 -fvisibility=hidden -DZTS  -c /Users/Ingwie/Work/drag0n-php/ext/standard/crypt_sha512.c -o ext/standard/crypt_sha512.lo 
/bin/sh /Users/Ingwie/Work/drag0n-php/libtool --silent --preserve-dup-deps --mode=compile cc  -Iext/standard/ -I/Users/Ingwie/Work/drag0n-php/ext/standard/ -DPHP_ATOM_INC -I/Users/Ingwie/Work/drag0n-php/include -I/Users/Ingwie/Work/drag0n-php/main -I/Users/Ingwie/Work/drag0n-php -I/Users/Ingwie/Work/drag0n-php/ext/date/lib -I/Users/Ingwie/Work/drag0n-php/ext/ereg/regex -I/usr/include/libxml2 -I/usr/local/include -I/Users/Ingwie/Work/drag0n-php/ext/mbstring/oniguruma -I/Users/Ingwie/Work/drag0n-php/ext/mbstring/libmbfl -I/Users/Ingwie/Work/drag0n-php/ext/mbstring/libmbfl/mbfl -I/Users/Ingwie/Work/drag0n-php/ext/sqlite3/libsqlite -I/Users/Ingwie/Work/drag0n-php/ext/pthreads -I/usr/include/tidy -I/Users/Ingwie/Work/drag0n-php/ext/tokenizer/includes -I/usr/local/lib/wx/include/osx_cocoa-unicode-2.9 -I/usr/local/include/wx-2.9 -I/Users/Ingwie/Work/drag0n-php/TSRM -I/Users/Ingwie/Work/drag0n-php/Zend  -no-cpp-precomp  -I/usr/include -g -O2 -fvisibility=hidden -DZTS  -c /Users/Ingwie/Work/drag0n-php/ext/standard/crypt_sha256.c -o ext/standard/crypt_sha256.lo 
/bin/sh /Users/Ingwie/Work/drag0n-php/libtool --silent --preserve-dup-deps --mode=compile cc  -Iext/standard/ -I/Users/Ingwie/Work/drag0n-php/ext/standard/ -DPHP_ATOM_INC -I/Users/Ingwie/Work/drag0n-php/include -I/Users/Ingwie/Work/drag0n-php/main -I/Users/Ingwie/Work/drag0n-php -I/Users/Ingwie/Work/drag0n-php/ext/date/lib -I/Users/Ingwie/Work/drag0n-php/ext/ereg/regex -I/usr/include/libxml2 -I/usr/local/include -I/Users/Ingwie/Work/drag0n-php/ext/mbstring/oniguruma -I/Users/Ingwie/Work/drag0n-php/ext/mbstring/libmbfl -I/Users/Ingwie/Work/drag0n-php/ext/mbstring/libmbfl/mbfl -I/Users/Ingwie/Work/drag0n-php/ext/sqlite3/libsqlite -I/Users/Ingwie/Work/drag0n-php/ext/pthreads -I/usr/include/tidy -I/Users/Ingwie/Work/drag0n-php/ext/tokenizer/includes -I/usr/local/lib/wx/include/osx_cocoa-unicode-2.9 -I/usr/local/include/wx-2.9 -I/Users/Ingwie/Work/drag0n-php/TSRM -I/Users/Ingwie/Work/drag0n-php/Zend  -no-cpp-precomp  -I/usr/include -g -O2 -fvisibility=hidden -DZTS  -c /Users/Ingwie/Work/drag0n-php/ext/standard/php_crypt_r.c -o ext/standard/php_crypt_r.lo 
/bin/sh /Users/Ingwie/Work/drag0n-php/libtool --silent --preserve-dup-deps --mode=compile cc  -Iext/standard/ -I/Users/Ingwie/Work/drag0n-php/ext/standard/ -DPHP_ATOM_INC -I/Users/Ingwie/Work/drag0n-php/include -I/Users/Ingwie/Work/drag0n-php/main -I/Users/Ingwie/Work/drag0n-php -I/Users/Ingwie/Work/drag0n-php/ext/date/lib -I/Users/Ingwie/Work/drag0n-php/ext/ereg/regex -I/usr/include/libxml2 -I/usr/local/include -I/Users/Ingwie/Work/drag0n-php/ext/mbstring/oniguruma -I/Users/Ingwie/Work/drag0n-php/ext/mbstring/libmbfl -I/Users/Ingwie/Work/drag0n-php/ext/mbstring/libmbfl/mbfl -I/Users/Ingwie/Work/drag0n-php/ext/sqlite3/libsqlite -I/Users/Ingwie/Work/drag0n-php/ext/pthreads -I/usr/include/tidy -I/Users/Ingwie/Work/drag0n-php/ext/tokenizer/includes -I/usr/local/lib/wx/include/osx_cocoa-unicode-2.9 -I/usr/local/include/wx-2.9 -I/Users/Ingwie/Work/drag0n-php/TSRM -I/Users/Ingwie/Work/drag0n-php/Zend  -no-cpp-precomp  -I/usr/include -g -O2 -fvisibility=hidden -DZTS  -c /Users/Ingwie/Work/drag0n-php/ext/standard/array.c -o ext/standard/array.lo 
/bin/sh /Users/Ingwie/Work/drag0n-php/libtool --silent --preserve-dup-deps --mode=compile cc  -Iext/standard/ -I/Users/Ingwie/Work/drag0n-php/ext/standard/ -DPHP_ATOM_INC -I/Users/Ingwie/Work/drag0n-php/include -I/Users/Ingwie/Work/drag0n-php/main -I/Users/Ingwie/Work/drag0n-php -I/Users/Ingwie/Work/drag0n-php/ext/date/lib -I/Users/Ingwie/Work/drag0n-php/ext/ereg/regex -I/usr/include/libxml2 -I/usr/local/include -I/Users/Ingwie/Work/drag0n-php/ext/mbstring/oniguruma -I/Users/Ingwie/Work/drag0n-php/ext/mbstring/libmbfl -I/Users/Ingwie/Work/drag0n-php/ext/mbstring/libmbfl/mbfl -I/Users/Ingwie/Work/drag0n-php/ext/sqlite3/libsqlite -I/Users/Ingwie/Work/drag0n-php/ext/pthreads -I/usr/include/tidy -I/Users/Ingwie/Work/drag0n-php/ext/tokenizer/includes -I/usr/local/lib/wx/include/osx_cocoa-unicode-2.9 -I/usr/local/include/wx-2.9 -I/Users/Ingwie/Work/drag0n-php/TSRM -I/Users/Ingwie/Work/drag0n-php/Zend  -no-cpp-precomp  -I/usr/include -g -O2 -fvisibility=hidden -DZTS  -c /Users/Ingwie/Work/drag0n-php/ext/standard/base64.c -o ext/standard/base64.lo 
/bin/sh /Users/Ingwie/Work/drag0n-php/libtool --silent --preserve-dup-deps --mode=compile cc  -Iext/standard/ -I/Users/Ingwie/Work/drag0n-php/ext/standard/ -DPHP_ATOM_INC -I/Users/Ingwie/Work/drag0n-php/include -I/Users/Ingwie/Work/drag0n-php/main -I/Users/Ingwie/Work/drag0n-php -I/Users/Ingwie/Work/drag0n-php/ext/date/lib -I/Users/Ingwie/Work/drag0n-php/ext/ereg/regex -I/usr/include/libxml2 -I/usr/local/include -I/Users/Ingwie/Work/drag0n-php/ext/mbstring/oniguruma -I/Users/Ingwie/Work/drag0n-php/ext/mbstring/libmbfl -I/Users/Ingwie/Work/drag0n-php/ext/mbstring/libmbfl/mbfl -I/Users/Ingwie/Work/drag0n-php/ext/sqlite3/libsqlite -I/Users/Ingwie/Work/drag0n-php/ext/pthreads -I/usr/include/tidy -I/Users/Ingwie/Work/drag0n-php/ext/tokenizer/includes -I/usr/local/lib/wx/include/osx_cocoa-unicode-2.9 -I/usr/local/include/wx-2.9 -I/Users/Ingwie/Work/drag0n-php/TSRM -I/Users/Ingwie/Work/drag0n-php/Zend  -no-cpp-precomp  -I/usr/include -g -O2 -fvisibility=hidden -DZTS  -c /Users/Ingwie/Work/drag0n-php/ext/standard/basic_functions.c -o ext/standard/basic_functions.lo 
/bin/sh /Users/Ingwie/Work/drag0n-php/libtool --silent --preserve-dup-deps --mode=compile cc  -Iext/standard/ -I/Users/Ingwie/Work/drag0n-php/ext/standard/ -DPHP_ATOM_INC -I/Users/Ingwie/Work/drag0n-php/include -I/Users/Ingwie/Work/drag0n-php/main -I/Users/Ingwie/Work/drag0n-php -I/Users/Ingwie/Work/drag0n-php/ext/date/lib -I/Users/Ingwie/Work/drag0n-php/ext/ereg/regex -I/usr/include/libxml2 -I/usr/local/include -I/Users/Ingwie/Work/drag0n-php/ext/mbstring/oniguruma -I/Users/Ingwie/Work/drag0n-php/ext/mbstring/libmbfl -I/Users/Ingwie/Work/drag0n-php/ext/mbstring/libmbfl/mbfl -I/Users/Ingwie/Work/drag0n-php/ext/sqlite3/libsqlite -I/Users/Ingwie/Work/drag0n-php/ext/pthreads -I/usr/include/tidy -I/Users/Ingwie/Work/drag0n-php/ext/tokenizer/includes -I/usr/local/lib/wx/include/osx_cocoa-unicode-2.9 -I/usr/local/include/wx-2.9 -I/Users/Ingwie/Work/drag0n-php/TSRM -I/Users/Ingwie/Work/drag0n-php/Zend  -no-cpp-precomp  -I/usr/include -g -O2 -fvisibility=hidden -DZTS  -c /Users/Ingwie/Work/drag0n-php/ext/standard/browscap.c -o ext/standard/browscap.lo 
/Users/Ingwie/Work/drag0n-php/ext/standard/browscap.c:339:3: warning: incompatible pointer types passing 'void (zend_browscap_globals *, void ***)' to parameter of type 'ts_allocate_ctor' (aka 'void (*)(void *, void ***)') [-Wincompatible-pointer-types]
                browscap_globals_ctor, NULL);
                ^~~~~~~~~~~~~~~~~~~~~
/Users/Ingwie/Work/drag0n-php/Zend/../TSRM/TSRM.h:111:87: note: passing argument to parameter 'ctor' here
TSRM_API ts_rsrc_id ts_allocate_id(ts_rsrc_id *rsrc_id, size_t size, ts_allocate_ctor ctor, ts_allocate_dtor dtor);
                                                                                      ^
1 warning generated.
/bin/sh /Users/Ingwie/Work/drag0n-php/libtool --silent --preserve-dup-deps --mode=compile cc  -Iext/standard/ -I/Users/Ingwie/Work/drag0n-php/ext/standard/ -DPHP_ATOM_INC -I/Users/Ingwie/Work/drag0n-php/include -I/Users/Ingwie/Work/drag0n-php/main -I/Users/Ingwie/Work/drag0n-php -I/Users/Ingwie/Work/drag0n-php/ext/date/lib -I/Users/Ingwie/Work/drag0n-php/ext/ereg/regex -I/usr/include/libxml2 -I/usr/local/include -I/Users/Ingwie/Work/drag0n-php/ext/mbstring/oniguruma -I/Users/Ingwie/Work/drag0n-php/ext/mbstring/libmbfl -I/Users/Ingwie/Work/drag0n-php/ext/mbstring/libmbfl/mbfl -I/Users/Ingwie/Work/drag0n-php/ext/sqlite3/libsqlite -I/Users/Ingwie/Work/drag0n-php/ext/pthreads -I/usr/include/tidy -I/Users/Ingwie/Work/drag0n-php/ext/tokenizer/includes -I/usr/local/lib/wx/include/osx_cocoa-unicode-2.9 -I/usr/local/include/wx-2.9 -I/Users/Ingwie/Work/drag0n-php/TSRM -I/Users/Ingwie/Work/drag0n-php/Zend  -no-cpp-precomp  -I/usr/include -g -O2 -fvisibility=hidden -DZTS  -c /Users/Ingwie/Work/drag0n-php/ext/standard/crc32.c -o ext/standard/crc32.lo 
/bin/sh /Users/Ingwie/Work/drag0n-php/libtool --silent --preserve-dup-deps --mode=compile cc  -Iext/standard/ -I/Users/Ingwie/Work/drag0n-php/ext/standard/ -DPHP_ATOM_INC -I/Users/Ingwie/Work/drag0n-php/include -I/Users/Ingwie/Work/drag0n-php/main -I/Users/Ingwie/Work/drag0n-php -I/Users/Ingwie/Work/drag0n-php/ext/date/lib -I/Users/Ingwie/Work/drag0n-php/ext/ereg/regex -I/usr/include/libxml2 -I/usr/local/include -I/Users/Ingwie/Work/drag0n-php/ext/mbstring/oniguruma -I/Users/Ingwie/Work/drag0n-php/ext/mbstring/libmbfl -I/Users/Ingwie/Work/drag0n-php/ext/mbstring/libmbfl/mbfl -I/Users/Ingwie/Work/drag0n-php/ext/sqlite3/libsqlite -I/Users/Ingwie/Work/drag0n-php/ext/pthreads -I/usr/include/tidy -I/Users/Ingwie/Work/drag0n-php/ext/tokenizer/includes -I/usr/local/lib/wx/include/osx_cocoa-unicode-2.9 -I/usr/local/include/wx-2.9 -I/Users/Ingwie/Work/drag0n-php/TSRM -I/Users/Ingwie/Work/drag0n-php/Zend  -no-cpp-precomp  -I/usr/include -g -O2 -fvisibility=hidden -DZTS  -c /Users/Ingwie/Work/drag0n-php/ext/standard/crypt.c -o ext/standard/crypt.lo 
/bin/sh /Users/Ingwie/Work/drag0n-php/libtool --silent --preserve-dup-deps --mode=compile cc  -Iext/standard/ -I/Users/Ingwie/Work/drag0n-php/ext/standard/ -DPHP_ATOM_INC -I/Users/Ingwie/Work/drag0n-php/include -I/Users/Ingwie/Work/drag0n-php/main -I/Users/Ingwie/Work/drag0n-php -I/Users/Ingwie/Work/drag0n-php/ext/date/lib -I/Users/Ingwie/Work/drag0n-php/ext/ereg/regex -I/usr/include/libxml2 -I/usr/local/include -I/Users/Ingwie/Work/drag0n-php/ext/mbstring/oniguruma -I/Users/Ingwie/Work/drag0n-php/ext/mbstring/libmbfl -I/Users/Ingwie/Work/drag0n-php/ext/mbstring/libmbfl/mbfl -I/Users/Ingwie/Work/drag0n-php/ext/sqlite3/libsqlite -I/Users/Ingwie/Work/drag0n-php/ext/pthreads -I/usr/include/tidy -I/Users/Ingwie/Work/drag0n-php/ext/tokenizer/includes -I/usr/local/lib/wx/include/osx_cocoa-unicode-2.9 -I/usr/local/include/wx-2.9 -I/Users/Ingwie/Work/drag0n-php/TSRM -I/Users/Ingwie/Work/drag0n-php/Zend  -no-cpp-precomp  -I/usr/include -g -O2 -fvisibility=hidden -DZTS  -c /Users/Ingwie/Work/drag0n-php/ext/standard/cyr_convert.c -o ext/standard/cyr_convert.lo 
/bin/sh /Users/Ingwie/Work/drag0n-php/libtool --silent --preserve-dup-deps --mode=compile cc  -Iext/standard/ -I/Users/Ingwie/Work/drag0n-php/ext/standard/ -DPHP_ATOM_INC -I/Users/Ingwie/Work/drag0n-php/include -I/Users/Ingwie/Work/drag0n-php/main -I/Users/Ingwie/Work/drag0n-php -I/Users/Ingwie/Work/drag0n-php/ext/date/lib -I/Users/Ingwie/Work/drag0n-php/ext/ereg/regex -I/usr/include/libxml2 -I/usr/local/include -I/Users/Ingwie/Work/drag0n-php/ext/mbstring/oniguruma -I/Users/Ingwie/Work/drag0n-php/ext/mbstring/libmbfl -I/Users/Ingwie/Work/drag0n-php/ext/mbstring/libmbfl/mbfl -I/Users/Ingwie/Work/drag0n-php/ext/sqlite3/libsqlite -I/Users/Ingwie/Work/drag0n-php/ext/pthreads -I/usr/include/tidy -I/Users/Ingwie/Work/drag0n-php/ext/tokenizer/includes -I/usr/local/lib/wx/include/osx_cocoa-unicode-2.9 -I/usr/local/include/wx-2.9 -I/Users/Ingwie/Work/drag0n-php/TSRM -I/Users/Ingwie/Work/drag0n-php/Zend  -no-cpp-precomp  -I/usr/include -g -O2 -fvisibility=hidden -DZTS  -c /Users/Ingwie/Work/drag0n-php/ext/standard/datetime.c -o ext/standard/datetime.lo 
/bin/sh /Users/Ingwie/Work/drag0n-php/libtool --silent --preserve-dup-deps --mode=compile cc  -Iext/standard/ -I/Users/Ingwie/Work/drag0n-php/ext/standard/ -DPHP_ATOM_INC -I/Users/Ingwie/Work/drag0n-php/include -I/Users/Ingwie/Work/drag0n-php/main -I/Users/Ingwie/Work/drag0n-php -I/Users/Ingwie/Work/drag0n-php/ext/date/lib -I/Users/Ingwie/Work/drag0n-php/ext/ereg/regex -I/usr/include/libxml2 -I/usr/local/include -I/Users/Ingwie/Work/drag0n-php/ext/mbstring/oniguruma -I/Users/Ingwie/Work/drag0n-php/ext/mbstring/libmbfl -I/Users/Ingwie/Work/drag0n-php/ext/mbstring/libmbfl/mbfl -I/Users/Ingwie/Work/drag0n-php/ext/sqlite3/libsqlite -I/Users/Ingwie/Work/drag0n-php/ext/pthreads -I/usr/include/tidy -I/Users/Ingwie/Work/drag0n-php/ext/tokenizer/includes -I/usr/local/lib/wx/include/osx_cocoa-unicode-2.9 -I/usr/local/include/wx-2.9 -I/Users/Ingwie/Work/drag0n-php/TSRM -I/Users/Ingwie/Work/drag0n-php/Zend  -no-cpp-precomp  -I/usr/include -g -O2 -fvisibility=hidden -DZTS  -c /Users/Ingwie/Work/drag0n-php/ext/standard/dir.c -o ext/standard/dir.lo 
/bin/sh /Users/Ingwie/Work/drag0n-php/libtool --silent --preserve-dup-deps --mode=compile cc  -Iext/standard/ -I/Users/Ingwie/Work/drag0n-php/ext/standard/ -DPHP_ATOM_INC -I/Users/Ingwie/Work/drag0n-php/include -I/Users/Ingwie/Work/drag0n-php/main -I/Users/Ingwie/Work/drag0n-php -I/Users/Ingwie/Work/drag0n-php/ext/date/lib -I/Users/Ingwie/Work/drag0n-php/ext/ereg/regex -I/usr/include/libxml2 -I/usr/local/include -I/Users/Ingwie/Work/drag0n-php/ext/mbstring/oniguruma -I/Users/Ingwie/Work/drag0n-php/ext/mbstring/libmbfl -I/Users/Ingwie/Work/drag0n-php/ext/mbstring/libmbfl/mbfl -I/Users/Ingwie/Work/drag0n-php/ext/sqlite3/libsqlite -I/Users/Ingwie/Work/drag0n-php/ext/pthreads -I/usr/include/tidy -I/Users/Ingwie/Work/drag0n-php/ext/tokenizer/includes -I/usr/local/lib/wx/include/osx_cocoa-unicode-2.9 -I/usr/local/include/wx-2.9 -I/Users/Ingwie/Work/drag0n-php/TSRM -I/Users/Ingwie/Work/drag0n-php/Zend  -no-cpp-precomp  -I/usr/include -g -O2 -fvisibility=hidden -DZTS  -c /Users/Ingwie/Work/drag0n-php/ext/standard/dl.c -o ext/standard/dl.lo 
/bin/sh /Users/Ingwie/Work/drag0n-php/libtool --silent --preserve-dup-deps --mode=compile cc  -Iext/standard/ -I/Users/Ingwie/Work/drag0n-php/ext/standard/ -DPHP_ATOM_INC -I/Users/Ingwie/Work/drag0n-php/include -I/Users/Ingwie/Work/drag0n-php/main -I/Users/Ingwie/Work/drag0n-php -I/Users/Ingwie/Work/drag0n-php/ext/date/lib -I/Users/Ingwie/Work/drag0n-php/ext/ereg/regex -I/usr/include/libxml2 -I/usr/local/include -I/Users/Ingwie/Work/drag0n-php/ext/mbstring/oniguruma -I/Users/Ingwie/Work/drag0n-php/ext/mbstring/libmbfl -I/Users/Ingwie/Work/drag0n-php/ext/mbstring/libmbfl/mbfl -I/Users/Ingwie/Work/drag0n-php/ext/sqlite3/libsqlite -I/Users/Ingwie/Work/drag0n-php/ext/pthreads -I/usr/include/tidy -I/Users/Ingwie/Work/drag0n-php/ext/tokenizer/includes -I/usr/local/lib/wx/include/osx_cocoa-unicode-2.9 -I/usr/local/include/wx-2.9 -I/Users/Ingwie/Work/drag0n-php/TSRM -I/Users/Ingwie/Work/drag0n-php/Zend  -no-cpp-precomp  -I/usr/include -g -O2 -fvisibility=hidden -DZTS  -c /Users/Ingwie/Work/drag0n-php/ext/standard/dns.c -o ext/standard/dns.lo 
/Users/Ingwie/Work/drag0n-php/ext/standard/dns.c:403:51: warning: passing 'u_char [8192]' to parameter of type 'char *' converts between pointers to integer types with different sign [-Wpointer-sign]
        i = php_dns_search(handle, hostname, C_IN, type, ans, sizeof(ans));
                                                         ^~~
ext/standard/php_dns.h:28:48: note: expanded from macro 'php_dns_search'
        ((int)dns_search(res, dname, class, type, answer, anslen, (struct sockaddr *)&from, &fromsize))
                                                  ^
/usr/include/dns.h:134:106: note: passing argument to parameter 'buf' here
extern int32_t dns_search(dns_handle_t dns, const char *name, uint32_t dnsclass, uint32_t dnstype, char *buf, uint32_t len, struct sockaddr *from, uint32_t *fromlen);
                                                                                                         ^
/Users/Ingwie/Work/drag0n-php/ext/standard/dns.c:521:38: warning: passing 'u_char *' (aka 'unsigned char *') to parameter of type 'const char *' converts between pointers to integer types with different sign [-Wpointer-sign]
                                        add_next_index_stringl(entries, cp + ll + 1, n, 1);
                                                                        ^~~~~~~~~~~
/Users/Ingwie/Work/drag0n-php/Zend/zend_API.h:415:60: note: passing argument to parameter 'str' here
ZEND_API int add_next_index_stringl(zval *arg, const char *str, uint length, int duplicate);
                                                           ^
/Users/Ingwie/Work/drag0n-php/ext/standard/dns.c:527:41: warning: passing 'u_char *' (aka 'unsigned char *') to parameter of type 'char *' converts between pointers to integer types with different sign [-Wpointer-sign]
                                add_assoc_stringl(*subarray, "txt", tp, (dlen>0)?dlen - 1:0, 0);
                                                                    ^~
/Users/Ingwie/Work/drag0n-php/Zend/zend_API.h:391:123: note: expanded from macro 'add_assoc_stringl'
#define add_assoc_stringl(__arg, __key, __str, __length, __duplicate) add_assoc_stringl_ex(__arg, __key, strlen(__key)+1, __str, __length, __duplicate)
                                                                                                                          ^
/Users/Ingwie/Work/drag0n-php/Zend/zend_API.h:382:83: note: passing argument to parameter 'str' here
ZEND_API int add_assoc_stringl_ex(zval *arg, const char *key, uint key_len, char *str, uint length, int duplicate);
                                                                                  ^
/Users/Ingwie/Work/drag0n-php/ext/standard/dns.c:856:62: warning: passing 'u_char [65536]' to parameter of type 'char *' converts between pointers to integer types with different sign [-Wpointer-sign]
                        n = php_dns_search(handle, hostname, C_IN, type_to_fetch, answer.qb2, sizeof answer);
                                                                                  ^~~~~~~~~~
ext/standard/php_dns.h:28:48: note: expanded from macro 'php_dns_search'
        ((int)dns_search(res, dname, class, type, answer, anslen, (struct sockaddr *)&from, &fromsize))
                                                  ^
/usr/include/dns.h:134:106: note: passing argument to parameter 'buf' here
extern int32_t dns_search(dns_handle_t dns, const char *name, uint32_t dnsclass, uint32_t dnstype, char *buf, uint32_t len, struct sockaddr *from, uint32_t *fromlen);
                                                                                                         ^
/Users/Ingwie/Work/drag0n-php/ext/standard/dns.c:973:55: warning: passing 'u_char *' (aka 'unsigned char *') to parameter of type 'char *' converts between pointers to integer types with different sign [-Wpointer-sign]
        i = php_dns_search(handle, hostname, C_IN, DNS_T_MX, (u_char *)&ans, sizeof(ans));
                                                             ^~~~~~~~~~~~~~
ext/standard/php_dns.h:28:48: note: expanded from macro 'php_dns_search'
        ((int)dns_search(res, dname, class, type, answer, anslen, (struct sockaddr *)&from, &fromsize))
                                                  ^
/usr/include/dns.h:134:106: note: passing argument to parameter 'buf' here
extern int32_t dns_search(dns_handle_t dns, const char *name, uint32_t dnsclass, uint32_t dnstype, char *buf, uint32_t len, struct sockaddr *from, uint32_t *fromlen);
                                                                                                         ^
5 warnings generated.
/bin/sh /Users/Ingwie/Work/drag0n-php/libtool --silent --preserve-dup-deps --mode=compile cc  -Iext/standard/ -I/Users/Ingwie/Work/drag0n-php/ext/standard/ -DPHP_ATOM_INC -I/Users/Ingwie/Work/drag0n-php/include -I/Users/Ingwie/Work/drag0n-php/main -I/Users/Ingwie/Work/drag0n-php -I/Users/Ingwie/Work/drag0n-php/ext/date/lib -I/Users/Ingwie/Work/drag0n-php/ext/ereg/regex -I/usr/include/libxml2 -I/usr/local/include -I/Users/Ingwie/Work/drag0n-php/ext/mbstring/oniguruma -I/Users/Ingwie/Work/drag0n-php/ext/mbstring/libmbfl -I/Users/Ingwie/Work/drag0n-php/ext/mbstring/libmbfl/mbfl -I/Users/Ingwie/Work/drag0n-php/ext/sqlite3/libsqlite -I/Users/Ingwie/Work/drag0n-php/ext/pthreads -I/usr/include/tidy -I/Users/Ingwie/Work/drag0n-php/ext/tokenizer/includes -I/usr/local/lib/wx/include/osx_cocoa-unicode-2.9 -I/usr/local/include/wx-2.9 -I/Users/Ingwie/Work/drag0n-php/TSRM -I/Users/Ingwie/Work/drag0n-php/Zend  -no-cpp-precomp  -I/usr/include -g -O2 -fvisibility=hidden -DZTS  -c /Users/Ingwie/Work/drag0n-php/ext/standard/exec.c -o ext/standard/exec.lo 
/bin/sh /Users/Ingwie/Work/drag0n-php/libtool --silent --preserve-dup-deps --mode=compile cc  -Iext/standard/ -I/Users/Ingwie/Work/drag0n-php/ext/standard/ -DPHP_ATOM_INC -I/Users/Ingwie/Work/drag0n-php/include -I/Users/Ingwie/Work/drag0n-php/main -I/Users/Ingwie/Work/drag0n-php -I/Users/Ingwie/Work/drag0n-php/ext/date/lib -I/Users/Ingwie/Work/drag0n-php/ext/ereg/regex -I/usr/include/libxml2 -I/usr/local/include -I/Users/Ingwie/Work/drag0n-php/ext/mbstring/oniguruma -I/Users/Ingwie/Work/drag0n-php/ext/mbstring/libmbfl -I/Users/Ingwie/Work/drag0n-php/ext/mbstring/libmbfl/mbfl -I/Users/Ingwie/Work/drag0n-php/ext/sqlite3/libsqlite -I/Users/Ingwie/Work/drag0n-php/ext/pthreads -I/usr/include/tidy -I/Users/Ingwie/Work/drag0n-php/ext/tokenizer/includes -I/usr/local/lib/wx/include/osx_cocoa-unicode-2.9 -I/usr/local/include/wx-2.9 -I/Users/Ingwie/Work/drag0n-php/TSRM -I/Users/Ingwie/Work/drag0n-php/Zend  -no-cpp-precomp  -I/usr/include -g -O2 -fvisibility=hidden -DZTS  -c /Users/Ingwie/Work/drag0n-php/ext/standard/file.c -o ext/standard/file.lo 
/bin/sh /Users/Ingwie/Work/drag0n-php/libtool --silent --preserve-dup-deps --mode=compile cc  -Iext/standard/ -I/Users/Ingwie/Work/drag0n-php/ext/standard/ -DPHP_ATOM_INC -I/Users/Ingwie/Work/drag0n-php/include -I/Users/Ingwie/Work/drag0n-php/main -I/Users/Ingwie/Work/drag0n-php -I/Users/Ingwie/Work/drag0n-php/ext/date/lib -I/Users/Ingwie/Work/drag0n-php/ext/ereg/regex -I/usr/include/libxml2 -I/usr/local/include -I/Users/Ingwie/Work/drag0n-php/ext/mbstring/oniguruma -I/Users/Ingwie/Work/drag0n-php/ext/mbstring/libmbfl -I/Users/Ingwie/Work/drag0n-php/ext/mbstring/libmbfl/mbfl -I/Users/Ingwie/Work/drag0n-php/ext/sqlite3/libsqlite -I/Users/Ingwie/Work/drag0n-php/ext/pthreads -I/usr/include/tidy -I/Users/Ingwie/Work/drag0n-php/ext/tokenizer/includes -I/usr/local/lib/wx/include/osx_cocoa-unicode-2.9 -I/usr/local/include/wx-2.9 -I/Users/Ingwie/Work/drag0n-php/TSRM -I/Users/Ingwie/Work/drag0n-php/Zend  -no-cpp-precomp  -I/usr/include -g -O2 -fvisibility=hidden -DZTS  -c /Users/Ingwie/Work/drag0n-php/ext/standard/filestat.c -o ext/standard/filestat.lo 
/bin/sh /Users/Ingwie/Work/drag0n-php/libtool --silent --preserve-dup-deps --mode=compile cc  -Iext/standard/ -I/Users/Ingwie/Work/drag0n-php/ext/standard/ -DPHP_ATOM_INC -I/Users/Ingwie/Work/drag0n-php/include -I/Users/Ingwie/Work/drag0n-php/main -I/Users/Ingwie/Work/drag0n-php -I/Users/Ingwie/Work/drag0n-php/ext/date/lib -I/Users/Ingwie/Work/drag0n-php/ext/ereg/regex -I/usr/include/libxml2 -I/usr/local/include -I/Users/Ingwie/Work/drag0n-php/ext/mbstring/oniguruma -I/Users/Ingwie/Work/drag0n-php/ext/mbstring/libmbfl -I/Users/Ingwie/Work/drag0n-php/ext/mbstring/libmbfl/mbfl -I/Users/Ingwie/Work/drag0n-php/ext/sqlite3/libsqlite -I/Users/Ingwie/Work/drag0n-php/ext/pthreads -I/usr/include/tidy -I/Users/Ingwie/Work/drag0n-php/ext/tokenizer/includes -I/usr/local/lib/wx/include/osx_cocoa-unicode-2.9 -I/usr/local/include/wx-2.9 -I/Users/Ingwie/Work/drag0n-php/TSRM -I/Users/Ingwie/Work/drag0n-php/Zend  -no-cpp-precomp  -I/usr/include -g -O2 -fvisibility=hidden -DZTS  -c /Users/Ingwie/Work/drag0n-php/ext/standard/flock_compat.c -o ext/standard/flock_compat.lo 
/bin/sh /Users/Ingwie/Work/drag0n-php/libtool --silent --preserve-dup-deps --mode=compile cc  -Iext/standard/ -I/Users/Ingwie/Work/drag0n-php/ext/standard/ -DPHP_ATOM_INC -I/Users/Ingwie/Work/drag0n-php/include -I/Users/Ingwie/Work/drag0n-php/main -I/Users/Ingwie/Work/drag0n-php -I/Users/Ingwie/Work/drag0n-php/ext/date/lib -I/Users/Ingwie/Work/drag0n-php/ext/ereg/regex -I/usr/include/libxml2 -I/usr/local/include -I/Users/Ingwie/Work/drag0n-php/ext/mbstring/oniguruma -I/Users/Ingwie/Work/drag0n-php/ext/mbstring/libmbfl -I/Users/Ingwie/Work/drag0n-php/ext/mbstring/libmbfl/mbfl -I/Users/Ingwie/Work/drag0n-php/ext/sqlite3/libsqlite -I/Users/Ingwie/Work/drag0n-php/ext/pthreads -I/usr/include/tidy -I/Users/Ingwie/Work/drag0n-php/ext/tokenizer/includes -I/usr/local/lib/wx/include/osx_cocoa-unicode-2.9 -I/usr/local/include/wx-2.9 -I/Users/Ingwie/Work/drag0n-php/TSRM -I/Users/Ingwie/Work/drag0n-php/Zend  -no-cpp-precomp  -I/usr/include -g -O2 -fvisibility=hidden -DZTS  -c /Users/Ingwie/Work/drag0n-php/ext/standard/formatted_print.c -o ext/standard/formatted_print.lo 
/bin/sh /Users/Ingwie/Work/drag0n-php/libtool --silent --preserve-dup-deps --mode=compile cc  -Iext/standard/ -I/Users/Ingwie/Work/drag0n-php/ext/standard/ -DPHP_ATOM_INC -I/Users/Ingwie/Work/drag0n-php/include -I/Users/Ingwie/Work/drag0n-php/main -I/Users/Ingwie/Work/drag0n-php -I/Users/Ingwie/Work/drag0n-php/ext/date/lib -I/Users/Ingwie/Work/drag0n-php/ext/ereg/regex -I/usr/include/libxml2 -I/usr/local/include -I/Users/Ingwie/Work/drag0n-php/ext/mbstring/oniguruma -I/Users/Ingwie/Work/drag0n-php/ext/mbstring/libmbfl -I/Users/Ingwie/Work/drag0n-php/ext/mbstring/libmbfl/mbfl -I/Users/Ingwie/Work/drag0n-php/ext/sqlite3/libsqlite -I/Users/Ingwie/Work/drag0n-php/ext/pthreads -I/usr/include/tidy -I/Users/Ingwie/Work/drag0n-php/ext/tokenizer/includes -I/usr/local/lib/wx/include/osx_cocoa-unicode-2.9 -I/usr/local/include/wx-2.9 -I/Users/Ingwie/Work/drag0n-php/TSRM -I/Users/Ingwie/Work/drag0n-php/Zend  -no-cpp-precomp  -I/usr/include -g -O2 -fvisibility=hidden -DZTS  -c /Users/Ingwie/Work/drag0n-php/ext/standard/fsock.c -o ext/standard/fsock.lo 
/bin/sh /Users/Ingwie/Work/drag0n-php/libtool --silent --preserve-dup-deps --mode=compile cc  -Iext/standard/ -I/Users/Ingwie/Work/drag0n-php/ext/standard/ -DPHP_ATOM_INC -I/Users/Ingwie/Work/drag0n-php/include -I/Users/Ingwie/Work/drag0n-php/main -I/Users/Ingwie/Work/drag0n-php -I/Users/Ingwie/Work/drag0n-php/ext/date/lib -I/Users/Ingwie/Work/drag0n-php/ext/ereg/regex -I/usr/include/libxml2 -I/usr/local/include -I/Users/Ingwie/Work/drag0n-php/ext/mbstring/oniguruma -I/Users/Ingwie/Work/drag0n-php/ext/mbstring/libmbfl -I/Users/Ingwie/Work/drag0n-php/ext/mbstring/libmbfl/mbfl -I/Users/Ingwie/Work/drag0n-php/ext/sqlite3/libsqlite -I/Users/Ingwie/Work/drag0n-php/ext/pthreads -I/usr/include/tidy -I/Users/Ingwie/Work/drag0n-php/ext/tokenizer/includes -I/usr/local/lib/wx/include/osx_cocoa-unicode-2.9 -I/usr/local/include/wx-2.9 -I/Users/Ingwie/Work/drag0n-php/TSRM -I/Users/Ingwie/Work/drag0n-php/Zend  -no-cpp-precomp  -I/usr/include -g -O2 -fvisibility=hidden -DZTS  -c /Users/Ingwie/Work/drag0n-php/ext/standard/head.c -o ext/standard/head.lo 
/bin/sh /Users/Ingwie/Work/drag0n-php/libtool --silent --preserve-dup-deps --mode=compile cc  -Iext/standard/ -I/Users/Ingwie/Work/drag0n-php/ext/standard/ -DPHP_ATOM_INC -I/Users/Ingwie/Work/drag0n-php/include -I/Users/Ingwie/Work/drag0n-php/main -I/Users/Ingwie/Work/drag0n-php -I/Users/Ingwie/Work/drag0n-php/ext/date/lib -I/Users/Ingwie/Work/drag0n-php/ext/ereg/regex -I/usr/include/libxml2 -I/usr/local/include -I/Users/Ingwie/Work/drag0n-php/ext/mbstring/oniguruma -I/Users/Ingwie/Work/drag0n-php/ext/mbstring/libmbfl -I/Users/Ingwie/Work/drag0n-php/ext/mbstring/libmbfl/mbfl -I/Users/Ingwie/Work/drag0n-php/ext/sqlite3/libsqlite -I/Users/Ingwie/Work/drag0n-php/ext/pthreads -I/usr/include/tidy -I/Users/Ingwie/Work/drag0n-php/ext/tokenizer/includes -I/usr/local/lib/wx/include/osx_cocoa-unicode-2.9 -I/usr/local/include/wx-2.9 -I/Users/Ingwie/Work/drag0n-php/TSRM -I/Users/Ingwie/Work/drag0n-php/Zend  -no-cpp-precomp  -I/usr/include -g -O2 -fvisibility=hidden -DZTS  -c /Users/Ingwie/Work/drag0n-php/ext/standard/html.c -o ext/standard/html.lo 
/Users/Ingwie/Work/drag0n-php/ext/standard/html.c:1015:29: warning: passing 'char *' to parameter of type 'unsigned char *' converts between pointers to integer types with different sign [-Wpointer-sign]
                q += write_octet_sequence(q, charset, code);
                                          ^
/Users/Ingwie/Work/drag0n-php/ext/standard/html.c:864:58: note: passing argument to parameter 'buf' here
static inline size_t write_octet_sequence(unsigned char *buf, enum entity_charset charset, unsigned code) {
                                                         ^
/Users/Ingwie/Work/drag0n-php/ext/standard/html.c:1017:30: warning: passing 'char *' to parameter of type 'unsigned char *' converts between pointers to integer types with different sign [-Wpointer-sign]
                        q += write_octet_sequence(q, charset, code2);
                                                  ^
/Users/Ingwie/Work/drag0n-php/ext/standard/html.c:864:58: note: passing argument to parameter 'buf' here
static inline size_t write_octet_sequence(unsigned char *buf, enum entity_charset charset, unsigned code) {
                                                         ^
/Users/Ingwie/Work/drag0n-php/ext/standard/html.c:1118:24: warning: passing 'unsigned char *' to parameter of type 'const char *' converts between pointers to integer types with different sign [-Wpointer-sign]
        traverse_for_entities(old, oldlen, ret, &retlen, all, flags, inverse_map, charset);
                              ^~~
/Users/Ingwie/Work/drag0n-php/ext/standard/html.c:925:14: note: passing argument to parameter 'old' here
        const char *old,
                    ^
/Users/Ingwie/Work/drag0n-php/ext/standard/html.c:1179:18: warning: assigning to 'const unsigned char *' from 'const char *const' converts between pointers to integer types with different sign [-Wpointer-sign]
                                        *entity     = s->normal_entry.entity;
                                                    ^ ~~~~~~~~~~~~~~~~~~~~~~
/Users/Ingwie/Work/drag0n-php/ext/standard/html.c:1207:14: warning: assigning to 'const unsigned char *' from 'const char *const' converts between pointers to integer types with different sign [-Wpointer-sign]
        *entity     = table[k].data.ent.entity;
                    ^ ~~~~~~~~~~~~~~~~~~~~~~~~
/Users/Ingwie/Work/drag0n-php/ext/standard/html.c:1393:18: warning: initializing 'const char *' with an expression of type 'unsigned char *' converts between pointers to integer types with different sign [-Wpointer-sign]
                                        const char *start = &old[cursor],
                                                    ^       ~~~~~~~~~~~~
/Users/Ingwie/Work/drag0n-php/ext/standard/html.c:1446:41: warning: passing 'char *' to parameter of type 'unsigned char *' converts between pointers to integer types with different sign [-Wpointer-sign]
        replaced = php_escape_html_entities_ex(str, str_len, &new_len, all, (int) flags, hint_charset, double_encode TSRMLS_CC);
                                               ^~~
/Users/Ingwie/Work/drag0n-php/ext/standard/html.c:1214:57: note: passing argument to parameter 'old' here
PHPAPI char *php_escape_html_entities_ex(unsigned char *old, size_t oldlen, size_t *newlen, int all, int flags, char *hint_charset, zend_bool double_encode TSRMLS_DC)
                                                        ^
/Users/Ingwie/Work/drag0n-php/ext/standard/html.c:1495:40: warning: passing 'char *' to parameter of type 'unsigned char *' converts between pointers to integer types with different sign [-Wpointer-sign]
        replaced = php_unescape_html_entities(str, str_len, &new_len, 0 /*!all*/, quote_style, NULL TSRMLS_CC);
                                              ^~~
/Users/Ingwie/Work/drag0n-php/ext/standard/html.c:1086:56: note: passing argument to parameter 'old' here
PHPAPI char *php_unescape_html_entities(unsigned char *old, size_t oldlen, size_t *newlen, int all, int flags, char *hint_charset TSRMLS_DC)
                                                       ^
/Users/Ingwie/Work/drag0n-php/ext/standard/html.c:1518:40: warning: passing 'char *' to parameter of type 'unsigned char *' converts between pointers to integer types with different sign [-Wpointer-sign]
        replaced = php_unescape_html_entities(str, str_len, &new_len, 1 /*all*/, quote_style, hint_charset TSRMLS_CC);
                                              ^~~
/Users/Ingwie/Work/drag0n-php/ext/standard/html.c:1086:56: note: passing argument to parameter 'old' here
PHPAPI char *php_unescape_html_entities(unsigned char *old, size_t oldlen, size_t *newlen, int all, int flags, char *hint_charset TSRMLS_DC)
                                                       ^
/Users/Ingwie/Work/drag0n-php/ext/standard/html.c:1546:36: warning: passing 'char [9]' to parameter of type 'unsigned char *' converts between pointers to integer types with different sign [-Wpointer-sign]
        written_k1 = write_octet_sequence(key, charset, orig_cp);
                                          ^~~
/Users/Ingwie/Work/drag0n-php/ext/standard/html.c:864:58: note: passing argument to parameter 'buf' here
static inline size_t write_octet_sequence(unsigned char *buf, enum entity_charset charset, unsigned code) {
                                                         ^
/Users/Ingwie/Work/drag0n-php/ext/standard/html.c:1581:38: warning: passing 'char *' to parameter of type 'unsigned char *' converts between pointers to integer types with different sign [-Wpointer-sign]
                        written_k2 = write_octet_sequence(&key[written_k1], charset, spe_cp);
                                                          ^~~~~~~~~~~~~~~~
/Users/Ingwie/Work/drag0n-php/ext/standard/html.c:864:58: note: passing argument to parameter 'buf' here
static inline size_t write_octet_sequence(unsigned char *buf, enum entity_charset charset, unsigned code) {
                                                         ^
11 warnings generated.
/bin/sh /Users/Ingwie/Work/drag0n-php/libtool --silent --preserve-dup-deps --mode=compile cc  -Iext/standard/ -I/Users/Ingwie/Work/drag0n-php/ext/standard/ -DPHP_ATOM_INC -I/Users/Ingwie/Work/drag0n-php/include -I/Users/Ingwie/Work/drag0n-php/main -I/Users/Ingwie/Work/drag0n-php -I/Users/Ingwie/Work/drag0n-php/ext/date/lib -I/Users/Ingwie/Work/drag0n-php/ext/ereg/regex -I/usr/include/libxml2 -I/usr/local/include -I/Users/Ingwie/Work/drag0n-php/ext/mbstring/oniguruma -I/Users/Ingwie/Work/drag0n-php/ext/mbstring/libmbfl -I/Users/Ingwie/Work/drag0n-php/ext/mbstring/libmbfl/mbfl -I/Users/Ingwie/Work/drag0n-php/ext/sqlite3/libsqlite -I/Users/Ingwie/Work/drag0n-php/ext/pthreads -I/usr/include/tidy -I/Users/Ingwie/Work/drag0n-php/ext/tokenizer/includes -I/usr/local/lib/wx/include/osx_cocoa-unicode-2.9 -I/usr/local/include/wx-2.9 -I/Users/Ingwie/Work/drag0n-php/TSRM -I/Users/Ingwie/Work/drag0n-php/Zend  -no-cpp-precomp  -I/usr/include -g -O2 -fvisibility=hidden -DZTS  -c /Users/Ingwie/Work/drag0n-php/ext/standard/image.c -o ext/standard/image.lo 
/Users/Ingwie/Work/drag0n-php/ext/standard/image.c:108:6: warning: passing 'unsigned char [5]' to parameter of type 'char *' converts between pointers to integer types with different sign [-Wpointer-sign]
        if (php_stream_read(stream, dim, sizeof(dim)) != sizeof(dim))
            ^~~~~~~~~~~~~~~~~~~~~~~~~~~~~~~~~~~~~~~~~
/Users/Ingwie/Work/drag0n-php/main/php_streams.h:294:73: note: expanded from macro 'php_stream_read'
#define php_stream_read(stream, buf, count)             _php_stream_read((stream), (buf), (count) TSRMLS_CC)
                                                                                   ^~~~~
/Users/Ingwie/Work/drag0n-php/main/php_streams.h:293:58: note: passing argument to parameter 'buf' here
PHPAPI size_t _php_stream_read(php_stream *stream, char *buf, size_t count TSRMLS_DC);
                                                         ^
/Users/Ingwie/Work/drag0n-php/ext/standard/image.c:131:6: warning: passing 'unsigned char [8]' to parameter of type 'char *' converts between pointers to integer types with different sign [-Wpointer-sign]
        if (php_stream_read(stream, dim, sizeof(dim)) != sizeof(dim))
            ^~~~~~~~~~~~~~~~~~~~~~~~~~~~~~~~~~~~~~~~~
/Users/Ingwie/Work/drag0n-php/main/php_streams.h:294:73: note: expanded from macro 'php_stream_read'
#define php_stream_read(stream, buf, count)             _php_stream_read((stream), (buf), (count) TSRMLS_CC)
                                                                                   ^~~~~
/Users/Ingwie/Work/drag0n-php/main/php_streams.h:293:58: note: passing argument to parameter 'buf' here
PHPAPI size_t _php_stream_read(php_stream *stream, char *buf, size_t count TSRMLS_DC);
                                                         ^
/Users/Ingwie/Work/drag0n-php/ext/standard/image.c:153:6: warning: passing 'unsigned char [16]' to parameter of type 'char *' converts between pointers to integer types with different sign [-Wpointer-sign]
        if (php_stream_read(stream, dim, sizeof(dim)) != sizeof(dim))
            ^~~~~~~~~~~~~~~~~~~~~~~~~~~~~~~~~~~~~~~~~
/Users/Ingwie/Work/drag0n-php/main/php_streams.h:294:73: note: expanded from macro 'php_stream_read'
#define php_stream_read(stream, buf, count)             _php_stream_read((stream), (buf), (count) TSRMLS_CC)
                                                                                   ^~~~~
/Users/Ingwie/Work/drag0n-php/main/php_streams.h:293:58: note: passing argument to parameter 'buf' here
PHPAPI size_t _php_stream_read(php_stream *stream, char *buf, size_t count TSRMLS_DC);
                                                         ^
/Users/Ingwie/Work/drag0n-php/ext/standard/image.c:275:6: warning: passing 'unsigned char [32]' to parameter of type 'char *' converts between pointers to integer types with different sign [-Wpointer-sign]
        if (php_stream_read(stream, a, sizeof(a)) != sizeof(a))
            ^~~~~~~~~~~~~~~~~~~~~~~~~~~~~~~~~~~~~
/Users/Ingwie/Work/drag0n-php/main/php_streams.h:294:73: note: expanded from macro 'php_stream_read'
#define php_stream_read(stream, buf, count)             _php_stream_read((stream), (buf), (count) TSRMLS_CC)
                                                                                   ^~~~~
/Users/Ingwie/Work/drag0n-php/main/php_streams.h:293:58: note: passing argument to parameter 'buf' here
PHPAPI size_t _php_stream_read(php_stream *stream, char *buf, size_t count TSRMLS_DC);
                                                         ^
/Users/Ingwie/Work/drag0n-php/ext/standard/image.c:308:6: warning: passing 'unsigned char [9]' to parameter of type 'char *' converts between pointers to integer types with different sign [-Wpointer-sign]
        if((php_stream_read(stream, dim, sizeof(dim))) < sizeof(dim))
            ^~~~~~~~~~~~~~~~~~~~~~~~~~~~~~~~~~~~~~~~~
/Users/Ingwie/Work/drag0n-php/main/php_streams.h:294:73: note: expanded from macro 'php_stream_read'
#define php_stream_read(stream, buf, count)             _php_stream_read((stream), (buf), (count) TSRMLS_CC)
                                                                                   ^~~~~
/Users/Ingwie/Work/drag0n-php/main/php_streams.h:293:58: note: passing argument to parameter 'buf' here
PHPAPI size_t _php_stream_read(php_stream *stream, char *buf, size_t count TSRMLS_DC);
                                                         ^
/Users/Ingwie/Work/drag0n-php/ext/standard/image.c:365:6: warning: passing 'unsigned char [2]' to parameter of type 'char *' converts between pointers to integer types with different sign [-Wpointer-sign]
        if((php_stream_read(stream, a, sizeof(a))) <= 0) return 0;
            ^~~~~~~~~~~~~~~~~~~~~~~~~~~~~~~~~~~~~
/Users/Ingwie/Work/drag0n-php/main/php_streams.h:294:73: note: expanded from macro 'php_stream_read'
#define php_stream_read(stream, buf, count)             _php_stream_read((stream), (buf), (count) TSRMLS_CC)
                                                                                   ^~~~~
/Users/Ingwie/Work/drag0n-php/main/php_streams.h:293:58: note: passing argument to parameter 'buf' here
PHPAPI size_t _php_stream_read(php_stream *stream, char *buf, size_t count TSRMLS_DC);
                                                         ^
/Users/Ingwie/Work/drag0n-php/ext/standard/image.c:451:6: warning: passing 'unsigned char *' to parameter of type 'char *' converts between pointers to integer types with different sign [-Wpointer-sign]
        if (php_stream_read(stream, buffer, (long) length) <= 0) {
            ^~~~~~~~~~~~~~~~~~~~~~~~~~~~~~~~~~~~~~~~~~~~~~
/Users/Ingwie/Work/drag0n-php/main/php_streams.h:294:73: note: expanded from macro 'php_stream_read'
#define php_stream_read(stream, buf, count)             _php_stream_read((stream), (buf), (count) TSRMLS_CC)
                                                                                   ^~~~~
/Users/Ingwie/Work/drag0n-php/main/php_streams.h:293:58: note: passing argument to parameter 'buf' here
PHPAPI size_t _php_stream_read(php_stream *stream, char *buf, size_t count TSRMLS_DC);
                                                         ^
/Users/Ingwie/Work/drag0n-php/ext/standard/image.c:456:11: warning: passing 'unsigned char [16]' to parameter of type 'char *' converts between pointers to integer types with different sign [-Wpointer-sign]
        snprintf(markername, sizeof(markername), "APP%d", marker - M_APP0);
                 ^~~~~~~~~~
/Users/Ingwie/Work/drag0n-php/main/snprintf.h:83:34: note: passing argument to parameter here
PHPAPI int ap_php_snprintf(char *, size_t, const char *, ...);
                                 ^
/Users/Ingwie/Work/drag0n-php/ext/standard/image.c:458:58: warning: passing 'unsigned char [16]' to parameter of type 'const char *' converts between pointers to integer types with different sign [-Wpointer-sign]
        if (zend_hash_find(Z_ARRVAL_P(info), markername, strlen(markername)+1, (void **) &tmp) == FAILURE) {
                                                                ^~~~~~~~~~
/usr/include/string.h:92:28: note: passing argument to parameter here
size_t   strlen(const char *);
                            ^
/Users/Ingwie/Work/drag0n-php/ext/standard/image.c:458:39: warning: passing 'unsigned char [16]' to parameter of type 'const char *' converts between pointers to integer types with different sign [-Wpointer-sign]
        if (zend_hash_find(Z_ARRVAL_P(info), markername, strlen(markername)+1, (void **) &tmp) == FAILURE) {
                                             ^~~~~~~~~~
/Users/Ingwie/Work/drag0n-php/Zend/zend_hash.h:164:62: note: passing argument to parameter 'arKey' here
ZEND_API int zend_hash_find(const HashTable *ht, const char *arKey, uint nKeyLength, void **pData);
                                                             ^
/Users/Ingwie/Work/drag0n-php/ext/standard/image.c:460:27: warning: passing 'unsigned char [16]' to parameter of type 'const char *' converts between pointers to integer types with different sign [-Wpointer-sign]
                add_assoc_stringl(info, markername, buffer, length, 1);
                                        ^~~~~~~~~~
/Users/Ingwie/Work/drag0n-php/Zend/zend_API.h:391:113: note: expanded from macro 'add_assoc_stringl'
#define add_assoc_stringl(__arg, __key, __str, __length, __duplicate) add_assoc_stringl_ex(__arg, __key, strlen(__key)+1, __str, __length, __duplicate)
                                                                                                                ^
/usr/include/string.h:92:28: note: passing argument to parameter here
size_t   strlen(const char *);
                            ^
/Users/Ingwie/Work/drag0n-php/ext/standard/image.c:460:27: warning: passing 'unsigned char [16]' to parameter of type 'const char *' converts between pointers to integer types with different sign [-Wpointer-sign]
                add_assoc_stringl(info, markername, buffer, length, 1);
                                        ^~~~~~~~~~
/Users/Ingwie/Work/drag0n-php/Zend/zend_API.h:391:99: note: expanded from macro 'add_assoc_stringl'
#define add_assoc_stringl(__arg, __key, __str, __length, __duplicate) add_assoc_stringl_ex(__arg, __key, strlen(__key)+1, __str, __length, __duplicate)
                                                                                                  ^
/Users/Ingwie/Work/drag0n-php/Zend/zend_API.h:382:58: note: passing argument to parameter 'key' here
ZEND_API int add_assoc_stringl_ex(zval *arg, const char *key, uint key_len, char *str, uint length, int duplicate);
                                                         ^
/Users/Ingwie/Work/drag0n-php/ext/standard/image.c:460:39: warning: passing 'unsigned char *' to parameter of type 'char *' converts between pointers to integer types with different sign [-Wpointer-sign]
                add_assoc_stringl(info, markername, buffer, length, 1);
                                                    ^~~~~~
/Users/Ingwie/Work/drag0n-php/Zend/zend_API.h:391:123: note: expanded from macro 'add_assoc_stringl'
#define add_assoc_stringl(__arg, __key, __str, __length, __duplicate) add_assoc_stringl_ex(__arg, __key, strlen(__key)+1, __str, __length, __duplicate)
                                                                                                                          ^
/Users/Ingwie/Work/drag0n-php/Zend/zend_API.h:382:83: note: passing argument to parameter 'str' here
ZEND_API int add_assoc_stringl_ex(zval *arg, const char *key, uint key_len, char *str, uint length, int duplicate);
                                                                                  ^
/Users/Ingwie/Work/drag0n-php/ext/standard/image.c:564:7: warning: passing 'unsigned char [4]' to parameter of type 'char *' converts between pointers to integer types with different sign [-Wpointer-sign]
        if ((php_stream_read(stream, a, sizeof(a))) != sizeof(a)) return 0;
             ^~~~~~~~~~~~~~~~~~~~~~~~~~~~~~~~~~~~~
/Users/Ingwie/Work/drag0n-php/main/php_streams.h:294:73: note: expanded from macro 'php_stream_read'
#define php_stream_read(stream, buf, count)             _php_stream_read((stream), (buf), (count) TSRMLS_CC)
                                                                                   ^~~~~
/Users/Ingwie/Work/drag0n-php/main/php_streams.h:293:58: note: passing argument to parameter 'buf' here
PHPAPI size_t _php_stream_read(php_stream *stream, char *buf, size_t count TSRMLS_DC);
                                                         ^
/Users/Ingwie/Work/drag0n-php/ext/standard/image.c:645:23: warning: comparison of unsigned expression < 0 is always false [-Wtautological-compare]
        if (result->channels < 0 || result->channels > 256) {
            ~~~~~~~~~~~~~~~~ ^ ~
/Users/Ingwie/Work/drag0n-php/ext/standard/image.c:829:15: warning: assigning to 'unsigned char *' from 'char *' converts between pointers to integer types with different sign [-Wpointer-sign]
                dir_entry        = ifd_data+2+i*12;
                                 ^ ~~~~~~~~~~~~~~~
/Users/Ingwie/Work/drag0n-php/ext/standard/image.c:887:6: warning: passing 'unsigned char [10]' to parameter of type 'char *' converts between pointers to integer types with different sign [-Wpointer-sign]
        if (php_stream_read(stream, a, 8) != 8) {
            ^~~~~~~~~~~~~~~~~~~~~~~~~~~~~
/Users/Ingwie/Work/drag0n-php/main/php_streams.h:294:73: note: expanded from macro 'php_stream_read'
#define php_stream_read(stream, buf, count)             _php_stream_read((stream), (buf), (count) TSRMLS_CC)
                                                                                   ^~~~~
/Users/Ingwie/Work/drag0n-php/main/php_streams.h:293:58: note: passing argument to parameter 'buf' here
PHPAPI size_t _php_stream_read(php_stream *stream, char *buf, size_t count TSRMLS_DC);
                                                         ^
/Users/Ingwie/Work/drag0n-php/ext/standard/image.c:890:14: warning: passing 'unsigned char *' to parameter of type 'const char *' converts between pointers to integer types with different sign [-Wpointer-sign]
        if (strncmp(a+4, "ILBM", 4) && strncmp(a+4, "PBM ", 4)) {
                    ^~~
/usr/include/string.h:94:26: note: passing argument to parameter here
int      strncmp(const char *, const char *, size_t);
                             ^
/Users/Ingwie/Work/drag0n-php/ext/standard/image.c:890:41: warning: passing 'unsigned char *' to parameter of type 'const char *' converts between pointers to integer types with different sign [-Wpointer-sign]
        if (strncmp(a+4, "ILBM", 4) && strncmp(a+4, "PBM ", 4)) {
                                               ^~~
/usr/include/string.h:94:26: note: passing argument to parameter here
int      strncmp(const char *, const char *, size_t);
                             ^
/Users/Ingwie/Work/drag0n-php/ext/standard/image.c:896:7: warning: passing 'unsigned char [10]' to parameter of type 'char *' converts between pointers to integer types with different sign [-Wpointer-sign]
                if (php_stream_read(stream, a, 8) != 8) {
                    ^~~~~~~~~~~~~~~~~~~~~~~~~~~~~
/Users/Ingwie/Work/drag0n-php/main/php_streams.h:294:73: note: expanded from macro 'php_stream_read'
#define php_stream_read(stream, buf, count)             _php_stream_read((stream), (buf), (count) TSRMLS_CC)
                                                                                   ^~~~~
/Users/Ingwie/Work/drag0n-php/main/php_streams.h:293:58: note: passing argument to parameter 'buf' here
PHPAPI size_t _php_stream_read(php_stream *stream, char *buf, size_t count TSRMLS_DC);
                                                         ^
/Users/Ingwie/Work/drag0n-php/ext/standard/image.c:908:20: warning: passing 'unsigned char [10]' to parameter of type 'char *' converts between pointers to integer types with different sign [-Wpointer-sign]
                        if (size < 9 || php_stream_read(stream, a, 9) != 9) {
                                        ^~~~~~~~~~~~~~~~~~~~~~~~~~~~~
/Users/Ingwie/Work/drag0n-php/main/php_streams.h:294:73: note: expanded from macro 'php_stream_read'
#define php_stream_read(stream, buf, count)             _php_stream_read((stream), (buf), (count) TSRMLS_CC)
                                                                                   ^~~~~
/Users/Ingwie/Work/drag0n-php/main/php_streams.h:293:58: note: passing argument to parameter 'buf' here
PHPAPI size_t _php_stream_read(php_stream *stream, char *buf, size_t count TSRMLS_DC);
                                                         ^
/Users/Ingwie/Work/drag0n-php/ext/standard/image.c:1086:6: warning: passing 'unsigned char [16]' to parameter of type 'char *' converts between pointers to integer types with different sign [-Wpointer-sign]
        if (php_stream_read(stream, dim, 2) != 2)
            ^~~~~~~~~~~~~~~~~~~~~~~~~~~~~~~
/Users/Ingwie/Work/drag0n-php/main/php_streams.h:294:73: note: expanded from macro 'php_stream_read'
#define php_stream_read(stream, buf, count)             _php_stream_read((stream), (buf), (count) TSRMLS_CC)
                                                                                   ^~~~~
/Users/Ingwie/Work/drag0n-php/main/php_streams.h:293:58: note: passing argument to parameter 'buf' here
PHPAPI size_t _php_stream_read(php_stream *stream, char *buf, size_t count TSRMLS_DC);
                                                         ^
/Users/Ingwie/Work/drag0n-php/ext/standard/image.c:1098:7: warning: passing 'unsigned char [16]' to parameter of type 'char *' converts between pointers to integer types with different sign [-Wpointer-sign]
                if (php_stream_read(stream, dim, sizeof(dim)) != sizeof(dim))
                    ^~~~~~~~~~~~~~~~~~~~~~~~~~~~~~~~~~~~~~~~~
/Users/Ingwie/Work/drag0n-php/main/php_streams.h:294:73: note: expanded from macro 'php_stream_read'
#define php_stream_read(stream, buf, count)             _php_stream_read((stream), (buf), (count) TSRMLS_CC)
                                                                                   ^~~~~
/Users/Ingwie/Work/drag0n-php/main/php_streams.h:293:58: note: passing argument to parameter 'buf' here
PHPAPI size_t _php_stream_read(php_stream *stream, char *buf, size_t count TSRMLS_DC);
                                                         ^
/Users/Ingwie/Work/drag0n-php/ext/standard/image.c:1181:25: warning: adding 'int' to a string does not append to the string [-Wstring-plus-int]
                        RETURN_STRING(".gif" + !inc_dot, 1);
                                      ~~~~~~~^~~~~~~~~~
/Users/Ingwie/Work/drag0n-php/Zend/zend_API.h:634:54: note: expanded from macro 'RETURN_STRING'
#define RETURN_STRING(s, duplicate)     { RETVAL_STRING(s, duplicate); return; }
                                                        ^
/Users/Ingwie/Work/drag0n-php/Zend/zend_API.h:622:65: note: expanded from macro 'RETVAL_STRING'
#define RETVAL_STRING(s, duplicate)             ZVAL_STRING(return_value, s, duplicate)
                                                                          ^
/Users/Ingwie/Work/drag0n-php/Zend/zend_API.h:575:20: note: expanded from macro 'ZVAL_STRING'
                const char *__s=(s);                            \
                                 ^
/Users/Ingwie/Work/drag0n-php/ext/standard/image.c:1181:25: note: use array indexing to silence this warning
                        RETURN_STRING(".gif" + !inc_dot, 1);
                                             ^
/Users/Ingwie/Work/drag0n-php/Zend/zend_API.h:634:54: note: expanded from macro 'RETURN_STRING'
#define RETURN_STRING(s, duplicate)     { RETVAL_STRING(s, duplicate); return; }
                                                        ^
/Users/Ingwie/Work/drag0n-php/Zend/zend_API.h:622:65: note: expanded from macro 'RETVAL_STRING'
#define RETVAL_STRING(s, duplicate)             ZVAL_STRING(return_value, s, duplicate)
                                                                          ^
/Users/Ingwie/Work/drag0n-php/Zend/zend_API.h:575:20: note: expanded from macro 'ZVAL_STRING'
                const char *__s=(s);                            \
                                 ^
/Users/Ingwie/Work/drag0n-php/ext/standard/image.c:1183:26: warning: adding 'int' to a string does not append to the string [-Wstring-plus-int]
                        RETURN_STRING(".jpeg" + !inc_dot, 1);
                                      ~~~~~~~~^~~~~~~~~~
/Users/Ingwie/Work/drag0n-php/Zend/zend_API.h:634:54: note: expanded from macro 'RETURN_STRING'
#define RETURN_STRING(s, duplicate)     { RETVAL_STRING(s, duplicate); return; }
                                                        ^
/Users/Ingwie/Work/drag0n-php/Zend/zend_API.h:622:65: note: expanded from macro 'RETVAL_STRING'
#define RETVAL_STRING(s, duplicate)             ZVAL_STRING(return_value, s, duplicate)
                                                                          ^
/Users/Ingwie/Work/drag0n-php/Zend/zend_API.h:575:20: note: expanded from macro 'ZVAL_STRING'
                const char *__s=(s);                            \
                                 ^
/Users/Ingwie/Work/drag0n-php/ext/standard/image.c:1183:26: note: use array indexing to silence this warning
                        RETURN_STRING(".jpeg" + !inc_dot, 1);
                                              ^
/Users/Ingwie/Work/drag0n-php/Zend/zend_API.h:634:54: note: expanded from macro 'RETURN_STRING'
#define RETURN_STRING(s, duplicate)     { RETVAL_STRING(s, duplicate); return; }
                                                        ^
/Users/Ingwie/Work/drag0n-php/Zend/zend_API.h:622:65: note: expanded from macro 'RETVAL_STRING'
#define RETVAL_STRING(s, duplicate)             ZVAL_STRING(return_value, s, duplicate)
                                                                          ^
/Users/Ingwie/Work/drag0n-php/Zend/zend_API.h:575:20: note: expanded from macro 'ZVAL_STRING'
                const char *__s=(s);                            \
                                 ^
/Users/Ingwie/Work/drag0n-php/ext/standard/image.c:1185:25: warning: adding 'int' to a string does not append to the string [-Wstring-plus-int]
                        RETURN_STRING(".png" + !inc_dot, 1);
                                      ~~~~~~~^~~~~~~~~~
/Users/Ingwie/Work/drag0n-php/Zend/zend_API.h:634:54: note: expanded from macro 'RETURN_STRING'
#define RETURN_STRING(s, duplicate)     { RETVAL_STRING(s, duplicate); return; }
                                                        ^
/Users/Ingwie/Work/drag0n-php/Zend/zend_API.h:622:65: note: expanded from macro 'RETVAL_STRING'
#define RETVAL_STRING(s, duplicate)             ZVAL_STRING(return_value, s, duplicate)
                                                                          ^
/Users/Ingwie/Work/drag0n-php/Zend/zend_API.h:575:20: note: expanded from macro 'ZVAL_STRING'
                const char *__s=(s);                            \
                                 ^
/Users/Ingwie/Work/drag0n-php/ext/standard/image.c:1185:25: note: use array indexing to silence this warning
                        RETURN_STRING(".png" + !inc_dot, 1);
                                             ^
/Users/Ingwie/Work/drag0n-php/Zend/zend_API.h:634:54: note: expanded from macro 'RETURN_STRING'
#define RETURN_STRING(s, duplicate)     { RETVAL_STRING(s, duplicate); return; }
                                                        ^
/Users/Ingwie/Work/drag0n-php/Zend/zend_API.h:622:65: note: expanded from macro 'RETVAL_STRING'
#define RETVAL_STRING(s, duplicate)             ZVAL_STRING(return_value, s, duplicate)
                                                                          ^
/Users/Ingwie/Work/drag0n-php/Zend/zend_API.h:575:20: note: expanded from macro 'ZVAL_STRING'
                const char *__s=(s);                            \
                                 ^
/Users/Ingwie/Work/drag0n-php/ext/standard/image.c:1188:25: warning: adding 'int' to a string does not append to the string [-Wstring-plus-int]
                        RETURN_STRING(".swf" + !inc_dot, 1);
                                      ~~~~~~~^~~~~~~~~~
/Users/Ingwie/Work/drag0n-php/Zend/zend_API.h:634:54: note: expanded from macro 'RETURN_STRING'
#define RETURN_STRING(s, duplicate)     { RETVAL_STRING(s, duplicate); return; }
                                                        ^
/Users/Ingwie/Work/drag0n-php/Zend/zend_API.h:622:65: note: expanded from macro 'RETVAL_STRING'
#define RETVAL_STRING(s, duplicate)             ZVAL_STRING(return_value, s, duplicate)
                                                                          ^
/Users/Ingwie/Work/drag0n-php/Zend/zend_API.h:575:20: note: expanded from macro 'ZVAL_STRING'
                const char *__s=(s);                            \
                                 ^
/Users/Ingwie/Work/drag0n-php/ext/standard/image.c:1188:25: note: use array indexing to silence this warning
                        RETURN_STRING(".swf" + !inc_dot, 1);
                                             ^
/Users/Ingwie/Work/drag0n-php/Zend/zend_API.h:634:54: note: expanded from macro 'RETURN_STRING'
#define RETURN_STRING(s, duplicate)     { RETVAL_STRING(s, duplicate); return; }
                                                        ^
/Users/Ingwie/Work/drag0n-php/Zend/zend_API.h:622:65: note: expanded from macro 'RETVAL_STRING'
#define RETVAL_STRING(s, duplicate)             ZVAL_STRING(return_value, s, duplicate)
                                                                          ^
/Users/Ingwie/Work/drag0n-php/Zend/zend_API.h:575:20: note: expanded from macro 'ZVAL_STRING'
                const char *__s=(s);                            \
                                 ^
/Users/Ingwie/Work/drag0n-php/ext/standard/image.c:1190:25: warning: adding 'int' to a string does not append to the string [-Wstring-plus-int]
                        RETURN_STRING(".psd" + !inc_dot, 1);
                                      ~~~~~~~^~~~~~~~~~
/Users/Ingwie/Work/drag0n-php/Zend/zend_API.h:634:54: note: expanded from macro 'RETURN_STRING'
#define RETURN_STRING(s, duplicate)     { RETVAL_STRING(s, duplicate); return; }
                                                        ^
/Users/Ingwie/Work/drag0n-php/Zend/zend_API.h:622:65: note: expanded from macro 'RETVAL_STRING'
#define RETVAL_STRING(s, duplicate)             ZVAL_STRING(return_value, s, duplicate)
                                                                          ^
/Users/Ingwie/Work/drag0n-php/Zend/zend_API.h:575:20: note: expanded from macro 'ZVAL_STRING'
                const char *__s=(s);                            \
                                 ^
/Users/Ingwie/Work/drag0n-php/ext/standard/image.c:1190:25: note: use array indexing to silence this warning
                        RETURN_STRING(".psd" + !inc_dot, 1);
                                             ^
/Users/Ingwie/Work/drag0n-php/Zend/zend_API.h:634:54: note: expanded from macro 'RETURN_STRING'
#define RETURN_STRING(s, duplicate)     { RETVAL_STRING(s, duplicate); return; }
                                                        ^
/Users/Ingwie/Work/drag0n-php/Zend/zend_API.h:622:65: note: expanded from macro 'RETVAL_STRING'
#define RETVAL_STRING(s, duplicate)             ZVAL_STRING(return_value, s, duplicate)
                                                                          ^
/Users/Ingwie/Work/drag0n-php/Zend/zend_API.h:575:20: note: expanded from macro 'ZVAL_STRING'
                const char *__s=(s);                            \
                                 ^
/Users/Ingwie/Work/drag0n-php/ext/standard/image.c:1193:25: warning: adding 'int' to a string does not append to the string [-Wstring-plus-int]
                        RETURN_STRING(".bmp" + !inc_dot, 1);
                                      ~~~~~~~^~~~~~~~~~
/Users/Ingwie/Work/drag0n-php/Zend/zend_API.h:634:54: note: expanded from macro 'RETURN_STRING'
#define RETURN_STRING(s, duplicate)     { RETVAL_STRING(s, duplicate); return; }
                                                        ^
/Users/Ingwie/Work/drag0n-php/Zend/zend_API.h:622:65: note: expanded from macro 'RETVAL_STRING'
#define RETVAL_STRING(s, duplicate)             ZVAL_STRING(return_value, s, duplicate)
                                                                          ^
/Users/Ingwie/Work/drag0n-php/Zend/zend_API.h:575:20: note: expanded from macro 'ZVAL_STRING'
                const char *__s=(s);                            \
                                 ^
/Users/Ingwie/Work/drag0n-php/ext/standard/image.c:1193:25: note: use array indexing to silence this warning
                        RETURN_STRING(".bmp" + !inc_dot, 1);
                                             ^
/Users/Ingwie/Work/drag0n-php/Zend/zend_API.h:634:54: note: expanded from macro 'RETURN_STRING'
#define RETURN_STRING(s, duplicate)     { RETVAL_STRING(s, duplicate); return; }
                                                        ^
/Users/Ingwie/Work/drag0n-php/Zend/zend_API.h:622:65: note: expanded from macro 'RETVAL_STRING'
#define RETVAL_STRING(s, duplicate)             ZVAL_STRING(return_value, s, duplicate)
                                                                          ^
/Users/Ingwie/Work/drag0n-php/Zend/zend_API.h:575:20: note: expanded from macro 'ZVAL_STRING'
                const char *__s=(s);                            \
                                 ^
/Users/Ingwie/Work/drag0n-php/ext/standard/image.c:1196:26: warning: adding 'int' to a string does not append to the string [-Wstring-plus-int]
                        RETURN_STRING(".tiff" + !inc_dot, 1);
                                      ~~~~~~~~^~~~~~~~~~
/Users/Ingwie/Work/drag0n-php/Zend/zend_API.h:634:54: note: expanded from macro 'RETURN_STRING'
#define RETURN_STRING(s, duplicate)     { RETVAL_STRING(s, duplicate); return; }
                                                        ^
/Users/Ingwie/Work/drag0n-php/Zend/zend_API.h:622:65: note: expanded from macro 'RETVAL_STRING'
#define RETVAL_STRING(s, duplicate)             ZVAL_STRING(return_value, s, duplicate)
                                                                          ^
/Users/Ingwie/Work/drag0n-php/Zend/zend_API.h:575:20: note: expanded from macro 'ZVAL_STRING'
                const char *__s=(s);                            \
                                 ^
/Users/Ingwie/Work/drag0n-php/ext/standard/image.c:1196:26: note: use array indexing to silence this warning
                        RETURN_STRING(".tiff" + !inc_dot, 1);
                                              ^
/Users/Ingwie/Work/drag0n-php/Zend/zend_API.h:634:54: note: expanded from macro 'RETURN_STRING'
#define RETURN_STRING(s, duplicate)     { RETVAL_STRING(s, duplicate); return; }
                                                        ^
/Users/Ingwie/Work/drag0n-php/Zend/zend_API.h:622:65: note: expanded from macro 'RETVAL_STRING'
#define RETVAL_STRING(s, duplicate)             ZVAL_STRING(return_value, s, duplicate)
                                                                          ^
/Users/Ingwie/Work/drag0n-php/Zend/zend_API.h:575:20: note: expanded from macro 'ZVAL_STRING'
                const char *__s=(s);                            \
                                 ^
/Users/Ingwie/Work/drag0n-php/ext/standard/image.c:1198:25: warning: adding 'int' to a string does not append to the string [-Wstring-plus-int]
                        RETURN_STRING(".iff" + !inc_dot, 1);
                                      ~~~~~~~^~~~~~~~~~
/Users/Ingwie/Work/drag0n-php/Zend/zend_API.h:634:54: note: expanded from macro 'RETURN_STRING'
#define RETURN_STRING(s, duplicate)     { RETVAL_STRING(s, duplicate); return; }
                                                        ^
/Users/Ingwie/Work/drag0n-php/Zend/zend_API.h:622:65: note: expanded from macro 'RETVAL_STRING'
#define RETVAL_STRING(s, duplicate)             ZVAL_STRING(return_value, s, duplicate)
                                                                          ^
/Users/Ingwie/Work/drag0n-php/Zend/zend_API.h:575:20: note: expanded from macro 'ZVAL_STRING'
                const char *__s=(s);                            \
                                 ^
/Users/Ingwie/Work/drag0n-php/ext/standard/image.c:1198:25: note: use array indexing to silence this warning
                        RETURN_STRING(".iff" + !inc_dot, 1);
                                             ^
/Users/Ingwie/Work/drag0n-php/Zend/zend_API.h:634:54: note: expanded from macro 'RETURN_STRING'
#define RETURN_STRING(s, duplicate)     { RETVAL_STRING(s, duplicate); return; }
                                                        ^
/Users/Ingwie/Work/drag0n-php/Zend/zend_API.h:622:65: note: expanded from macro 'RETVAL_STRING'
#define RETVAL_STRING(s, duplicate)             ZVAL_STRING(return_value, s, duplicate)
                                                                          ^
/Users/Ingwie/Work/drag0n-php/Zend/zend_API.h:575:20: note: expanded from macro 'ZVAL_STRING'
                const char *__s=(s);                            \
                                 ^
/Users/Ingwie/Work/drag0n-php/ext/standard/image.c:1200:25: warning: adding 'int' to a string does not append to the string [-Wstring-plus-int]
                        RETURN_STRING(".jpc" + !inc_dot, 1);
                                      ~~~~~~~^~~~~~~~~~
/Users/Ingwie/Work/drag0n-php/Zend/zend_API.h:634:54: note: expanded from macro 'RETURN_STRING'
#define RETURN_STRING(s, duplicate)     { RETVAL_STRING(s, duplicate); return; }
                                                        ^
/Users/Ingwie/Work/drag0n-php/Zend/zend_API.h:622:65: note: expanded from macro 'RETVAL_STRING'
#define RETVAL_STRING(s, duplicate)             ZVAL_STRING(return_value, s, duplicate)
                                                                          ^
/Users/Ingwie/Work/drag0n-php/Zend/zend_API.h:575:20: note: expanded from macro 'ZVAL_STRING'
                const char *__s=(s);                            \
                                 ^
/Users/Ingwie/Work/drag0n-php/ext/standard/image.c:1200:25: note: use array indexing to silence this warning
                        RETURN_STRING(".jpc" + !inc_dot, 1);
                                             ^
/Users/Ingwie/Work/drag0n-php/Zend/zend_API.h:634:54: note: expanded from macro 'RETURN_STRING'
#define RETURN_STRING(s, duplicate)     { RETVAL_STRING(s, duplicate); return; }
                                                        ^
/Users/Ingwie/Work/drag0n-php/Zend/zend_API.h:622:65: note: expanded from macro 'RETVAL_STRING'
#define RETVAL_STRING(s, duplicate)             ZVAL_STRING(return_value, s, duplicate)
                                                                          ^
/Users/Ingwie/Work/drag0n-php/Zend/zend_API.h:575:20: note: expanded from macro 'ZVAL_STRING'
                const char *__s=(s);                            \
                                 ^
/Users/Ingwie/Work/drag0n-php/ext/standard/image.c:1202:25: warning: adding 'int' to a string does not append to the string [-Wstring-plus-int]
                        RETURN_STRING(".jp2" + !inc_dot, 1);
                                      ~~~~~~~^~~~~~~~~~
/Users/Ingwie/Work/drag0n-php/Zend/zend_API.h:634:54: note: expanded from macro 'RETURN_STRING'
#define RETURN_STRING(s, duplicate)     { RETVAL_STRING(s, duplicate); return; }
                                                        ^
/Users/Ingwie/Work/drag0n-php/Zend/zend_API.h:622:65: note: expanded from macro 'RETVAL_STRING'
#define RETVAL_STRING(s, duplicate)             ZVAL_STRING(return_value, s, duplicate)
                                                                          ^
/Users/Ingwie/Work/drag0n-php/Zend/zend_API.h:575:20: note: expanded from macro 'ZVAL_STRING'
                const char *__s=(s);                            \
                                 ^
/Users/Ingwie/Work/drag0n-php/ext/standard/image.c:1202:25: note: use array indexing to silence this warning
                        RETURN_STRING(".jp2" + !inc_dot, 1);
                                             ^
/Users/Ingwie/Work/drag0n-php/Zend/zend_API.h:634:54: note: expanded from macro 'RETURN_STRING'
#define RETURN_STRING(s, duplicate)     { RETVAL_STRING(s, duplicate); return; }
                                                        ^
/Users/Ingwie/Work/drag0n-php/Zend/zend_API.h:622:65: note: expanded from macro 'RETVAL_STRING'
#define RETVAL_STRING(s, duplicate)             ZVAL_STRING(return_value, s, duplicate)
                                                                          ^
/Users/Ingwie/Work/drag0n-php/Zend/zend_API.h:575:20: note: expanded from macro 'ZVAL_STRING'
                const char *__s=(s);                            \
                                 ^
/Users/Ingwie/Work/drag0n-php/ext/standard/image.c:1204:25: warning: adding 'int' to a string does not append to the string [-Wstring-plus-int]
                        RETURN_STRING(".jpx" + !inc_dot, 1);
                                      ~~~~~~~^~~~~~~~~~
/Users/Ingwie/Work/drag0n-php/Zend/zend_API.h:634:54: note: expanded from macro 'RETURN_STRING'
#define RETURN_STRING(s, duplicate)     { RETVAL_STRING(s, duplicate); return; }
                                                        ^
/Users/Ingwie/Work/drag0n-php/Zend/zend_API.h:622:65: note: expanded from macro 'RETVAL_STRING'
#define RETVAL_STRING(s, duplicate)             ZVAL_STRING(return_value, s, duplicate)
                                                                          ^
/Users/Ingwie/Work/drag0n-php/Zend/zend_API.h:575:20: note: expanded from macro 'ZVAL_STRING'
                const char *__s=(s);                            \
                                 ^
/Users/Ingwie/Work/drag0n-php/ext/standard/image.c:1204:25: note: use array indexing to silence this warning
                        RETURN_STRING(".jpx" + !inc_dot, 1);
                                             ^
/Users/Ingwie/Work/drag0n-php/Zend/zend_API.h:634:54: note: expanded from macro 'RETURN_STRING'
#define RETURN_STRING(s, duplicate)     { RETVAL_STRING(s, duplicate); return; }
                                                        ^
/Users/Ingwie/Work/drag0n-php/Zend/zend_API.h:622:65: note: expanded from macro 'RETVAL_STRING'
#define RETVAL_STRING(s, duplicate)             ZVAL_STRING(return_value, s, duplicate)
                                                                          ^
/Users/Ingwie/Work/drag0n-php/Zend/zend_API.h:575:20: note: expanded from macro 'ZVAL_STRING'
                const char *__s=(s);                            \
                                 ^
/Users/Ingwie/Work/drag0n-php/ext/standard/image.c:1206:25: warning: adding 'int' to a string does not append to the string [-Wstring-plus-int]
                        RETURN_STRING(".jb2" + !inc_dot, 1);
                                      ~~~~~~~^~~~~~~~~~
/Users/Ingwie/Work/drag0n-php/Zend/zend_API.h:634:54: note: expanded from macro 'RETURN_STRING'
#define RETURN_STRING(s, duplicate)     { RETVAL_STRING(s, duplicate); return; }
                                                        ^
/Users/Ingwie/Work/drag0n-php/Zend/zend_API.h:622:65: note: expanded from macro 'RETVAL_STRING'
#define RETVAL_STRING(s, duplicate)             ZVAL_STRING(return_value, s, duplicate)
                                                                          ^
/Users/Ingwie/Work/drag0n-php/Zend/zend_API.h:575:20: note: expanded from macro 'ZVAL_STRING'
                const char *__s=(s);                            \
                                 ^
/Users/Ingwie/Work/drag0n-php/ext/standard/image.c:1206:25: note: use array indexing to silence this warning
                        RETURN_STRING(".jb2" + !inc_dot, 1);
                                             ^
/Users/Ingwie/Work/drag0n-php/Zend/zend_API.h:634:54: note: expanded from macro 'RETURN_STRING'
#define RETURN_STRING(s, duplicate)     { RETVAL_STRING(s, duplicate); return; }
                                                        ^
/Users/Ingwie/Work/drag0n-php/Zend/zend_API.h:622:65: note: expanded from macro 'RETVAL_STRING'
#define RETVAL_STRING(s, duplicate)             ZVAL_STRING(return_value, s, duplicate)
                                                                          ^
/Users/Ingwie/Work/drag0n-php/Zend/zend_API.h:575:20: note: expanded from macro 'ZVAL_STRING'
                const char *__s=(s);                            \
                                 ^
/Users/Ingwie/Work/drag0n-php/ext/standard/image.c:1208:25: warning: adding 'int' to a string does not append to the string [-Wstring-plus-int]
                        RETURN_STRING(".xbm" + !inc_dot, 1);
                                      ~~~~~~~^~~~~~~~~~
/Users/Ingwie/Work/drag0n-php/Zend/zend_API.h:634:54: note: expanded from macro 'RETURN_STRING'
#define RETURN_STRING(s, duplicate)     { RETVAL_STRING(s, duplicate); return; }
                                                        ^
/Users/Ingwie/Work/drag0n-php/Zend/zend_API.h:622:65: note: expanded from macro 'RETVAL_STRING'
#define RETVAL_STRING(s, duplicate)             ZVAL_STRING(return_value, s, duplicate)
                                                                          ^
/Users/Ingwie/Work/drag0n-php/Zend/zend_API.h:575:20: note: expanded from macro 'ZVAL_STRING'
                const char *__s=(s);                            \
                                 ^
/Users/Ingwie/Work/drag0n-php/ext/standard/image.c:1208:25: note: use array indexing to silence this warning
                        RETURN_STRING(".xbm" + !inc_dot, 1);
                                             ^
/Users/Ingwie/Work/drag0n-php/Zend/zend_API.h:634:54: note: expanded from macro 'RETURN_STRING'
#define RETURN_STRING(s, duplicate)     { RETVAL_STRING(s, duplicate); return; }
                                                        ^
/Users/Ingwie/Work/drag0n-php/Zend/zend_API.h:622:65: note: expanded from macro 'RETVAL_STRING'
#define RETVAL_STRING(s, duplicate)             ZVAL_STRING(return_value, s, duplicate)
                                                                          ^
/Users/Ingwie/Work/drag0n-php/Zend/zend_API.h:575:20: note: expanded from macro 'ZVAL_STRING'
                const char *__s=(s);                            \
                                 ^
/Users/Ingwie/Work/drag0n-php/ext/standard/image.c:1210:25: warning: adding 'int' to a string does not append to the string [-Wstring-plus-int]
                        RETURN_STRING(".ico" + !inc_dot, 1);
                                      ~~~~~~~^~~~~~~~~~
/Users/Ingwie/Work/drag0n-php/Zend/zend_API.h:634:54: note: expanded from macro 'RETURN_STRING'
#define RETURN_STRING(s, duplicate)     { RETVAL_STRING(s, duplicate); return; }
                                                        ^
/Users/Ingwie/Work/drag0n-php/Zend/zend_API.h:622:65: note: expanded from macro 'RETVAL_STRING'
#define RETVAL_STRING(s, duplicate)             ZVAL_STRING(return_value, s, duplicate)
                                                                          ^
/Users/Ingwie/Work/drag0n-php/Zend/zend_API.h:575:20: note: expanded from macro 'ZVAL_STRING'
                const char *__s=(s);                            \
                                 ^
/Users/Ingwie/Work/drag0n-php/ext/standard/image.c:1210:25: note: use array indexing to silence this warning
                        RETURN_STRING(".ico" + !inc_dot, 1);
                                             ^
/Users/Ingwie/Work/drag0n-php/Zend/zend_API.h:634:54: note: expanded from macro 'RETURN_STRING'
#define RETURN_STRING(s, duplicate)     { RETVAL_STRING(s, duplicate); return; }
                                                        ^
/Users/Ingwie/Work/drag0n-php/Zend/zend_API.h:622:65: note: expanded from macro 'RETVAL_STRING'
#define RETVAL_STRING(s, duplicate)             ZVAL_STRING(return_value, s, duplicate)
                                                                          ^
/Users/Ingwie/Work/drag0n-php/Zend/zend_API.h:575:20: note: expanded from macro 'ZVAL_STRING'
                const char *__s=(s);                            \
                                 ^
37 warnings generated.
/bin/sh /Users/Ingwie/Work/drag0n-php/libtool --silent --preserve-dup-deps --mode=compile cc  -Iext/standard/ -I/Users/Ingwie/Work/drag0n-php/ext/standard/ -DPHP_ATOM_INC -I/Users/Ingwie/Work/drag0n-php/include -I/Users/Ingwie/Work/drag0n-php/main -I/Users/Ingwie/Work/drag0n-php -I/Users/Ingwie/Work/drag0n-php/ext/date/lib -I/Users/Ingwie/Work/drag0n-php/ext/ereg/regex -I/usr/include/libxml2 -I/usr/local/include -I/Users/Ingwie/Work/drag0n-php/ext/mbstring/oniguruma -I/Users/Ingwie/Work/drag0n-php/ext/mbstring/libmbfl -I/Users/Ingwie/Work/drag0n-php/ext/mbstring/libmbfl/mbfl -I/Users/Ingwie/Work/drag0n-php/ext/sqlite3/libsqlite -I/Users/Ingwie/Work/drag0n-php/ext/pthreads -I/usr/include/tidy -I/Users/Ingwie/Work/drag0n-php/ext/tokenizer/includes -I/usr/local/lib/wx/include/osx_cocoa-unicode-2.9 -I/usr/local/include/wx-2.9 -I/Users/Ingwie/Work/drag0n-php/TSRM -I/Users/Ingwie/Work/drag0n-php/Zend  -no-cpp-precomp  -I/usr/include -g -O2 -fvisibility=hidden -DZTS  -c /Users/Ingwie/Work/drag0n-php/ext/standard/info.c -o ext/standard/info.lo 
/Users/Ingwie/Work/drag0n-php/ext/standard/info.c:290:34: warning: passing 'char *' to parameter of type 'unsigned char *' converts between pointers to integer types with different sign [-Wpointer-sign]
        return php_escape_html_entities(string, strlen(string), &new_len, 0, ENT_QUOTES, NULL TSRMLS_CC);
                                        ^~~~~~
/Users/Ingwie/Work/drag0n-php/ext/standard/html.h:57:54: note: passing argument to parameter 'old' here
PHPAPI char *php_escape_html_entities(unsigned char *old, size_t oldlen, size_t *newlen, int all, int flags, char *hint_charset TSRMLS_DC);
                                                     ^
1 warning generated.
/bin/sh /Users/Ingwie/Work/drag0n-php/libtool --silent --preserve-dup-deps --mode=compile cc  -Iext/standard/ -I/Users/Ingwie/Work/drag0n-php/ext/standard/ -DPHP_ATOM_INC -I/Users/Ingwie/Work/drag0n-php/include -I/Users/Ingwie/Work/drag0n-php/main -I/Users/Ingwie/Work/drag0n-php -I/Users/Ingwie/Work/drag0n-php/ext/date/lib -I/Users/Ingwie/Work/drag0n-php/ext/ereg/regex -I/usr/include/libxml2 -I/usr/local/include -I/Users/Ingwie/Work/drag0n-php/ext/mbstring/oniguruma -I/Users/Ingwie/Work/drag0n-php/ext/mbstring/libmbfl -I/Users/Ingwie/Work/drag0n-php/ext/mbstring/libmbfl/mbfl -I/Users/Ingwie/Work/drag0n-php/ext/sqlite3/libsqlite -I/Users/Ingwie/Work/drag0n-php/ext/pthreads -I/usr/include/tidy -I/Users/Ingwie/Work/drag0n-php/ext/tokenizer/includes -I/usr/local/lib/wx/include/osx_cocoa-unicode-2.9 -I/usr/local/include/wx-2.9 -I/Users/Ingwie/Work/drag0n-php/TSRM -I/Users/Ingwie/Work/drag0n-php/Zend  -no-cpp-precomp  -I/usr/include -g -O2 -fvisibility=hidden -DZTS  -c /Users/Ingwie/Work/drag0n-php/ext/standard/iptc.c -o ext/standard/iptc.lo 
/Users/Ingwie/Work/drag0n-php/ext/standard/iptc.c:81:3: warning: passing 'unsigned char *' to parameter of type 'const char *' converts between pointers to integer types with different sign [-Wpointer-sign]
                PUTC(c);
                ^~~~~~~
/Users/Ingwie/Work/drag0n-php/main/php_output.h:166:40: note: expanded from macro 'PUTC'
#define PUTC(c)                                         (php_output_write(&(c), 1 TSRMLS_CC), (c))
                                                                          ^~~~
/Users/Ingwie/Work/drag0n-php/main/php_output.h:211:41: note: passing argument to parameter 'str' here
PHPAPI int php_output_write(const char *str, size_t len TSRMLS_DC);
                                        ^
/Users/Ingwie/Work/drag0n-php/ext/standard/iptc.c:81:8: warning: expression result unused [-Wunused-value]
                PUTC(c);
                     ^
/Users/Ingwie/Work/drag0n-php/main/php_output.h:166:61: note: expanded from macro 'PUTC'
#define PUTC(c)                                         (php_output_write(&(c), 1 TSRMLS_CC), (c))
                                                                                               ^
/Users/Ingwie/Work/drag0n-php/ext/standard/iptc.c:102:8: warning: expression result unused [-Wunused-value]
                PUTC(cc);
                     ^~
/Users/Ingwie/Work/drag0n-php/main/php_output.h:166:61: note: expanded from macro 'PUTC'
#define PUTC(c)                                         (php_output_write(&(c), 1 TSRMLS_CC), (c))
                                                                                               ^
/Users/Ingwie/Work/drag0n-php/ext/standard/iptc.c:288:3: warning: initializing 'const char *' with an expression of type 'unsigned char *' converts between pointers to integer types with different sign [-Wpointer-sign]
                RETVAL_STRINGL(spoolbuf, poi - spoolbuf, 0);
                ^~~~~~~~~~~~~~~~~~~~~~~~~~~~~~~~~~~~~~~~~~~
/Users/Ingwie/Work/drag0n-php/Zend/zend_API.h:623:42: note: expanded from macro 'RETVAL_STRINGL'
#define RETVAL_STRINGL(s, l, duplicate)         ZVAL_STRINGL(return_value, s, l, duplicate)
                                                ^~~~~~~~~~~~~~~~~~~~~~~~~~~~~~~~~~~~~~~~~~~
/Users/Ingwie/Work/drag0n-php/Zend/zend_API.h:583:15: note: expanded from macro 'ZVAL_STRINGL'
                const char *__s=(s); int __l=l;                 \
                            ^   ~~~
/Users/Ingwie/Work/drag0n-php/ext/standard/iptc.c:344:12: warning: passing 'unsigned char [16]' to parameter of type 'char *' converts between pointers to integer types with different sign [-Wpointer-sign]
                snprintf(key, sizeof(key), "%d#%03d", (unsigned int) dataset, (unsigned int) recnum);
                         ^~~
/Users/Ingwie/Work/drag0n-php/main/snprintf.h:83:34: note: passing argument to parameter here
PHPAPI int ap_php_snprintf(char *, size_t, const char *, ...);
                                 ^
/Users/Ingwie/Work/drag0n-php/ext/standard/iptc.c:350:60: warning: passing 'unsigned char [16]' to parameter of type 'const char *' converts between pointers to integer types with different sign [-Wpointer-sign]
                if (zend_hash_find(Z_ARRVAL_P(return_value), key, strlen(key) + 1, (void **) &element) == FAILURE) {
                                                                         ^~~
/usr/include/string.h:92:28: note: passing argument to parameter here
size_t   strlen(const char *);
                            ^
/Users/Ingwie/Work/drag0n-php/ext/standard/iptc.c:350:48: warning: passing 'unsigned char [16]' to parameter of type 'const char *' converts between pointers to integer types with different sign [-Wpointer-sign]
                if (zend_hash_find(Z_ARRVAL_P(return_value), key, strlen(key) + 1, (void **) &element) == FAILURE) {
                                                             ^~~
/Users/Ingwie/Work/drag0n-php/Zend/zend_hash.h:164:62: note: passing argument to parameter 'arKey' here
ZEND_API int zend_hash_find(const HashTable *ht, const char *arKey, uint nKeyLength, void **pData);
                                                             ^
/Users/Ingwie/Work/drag0n-php/ext/standard/iptc.c:354:59: warning: passing 'unsigned char [16]' to parameter of type 'const char *' converts between pointers to integer types with different sign [-Wpointer-sign]
                        zend_hash_update(Z_ARRVAL_P(return_value), key, strlen(key) + 1, (void *) &values, sizeof(zval*), (void **) &element);
                                                                               ^~~
/Users/Ingwie/Work/drag0n-php/Zend/zend_hash.h:110:39: note: expanded from macro 'zend_hash_update'
                _zend_hash_add_or_update(ht, arKey, nKeyLength, pData, nDataSize, pDest, HASH_UPDATE ZEND_FILE_LINE_CC)
                                                    ^
/usr/include/string.h:92:28: note: passing argument to parameter here
size_t   strlen(const char *);
                            ^
/Users/Ingwie/Work/drag0n-php/ext/standard/iptc.c:354:47: warning: passing 'unsigned char [16]' to parameter of type 'const char *' converts between pointers to integer types with different sign [-Wpointer-sign]
                        zend_hash_update(Z_ARRVAL_P(return_value), key, strlen(key) + 1, (void *) &values, sizeof(zval*), (void **) &element);
                                                                   ^~~
/Users/Ingwie/Work/drag0n-php/Zend/zend_hash.h:110:32: note: expanded from macro 'zend_hash_update'
                _zend_hash_add_or_update(ht, arKey, nKeyLength, pData, nDataSize, pDest, HASH_UPDATE ZEND_FILE_LINE_CC)
                                             ^
/Users/Ingwie/Work/drag0n-php/Zend/zend_hash.h:108:66: note: passing argument to parameter 'arKey' here
ZEND_API int _zend_hash_add_or_update(HashTable *ht, const char *arKey, uint nKeyLength, void *pData, uint nDataSize, void **pDest, int flag ZEND_FILE_LINE_DC);
                                                                 ^
/Users/Ingwie/Work/drag0n-php/ext/standard/iptc.c:357:36: warning: passing 'unsigned char *' to parameter of type 'const char *' converts between pointers to integer types with different sign [-Wpointer-sign]
                add_next_index_stringl(*element, buffer+inx, len, 1);
                                                 ^~~~~~~~~~
/Users/Ingwie/Work/drag0n-php/Zend/zend_API.h:415:60: note: passing argument to parameter 'str' here
ZEND_API int add_next_index_stringl(zval *arg, const char *str, uint length, int duplicate);
                                                           ^
10 warnings generated.
/bin/sh /Users/Ingwie/Work/drag0n-php/libtool --silent --preserve-dup-deps --mode=compile cc  -Iext/standard/ -I/Users/Ingwie/Work/drag0n-php/ext/standard/ -DPHP_ATOM_INC -I/Users/Ingwie/Work/drag0n-php/include -I/Users/Ingwie/Work/drag0n-php/main -I/Users/Ingwie/Work/drag0n-php -I/Users/Ingwie/Work/drag0n-php/ext/date/lib -I/Users/Ingwie/Work/drag0n-php/ext/ereg/regex -I/usr/include/libxml2 -I/usr/local/include -I/Users/Ingwie/Work/drag0n-php/ext/mbstring/oniguruma -I/Users/Ingwie/Work/drag0n-php/ext/mbstring/libmbfl -I/Users/Ingwie/Work/drag0n-php/ext/mbstring/libmbfl/mbfl -I/Users/Ingwie/Work/drag0n-php/ext/sqlite3/libsqlite -I/Users/Ingwie/Work/drag0n-php/ext/pthreads -I/usr/include/tidy -I/Users/Ingwie/Work/drag0n-php/ext/tokenizer/includes -I/usr/local/lib/wx/include/osx_cocoa-unicode-2.9 -I/usr/local/include/wx-2.9 -I/Users/Ingwie/Work/drag0n-php/TSRM -I/Users/Ingwie/Work/drag0n-php/Zend  -no-cpp-precomp  -I/usr/include -g -O2 -fvisibility=hidden -DZTS  -c /Users/Ingwie/Work/drag0n-php/ext/standard/lcg.c -o ext/standard/lcg.lo 
/bin/sh /Users/Ingwie/Work/drag0n-php/libtool --silent --preserve-dup-deps --mode=compile cc  -Iext/standard/ -I/Users/Ingwie/Work/drag0n-php/ext/standard/ -DPHP_ATOM_INC -I/Users/Ingwie/Work/drag0n-php/include -I/Users/Ingwie/Work/drag0n-php/main -I/Users/Ingwie/Work/drag0n-php -I/Users/Ingwie/Work/drag0n-php/ext/date/lib -I/Users/Ingwie/Work/drag0n-php/ext/ereg/regex -I/usr/include/libxml2 -I/usr/local/include -I/Users/Ingwie/Work/drag0n-php/ext/mbstring/oniguruma -I/Users/Ingwie/Work/drag0n-php/ext/mbstring/libmbfl -I/Users/Ingwie/Work/drag0n-php/ext/mbstring/libmbfl/mbfl -I/Users/Ingwie/Work/drag0n-php/ext/sqlite3/libsqlite -I/Users/Ingwie/Work/drag0n-php/ext/pthreads -I/usr/include/tidy -I/Users/Ingwie/Work/drag0n-php/ext/tokenizer/includes -I/usr/local/lib/wx/include/osx_cocoa-unicode-2.9 -I/usr/local/include/wx-2.9 -I/Users/Ingwie/Work/drag0n-php/TSRM -I/Users/Ingwie/Work/drag0n-php/Zend  -no-cpp-precomp  -I/usr/include -g -O2 -fvisibility=hidden -DZTS  -c /Users/Ingwie/Work/drag0n-php/ext/standard/link.c -o ext/standard/link.lo 
/bin/sh /Users/Ingwie/Work/drag0n-php/libtool --silent --preserve-dup-deps --mode=compile cc  -Iext/standard/ -I/Users/Ingwie/Work/drag0n-php/ext/standard/ -DPHP_ATOM_INC -I/Users/Ingwie/Work/drag0n-php/include -I/Users/Ingwie/Work/drag0n-php/main -I/Users/Ingwie/Work/drag0n-php -I/Users/Ingwie/Work/drag0n-php/ext/date/lib -I/Users/Ingwie/Work/drag0n-php/ext/ereg/regex -I/usr/include/libxml2 -I/usr/local/include -I/Users/Ingwie/Work/drag0n-php/ext/mbstring/oniguruma -I/Users/Ingwie/Work/drag0n-php/ext/mbstring/libmbfl -I/Users/Ingwie/Work/drag0n-php/ext/mbstring/libmbfl/mbfl -I/Users/Ingwie/Work/drag0n-php/ext/sqlite3/libsqlite -I/Users/Ingwie/Work/drag0n-php/ext/pthreads -I/usr/include/tidy -I/Users/Ingwie/Work/drag0n-php/ext/tokenizer/includes -I/usr/local/lib/wx/include/osx_cocoa-unicode-2.9 -I/usr/local/include/wx-2.9 -I/Users/Ingwie/Work/drag0n-php/TSRM -I/Users/Ingwie/Work/drag0n-php/Zend  -no-cpp-precomp  -I/usr/include -g -O2 -fvisibility=hidden -DZTS  -c /Users/Ingwie/Work/drag0n-php/ext/standard/mail.c -o ext/standard/mail.lo 
/bin/sh /Users/Ingwie/Work/drag0n-php/libtool --silent --preserve-dup-deps --mode=compile cc  -Iext/standard/ -I/Users/Ingwie/Work/drag0n-php/ext/standard/ -DPHP_ATOM_INC -I/Users/Ingwie/Work/drag0n-php/include -I/Users/Ingwie/Work/drag0n-php/main -I/Users/Ingwie/Work/drag0n-php -I/Users/Ingwie/Work/drag0n-php/ext/date/lib -I/Users/Ingwie/Work/drag0n-php/ext/ereg/regex -I/usr/include/libxml2 -I/usr/local/include -I/Users/Ingwie/Work/drag0n-php/ext/mbstring/oniguruma -I/Users/Ingwie/Work/drag0n-php/ext/mbstring/libmbfl -I/Users/Ingwie/Work/drag0n-php/ext/mbstring/libmbfl/mbfl -I/Users/Ingwie/Work/drag0n-php/ext/sqlite3/libsqlite -I/Users/Ingwie/Work/drag0n-php/ext/pthreads -I/usr/include/tidy -I/Users/Ingwie/Work/drag0n-php/ext/tokenizer/includes -I/usr/local/lib/wx/include/osx_cocoa-unicode-2.9 -I/usr/local/include/wx-2.9 -I/Users/Ingwie/Work/drag0n-php/TSRM -I/Users/Ingwie/Work/drag0n-php/Zend  -no-cpp-precomp  -I/usr/include -g -O2 -fvisibility=hidden -DZTS  -c /Users/Ingwie/Work/drag0n-php/ext/standard/math.c -o ext/standard/math.lo 
/bin/sh /Users/Ingwie/Work/drag0n-php/libtool --silent --preserve-dup-deps --mode=compile cc  -Iext/standard/ -I/Users/Ingwie/Work/drag0n-php/ext/standard/ -DPHP_ATOM_INC -I/Users/Ingwie/Work/drag0n-php/include -I/Users/Ingwie/Work/drag0n-php/main -I/Users/Ingwie/Work/drag0n-php -I/Users/Ingwie/Work/drag0n-php/ext/date/lib -I/Users/Ingwie/Work/drag0n-php/ext/ereg/regex -I/usr/include/libxml2 -I/usr/local/include -I/Users/Ingwie/Work/drag0n-php/ext/mbstring/oniguruma -I/Users/Ingwie/Work/drag0n-php/ext/mbstring/libmbfl -I/Users/Ingwie/Work/drag0n-php/ext/mbstring/libmbfl/mbfl -I/Users/Ingwie/Work/drag0n-php/ext/sqlite3/libsqlite -I/Users/Ingwie/Work/drag0n-php/ext/pthreads -I/usr/include/tidy -I/Users/Ingwie/Work/drag0n-php/ext/tokenizer/includes -I/usr/local/lib/wx/include/osx_cocoa-unicode-2.9 -I/usr/local/include/wx-2.9 -I/Users/Ingwie/Work/drag0n-php/TSRM -I/Users/Ingwie/Work/drag0n-php/Zend  -no-cpp-precomp  -I/usr/include -g -O2 -fvisibility=hidden -DZTS  -c /Users/Ingwie/Work/drag0n-php/ext/standard/md5.c -o ext/standard/md5.lo 
/Users/Ingwie/Work/drag0n-php/ext/standard/md5.c:65:3: warning: initializing 'const char *' with an expression of type 'unsigned char [16]' converts between pointers to integer types with different sign [-Wpointer-sign]
                RETURN_STRINGL(digest, 16, 1);
                ^~~~~~~~~~~~~~~~~~~~~~~~~~~~~
/Users/Ingwie/Work/drag0n-php/Zend/zend_API.h:635:43: note: expanded from macro 'RETURN_STRINGL'
#define RETURN_STRINGL(s, l, duplicate) { RETVAL_STRINGL(s, l, duplicate); return; }
                                          ^~~~~~~~~~~~~~~~~~~~~~~~~~~~~~~
/Users/Ingwie/Work/drag0n-php/Zend/zend_API.h:623:42: note: expanded from macro 'RETVAL_STRINGL'
#define RETVAL_STRINGL(s, l, duplicate)         ZVAL_STRINGL(return_value, s, l, duplicate)
                                                ^~~~~~~~~~~~~~~~~~~~~~~~~~~~~~~~~~~~~~~~~~~
/Users/Ingwie/Work/drag0n-php/Zend/zend_API.h:583:15: note: expanded from macro 'ZVAL_STRINGL'
                const char *__s=(s); int __l=l;                 \
                            ^   ~~~
/Users/Ingwie/Work/drag0n-php/ext/standard/md5.c:99:14: warning: passing 'unsigned char [1024]' to parameter of type 'char *' converts between pointers to integer types with different sign [-Wpointer-sign]
        while ((n = php_stream_read(stream, buf, sizeof(buf))) > 0) {
                    ^~~~~~~~~~~~~~~~~~~~~~~~~~~~~~~~~~~~~~~~~
/Users/Ingwie/Work/drag0n-php/main/php_streams.h:294:73: note: expanded from macro 'php_stream_read'
#define php_stream_read(stream, buf, count)             _php_stream_read((stream), (buf), (count) TSRMLS_CC)
                                                                                   ^~~~~
/Users/Ingwie/Work/drag0n-php/main/php_streams.h:293:58: note: passing argument to parameter 'buf' here
PHPAPI size_t _php_stream_read(php_stream *stream, char *buf, size_t count TSRMLS_DC);
                                                         ^
/Users/Ingwie/Work/drag0n-php/ext/standard/md5.c:112:3: warning: initializing 'const char *' with an expression of type 'unsigned char [16]' converts between pointers to integer types with different sign [-Wpointer-sign]
                RETURN_STRINGL(digest, 16, 1);
                ^~~~~~~~~~~~~~~~~~~~~~~~~~~~~
/Users/Ingwie/Work/drag0n-php/Zend/zend_API.h:635:43: note: expanded from macro 'RETURN_STRINGL'
#define RETURN_STRINGL(s, l, duplicate) { RETVAL_STRINGL(s, l, duplicate); return; }
                                          ^~~~~~~~~~~~~~~~~~~~~~~~~~~~~~~
/Users/Ingwie/Work/drag0n-php/Zend/zend_API.h:623:42: note: expanded from macro 'RETVAL_STRINGL'
#define RETVAL_STRINGL(s, l, duplicate)         ZVAL_STRINGL(return_value, s, l, duplicate)
                                                ^~~~~~~~~~~~~~~~~~~~~~~~~~~~~~~~~~~~~~~~~~~
/Users/Ingwie/Work/drag0n-php/Zend/zend_API.h:583:15: note: expanded from macro 'ZVAL_STRINGL'
                const char *__s=(s); int __l=l;                 \
                            ^   ~~~
3 warnings generated.
/bin/sh /Users/Ingwie/Work/drag0n-php/libtool --silent --preserve-dup-deps --mode=compile cc  -Iext/standard/ -I/Users/Ingwie/Work/drag0n-php/ext/standard/ -DPHP_ATOM_INC -I/Users/Ingwie/Work/drag0n-php/include -I/Users/Ingwie/Work/drag0n-php/main -I/Users/Ingwie/Work/drag0n-php -I/Users/Ingwie/Work/drag0n-php/ext/date/lib -I/Users/Ingwie/Work/drag0n-php/ext/ereg/regex -I/usr/include/libxml2 -I/usr/local/include -I/Users/Ingwie/Work/drag0n-php/ext/mbstring/oniguruma -I/Users/Ingwie/Work/drag0n-php/ext/mbstring/libmbfl -I/Users/Ingwie/Work/drag0n-php/ext/mbstring/libmbfl/mbfl -I/Users/Ingwie/Work/drag0n-php/ext/sqlite3/libsqlite -I/Users/Ingwie/Work/drag0n-php/ext/pthreads -I/usr/include/tidy -I/Users/Ingwie/Work/drag0n-php/ext/tokenizer/includes -I/usr/local/lib/wx/include/osx_cocoa-unicode-2.9 -I/usr/local/include/wx-2.9 -I/Users/Ingwie/Work/drag0n-php/TSRM -I/Users/Ingwie/Work/drag0n-php/Zend  -no-cpp-precomp  -I/usr/include -g -O2 -fvisibility=hidden -DZTS  -c /Users/Ingwie/Work/drag0n-php/ext/standard/metaphone.c -o ext/standard/metaphone.lo 
/Users/Ingwie/Work/drag0n-php/ext/standard/metaphone.c:354:7: warning: passing 'unsigned char *' to parameter of type 'char *' converts between pointers to integer types with different sign [-Wpointer-sign]
                                         Look_Ahead_Letter(3) == 'D')) {
                                         ^~~~~~~~~~~~~~~~~~~~
/Users/Ingwie/Work/drag0n-php/ext/standard/metaphone.c:122:49: note: expanded from macro 'Look_Ahead_Letter'
#define Look_Ahead_Letter(n) (toupper(Lookahead(word+w_idx, n)))
                                                ^~~~~~~~~~
/Users/Ingwie/Work/drag0n-php/ext/standard/metaphone.c:127:29: note: passing argument to parameter 'word' here
static char Lookahead(char *word, int how_far)
                            ^
/Users/Ingwie/Work/drag0n-php/ext/standard/metaphone.c:404:56: warning: passing 'unsigned char *' to parameter of type 'char *' converts between pointers to integer types with different sign [-Wpointer-sign]
                        } else if ((!traditional) && (Next_Letter == 'C' && Look_Ahead_Letter(2) == 'H' && Look_Ahead_Letter(3) == 'W')) {
                                                                            ^~~~~~~~~~~~~~~~~~~~
/Users/Ingwie/Work/drag0n-php/ext/standard/metaphone.c:122:49: note: expanded from macro 'Look_Ahead_Letter'
#define Look_Ahead_Letter(n) (toupper(Lookahead(word+w_idx, n)))
                                                ^~~~~~~~~~
/Users/Ingwie/Work/drag0n-php/ext/standard/metaphone.c:127:29: note: passing argument to parameter 'word' here
static char Lookahead(char *word, int how_far)
                            ^
/Users/Ingwie/Work/drag0n-php/ext/standard/metaphone.c:404:87: warning: passing 'unsigned char *' to parameter of type 'char *' converts between pointers to integer types with different sign [-Wpointer-sign]
                        } else if ((!traditional) && (Next_Letter == 'C' && Look_Ahead_Letter(2) == 'H' && Look_Ahead_Letter(3) == 'W')) {
                                                                                                           ^~~~~~~~~~~~~~~~~~~~
/Users/Ingwie/Work/drag0n-php/ext/standard/metaphone.c:122:49: note: expanded from macro 'Look_Ahead_Letter'
#define Look_Ahead_Letter(n) (toupper(Lookahead(word+w_idx, n)))
                                                ^~~~~~~~~~
/Users/Ingwie/Work/drag0n-php/ext/standard/metaphone.c:127:29: note: passing argument to parameter 'word' here
static char Lookahead(char *word, int how_far)
                            ^
3 warnings generated.
/bin/sh /Users/Ingwie/Work/drag0n-php/libtool --silent --preserve-dup-deps --mode=compile cc  -Iext/standard/ -I/Users/Ingwie/Work/drag0n-php/ext/standard/ -DPHP_ATOM_INC -I/Users/Ingwie/Work/drag0n-php/include -I/Users/Ingwie/Work/drag0n-php/main -I/Users/Ingwie/Work/drag0n-php -I/Users/Ingwie/Work/drag0n-php/ext/date/lib -I/Users/Ingwie/Work/drag0n-php/ext/ereg/regex -I/usr/include/libxml2 -I/usr/local/include -I/Users/Ingwie/Work/drag0n-php/ext/mbstring/oniguruma -I/Users/Ingwie/Work/drag0n-php/ext/mbstring/libmbfl -I/Users/Ingwie/Work/drag0n-php/ext/mbstring/libmbfl/mbfl -I/Users/Ingwie/Work/drag0n-php/ext/sqlite3/libsqlite -I/Users/Ingwie/Work/drag0n-php/ext/pthreads -I/usr/include/tidy -I/Users/Ingwie/Work/drag0n-php/ext/tokenizer/includes -I/usr/local/lib/wx/include/osx_cocoa-unicode-2.9 -I/usr/local/include/wx-2.9 -I/Users/Ingwie/Work/drag0n-php/TSRM -I/Users/Ingwie/Work/drag0n-php/Zend  -no-cpp-precomp  -I/usr/include -g -O2 -fvisibility=hidden -DZTS  -c /Users/Ingwie/Work/drag0n-php/ext/standard/microtime.c -o ext/standard/microtime.lo 
/bin/sh /Users/Ingwie/Work/drag0n-php/libtool --silent --preserve-dup-deps --mode=compile cc  -Iext/standard/ -I/Users/Ingwie/Work/drag0n-php/ext/standard/ -DPHP_ATOM_INC -I/Users/Ingwie/Work/drag0n-php/include -I/Users/Ingwie/Work/drag0n-php/main -I/Users/Ingwie/Work/drag0n-php -I/Users/Ingwie/Work/drag0n-php/ext/date/lib -I/Users/Ingwie/Work/drag0n-php/ext/ereg/regex -I/usr/include/libxml2 -I/usr/local/include -I/Users/Ingwie/Work/drag0n-php/ext/mbstring/oniguruma -I/Users/Ingwie/Work/drag0n-php/ext/mbstring/libmbfl -I/Users/Ingwie/Work/drag0n-php/ext/mbstring/libmbfl/mbfl -I/Users/Ingwie/Work/drag0n-php/ext/sqlite3/libsqlite -I/Users/Ingwie/Work/drag0n-php/ext/pthreads -I/usr/include/tidy -I/Users/Ingwie/Work/drag0n-php/ext/tokenizer/includes -I/usr/local/lib/wx/include/osx_cocoa-unicode-2.9 -I/usr/local/include/wx-2.9 -I/Users/Ingwie/Work/drag0n-php/TSRM -I/Users/Ingwie/Work/drag0n-php/Zend  -no-cpp-precomp  -I/usr/include -g -O2 -fvisibility=hidden -DZTS  -c /Users/Ingwie/Work/drag0n-php/ext/standard/pack.c -o ext/standard/pack.lo 
/bin/sh /Users/Ingwie/Work/drag0n-php/libtool --silent --preserve-dup-deps --mode=compile cc  -Iext/standard/ -I/Users/Ingwie/Work/drag0n-php/ext/standard/ -DPHP_ATOM_INC -I/Users/Ingwie/Work/drag0n-php/include -I/Users/Ingwie/Work/drag0n-php/main -I/Users/Ingwie/Work/drag0n-php -I/Users/Ingwie/Work/drag0n-php/ext/date/lib -I/Users/Ingwie/Work/drag0n-php/ext/ereg/regex -I/usr/include/libxml2 -I/usr/local/include -I/Users/Ingwie/Work/drag0n-php/ext/mbstring/oniguruma -I/Users/Ingwie/Work/drag0n-php/ext/mbstring/libmbfl -I/Users/Ingwie/Work/drag0n-php/ext/mbstring/libmbfl/mbfl -I/Users/Ingwie/Work/drag0n-php/ext/sqlite3/libsqlite -I/Users/Ingwie/Work/drag0n-php/ext/pthreads -I/usr/include/tidy -I/Users/Ingwie/Work/drag0n-php/ext/tokenizer/includes -I/usr/local/lib/wx/include/osx_cocoa-unicode-2.9 -I/usr/local/include/wx-2.9 -I/Users/Ingwie/Work/drag0n-php/TSRM -I/Users/Ingwie/Work/drag0n-php/Zend  -no-cpp-precomp  -I/usr/include -g -O2 -fvisibility=hidden -DZTS  -c /Users/Ingwie/Work/drag0n-php/ext/standard/pageinfo.c -o ext/standard/pageinfo.lo 
/bin/sh /Users/Ingwie/Work/drag0n-php/libtool --silent --preserve-dup-deps --mode=compile cc  -Iext/standard/ -I/Users/Ingwie/Work/drag0n-php/ext/standard/ -DPHP_ATOM_INC -I/Users/Ingwie/Work/drag0n-php/include -I/Users/Ingwie/Work/drag0n-php/main -I/Users/Ingwie/Work/drag0n-php -I/Users/Ingwie/Work/drag0n-php/ext/date/lib -I/Users/Ingwie/Work/drag0n-php/ext/ereg/regex -I/usr/include/libxml2 -I/usr/local/include -I/Users/Ingwie/Work/drag0n-php/ext/mbstring/oniguruma -I/Users/Ingwie/Work/drag0n-php/ext/mbstring/libmbfl -I/Users/Ingwie/Work/drag0n-php/ext/mbstring/libmbfl/mbfl -I/Users/Ingwie/Work/drag0n-php/ext/sqlite3/libsqlite -I/Users/Ingwie/Work/drag0n-php/ext/pthreads -I/usr/include/tidy -I/Users/Ingwie/Work/drag0n-php/ext/tokenizer/includes -I/usr/local/lib/wx/include/osx_cocoa-unicode-2.9 -I/usr/local/include/wx-2.9 -I/Users/Ingwie/Work/drag0n-php/TSRM -I/Users/Ingwie/Work/drag0n-php/Zend  -no-cpp-precomp  -I/usr/include -g -O2 -fvisibility=hidden -DZTS  -c /Users/Ingwie/Work/drag0n-php/ext/standard/quot_print.c -o ext/standard/quot_print.lo 
/bin/sh /Users/Ingwie/Work/drag0n-php/libtool --silent --preserve-dup-deps --mode=compile cc  -Iext/standard/ -I/Users/Ingwie/Work/drag0n-php/ext/standard/ -DPHP_ATOM_INC -I/Users/Ingwie/Work/drag0n-php/include -I/Users/Ingwie/Work/drag0n-php/main -I/Users/Ingwie/Work/drag0n-php -I/Users/Ingwie/Work/drag0n-php/ext/date/lib -I/Users/Ingwie/Work/drag0n-php/ext/ereg/regex -I/usr/include/libxml2 -I/usr/local/include -I/Users/Ingwie/Work/drag0n-php/ext/mbstring/oniguruma -I/Users/Ingwie/Work/drag0n-php/ext/mbstring/libmbfl -I/Users/Ingwie/Work/drag0n-php/ext/mbstring/libmbfl/mbfl -I/Users/Ingwie/Work/drag0n-php/ext/sqlite3/libsqlite -I/Users/Ingwie/Work/drag0n-php/ext/pthreads -I/usr/include/tidy -I/Users/Ingwie/Work/drag0n-php/ext/tokenizer/includes -I/usr/local/lib/wx/include/osx_cocoa-unicode-2.9 -I/usr/local/include/wx-2.9 -I/Users/Ingwie/Work/drag0n-php/TSRM -I/Users/Ingwie/Work/drag0n-php/Zend  -no-cpp-precomp  -I/usr/include -g -O2 -fvisibility=hidden -DZTS  -c /Users/Ingwie/Work/drag0n-php/ext/standard/rand.c -o ext/standard/rand.lo 
/bin/sh /Users/Ingwie/Work/drag0n-php/libtool --silent --preserve-dup-deps --mode=compile cc  -Iext/standard/ -I/Users/Ingwie/Work/drag0n-php/ext/standard/ -DPHP_ATOM_INC -I/Users/Ingwie/Work/drag0n-php/include -I/Users/Ingwie/Work/drag0n-php/main -I/Users/Ingwie/Work/drag0n-php -I/Users/Ingwie/Work/drag0n-php/ext/date/lib -I/Users/Ingwie/Work/drag0n-php/ext/ereg/regex -I/usr/include/libxml2 -I/usr/local/include -I/Users/Ingwie/Work/drag0n-php/ext/mbstring/oniguruma -I/Users/Ingwie/Work/drag0n-php/ext/mbstring/libmbfl -I/Users/Ingwie/Work/drag0n-php/ext/mbstring/libmbfl/mbfl -I/Users/Ingwie/Work/drag0n-php/ext/sqlite3/libsqlite -I/Users/Ingwie/Work/drag0n-php/ext/pthreads -I/usr/include/tidy -I/Users/Ingwie/Work/drag0n-php/ext/tokenizer/includes -I/usr/local/lib/wx/include/osx_cocoa-unicode-2.9 -I/usr/local/include/wx-2.9 -I/Users/Ingwie/Work/drag0n-php/TSRM -I/Users/Ingwie/Work/drag0n-php/Zend  -no-cpp-precomp  -I/usr/include -g -O2 -fvisibility=hidden -DZTS  -c /Users/Ingwie/Work/drag0n-php/ext/standard/soundex.c -o ext/standard/soundex.lo 
/bin/sh /Users/Ingwie/Work/drag0n-php/libtool --silent --preserve-dup-deps --mode=compile cc  -Iext/standard/ -I/Users/Ingwie/Work/drag0n-php/ext/standard/ -DPHP_ATOM_INC -I/Users/Ingwie/Work/drag0n-php/include -I/Users/Ingwie/Work/drag0n-php/main -I/Users/Ingwie/Work/drag0n-php -I/Users/Ingwie/Work/drag0n-php/ext/date/lib -I/Users/Ingwie/Work/drag0n-php/ext/ereg/regex -I/usr/include/libxml2 -I/usr/local/include -I/Users/Ingwie/Work/drag0n-php/ext/mbstring/oniguruma -I/Users/Ingwie/Work/drag0n-php/ext/mbstring/libmbfl -I/Users/Ingwie/Work/drag0n-php/ext/mbstring/libmbfl/mbfl -I/Users/Ingwie/Work/drag0n-php/ext/sqlite3/libsqlite -I/Users/Ingwie/Work/drag0n-php/ext/pthreads -I/usr/include/tidy -I/Users/Ingwie/Work/drag0n-php/ext/tokenizer/includes -I/usr/local/lib/wx/include/osx_cocoa-unicode-2.9 -I/usr/local/include/wx-2.9 -I/Users/Ingwie/Work/drag0n-php/TSRM -I/Users/Ingwie/Work/drag0n-php/Zend  -no-cpp-precomp  -I/usr/include -g -O2 -fvisibility=hidden -DZTS  -c /Users/Ingwie/Work/drag0n-php/ext/standard/string.c -o ext/standard/string.lo 
/bin/sh /Users/Ingwie/Work/drag0n-php/libtool --silent --preserve-dup-deps --mode=compile cc  -Iext/standard/ -I/Users/Ingwie/Work/drag0n-php/ext/standard/ -DPHP_ATOM_INC -I/Users/Ingwie/Work/drag0n-php/include -I/Users/Ingwie/Work/drag0n-php/main -I/Users/Ingwie/Work/drag0n-php -I/Users/Ingwie/Work/drag0n-php/ext/date/lib -I/Users/Ingwie/Work/drag0n-php/ext/ereg/regex -I/usr/include/libxml2 -I/usr/local/include -I/Users/Ingwie/Work/drag0n-php/ext/mbstring/oniguruma -I/Users/Ingwie/Work/drag0n-php/ext/mbstring/libmbfl -I/Users/Ingwie/Work/drag0n-php/ext/mbstring/libmbfl/mbfl -I/Users/Ingwie/Work/drag0n-php/ext/sqlite3/libsqlite -I/Users/Ingwie/Work/drag0n-php/ext/pthreads -I/usr/include/tidy -I/Users/Ingwie/Work/drag0n-php/ext/tokenizer/includes -I/usr/local/lib/wx/include/osx_cocoa-unicode-2.9 -I/usr/local/include/wx-2.9 -I/Users/Ingwie/Work/drag0n-php/TSRM -I/Users/Ingwie/Work/drag0n-php/Zend  -no-cpp-precomp  -I/usr/include -g -O2 -fvisibility=hidden -DZTS  -c /Users/Ingwie/Work/drag0n-php/ext/standard/scanf.c -o ext/standard/scanf.lo 
/bin/sh /Users/Ingwie/Work/drag0n-php/libtool --silent --preserve-dup-deps --mode=compile cc  -Iext/standard/ -I/Users/Ingwie/Work/drag0n-php/ext/standard/ -DPHP_ATOM_INC -I/Users/Ingwie/Work/drag0n-php/include -I/Users/Ingwie/Work/drag0n-php/main -I/Users/Ingwie/Work/drag0n-php -I/Users/Ingwie/Work/drag0n-php/ext/date/lib -I/Users/Ingwie/Work/drag0n-php/ext/ereg/regex -I/usr/include/libxml2 -I/usr/local/include -I/Users/Ingwie/Work/drag0n-php/ext/mbstring/oniguruma -I/Users/Ingwie/Work/drag0n-php/ext/mbstring/libmbfl -I/Users/Ingwie/Work/drag0n-php/ext/mbstring/libmbfl/mbfl -I/Users/Ingwie/Work/drag0n-php/ext/sqlite3/libsqlite -I/Users/Ingwie/Work/drag0n-php/ext/pthreads -I/usr/include/tidy -I/Users/Ingwie/Work/drag0n-php/ext/tokenizer/includes -I/usr/local/lib/wx/include/osx_cocoa-unicode-2.9 -I/usr/local/include/wx-2.9 -I/Users/Ingwie/Work/drag0n-php/TSRM -I/Users/Ingwie/Work/drag0n-php/Zend  -no-cpp-precomp  -I/usr/include -g -O2 -fvisibility=hidden -DZTS  -c /Users/Ingwie/Work/drag0n-php/ext/standard/syslog.c -o ext/standard/syslog.lo 
/bin/sh /Users/Ingwie/Work/drag0n-php/libtool --silent --preserve-dup-deps --mode=compile cc  -Iext/standard/ -I/Users/Ingwie/Work/drag0n-php/ext/standard/ -DPHP_ATOM_INC -I/Users/Ingwie/Work/drag0n-php/include -I/Users/Ingwie/Work/drag0n-php/main -I/Users/Ingwie/Work/drag0n-php -I/Users/Ingwie/Work/drag0n-php/ext/date/lib -I/Users/Ingwie/Work/drag0n-php/ext/ereg/regex -I/usr/include/libxml2 -I/usr/local/include -I/Users/Ingwie/Work/drag0n-php/ext/mbstring/oniguruma -I/Users/Ingwie/Work/drag0n-php/ext/mbstring/libmbfl -I/Users/Ingwie/Work/drag0n-php/ext/mbstring/libmbfl/mbfl -I/Users/Ingwie/Work/drag0n-php/ext/sqlite3/libsqlite -I/Users/Ingwie/Work/drag0n-php/ext/pthreads -I/usr/include/tidy -I/Users/Ingwie/Work/drag0n-php/ext/tokenizer/includes -I/usr/local/lib/wx/include/osx_cocoa-unicode-2.9 -I/usr/local/include/wx-2.9 -I/Users/Ingwie/Work/drag0n-php/TSRM -I/Users/Ingwie/Work/drag0n-php/Zend  -no-cpp-precomp  -I/usr/include -g -O2 -fvisibility=hidden -DZTS  -c /Users/Ingwie/Work/drag0n-php/ext/standard/type.c -o ext/standard/type.lo 
/bin/sh /Users/Ingwie/Work/drag0n-php/libtool --silent --preserve-dup-deps --mode=compile cc  -Iext/standard/ -I/Users/Ingwie/Work/drag0n-php/ext/standard/ -DPHP_ATOM_INC -I/Users/Ingwie/Work/drag0n-php/include -I/Users/Ingwie/Work/drag0n-php/main -I/Users/Ingwie/Work/drag0n-php -I/Users/Ingwie/Work/drag0n-php/ext/date/lib -I/Users/Ingwie/Work/drag0n-php/ext/ereg/regex -I/usr/include/libxml2 -I/usr/local/include -I/Users/Ingwie/Work/drag0n-php/ext/mbstring/oniguruma -I/Users/Ingwie/Work/drag0n-php/ext/mbstring/libmbfl -I/Users/Ingwie/Work/drag0n-php/ext/mbstring/libmbfl/mbfl -I/Users/Ingwie/Work/drag0n-php/ext/sqlite3/libsqlite -I/Users/Ingwie/Work/drag0n-php/ext/pthreads -I/usr/include/tidy -I/Users/Ingwie/Work/drag0n-php/ext/tokenizer/includes -I/usr/local/lib/wx/include/osx_cocoa-unicode-2.9 -I/usr/local/include/wx-2.9 -I/Users/Ingwie/Work/drag0n-php/TSRM -I/Users/Ingwie/Work/drag0n-php/Zend  -no-cpp-precomp  -I/usr/include -g -O2 -fvisibility=hidden -DZTS  -c /Users/Ingwie/Work/drag0n-php/ext/standard/uniqid.c -o ext/standard/uniqid.lo 
/bin/sh /Users/Ingwie/Work/drag0n-php/libtool --silent --preserve-dup-deps --mode=compile cc  -Iext/standard/ -I/Users/Ingwie/Work/drag0n-php/ext/standard/ -DPHP_ATOM_INC -I/Users/Ingwie/Work/drag0n-php/include -I/Users/Ingwie/Work/drag0n-php/main -I/Users/Ingwie/Work/drag0n-php -I/Users/Ingwie/Work/drag0n-php/ext/date/lib -I/Users/Ingwie/Work/drag0n-php/ext/ereg/regex -I/usr/include/libxml2 -I/usr/local/include -I/Users/Ingwie/Work/drag0n-php/ext/mbstring/oniguruma -I/Users/Ingwie/Work/drag0n-php/ext/mbstring/libmbfl -I/Users/Ingwie/Work/drag0n-php/ext/mbstring/libmbfl/mbfl -I/Users/Ingwie/Work/drag0n-php/ext/sqlite3/libsqlite -I/Users/Ingwie/Work/drag0n-php/ext/pthreads -I/usr/include/tidy -I/Users/Ingwie/Work/drag0n-php/ext/tokenizer/includes -I/usr/local/lib/wx/include/osx_cocoa-unicode-2.9 -I/usr/local/include/wx-2.9 -I/Users/Ingwie/Work/drag0n-php/TSRM -I/Users/Ingwie/Work/drag0n-php/Zend  -no-cpp-precomp  -I/usr/include -g -O2 -fvisibility=hidden -DZTS  -c /Users/Ingwie/Work/drag0n-php/ext/standard/url.c -o ext/standard/url.lo 
/bin/sh /Users/Ingwie/Work/drag0n-php/libtool --silent --preserve-dup-deps --mode=compile cc  -Iext/standard/ -I/Users/Ingwie/Work/drag0n-php/ext/standard/ -DPHP_ATOM_INC -I/Users/Ingwie/Work/drag0n-php/include -I/Users/Ingwie/Work/drag0n-php/main -I/Users/Ingwie/Work/drag0n-php -I/Users/Ingwie/Work/drag0n-php/ext/date/lib -I/Users/Ingwie/Work/drag0n-php/ext/ereg/regex -I/usr/include/libxml2 -I/usr/local/include -I/Users/Ingwie/Work/drag0n-php/ext/mbstring/oniguruma -I/Users/Ingwie/Work/drag0n-php/ext/mbstring/libmbfl -I/Users/Ingwie/Work/drag0n-php/ext/mbstring/libmbfl/mbfl -I/Users/Ingwie/Work/drag0n-php/ext/sqlite3/libsqlite -I/Users/Ingwie/Work/drag0n-php/ext/pthreads -I/usr/include/tidy -I/Users/Ingwie/Work/drag0n-php/ext/tokenizer/includes -I/usr/local/lib/wx/include/osx_cocoa-unicode-2.9 -I/usr/local/include/wx-2.9 -I/Users/Ingwie/Work/drag0n-php/TSRM -I/Users/Ingwie/Work/drag0n-php/Zend  -no-cpp-precomp  -I/usr/include -g -O2 -fvisibility=hidden -DZTS  -c /Users/Ingwie/Work/drag0n-php/ext/standard/var.c -o ext/standard/var.lo 
/Users/Ingwie/Work/drag0n-php/ext/standard/var.c:439:38: warning: invalid conversion specifier 'H' [-Wformat-invalid-specifier]
                tmp_len = spprintf(&tmp_str, 0,"%.*H", (int) EG(precision), Z_DVAL_PP(struc));
                                                ~~~^
/Users/Ingwie/Work/drag0n-php/ext/standard/var.c:439:42: warning: data argument not used by format string [-Wformat-extra-args]
                tmp_len = spprintf(&tmp_str, 0,"%.*H", (int) EG(precision), Z_DVAL_PP(struc));
                                               ~~~~~~  ^
2 warnings generated.
/bin/sh /Users/Ingwie/Work/drag0n-php/libtool --silent --preserve-dup-deps --mode=compile cc  -Iext/standard/ -I/Users/Ingwie/Work/drag0n-php/ext/standard/ -DPHP_ATOM_INC -I/Users/Ingwie/Work/drag0n-php/include -I/Users/Ingwie/Work/drag0n-php/main -I/Users/Ingwie/Work/drag0n-php -I/Users/Ingwie/Work/drag0n-php/ext/date/lib -I/Users/Ingwie/Work/drag0n-php/ext/ereg/regex -I/usr/include/libxml2 -I/usr/local/include -I/Users/Ingwie/Work/drag0n-php/ext/mbstring/oniguruma -I/Users/Ingwie/Work/drag0n-php/ext/mbstring/libmbfl -I/Users/Ingwie/Work/drag0n-php/ext/mbstring/libmbfl/mbfl -I/Users/Ingwie/Work/drag0n-php/ext/sqlite3/libsqlite -I/Users/Ingwie/Work/drag0n-php/ext/pthreads -I/usr/include/tidy -I/Users/Ingwie/Work/drag0n-php/ext/tokenizer/includes -I/usr/local/lib/wx/include/osx_cocoa-unicode-2.9 -I/usr/local/include/wx-2.9 -I/Users/Ingwie/Work/drag0n-php/TSRM -I/Users/Ingwie/Work/drag0n-php/Zend  -no-cpp-precomp  -I/usr/include -g -O2 -fvisibility=hidden -DZTS  -c /Users/Ingwie/Work/drag0n-php/ext/standard/versioning.c -o ext/standard/versioning.lo 
/bin/sh /Users/Ingwie/Work/drag0n-php/libtool --silent --preserve-dup-deps --mode=compile cc  -Iext/standard/ -I/Users/Ingwie/Work/drag0n-php/ext/standard/ -DPHP_ATOM_INC -I/Users/Ingwie/Work/drag0n-php/include -I/Users/Ingwie/Work/drag0n-php/main -I/Users/Ingwie/Work/drag0n-php -I/Users/Ingwie/Work/drag0n-php/ext/date/lib -I/Users/Ingwie/Work/drag0n-php/ext/ereg/regex -I/usr/include/libxml2 -I/usr/local/include -I/Users/Ingwie/Work/drag0n-php/ext/mbstring/oniguruma -I/Users/Ingwie/Work/drag0n-php/ext/mbstring/libmbfl -I/Users/Ingwie/Work/drag0n-php/ext/mbstring/libmbfl/mbfl -I/Users/Ingwie/Work/drag0n-php/ext/sqlite3/libsqlite -I/Users/Ingwie/Work/drag0n-php/ext/pthreads -I/usr/include/tidy -I/Users/Ingwie/Work/drag0n-php/ext/tokenizer/includes -I/usr/local/lib/wx/include/osx_cocoa-unicode-2.9 -I/usr/local/include/wx-2.9 -I/Users/Ingwie/Work/drag0n-php/TSRM -I/Users/Ingwie/Work/drag0n-php/Zend  -no-cpp-precomp  -I/usr/include -g -O2 -fvisibility=hidden -DZTS  -c /Users/Ingwie/Work/drag0n-php/ext/standard/assert.c -o ext/standard/assert.lo 
/bin/sh /Users/Ingwie/Work/drag0n-php/libtool --silent --preserve-dup-deps --mode=compile cc  -Iext/standard/ -I/Users/Ingwie/Work/drag0n-php/ext/standard/ -DPHP_ATOM_INC -I/Users/Ingwie/Work/drag0n-php/include -I/Users/Ingwie/Work/drag0n-php/main -I/Users/Ingwie/Work/drag0n-php -I/Users/Ingwie/Work/drag0n-php/ext/date/lib -I/Users/Ingwie/Work/drag0n-php/ext/ereg/regex -I/usr/include/libxml2 -I/usr/local/include -I/Users/Ingwie/Work/drag0n-php/ext/mbstring/oniguruma -I/Users/Ingwie/Work/drag0n-php/ext/mbstring/libmbfl -I/Users/Ingwie/Work/drag0n-php/ext/mbstring/libmbfl/mbfl -I/Users/Ingwie/Work/drag0n-php/ext/sqlite3/libsqlite -I/Users/Ingwie/Work/drag0n-php/ext/pthreads -I/usr/include/tidy -I/Users/Ingwie/Work/drag0n-php/ext/tokenizer/includes -I/usr/local/lib/wx/include/osx_cocoa-unicode-2.9 -I/usr/local/include/wx-2.9 -I/Users/Ingwie/Work/drag0n-php/TSRM -I/Users/Ingwie/Work/drag0n-php/Zend  -no-cpp-precomp  -I/usr/include -g -O2 -fvisibility=hidden -DZTS  -c /Users/Ingwie/Work/drag0n-php/ext/standard/strnatcmp.c -o ext/standard/strnatcmp.lo 
/bin/sh /Users/Ingwie/Work/drag0n-php/libtool --silent --preserve-dup-deps --mode=compile cc  -Iext/standard/ -I/Users/Ingwie/Work/drag0n-php/ext/standard/ -DPHP_ATOM_INC -I/Users/Ingwie/Work/drag0n-php/include -I/Users/Ingwie/Work/drag0n-php/main -I/Users/Ingwie/Work/drag0n-php -I/Users/Ingwie/Work/drag0n-php/ext/date/lib -I/Users/Ingwie/Work/drag0n-php/ext/ereg/regex -I/usr/include/libxml2 -I/usr/local/include -I/Users/Ingwie/Work/drag0n-php/ext/mbstring/oniguruma -I/Users/Ingwie/Work/drag0n-php/ext/mbstring/libmbfl -I/Users/Ingwie/Work/drag0n-php/ext/mbstring/libmbfl/mbfl -I/Users/Ingwie/Work/drag0n-php/ext/sqlite3/libsqlite -I/Users/Ingwie/Work/drag0n-php/ext/pthreads -I/usr/include/tidy -I/Users/Ingwie/Work/drag0n-php/ext/tokenizer/includes -I/usr/local/lib/wx/include/osx_cocoa-unicode-2.9 -I/usr/local/include/wx-2.9 -I/Users/Ingwie/Work/drag0n-php/TSRM -I/Users/Ingwie/Work/drag0n-php/Zend  -no-cpp-precomp  -I/usr/include -g -O2 -fvisibility=hidden -DZTS  -c /Users/Ingwie/Work/drag0n-php/ext/standard/levenshtein.c -o ext/standard/levenshtein.lo 
/bin/sh /Users/Ingwie/Work/drag0n-php/libtool --silent --preserve-dup-deps --mode=compile cc  -Iext/standard/ -I/Users/Ingwie/Work/drag0n-php/ext/standard/ -DPHP_ATOM_INC -I/Users/Ingwie/Work/drag0n-php/include -I/Users/Ingwie/Work/drag0n-php/main -I/Users/Ingwie/Work/drag0n-php -I/Users/Ingwie/Work/drag0n-php/ext/date/lib -I/Users/Ingwie/Work/drag0n-php/ext/ereg/regex -I/usr/include/libxml2 -I/usr/local/include -I/Users/Ingwie/Work/drag0n-php/ext/mbstring/oniguruma -I/Users/Ingwie/Work/drag0n-php/ext/mbstring/libmbfl -I/Users/Ingwie/Work/drag0n-php/ext/mbstring/libmbfl/mbfl -I/Users/Ingwie/Work/drag0n-php/ext/sqlite3/libsqlite -I/Users/Ingwie/Work/drag0n-php/ext/pthreads -I/usr/include/tidy -I/Users/Ingwie/Work/drag0n-php/ext/tokenizer/includes -I/usr/local/lib/wx/include/osx_cocoa-unicode-2.9 -I/usr/local/include/wx-2.9 -I/Users/Ingwie/Work/drag0n-php/TSRM -I/Users/Ingwie/Work/drag0n-php/Zend  -no-cpp-precomp  -I/usr/include -g -O2 -fvisibility=hidden -DZTS  -c /Users/Ingwie/Work/drag0n-php/ext/standard/incomplete_class.c -o ext/standard/incomplete_class.lo 
/bin/sh /Users/Ingwie/Work/drag0n-php/libtool --silent --preserve-dup-deps --mode=compile cc  -Iext/standard/ -I/Users/Ingwie/Work/drag0n-php/ext/standard/ -DPHP_ATOM_INC -I/Users/Ingwie/Work/drag0n-php/include -I/Users/Ingwie/Work/drag0n-php/main -I/Users/Ingwie/Work/drag0n-php -I/Users/Ingwie/Work/drag0n-php/ext/date/lib -I/Users/Ingwie/Work/drag0n-php/ext/ereg/regex -I/usr/include/libxml2 -I/usr/local/include -I/Users/Ingwie/Work/drag0n-php/ext/mbstring/oniguruma -I/Users/Ingwie/Work/drag0n-php/ext/mbstring/libmbfl -I/Users/Ingwie/Work/drag0n-php/ext/mbstring/libmbfl/mbfl -I/Users/Ingwie/Work/drag0n-php/ext/sqlite3/libsqlite -I/Users/Ingwie/Work/drag0n-php/ext/pthreads -I/usr/include/tidy -I/Users/Ingwie/Work/drag0n-php/ext/tokenizer/includes -I/usr/local/lib/wx/include/osx_cocoa-unicode-2.9 -I/usr/local/include/wx-2.9 -I/Users/Ingwie/Work/drag0n-php/TSRM -I/Users/Ingwie/Work/drag0n-php/Zend  -no-cpp-precomp  -I/usr/include -g -O2 -fvisibility=hidden -DZTS  -c /Users/Ingwie/Work/drag0n-php/ext/standard/url_scanner_ex.c -o ext/standard/url_scanner_ex.lo 
/bin/sh /Users/Ingwie/Work/drag0n-php/libtool --silent --preserve-dup-deps --mode=compile cc  -Iext/standard/ -I/Users/Ingwie/Work/drag0n-php/ext/standard/ -DPHP_ATOM_INC -I/Users/Ingwie/Work/drag0n-php/include -I/Users/Ingwie/Work/drag0n-php/main -I/Users/Ingwie/Work/drag0n-php -I/Users/Ingwie/Work/drag0n-php/ext/date/lib -I/Users/Ingwie/Work/drag0n-php/ext/ereg/regex -I/usr/include/libxml2 -I/usr/local/include -I/Users/Ingwie/Work/drag0n-php/ext/mbstring/oniguruma -I/Users/Ingwie/Work/drag0n-php/ext/mbstring/libmbfl -I/Users/Ingwie/Work/drag0n-php/ext/mbstring/libmbfl/mbfl -I/Users/Ingwie/Work/drag0n-php/ext/sqlite3/libsqlite -I/Users/Ingwie/Work/drag0n-php/ext/pthreads -I/usr/include/tidy -I/Users/Ingwie/Work/drag0n-php/ext/tokenizer/includes -I/usr/local/lib/wx/include/osx_cocoa-unicode-2.9 -I/usr/local/include/wx-2.9 -I/Users/Ingwie/Work/drag0n-php/TSRM -I/Users/Ingwie/Work/drag0n-php/Zend  -no-cpp-precomp  -I/usr/include -g -O2 -fvisibility=hidden -DZTS  -c /Users/Ingwie/Work/drag0n-php/ext/standard/ftp_fopen_wrapper.c -o ext/standard/ftp_fopen_wrapper.lo 
/Users/Ingwie/Work/drag0n-php/ext/standard/ftp_fopen_wrapper.c:249:3: warning: initializing 'unsigned char *' with an expression of type 'char *' converts between pointers to integer types with different sign [-Wpointer-sign]
                PHP_FTP_CNTRL_CHK(resource->user, tmp_len, "Invalid login %s")
                ^                 ~~~~~~~~~~~~~~
/Users/Ingwie/Work/drag0n-php/ext/standard/ftp_fopen_wrapper.c:235:17: note: expanded from macro 'PHP_FTP_CNTRL_CHK'
        unsigned char *s = val, *e = s + val_len;       \
                       ^
/Users/Ingwie/Work/drag0n-php/ext/standard/ftp_fopen_wrapper.c:266:4: warning: initializing 'unsigned char *' with an expression of type 'char *' converts between pointers to integer types with different sign [-Wpointer-sign]
                        PHP_FTP_CNTRL_CHK(resource->pass, tmp_len, "Invalid password %s")
                        ^                 ~~~~~~~~~~~~~~
/Users/Ingwie/Work/drag0n-php/ext/standard/ftp_fopen_wrapper.c:235:17: note: expanded from macro 'PHP_FTP_CNTRL_CHK'
        unsigned char *s = val, *e = s + val_len;       \
                       ^
/Users/Ingwie/Work/drag0n-php/ext/standard/ftp_fopen_wrapper.c:646:17: warning: comparison of unsigned expression >= 0 is always true [-Wtautological-compare]
        while (tmp_len >= 0 &&
               ~~~~~~~ ^  ~
3 warnings generated.
/bin/sh /Users/Ingwie/Work/drag0n-php/libtool --silent --preserve-dup-deps --mode=compile cc  -Iext/standard/ -I/Users/Ingwie/Work/drag0n-php/ext/standard/ -DPHP_ATOM_INC -I/Users/Ingwie/Work/drag0n-php/include -I/Users/Ingwie/Work/drag0n-php/main -I/Users/Ingwie/Work/drag0n-php -I/Users/Ingwie/Work/drag0n-php/ext/date/lib -I/Users/Ingwie/Work/drag0n-php/ext/ereg/regex -I/usr/include/libxml2 -I/usr/local/include -I/Users/Ingwie/Work/drag0n-php/ext/mbstring/oniguruma -I/Users/Ingwie/Work/drag0n-php/ext/mbstring/libmbfl -I/Users/Ingwie/Work/drag0n-php/ext/mbstring/libmbfl/mbfl -I/Users/Ingwie/Work/drag0n-php/ext/sqlite3/libsqlite -I/Users/Ingwie/Work/drag0n-php/ext/pthreads -I/usr/include/tidy -I/Users/Ingwie/Work/drag0n-php/ext/tokenizer/includes -I/usr/local/lib/wx/include/osx_cocoa-unicode-2.9 -I/usr/local/include/wx-2.9 -I/Users/Ingwie/Work/drag0n-php/TSRM -I/Users/Ingwie/Work/drag0n-php/Zend  -no-cpp-precomp  -I/usr/include -g -O2 -fvisibility=hidden -DZTS  -c /Users/Ingwie/Work/drag0n-php/ext/standard/http_fopen_wrapper.c -o ext/standard/http_fopen_wrapper.lo 
/Users/Ingwie/Work/drag0n-php/ext/standard/http_fopen_wrapper.c:738:39: warning: '&&' within '||' [-Wlogical-op-parentheses]
                                } else if (!(response_code >= 300 && response_code < 304 || 307 == response_code)) { 
                                             ~~~~~~~~~~~~~~~~~~~~~^~~~~~~~~~~~~~~~~~~~~~ ~~
/Users/Ingwie/Work/drag0n-php/ext/standard/http_fopen_wrapper.c:738:39: note: place parentheses around the '&&' expression to silence this warning
                                } else if (!(response_code >= 300 && response_code < 304 || 307 == response_code)) { 
                                                                  ^
                                             (                                          )
1 warning generated.
/bin/sh /Users/Ingwie/Work/drag0n-php/libtool --silent --preserve-dup-deps --mode=compile cc  -Iext/standard/ -I/Users/Ingwie/Work/drag0n-php/ext/standard/ -DPHP_ATOM_INC -I/Users/Ingwie/Work/drag0n-php/include -I/Users/Ingwie/Work/drag0n-php/main -I/Users/Ingwie/Work/drag0n-php -I/Users/Ingwie/Work/drag0n-php/ext/date/lib -I/Users/Ingwie/Work/drag0n-php/ext/ereg/regex -I/usr/include/libxml2 -I/usr/local/include -I/Users/Ingwie/Work/drag0n-php/ext/mbstring/oniguruma -I/Users/Ingwie/Work/drag0n-php/ext/mbstring/libmbfl -I/Users/Ingwie/Work/drag0n-php/ext/mbstring/libmbfl/mbfl -I/Users/Ingwie/Work/drag0n-php/ext/sqlite3/libsqlite -I/Users/Ingwie/Work/drag0n-php/ext/pthreads -I/usr/include/tidy -I/Users/Ingwie/Work/drag0n-php/ext/tokenizer/includes -I/usr/local/lib/wx/include/osx_cocoa-unicode-2.9 -I/usr/local/include/wx-2.9 -I/Users/Ingwie/Work/drag0n-php/TSRM -I/Users/Ingwie/Work/drag0n-php/Zend  -no-cpp-precomp  -I/usr/include -g -O2 -fvisibility=hidden -DZTS  -c /Users/Ingwie/Work/drag0n-php/ext/standard/php_fopen_wrapper.c -o ext/standard/php_fopen_wrapper.lo 
/bin/sh /Users/Ingwie/Work/drag0n-php/libtool --silent --preserve-dup-deps --mode=compile cc  -Iext/standard/ -I/Users/Ingwie/Work/drag0n-php/ext/standard/ -DPHP_ATOM_INC -I/Users/Ingwie/Work/drag0n-php/include -I/Users/Ingwie/Work/drag0n-php/main -I/Users/Ingwie/Work/drag0n-php -I/Users/Ingwie/Work/drag0n-php/ext/date/lib -I/Users/Ingwie/Work/drag0n-php/ext/ereg/regex -I/usr/include/libxml2 -I/usr/local/include -I/Users/Ingwie/Work/drag0n-php/ext/mbstring/oniguruma -I/Users/Ingwie/Work/drag0n-php/ext/mbstring/libmbfl -I/Users/Ingwie/Work/drag0n-php/ext/mbstring/libmbfl/mbfl -I/Users/Ingwie/Work/drag0n-php/ext/sqlite3/libsqlite -I/Users/Ingwie/Work/drag0n-php/ext/pthreads -I/usr/include/tidy -I/Users/Ingwie/Work/drag0n-php/ext/tokenizer/includes -I/usr/local/lib/wx/include/osx_cocoa-unicode-2.9 -I/usr/local/include/wx-2.9 -I/Users/Ingwie/Work/drag0n-php/TSRM -I/Users/Ingwie/Work/drag0n-php/Zend  -no-cpp-precomp  -I/usr/include -g -O2 -fvisibility=hidden -DZTS  -c /Users/Ingwie/Work/drag0n-php/ext/standard/credits.c -o ext/standard/credits.lo 
/bin/sh /Users/Ingwie/Work/drag0n-php/libtool --silent --preserve-dup-deps --mode=compile cc  -Iext/standard/ -I/Users/Ingwie/Work/drag0n-php/ext/standard/ -DPHP_ATOM_INC -I/Users/Ingwie/Work/drag0n-php/include -I/Users/Ingwie/Work/drag0n-php/main -I/Users/Ingwie/Work/drag0n-php -I/Users/Ingwie/Work/drag0n-php/ext/date/lib -I/Users/Ingwie/Work/drag0n-php/ext/ereg/regex -I/usr/include/libxml2 -I/usr/local/include -I/Users/Ingwie/Work/drag0n-php/ext/mbstring/oniguruma -I/Users/Ingwie/Work/drag0n-php/ext/mbstring/libmbfl -I/Users/Ingwie/Work/drag0n-php/ext/mbstring/libmbfl/mbfl -I/Users/Ingwie/Work/drag0n-php/ext/sqlite3/libsqlite -I/Users/Ingwie/Work/drag0n-php/ext/pthreads -I/usr/include/tidy -I/Users/Ingwie/Work/drag0n-php/ext/tokenizer/includes -I/usr/local/lib/wx/include/osx_cocoa-unicode-2.9 -I/usr/local/include/wx-2.9 -I/Users/Ingwie/Work/drag0n-php/TSRM -I/Users/Ingwie/Work/drag0n-php/Zend  -no-cpp-precomp  -I/usr/include -g -O2 -fvisibility=hidden -DZTS  -c /Users/Ingwie/Work/drag0n-php/ext/standard/css.c -o ext/standard/css.lo 
/bin/sh /Users/Ingwie/Work/drag0n-php/libtool --silent --preserve-dup-deps --mode=compile cc  -Iext/standard/ -I/Users/Ingwie/Work/drag0n-php/ext/standard/ -DPHP_ATOM_INC -I/Users/Ingwie/Work/drag0n-php/include -I/Users/Ingwie/Work/drag0n-php/main -I/Users/Ingwie/Work/drag0n-php -I/Users/Ingwie/Work/drag0n-php/ext/date/lib -I/Users/Ingwie/Work/drag0n-php/ext/ereg/regex -I/usr/include/libxml2 -I/usr/local/include -I/Users/Ingwie/Work/drag0n-php/ext/mbstring/oniguruma -I/Users/Ingwie/Work/drag0n-php/ext/mbstring/libmbfl -I/Users/Ingwie/Work/drag0n-php/ext/mbstring/libmbfl/mbfl -I/Users/Ingwie/Work/drag0n-php/ext/sqlite3/libsqlite -I/Users/Ingwie/Work/drag0n-php/ext/pthreads -I/usr/include/tidy -I/Users/Ingwie/Work/drag0n-php/ext/tokenizer/includes -I/usr/local/lib/wx/include/osx_cocoa-unicode-2.9 -I/usr/local/include/wx-2.9 -I/Users/Ingwie/Work/drag0n-php/TSRM -I/Users/Ingwie/Work/drag0n-php/Zend  -no-cpp-precomp  -I/usr/include -g -O2 -fvisibility=hidden -DZTS  -c /Users/Ingwie/Work/drag0n-php/ext/standard/var_unserializer.c -o ext/standard/var_unserializer.lo 
/Users/Ingwie/Work/drag0n-php/ext/standard/var_unserializer.c:1035:15: warning: passing 'const unsigned char *' to parameter of type 'const char *' converts between pointers to integer types with different sign [-Wpointer-sign]
        if (!strncmp(start + 2, "NAN", 3)) {
                     ^~~~~~~~~
/usr/include/string.h:94:26: note: passing argument to parameter here
int      strncmp(const char *, const char *, size_t);
                             ^
/Users/Ingwie/Work/drag0n-php/ext/standard/var_unserializer.c:1037:22: warning: passing 'const unsigned char *' to parameter of type 'const char *' converts between pointers to integer types with different sign [-Wpointer-sign]
        } else if (!strncmp(start + 2, "INF", 3)) {
                            ^~~~~~~~~
/usr/include/string.h:94:26: note: passing argument to parameter here
int      strncmp(const char *, const char *, size_t);
                             ^
/Users/Ingwie/Work/drag0n-php/ext/standard/var_unserializer.c:1039:22: warning: passing 'const unsigned char *' to parameter of type 'const char *' converts between pointers to integer types with different sign [-Wpointer-sign]
        } else if (!strncmp(start + 2, "-INF", 4)) {
                            ^~~~~~~~~
/usr/include/string.h:94:26: note: passing argument to parameter here
int      strncmp(const char *, const char *, size_t);
                             ^
3 warnings generated.
/bin/sh /Users/Ingwie/Work/drag0n-php/libtool --silent --preserve-dup-deps --mode=compile cc  -Iext/standard/ -I/Users/Ingwie/Work/drag0n-php/ext/standard/ -DPHP_ATOM_INC -I/Users/Ingwie/Work/drag0n-php/include -I/Users/Ingwie/Work/drag0n-php/main -I/Users/Ingwie/Work/drag0n-php -I/Users/Ingwie/Work/drag0n-php/ext/date/lib -I/Users/Ingwie/Work/drag0n-php/ext/ereg/regex -I/usr/include/libxml2 -I/usr/local/include -I/Users/Ingwie/Work/drag0n-php/ext/mbstring/oniguruma -I/Users/Ingwie/Work/drag0n-php/ext/mbstring/libmbfl -I/Users/Ingwie/Work/drag0n-php/ext/mbstring/libmbfl/mbfl -I/Users/Ingwie/Work/drag0n-php/ext/sqlite3/libsqlite -I/Users/Ingwie/Work/drag0n-php/ext/pthreads -I/usr/include/tidy -I/Users/Ingwie/Work/drag0n-php/ext/tokenizer/includes -I/usr/local/lib/wx/include/osx_cocoa-unicode-2.9 -I/usr/local/include/wx-2.9 -I/Users/Ingwie/Work/drag0n-php/TSRM -I/Users/Ingwie/Work/drag0n-php/Zend  -no-cpp-precomp  -I/usr/include -g -O2 -fvisibility=hidden -DZTS  -c /Users/Ingwie/Work/drag0n-php/ext/standard/ftok.c -o ext/standard/ftok.lo 
/bin/sh /Users/Ingwie/Work/drag0n-php/libtool --silent --preserve-dup-deps --mode=compile cc  -Iext/standard/ -I/Users/Ingwie/Work/drag0n-php/ext/standard/ -DPHP_ATOM_INC -I/Users/Ingwie/Work/drag0n-php/include -I/Users/Ingwie/Work/drag0n-php/main -I/Users/Ingwie/Work/drag0n-php -I/Users/Ingwie/Work/drag0n-php/ext/date/lib -I/Users/Ingwie/Work/drag0n-php/ext/ereg/regex -I/usr/include/libxml2 -I/usr/local/include -I/Users/Ingwie/Work/drag0n-php/ext/mbstring/oniguruma -I/Users/Ingwie/Work/drag0n-php/ext/mbstring/libmbfl -I/Users/Ingwie/Work/drag0n-php/ext/mbstring/libmbfl/mbfl -I/Users/Ingwie/Work/drag0n-php/ext/sqlite3/libsqlite -I/Users/Ingwie/Work/drag0n-php/ext/pthreads -I/usr/include/tidy -I/Users/Ingwie/Work/drag0n-php/ext/tokenizer/includes -I/usr/local/lib/wx/include/osx_cocoa-unicode-2.9 -I/usr/local/include/wx-2.9 -I/Users/Ingwie/Work/drag0n-php/TSRM -I/Users/Ingwie/Work/drag0n-php/Zend  -no-cpp-precomp  -I/usr/include -g -O2 -fvisibility=hidden -DZTS  -c /Users/Ingwie/Work/drag0n-php/ext/standard/sha1.c -o ext/standard/sha1.lo 
/Users/Ingwie/Work/drag0n-php/ext/standard/sha1.c:50:27: warning: passing 'char *' to parameter of type 'const unsigned char *' converts between pointers to integer types with different sign [-Wpointer-sign]
        PHP_SHA1Update(&context, arg, arg_len);
                                 ^~~
ext/standard/sha1.h:34:65: note: passing argument to parameter here
PHPAPI void PHP_SHA1Update(PHP_SHA1_CTX *, const unsigned char *, unsigned int);
                                                                ^
/Users/Ingwie/Work/drag0n-php/ext/standard/sha1.c:53:3: warning: initializing 'const char *' with an expression of type 'unsigned char [20]' converts between pointers to integer types with different sign [-Wpointer-sign]
                RETURN_STRINGL(digest, 20, 1);
                ^~~~~~~~~~~~~~~~~~~~~~~~~~~~~
/Users/Ingwie/Work/drag0n-php/Zend/zend_API.h:635:43: note: expanded from macro 'RETURN_STRINGL'
#define RETURN_STRINGL(s, l, duplicate) { RETVAL_STRINGL(s, l, duplicate); return; }
                                          ^~~~~~~~~~~~~~~~~~~~~~~~~~~~~~~
/Users/Ingwie/Work/drag0n-php/Zend/zend_API.h:623:42: note: expanded from macro 'RETVAL_STRINGL'
#define RETVAL_STRINGL(s, l, duplicate)         ZVAL_STRINGL(return_value, s, l, duplicate)
                                                ^~~~~~~~~~~~~~~~~~~~~~~~~~~~~~~~~~~~~~~~~~~
/Users/Ingwie/Work/drag0n-php/Zend/zend_API.h:583:15: note: expanded from macro 'ZVAL_STRINGL'
                const char *__s=(s); int __l=l;                 \
                            ^   ~~~
/Users/Ingwie/Work/drag0n-php/ext/standard/sha1.c:89:14: warning: passing 'unsigned char [1024]' to parameter of type 'char *' converts between pointers to integer types with different sign [-Wpointer-sign]
        while ((n = php_stream_read(stream, buf, sizeof(buf))) > 0) {
                    ^~~~~~~~~~~~~~~~~~~~~~~~~~~~~~~~~~~~~~~~~
/Users/Ingwie/Work/drag0n-php/main/php_streams.h:294:73: note: expanded from macro 'php_stream_read'
#define php_stream_read(stream, buf, count)             _php_stream_read((stream), (buf), (count) TSRMLS_CC)
                                                                                   ^~~~~
/Users/Ingwie/Work/drag0n-php/main/php_streams.h:293:58: note: passing argument to parameter 'buf' here
PHPAPI size_t _php_stream_read(php_stream *stream, char *buf, size_t count TSRMLS_DC);
                                                         ^
/Users/Ingwie/Work/drag0n-php/ext/standard/sha1.c:102:3: warning: initializing 'const char *' with an expression of type 'unsigned char [20]' converts between pointers to integer types with different sign [-Wpointer-sign]
                RETURN_STRINGL(digest, 20, 1);
                ^~~~~~~~~~~~~~~~~~~~~~~~~~~~~
/Users/Ingwie/Work/drag0n-php/Zend/zend_API.h:635:43: note: expanded from macro 'RETURN_STRINGL'
#define RETURN_STRINGL(s, l, duplicate) { RETVAL_STRINGL(s, l, duplicate); return; }
                                          ^~~~~~~~~~~~~~~~~~~~~~~~~~~~~~~
/Users/Ingwie/Work/drag0n-php/Zend/zend_API.h:623:42: note: expanded from macro 'RETVAL_STRINGL'
#define RETVAL_STRINGL(s, l, duplicate)         ZVAL_STRINGL(return_value, s, l, duplicate)
                                                ^~~~~~~~~~~~~~~~~~~~~~~~~~~~~~~~~~~~~~~~~~~
/Users/Ingwie/Work/drag0n-php/Zend/zend_API.h:583:15: note: expanded from macro 'ZVAL_STRINGL'
                const char *__s=(s); int __l=l;                 \
                            ^   ~~~
4 warnings generated.
/bin/sh /Users/Ingwie/Work/drag0n-php/libtool --silent --preserve-dup-deps --mode=compile cc  -Iext/standard/ -I/Users/Ingwie/Work/drag0n-php/ext/standard/ -DPHP_ATOM_INC -I/Users/Ingwie/Work/drag0n-php/include -I/Users/Ingwie/Work/drag0n-php/main -I/Users/Ingwie/Work/drag0n-php -I/Users/Ingwie/Work/drag0n-php/ext/date/lib -I/Users/Ingwie/Work/drag0n-php/ext/ereg/regex -I/usr/include/libxml2 -I/usr/local/include -I/Users/Ingwie/Work/drag0n-php/ext/mbstring/oniguruma -I/Users/Ingwie/Work/drag0n-php/ext/mbstring/libmbfl -I/Users/Ingwie/Work/drag0n-php/ext/mbstring/libmbfl/mbfl -I/Users/Ingwie/Work/drag0n-php/ext/sqlite3/libsqlite -I/Users/Ingwie/Work/drag0n-php/ext/pthreads -I/usr/include/tidy -I/Users/Ingwie/Work/drag0n-php/ext/tokenizer/includes -I/usr/local/lib/wx/include/osx_cocoa-unicode-2.9 -I/usr/local/include/wx-2.9 -I/Users/Ingwie/Work/drag0n-php/TSRM -I/Users/Ingwie/Work/drag0n-php/Zend  -no-cpp-precomp  -I/usr/include -g -O2 -fvisibility=hidden -DZTS  -c /Users/Ingwie/Work/drag0n-php/ext/standard/user_filters.c -o ext/standard/user_filters.lo 
/bin/sh /Users/Ingwie/Work/drag0n-php/libtool --silent --preserve-dup-deps --mode=compile cc  -Iext/standard/ -I/Users/Ingwie/Work/drag0n-php/ext/standard/ -DPHP_ATOM_INC -I/Users/Ingwie/Work/drag0n-php/include -I/Users/Ingwie/Work/drag0n-php/main -I/Users/Ingwie/Work/drag0n-php -I/Users/Ingwie/Work/drag0n-php/ext/date/lib -I/Users/Ingwie/Work/drag0n-php/ext/ereg/regex -I/usr/include/libxml2 -I/usr/local/include -I/Users/Ingwie/Work/drag0n-php/ext/mbstring/oniguruma -I/Users/Ingwie/Work/drag0n-php/ext/mbstring/libmbfl -I/Users/Ingwie/Work/drag0n-php/ext/mbstring/libmbfl/mbfl -I/Users/Ingwie/Work/drag0n-php/ext/sqlite3/libsqlite -I/Users/Ingwie/Work/drag0n-php/ext/pthreads -I/usr/include/tidy -I/Users/Ingwie/Work/drag0n-php/ext/tokenizer/includes -I/usr/local/lib/wx/include/osx_cocoa-unicode-2.9 -I/usr/local/include/wx-2.9 -I/Users/Ingwie/Work/drag0n-php/TSRM -I/Users/Ingwie/Work/drag0n-php/Zend  -no-cpp-precomp  -I/usr/include -g -O2 -fvisibility=hidden -DZTS  -c /Users/Ingwie/Work/drag0n-php/ext/standard/uuencode.c -o ext/standard/uuencode.lo 
/bin/sh /Users/Ingwie/Work/drag0n-php/libtool --silent --preserve-dup-deps --mode=compile cc  -Iext/standard/ -I/Users/Ingwie/Work/drag0n-php/ext/standard/ -DPHP_ATOM_INC -I/Users/Ingwie/Work/drag0n-php/include -I/Users/Ingwie/Work/drag0n-php/main -I/Users/Ingwie/Work/drag0n-php -I/Users/Ingwie/Work/drag0n-php/ext/date/lib -I/Users/Ingwie/Work/drag0n-php/ext/ereg/regex -I/usr/include/libxml2 -I/usr/local/include -I/Users/Ingwie/Work/drag0n-php/ext/mbstring/oniguruma -I/Users/Ingwie/Work/drag0n-php/ext/mbstring/libmbfl -I/Users/Ingwie/Work/drag0n-php/ext/mbstring/libmbfl/mbfl -I/Users/Ingwie/Work/drag0n-php/ext/sqlite3/libsqlite -I/Users/Ingwie/Work/drag0n-php/ext/pthreads -I/usr/include/tidy -I/Users/Ingwie/Work/drag0n-php/ext/tokenizer/includes -I/usr/local/lib/wx/include/osx_cocoa-unicode-2.9 -I/usr/local/include/wx-2.9 -I/Users/Ingwie/Work/drag0n-php/TSRM -I/Users/Ingwie/Work/drag0n-php/Zend  -no-cpp-precomp  -I/usr/include -g -O2 -fvisibility=hidden -DZTS  -c /Users/Ingwie/Work/drag0n-php/ext/standard/filters.c -o ext/standard/filters.lo 
/Users/Ingwie/Work/drag0n-php/ext/standard/filters.c:1347:44: warning: passing 'long *' to parameter of type 'unsigned long *' converts between pointers to integer types with different sign [-Wpointer-sign]
        if ((err = php_conv_get_ulong_prop_ex(ht, &l, field_name, field_name_len)) == PHP_CONV_ERR_SUCCESS) {
                                                  ^~
/Users/Ingwie/Work/drag0n-php/ext/standard/filters.c:1276:86: note: passing argument to parameter 'pretval' here
static php_conv_err_t php_conv_get_ulong_prop_ex(const HashTable *ht, unsigned long *pretval, char *field_name, size_t field_name_len)
                                                                                     ^
1 warning generated.
/bin/sh /Users/Ingwie/Work/drag0n-php/libtool --silent --preserve-dup-deps --mode=compile cc  -Iext/standard/ -I/Users/Ingwie/Work/drag0n-php/ext/standard/ -DPHP_ATOM_INC -I/Users/Ingwie/Work/drag0n-php/include -I/Users/Ingwie/Work/drag0n-php/main -I/Users/Ingwie/Work/drag0n-php -I/Users/Ingwie/Work/drag0n-php/ext/date/lib -I/Users/Ingwie/Work/drag0n-php/ext/ereg/regex -I/usr/include/libxml2 -I/usr/local/include -I/Users/Ingwie/Work/drag0n-php/ext/mbstring/oniguruma -I/Users/Ingwie/Work/drag0n-php/ext/mbstring/libmbfl -I/Users/Ingwie/Work/drag0n-php/ext/mbstring/libmbfl/mbfl -I/Users/Ingwie/Work/drag0n-php/ext/sqlite3/libsqlite -I/Users/Ingwie/Work/drag0n-php/ext/pthreads -I/usr/include/tidy -I/Users/Ingwie/Work/drag0n-php/ext/tokenizer/includes -I/usr/local/lib/wx/include/osx_cocoa-unicode-2.9 -I/usr/local/include/wx-2.9 -I/Users/Ingwie/Work/drag0n-php/TSRM -I/Users/Ingwie/Work/drag0n-php/Zend  -no-cpp-precomp  -I/usr/include -g -O2 -fvisibility=hidden -DZTS  -c /Users/Ingwie/Work/drag0n-php/ext/standard/proc_open.c -o ext/standard/proc_open.lo 
/bin/sh /Users/Ingwie/Work/drag0n-php/libtool --silent --preserve-dup-deps --mode=compile cc  -Iext/standard/ -I/Users/Ingwie/Work/drag0n-php/ext/standard/ -DPHP_ATOM_INC -I/Users/Ingwie/Work/drag0n-php/include -I/Users/Ingwie/Work/drag0n-php/main -I/Users/Ingwie/Work/drag0n-php -I/Users/Ingwie/Work/drag0n-php/ext/date/lib -I/Users/Ingwie/Work/drag0n-php/ext/ereg/regex -I/usr/include/libxml2 -I/usr/local/include -I/Users/Ingwie/Work/drag0n-php/ext/mbstring/oniguruma -I/Users/Ingwie/Work/drag0n-php/ext/mbstring/libmbfl -I/Users/Ingwie/Work/drag0n-php/ext/mbstring/libmbfl/mbfl -I/Users/Ingwie/Work/drag0n-php/ext/sqlite3/libsqlite -I/Users/Ingwie/Work/drag0n-php/ext/pthreads -I/usr/include/tidy -I/Users/Ingwie/Work/drag0n-php/ext/tokenizer/includes -I/usr/local/lib/wx/include/osx_cocoa-unicode-2.9 -I/usr/local/include/wx-2.9 -I/Users/Ingwie/Work/drag0n-php/TSRM -I/Users/Ingwie/Work/drag0n-php/Zend  -no-cpp-precomp  -I/usr/include -g -O2 -fvisibility=hidden -DZTS  -c /Users/Ingwie/Work/drag0n-php/ext/standard/streamsfuncs.c -o ext/standard/streamsfuncs.lo 
/bin/sh /Users/Ingwie/Work/drag0n-php/libtool --silent --preserve-dup-deps --mode=compile cc  -Iext/standard/ -I/Users/Ingwie/Work/drag0n-php/ext/standard/ -DPHP_ATOM_INC -I/Users/Ingwie/Work/drag0n-php/include -I/Users/Ingwie/Work/drag0n-php/main -I/Users/Ingwie/Work/drag0n-php -I/Users/Ingwie/Work/drag0n-php/ext/date/lib -I/Users/Ingwie/Work/drag0n-php/ext/ereg/regex -I/usr/include/libxml2 -I/usr/local/include -I/Users/Ingwie/Work/drag0n-php/ext/mbstring/oniguruma -I/Users/Ingwie/Work/drag0n-php/ext/mbstring/libmbfl -I/Users/Ingwie/Work/drag0n-php/ext/mbstring/libmbfl/mbfl -I/Users/Ingwie/Work/drag0n-php/ext/sqlite3/libsqlite -I/Users/Ingwie/Work/drag0n-php/ext/pthreads -I/usr/include/tidy -I/Users/Ingwie/Work/drag0n-php/ext/tokenizer/includes -I/usr/local/lib/wx/include/osx_cocoa-unicode-2.9 -I/usr/local/include/wx-2.9 -I/Users/Ingwie/Work/drag0n-php/TSRM -I/Users/Ingwie/Work/drag0n-php/Zend  -no-cpp-precomp  -I/usr/include -g -O2 -fvisibility=hidden -DZTS  -c /Users/Ingwie/Work/drag0n-php/ext/standard/http.c -o ext/standard/http.lo 
/Users/Ingwie/Work/drag0n-php/ext/standard/http.c:76:75: warning: passing 'uint *' (aka 'unsigned int *') to parameter of type 'int *' converts between pointers to integer types with different sign [-Wpointer-sign]
                        zend_unmangle_property_name_ex(key, key_len, &tmp, (const char**)&key, &key_len);
                                                                                               ^~~~~~~~
/Users/Ingwie/Work/drag0n-php/Zend/zend_compile.h:678:155: note: passing argument to parameter 'prop_len' here
ZEND_API int zend_unmangle_property_name_ex(const char *mangled_property, int mangled_property_len, const char **class_name, const char **prop_name, int *prop_len);
                                                                                                                                                          ^
1 warning generated.
/bin/sh /Users/Ingwie/Work/drag0n-php/libtool --silent --preserve-dup-deps --mode=compile cc  -Iext/standard/ -I/Users/Ingwie/Work/drag0n-php/ext/standard/ -DPHP_ATOM_INC -I/Users/Ingwie/Work/drag0n-php/include -I/Users/Ingwie/Work/drag0n-php/main -I/Users/Ingwie/Work/drag0n-php -I/Users/Ingwie/Work/drag0n-php/ext/date/lib -I/Users/Ingwie/Work/drag0n-php/ext/ereg/regex -I/usr/include/libxml2 -I/usr/local/include -I/Users/Ingwie/Work/drag0n-php/ext/mbstring/oniguruma -I/Users/Ingwie/Work/drag0n-php/ext/mbstring/libmbfl -I/Users/Ingwie/Work/drag0n-php/ext/mbstring/libmbfl/mbfl -I/Users/Ingwie/Work/drag0n-php/ext/sqlite3/libsqlite -I/Users/Ingwie/Work/drag0n-php/ext/pthreads -I/usr/include/tidy -I/Users/Ingwie/Work/drag0n-php/ext/tokenizer/includes -I/usr/local/lib/wx/include/osx_cocoa-unicode-2.9 -I/usr/local/include/wx-2.9 -I/Users/Ingwie/Work/drag0n-php/TSRM -I/Users/Ingwie/Work/drag0n-php/Zend  -no-cpp-precomp  -I/usr/include -g -O2 -fvisibility=hidden -DZTS  -c /Users/Ingwie/Work/drag0n-php/ext/standard/password.c -o ext/standard/password.lo 
/Users/Ingwie/Work/drag0n-php/ext/standard/password.c:186:40: warning: comparison of unsigned expression < 0 is always false [-Wtautological-compare]
        if (hash_len < 0 || (size_t) hash_len < 0) {
                            ~~~~~~~~~~~~~~~~~ ^ ~
1 warning generated.
/bin/sh /Users/Ingwie/Work/drag0n-php/libtool --silent --preserve-dup-deps --mode=compile cc  -Iext/tidy/ -I/Users/Ingwie/Work/drag0n-php/ext/tidy/ -DPHP_ATOM_INC -I/Users/Ingwie/Work/drag0n-php/include -I/Users/Ingwie/Work/drag0n-php/main -I/Users/Ingwie/Work/drag0n-php -I/Users/Ingwie/Work/drag0n-php/ext/date/lib -I/Users/Ingwie/Work/drag0n-php/ext/ereg/regex -I/usr/include/libxml2 -I/usr/local/include -I/Users/Ingwie/Work/drag0n-php/ext/mbstring/oniguruma -I/Users/Ingwie/Work/drag0n-php/ext/mbstring/libmbfl -I/Users/Ingwie/Work/drag0n-php/ext/mbstring/libmbfl/mbfl -I/Users/Ingwie/Work/drag0n-php/ext/sqlite3/libsqlite -I/Users/Ingwie/Work/drag0n-php/ext/pthreads -I/usr/include/tidy -I/Users/Ingwie/Work/drag0n-php/ext/tokenizer/includes -I/usr/local/lib/wx/include/osx_cocoa-unicode-2.9 -I/usr/local/include/wx-2.9 -I/Users/Ingwie/Work/drag0n-php/TSRM -I/Users/Ingwie/Work/drag0n-php/Zend  -no-cpp-precomp  -I/usr/include -g -O2 -fvisibility=hidden -DZTS  -c /Users/Ingwie/Work/drag0n-php/ext/tidy/tidy.c -o ext/tidy/tidy.lo 
/bin/sh /Users/Ingwie/Work/drag0n-php/libtool --silent --preserve-dup-deps --mode=compile cc  -Iext/tokenizer/ -I/Users/Ingwie/Work/drag0n-php/ext/tokenizer/ -DPHP_ATOM_INC -I/Users/Ingwie/Work/drag0n-php/include -I/Users/Ingwie/Work/drag0n-php/main -I/Users/Ingwie/Work/drag0n-php -I/Users/Ingwie/Work/drag0n-php/ext/date/lib -I/Users/Ingwie/Work/drag0n-php/ext/ereg/regex -I/usr/include/libxml2 -I/usr/local/include -I/Users/Ingwie/Work/drag0n-php/ext/mbstring/oniguruma -I/Users/Ingwie/Work/drag0n-php/ext/mbstring/libmbfl -I/Users/Ingwie/Work/drag0n-php/ext/mbstring/libmbfl/mbfl -I/Users/Ingwie/Work/drag0n-php/ext/sqlite3/libsqlite -I/Users/Ingwie/Work/drag0n-php/ext/pthreads -I/usr/include/tidy -I/Users/Ingwie/Work/drag0n-php/ext/tokenizer/includes -I/usr/local/lib/wx/include/osx_cocoa-unicode-2.9 -I/usr/local/include/wx-2.9 -I/Users/Ingwie/Work/drag0n-php/TSRM -I/Users/Ingwie/Work/drag0n-php/Zend  -no-cpp-precomp  -I/usr/include -g -O2 -fvisibility=hidden -DZTS  -c /Users/Ingwie/Work/drag0n-php/ext/tokenizer/tokenizer.c -o ext/tokenizer/tokenizer.lo 
/bin/sh /Users/Ingwie/Work/drag0n-php/libtool --silent --preserve-dup-deps --mode=compile cc  -Iext/tokenizer/ -I/Users/Ingwie/Work/drag0n-php/ext/tokenizer/ -DPHP_ATOM_INC -I/Users/Ingwie/Work/drag0n-php/include -I/Users/Ingwie/Work/drag0n-php/main -I/Users/Ingwie/Work/drag0n-php -I/Users/Ingwie/Work/drag0n-php/ext/date/lib -I/Users/Ingwie/Work/drag0n-php/ext/ereg/regex -I/usr/include/libxml2 -I/usr/local/include -I/Users/Ingwie/Work/drag0n-php/ext/mbstring/oniguruma -I/Users/Ingwie/Work/drag0n-php/ext/mbstring/libmbfl -I/Users/Ingwie/Work/drag0n-php/ext/mbstring/libmbfl/mbfl -I/Users/Ingwie/Work/drag0n-php/ext/sqlite3/libsqlite -I/Users/Ingwie/Work/drag0n-php/ext/pthreads -I/usr/include/tidy -I/Users/Ingwie/Work/drag0n-php/ext/tokenizer/includes -I/usr/local/lib/wx/include/osx_cocoa-unicode-2.9 -I/usr/local/include/wx-2.9 -I/Users/Ingwie/Work/drag0n-php/TSRM -I/Users/Ingwie/Work/drag0n-php/Zend  -no-cpp-precomp  -I/usr/include -g -O2 -fvisibility=hidden -DZTS  -c /Users/Ingwie/Work/drag0n-php/ext/tokenizer/tokenizer_data.c -o ext/tokenizer/tokenizer_data.lo 
/bin/sh /Users/Ingwie/Work/drag0n-php/libtool --silent --preserve-dup-deps --mode=compile g++  -Iext/wxwidgets/ -I/Users/Ingwie/Work/drag0n-php/ext/wxwidgets/ -DPHP_ATOM_INC -I/Users/Ingwie/Work/drag0n-php/include -I/Users/Ingwie/Work/drag0n-php/main -I/Users/Ingwie/Work/drag0n-php -I/Users/Ingwie/Work/drag0n-php/ext/date/lib -I/Users/Ingwie/Work/drag0n-php/ext/ereg/regex -I/usr/include/libxml2 -I/usr/local/include -I/Users/Ingwie/Work/drag0n-php/ext/mbstring/oniguruma -I/Users/Ingwie/Work/drag0n-php/ext/mbstring/libmbfl -I/Users/Ingwie/Work/drag0n-php/ext/mbstring/libmbfl/mbfl -I/Users/Ingwie/Work/drag0n-php/ext/sqlite3/libsqlite -I/Users/Ingwie/Work/drag0n-php/ext/pthreads -I/usr/include/tidy -I/Users/Ingwie/Work/drag0n-php/ext/tokenizer/includes -I/usr/local/lib/wx/include/osx_cocoa-unicode-2.9 -I/usr/local/include/wx-2.9 -I/Users/Ingwie/Work/drag0n-php/TSRM -I/Users/Ingwie/Work/drag0n-php/Zend  -no-cpp-precomp  -g -O2 -I/Users/Ingwie/Work/drag0n-php/ext/tokenizer/includes -I/usr/local/lib/wx/include/osx_cocoa-unicode-2.9 -I/usr/local/include/wx-2.9 -D_FILE_OFFSET_BITS=64 -DWXUSINGDLL -D__WXMAC__ -D__WXOSX__ -D__WXOSX_COCOA__  -c /Users/Ingwie/Work/drag0n-php/ext/wxwidgets/src/app.cpp -o ext/wxwidgets/src/app.lo 
/bin/sh /Users/Ingwie/Work/drag0n-php/libtool --silent --preserve-dup-deps --mode=compile g++  -Iext/wxwidgets/ -I/Users/Ingwie/Work/drag0n-php/ext/wxwidgets/ -DPHP_ATOM_INC -I/Users/Ingwie/Work/drag0n-php/include -I/Users/Ingwie/Work/drag0n-php/main -I/Users/Ingwie/Work/drag0n-php -I/Users/Ingwie/Work/drag0n-php/ext/date/lib -I/Users/Ingwie/Work/drag0n-php/ext/ereg/regex -I/usr/include/libxml2 -I/usr/local/include -I/Users/Ingwie/Work/drag0n-php/ext/mbstring/oniguruma -I/Users/Ingwie/Work/drag0n-php/ext/mbstring/libmbfl -I/Users/Ingwie/Work/drag0n-php/ext/mbstring/libmbfl/mbfl -I/Users/Ingwie/Work/drag0n-php/ext/sqlite3/libsqlite -I/Users/Ingwie/Work/drag0n-php/ext/pthreads -I/usr/include/tidy -I/Users/Ingwie/Work/drag0n-php/ext/tokenizer/includes -I/usr/local/lib/wx/include/osx_cocoa-unicode-2.9 -I/usr/local/include/wx-2.9 -I/Users/Ingwie/Work/drag0n-php/TSRM -I/Users/Ingwie/Work/drag0n-php/Zend  -no-cpp-precomp  -g -O2 -I/Users/Ingwie/Work/drag0n-php/ext/tokenizer/includes -I/usr/local/lib/wx/include/osx_cocoa-unicode-2.9 -I/usr/local/include/wx-2.9 -D_FILE_OFFSET_BITS=64 -DWXUSINGDLL -D__WXMAC__ -D__WXOSX__ -D__WXOSX_COCOA__  -c /Users/Ingwie/Work/drag0n-php/ext/wxwidgets/src/references.cpp -o ext/wxwidgets/src/references.lo 
/bin/sh /Users/Ingwie/Work/drag0n-php/libtool --silent --preserve-dup-deps --mode=compile g++  -Iext/wxwidgets/ -I/Users/Ingwie/Work/drag0n-php/ext/wxwidgets/ -DPHP_ATOM_INC -I/Users/Ingwie/Work/drag0n-php/include -I/Users/Ingwie/Work/drag0n-php/main -I/Users/Ingwie/Work/drag0n-php -I/Users/Ingwie/Work/drag0n-php/ext/date/lib -I/Users/Ingwie/Work/drag0n-php/ext/ereg/regex -I/usr/include/libxml2 -I/usr/local/include -I/Users/Ingwie/Work/drag0n-php/ext/mbstring/oniguruma -I/Users/Ingwie/Work/drag0n-php/ext/mbstring/libmbfl -I/Users/Ingwie/Work/drag0n-php/ext/mbstring/libmbfl/mbfl -I/Users/Ingwie/Work/drag0n-php/ext/sqlite3/libsqlite -I/Users/Ingwie/Work/drag0n-php/ext/pthreads -I/usr/include/tidy -I/Users/Ingwie/Work/drag0n-php/ext/tokenizer/includes -I/usr/local/lib/wx/include/osx_cocoa-unicode-2.9 -I/usr/local/include/wx-2.9 -I/Users/Ingwie/Work/drag0n-php/TSRM -I/Users/Ingwie/Work/drag0n-php/Zend  -no-cpp-precomp  -g -O2 -I/Users/Ingwie/Work/drag0n-php/ext/tokenizer/includes -I/usr/local/lib/wx/include/osx_cocoa-unicode-2.9 -I/usr/local/include/wx-2.9 -D_FILE_OFFSET_BITS=64 -DWXUSINGDLL -D__WXMAC__ -D__WXOSX__ -D__WXOSX_COCOA__  -c /Users/Ingwie/Work/drag0n-php/ext/wxwidgets/src/appmanagement.cpp -o ext/wxwidgets/src/appmanagement.lo 
/bin/sh /Users/Ingwie/Work/drag0n-php/libtool --silent --preserve-dup-deps --mode=compile g++  -Iext/wxwidgets/ -I/Users/Ingwie/Work/drag0n-php/ext/wxwidgets/ -DPHP_ATOM_INC -I/Users/Ingwie/Work/drag0n-php/include -I/Users/Ingwie/Work/drag0n-php/main -I/Users/Ingwie/Work/drag0n-php -I/Users/Ingwie/Work/drag0n-php/ext/date/lib -I/Users/Ingwie/Work/drag0n-php/ext/ereg/regex -I/usr/include/libxml2 -I/usr/local/include -I/Users/Ingwie/Work/drag0n-php/ext/mbstring/oniguruma -I/Users/Ingwie/Work/drag0n-php/ext/mbstring/libmbfl -I/Users/Ingwie/Work/drag0n-php/ext/mbstring/libmbfl/mbfl -I/Users/Ingwie/Work/drag0n-php/ext/sqlite3/libsqlite -I/Users/Ingwie/Work/drag0n-php/ext/pthreads -I/usr/include/tidy -I/Users/Ingwie/Work/drag0n-php/ext/tokenizer/includes -I/usr/local/lib/wx/include/osx_cocoa-unicode-2.9 -I/usr/local/include/wx-2.9 -I/Users/Ingwie/Work/drag0n-php/TSRM -I/Users/Ingwie/Work/drag0n-php/Zend  -no-cpp-precomp  -g -O2 -I/Users/Ingwie/Work/drag0n-php/ext/tokenizer/includes -I/usr/local/lib/wx/include/osx_cocoa-unicode-2.9 -I/usr/local/include/wx-2.9 -D_FILE_OFFSET_BITS=64 -DWXUSINGDLL -D__WXMAC__ -D__WXOSX__ -D__WXOSX_COCOA__  -c /Users/Ingwie/Work/drag0n-php/ext/wxwidgets/src/cfg.cpp -o ext/wxwidgets/src/cfg.lo 
/Users/Ingwie/Work/drag0n-php/ext/wxwidgets/src/cfg.cpp: In member function ‘virtual const wxString& wxConfigBase_php::GetPath() const’:
/Users/Ingwie/Work/drag0n-php/ext/wxwidgets/src/cfg.cpp:1680: warning: returning reference to temporary
/bin/sh /Users/Ingwie/Work/drag0n-php/libtool --silent --preserve-dup-deps --mode=compile g++  -Iext/wxwidgets/ -I/Users/Ingwie/Work/drag0n-php/ext/wxwidgets/ -DPHP_ATOM_INC -I/Users/Ingwie/Work/drag0n-php/include -I/Users/Ingwie/Work/drag0n-php/main -I/Users/Ingwie/Work/drag0n-php -I/Users/Ingwie/Work/drag0n-php/ext/date/lib -I/Users/Ingwie/Work/drag0n-php/ext/ereg/regex -I/usr/include/libxml2 -I/usr/local/include -I/Users/Ingwie/Work/drag0n-php/ext/mbstring/oniguruma -I/Users/Ingwie/Work/drag0n-php/ext/mbstring/libmbfl -I/Users/Ingwie/Work/drag0n-php/ext/mbstring/libmbfl/mbfl -I/Users/Ingwie/Work/drag0n-php/ext/sqlite3/libsqlite -I/Users/Ingwie/Work/drag0n-php/ext/pthreads -I/usr/include/tidy -I/Users/Ingwie/Work/drag0n-php/ext/tokenizer/includes -I/usr/local/lib/wx/include/osx_cocoa-unicode-2.9 -I/usr/local/include/wx-2.9 -I/Users/Ingwie/Work/drag0n-php/TSRM -I/Users/Ingwie/Work/drag0n-php/Zend  -no-cpp-precomp  -g -O2 -I/Users/Ingwie/Work/drag0n-php/ext/tokenizer/includes -I/usr/local/lib/wx/include/osx_cocoa-unicode-2.9 -I/usr/local/include/wx-2.9 -D_FILE_OFFSET_BITS=64 -DWXUSINGDLL -D__WXMAC__ -D__WXOSX__ -D__WXOSX_COCOA__  -c /Users/Ingwie/Work/drag0n-php/ext/wxwidgets/src/bookctrl.cpp -o ext/wxwidgets/src/bookctrl.lo 
/bin/sh /Users/Ingwie/Work/drag0n-php/libtool --silent --preserve-dup-deps --mode=compile g++  -Iext/wxwidgets/ -I/Users/Ingwie/Work/drag0n-php/ext/wxwidgets/ -DPHP_ATOM_INC -I/Users/Ingwie/Work/drag0n-php/include -I/Users/Ingwie/Work/drag0n-php/main -I/Users/Ingwie/Work/drag0n-php -I/Users/Ingwie/Work/drag0n-php/ext/date/lib -I/Users/Ingwie/Work/drag0n-php/ext/ereg/regex -I/usr/include/libxml2 -I/usr/local/include -I/Users/Ingwie/Work/drag0n-php/ext/mbstring/oniguruma -I/Users/Ingwie/Work/drag0n-php/ext/mbstring/libmbfl -I/Users/Ingwie/Work/drag0n-php/ext/mbstring/libmbfl/mbfl -I/Users/Ingwie/Work/drag0n-php/ext/sqlite3/libsqlite -I/Users/Ingwie/Work/drag0n-php/ext/pthreads -I/usr/include/tidy -I/Users/Ingwie/Work/drag0n-php/ext/tokenizer/includes -I/usr/local/lib/wx/include/osx_cocoa-unicode-2.9 -I/usr/local/include/wx-2.9 -I/Users/Ingwie/Work/drag0n-php/TSRM -I/Users/Ingwie/Work/drag0n-php/Zend  -no-cpp-precomp  -g -O2 -I/Users/Ingwie/Work/drag0n-php/ext/tokenizer/includes -I/usr/local/lib/wx/include/osx_cocoa-unicode-2.9 -I/usr/local/include/wx-2.9 -D_FILE_OFFSET_BITS=64 -DWXUSINGDLL -D__WXMAC__ -D__WXOSX__ -D__WXOSX_COCOA__  -c /Users/Ingwie/Work/drag0n-php/ext/wxwidgets/src/dnd.cpp -o ext/wxwidgets/src/dnd.lo 
/bin/sh /Users/Ingwie/Work/drag0n-php/libtool --silent --preserve-dup-deps --mode=compile g++  -Iext/wxwidgets/ -I/Users/Ingwie/Work/drag0n-php/ext/wxwidgets/ -DPHP_ATOM_INC -I/Users/Ingwie/Work/drag0n-php/include -I/Users/Ingwie/Work/drag0n-php/main -I/Users/Ingwie/Work/drag0n-php -I/Users/Ingwie/Work/drag0n-php/ext/date/lib -I/Users/Ingwie/Work/drag0n-php/ext/ereg/regex -I/usr/include/libxml2 -I/usr/local/include -I/Users/Ingwie/Work/drag0n-php/ext/mbstring/oniguruma -I/Users/Ingwie/Work/drag0n-php/ext/mbstring/libmbfl -I/Users/Ingwie/Work/drag0n-php/ext/mbstring/libmbfl/mbfl -I/Users/Ingwie/Work/drag0n-php/ext/sqlite3/libsqlite -I/Users/Ingwie/Work/drag0n-php/ext/pthreads -I/usr/include/tidy -I/Users/Ingwie/Work/drag0n-php/ext/tokenizer/includes -I/usr/local/lib/wx/include/osx_cocoa-unicode-2.9 -I/usr/local/include/wx-2.9 -I/Users/Ingwie/Work/drag0n-php/TSRM -I/Users/Ingwie/Work/drag0n-php/Zend  -no-cpp-precomp  -g -O2 -I/Users/Ingwie/Work/drag0n-php/ext/tokenizer/includes -I/usr/local/lib/wx/include/osx_cocoa-unicode-2.9 -I/usr/local/include/wx-2.9 -D_FILE_OFFSET_BITS=64 -DWXUSINGDLL -D__WXMAC__ -D__WXOSX__ -D__WXOSX_COCOA__  -c /Users/Ingwie/Work/drag0n-php/ext/wxwidgets/src/cmndlg.cpp -o ext/wxwidgets/src/cmndlg.lo 
/bin/sh /Users/Ingwie/Work/drag0n-php/libtool --silent --preserve-dup-deps --mode=compile g++  -Iext/wxwidgets/ -I/Users/Ingwie/Work/drag0n-php/ext/wxwidgets/ -DPHP_ATOM_INC -I/Users/Ingwie/Work/drag0n-php/include -I/Users/Ingwie/Work/drag0n-php/main -I/Users/Ingwie/Work/drag0n-php -I/Users/Ingwie/Work/drag0n-php/ext/date/lib -I/Users/Ingwie/Work/drag0n-php/ext/ereg/regex -I/usr/include/libxml2 -I/usr/local/include -I/Users/Ingwie/Work/drag0n-php/ext/mbstring/oniguruma -I/Users/Ingwie/Work/drag0n-php/ext/mbstring/libmbfl -I/Users/Ingwie/Work/drag0n-php/ext/mbstring/libmbfl/mbfl -I/Users/Ingwie/Work/drag0n-php/ext/sqlite3/libsqlite -I/Users/Ingwie/Work/drag0n-php/ext/pthreads -I/usr/include/tidy -I/Users/Ingwie/Work/drag0n-php/ext/tokenizer/includes -I/usr/local/lib/wx/include/osx_cocoa-unicode-2.9 -I/usr/local/include/wx-2.9 -I/Users/Ingwie/Work/drag0n-php/TSRM -I/Users/Ingwie/Work/drag0n-php/Zend  -no-cpp-precomp  -g -O2 -I/Users/Ingwie/Work/drag0n-php/ext/tokenizer/includes -I/usr/local/lib/wx/include/osx_cocoa-unicode-2.9 -I/usr/local/include/wx-2.9 -D_FILE_OFFSET_BITS=64 -DWXUSINGDLL -D__WXMAC__ -D__WXOSX__ -D__WXOSX_COCOA__  -c /Users/Ingwie/Work/drag0n-php/ext/wxwidgets/src/containers.cpp -o ext/wxwidgets/src/containers.lo 
/bin/sh /Users/Ingwie/Work/drag0n-php/libtool --silent --preserve-dup-deps --mode=compile g++  -Iext/wxwidgets/ -I/Users/Ingwie/Work/drag0n-php/ext/wxwidgets/ -DPHP_ATOM_INC -I/Users/Ingwie/Work/drag0n-php/include -I/Users/Ingwie/Work/drag0n-php/main -I/Users/Ingwie/Work/drag0n-php -I/Users/Ingwie/Work/drag0n-php/ext/date/lib -I/Users/Ingwie/Work/drag0n-php/ext/ereg/regex -I/usr/include/libxml2 -I/usr/local/include -I/Users/Ingwie/Work/drag0n-php/ext/mbstring/oniguruma -I/Users/Ingwie/Work/drag0n-php/ext/mbstring/libmbfl -I/Users/Ingwie/Work/drag0n-php/ext/mbstring/libmbfl/mbfl -I/Users/Ingwie/Work/drag0n-php/ext/sqlite3/libsqlite -I/Users/Ingwie/Work/drag0n-php/ext/pthreads -I/usr/include/tidy -I/Users/Ingwie/Work/drag0n-php/ext/tokenizer/includes -I/usr/local/lib/wx/include/osx_cocoa-unicode-2.9 -I/usr/local/include/wx-2.9 -I/Users/Ingwie/Work/drag0n-php/TSRM -I/Users/Ingwie/Work/drag0n-php/Zend  -no-cpp-precomp  -g -O2 -I/Users/Ingwie/Work/drag0n-php/ext/tokenizer/includes -I/usr/local/lib/wx/include/osx_cocoa-unicode-2.9 -I/usr/local/include/wx-2.9 -D_FILE_OFFSET_BITS=64 -DWXUSINGDLL -D__WXMAC__ -D__WXOSX__ -D__WXOSX_COCOA__  -c /Users/Ingwie/Work/drag0n-php/ext/wxwidgets/src/ctrl.cpp -o ext/wxwidgets/src/ctrl.lo 
/Users/Ingwie/Work/drag0n-php/ext/wxwidgets/src/ctrl.cpp: In function ‘void zim_php_wxComboCtrl_SetTextIndent(int, zval*, zval**, zval*, int, void***)’:
/Users/Ingwie/Work/drag0n-php/ext/wxwidgets/src/ctrl.cpp:22367: warning: ‘SetTextIndent’ is deprecated (declared at /usr/local/include/wx-2.9/wx/combo.h:363)
/Users/Ingwie/Work/drag0n-php/ext/wxwidgets/src/ctrl.cpp: In function ‘void zim_php_wxComboCtrl_GetTextIndent(int, zval*, zval**, zval*, int, void***)’:
/Users/Ingwie/Work/drag0n-php/ext/wxwidgets/src/ctrl.cpp:25171: warning: ‘GetTextIndent’ is deprecated (declared at /usr/local/include/wx-2.9/wx/combo.h:366)
/bin/sh /Users/Ingwie/Work/drag0n-php/libtool --silent --preserve-dup-deps --mode=compile g++  -Iext/wxwidgets/ -I/Users/Ingwie/Work/drag0n-php/ext/wxwidgets/ -DPHP_ATOM_INC -I/Users/Ingwie/Work/drag0n-php/include -I/Users/Ingwie/Work/drag0n-php/main -I/Users/Ingwie/Work/drag0n-php -I/Users/Ingwie/Work/drag0n-php/ext/date/lib -I/Users/Ingwie/Work/drag0n-php/ext/ereg/regex -I/usr/include/libxml2 -I/usr/local/include -I/Users/Ingwie/Work/drag0n-php/ext/mbstring/oniguruma -I/Users/Ingwie/Work/drag0n-php/ext/mbstring/libmbfl -I/Users/Ingwie/Work/drag0n-php/ext/mbstring/libmbfl/mbfl -I/Users/Ingwie/Work/drag0n-php/ext/sqlite3/libsqlite -I/Users/Ingwie/Work/drag0n-php/ext/pthreads -I/usr/include/tidy -I/Users/Ingwie/Work/drag0n-php/ext/tokenizer/includes -I/usr/local/lib/wx/include/osx_cocoa-unicode-2.9 -I/usr/local/include/wx-2.9 -I/Users/Ingwie/Work/drag0n-php/TSRM -I/Users/Ingwie/Work/drag0n-php/Zend  -no-cpp-precomp  -g -O2 -I/Users/Ingwie/Work/drag0n-php/ext/tokenizer/includes -I/usr/local/lib/wx/include/osx_cocoa-unicode-2.9 -I/usr/local/include/wx-2.9 -D_FILE_OFFSET_BITS=64 -DWXUSINGDLL -D__WXMAC__ -D__WXOSX__ -D__WXOSX_COCOA__  -c /Users/Ingwie/Work/drag0n-php/ext/wxwidgets/src/data.cpp -o ext/wxwidgets/src/data.lo 
/bin/sh /Users/Ingwie/Work/drag0n-php/libtool --silent --preserve-dup-deps --mode=compile g++  -Iext/wxwidgets/ -I/Users/Ingwie/Work/drag0n-php/ext/wxwidgets/ -DPHP_ATOM_INC -I/Users/Ingwie/Work/drag0n-php/include -I/Users/Ingwie/Work/drag0n-php/main -I/Users/Ingwie/Work/drag0n-php -I/Users/Ingwie/Work/drag0n-php/ext/date/lib -I/Users/Ingwie/Work/drag0n-php/ext/ereg/regex -I/usr/include/libxml2 -I/usr/local/include -I/Users/Ingwie/Work/drag0n-php/ext/mbstring/oniguruma -I/Users/Ingwie/Work/drag0n-php/ext/mbstring/libmbfl -I/Users/Ingwie/Work/drag0n-php/ext/mbstring/libmbfl/mbfl -I/Users/Ingwie/Work/drag0n-php/ext/sqlite3/libsqlite -I/Users/Ingwie/Work/drag0n-php/ext/pthreads -I/usr/include/tidy -I/Users/Ingwie/Work/drag0n-php/ext/tokenizer/includes -I/usr/local/lib/wx/include/osx_cocoa-unicode-2.9 -I/usr/local/include/wx-2.9 -I/Users/Ingwie/Work/drag0n-php/TSRM -I/Users/Ingwie/Work/drag0n-php/Zend  -no-cpp-precomp  -g -O2 -I/Users/Ingwie/Work/drag0n-php/ext/tokenizer/includes -I/usr/local/lib/wx/include/osx_cocoa-unicode-2.9 -I/usr/local/include/wx-2.9 -D_FILE_OFFSET_BITS=64 -DWXUSINGDLL -D__WXMAC__ -D__WXOSX__ -D__WXOSX_COCOA__  -c /Users/Ingwie/Work/drag0n-php/ext/wxwidgets/src/dc.cpp -o ext/wxwidgets/src/dc.lo 
/bin/sh /Users/Ingwie/Work/drag0n-php/libtool --silent --preserve-dup-deps --mode=compile g++  -Iext/wxwidgets/ -I/Users/Ingwie/Work/drag0n-php/ext/wxwidgets/ -DPHP_ATOM_INC -I/Users/Ingwie/Work/drag0n-php/include -I/Users/Ingwie/Work/drag0n-php/main -I/Users/Ingwie/Work/drag0n-php -I/Users/Ingwie/Work/drag0n-php/ext/date/lib -I/Users/Ingwie/Work/drag0n-php/ext/ereg/regex -I/usr/include/libxml2 -I/usr/local/include -I/Users/Ingwie/Work/drag0n-php/ext/mbstring/oniguruma -I/Users/Ingwie/Work/drag0n-php/ext/mbstring/libmbfl -I/Users/Ingwie/Work/drag0n-php/ext/mbstring/libmbfl/mbfl -I/Users/Ingwie/Work/drag0n-php/ext/sqlite3/libsqlite -I/Users/Ingwie/Work/drag0n-php/ext/pthreads -I/usr/include/tidy -I/Users/Ingwie/Work/drag0n-php/ext/tokenizer/includes -I/usr/local/lib/wx/include/osx_cocoa-unicode-2.9 -I/usr/local/include/wx-2.9 -I/Users/Ingwie/Work/drag0n-php/TSRM -I/Users/Ingwie/Work/drag0n-php/Zend  -no-cpp-precomp  -g -O2 -I/Users/Ingwie/Work/drag0n-php/ext/tokenizer/includes -I/usr/local/lib/wx/include/osx_cocoa-unicode-2.9 -I/usr/local/include/wx-2.9 -D_FILE_OFFSET_BITS=64 -DWXUSINGDLL -D__WXMAC__ -D__WXOSX__ -D__WXOSX_COCOA__  -c /Users/Ingwie/Work/drag0n-php/ext/wxwidgets/src/docview.cpp -o ext/wxwidgets/src/docview.lo 
/bin/sh /Users/Ingwie/Work/drag0n-php/libtool --silent --preserve-dup-deps --mode=compile g++  -Iext/wxwidgets/ -I/Users/Ingwie/Work/drag0n-php/ext/wxwidgets/ -DPHP_ATOM_INC -I/Users/Ingwie/Work/drag0n-php/include -I/Users/Ingwie/Work/drag0n-php/main -I/Users/Ingwie/Work/drag0n-php -I/Users/Ingwie/Work/drag0n-php/ext/date/lib -I/Users/Ingwie/Work/drag0n-php/ext/ereg/regex -I/usr/include/libxml2 -I/usr/local/include -I/Users/Ingwie/Work/drag0n-php/ext/mbstring/oniguruma -I/Users/Ingwie/Work/drag0n-php/ext/mbstring/libmbfl -I/Users/Ingwie/Work/drag0n-php/ext/mbstring/libmbfl/mbfl -I/Users/Ingwie/Work/drag0n-php/ext/sqlite3/libsqlite -I/Users/Ingwie/Work/drag0n-php/ext/pthreads -I/usr/include/tidy -I/Users/Ingwie/Work/drag0n-php/ext/tokenizer/includes -I/usr/local/lib/wx/include/osx_cocoa-unicode-2.9 -I/usr/local/include/wx-2.9 -I/Users/Ingwie/Work/drag0n-php/TSRM -I/Users/Ingwie/Work/drag0n-php/Zend  -no-cpp-precomp  -g -O2 -I/Users/Ingwie/Work/drag0n-php/ext/tokenizer/includes -I/usr/local/lib/wx/include/osx_cocoa-unicode-2.9 -I/usr/local/include/wx-2.9 -D_FILE_OFFSET_BITS=64 -DWXUSINGDLL -D__WXMAC__ -D__WXOSX__ -D__WXOSX_COCOA__  -c /Users/Ingwie/Work/drag0n-php/ext/wxwidgets/src/events.cpp -o ext/wxwidgets/src/events.lo 
/bin/sh /Users/Ingwie/Work/drag0n-php/libtool --silent --preserve-dup-deps --mode=compile g++  -Iext/wxwidgets/ -I/Users/Ingwie/Work/drag0n-php/ext/wxwidgets/ -DPHP_ATOM_INC -I/Users/Ingwie/Work/drag0n-php/include -I/Users/Ingwie/Work/drag0n-php/main -I/Users/Ingwie/Work/drag0n-php -I/Users/Ingwie/Work/drag0n-php/ext/date/lib -I/Users/Ingwie/Work/drag0n-php/ext/ereg/regex -I/usr/include/libxml2 -I/usr/local/include -I/Users/Ingwie/Work/drag0n-php/ext/mbstring/oniguruma -I/Users/Ingwie/Work/drag0n-php/ext/mbstring/libmbfl -I/Users/Ingwie/Work/drag0n-php/ext/mbstring/libmbfl/mbfl -I/Users/Ingwie/Work/drag0n-php/ext/sqlite3/libsqlite -I/Users/Ingwie/Work/drag0n-php/ext/pthreads -I/usr/include/tidy -I/Users/Ingwie/Work/drag0n-php/ext/tokenizer/includes -I/usr/local/lib/wx/include/osx_cocoa-unicode-2.9 -I/usr/local/include/wx-2.9 -I/Users/Ingwie/Work/drag0n-php/TSRM -I/Users/Ingwie/Work/drag0n-php/Zend  -no-cpp-precomp  -g -O2 -I/Users/Ingwie/Work/drag0n-php/ext/tokenizer/includes -I/usr/local/lib/wx/include/osx_cocoa-unicode-2.9 -I/usr/local/include/wx-2.9 -D_FILE_OFFSET_BITS=64 -DWXUSINGDLL -D__WXMAC__ -D__WXOSX__ -D__WXOSX_COCOA__  -c /Users/Ingwie/Work/drag0n-php/ext/wxwidgets/src/file.cpp -o ext/wxwidgets/src/file.lo 
/bin/sh /Users/Ingwie/Work/drag0n-php/libtool --silent --preserve-dup-deps --mode=compile g++  -Iext/wxwidgets/ -I/Users/Ingwie/Work/drag0n-php/ext/wxwidgets/ -DPHP_ATOM_INC -I/Users/Ingwie/Work/drag0n-php/include -I/Users/Ingwie/Work/drag0n-php/main -I/Users/Ingwie/Work/drag0n-php -I/Users/Ingwie/Work/drag0n-php/ext/date/lib -I/Users/Ingwie/Work/drag0n-php/ext/ereg/regex -I/usr/include/libxml2 -I/usr/local/include -I/Users/Ingwie/Work/drag0n-php/ext/mbstring/oniguruma -I/Users/Ingwie/Work/drag0n-php/ext/mbstring/libmbfl -I/Users/Ingwie/Work/drag0n-php/ext/mbstring/libmbfl/mbfl -I/Users/Ingwie/Work/drag0n-php/ext/sqlite3/libsqlite -I/Users/Ingwie/Work/drag0n-php/ext/pthreads -I/usr/include/tidy -I/Users/Ingwie/Work/drag0n-php/ext/tokenizer/includes -I/usr/local/lib/wx/include/osx_cocoa-unicode-2.9 -I/usr/local/include/wx-2.9 -I/Users/Ingwie/Work/drag0n-php/TSRM -I/Users/Ingwie/Work/drag0n-php/Zend  -no-cpp-precomp  -g -O2 -I/Users/Ingwie/Work/drag0n-php/ext/tokenizer/includes -I/usr/local/lib/wx/include/osx_cocoa-unicode-2.9 -I/usr/local/include/wx-2.9 -D_FILE_OFFSET_BITS=64 -DWXUSINGDLL -D__WXMAC__ -D__WXOSX__ -D__WXOSX_COCOA__  -c /Users/Ingwie/Work/drag0n-php/ext/wxwidgets/src/gdi.cpp -o ext/wxwidgets/src/gdi.lo 
/bin/sh /Users/Ingwie/Work/drag0n-php/libtool --silent --preserve-dup-deps --mode=compile g++  -Iext/wxwidgets/ -I/Users/Ingwie/Work/drag0n-php/ext/wxwidgets/ -DPHP_ATOM_INC -I/Users/Ingwie/Work/drag0n-php/include -I/Users/Ingwie/Work/drag0n-php/main -I/Users/Ingwie/Work/drag0n-php -I/Users/Ingwie/Work/drag0n-php/ext/date/lib -I/Users/Ingwie/Work/drag0n-php/ext/ereg/regex -I/usr/include/libxml2 -I/usr/local/include -I/Users/Ingwie/Work/drag0n-php/ext/mbstring/oniguruma -I/Users/Ingwie/Work/drag0n-php/ext/mbstring/libmbfl -I/Users/Ingwie/Work/drag0n-php/ext/mbstring/libmbfl/mbfl -I/Users/Ingwie/Work/drag0n-php/ext/sqlite3/libsqlite -I/Users/Ingwie/Work/drag0n-php/ext/pthreads -I/usr/include/tidy -I/Users/Ingwie/Work/drag0n-php/ext/tokenizer/includes -I/usr/local/lib/wx/include/osx_cocoa-unicode-2.9 -I/usr/local/include/wx-2.9 -I/Users/Ingwie/Work/drag0n-php/TSRM -I/Users/Ingwie/Work/drag0n-php/Zend  -no-cpp-precomp  -g -O2 -I/Users/Ingwie/Work/drag0n-php/ext/tokenizer/includes -I/usr/local/lib/wx/include/osx_cocoa-unicode-2.9 -I/usr/local/include/wx-2.9 -D_FILE_OFFSET_BITS=64 -DWXUSINGDLL -D__WXMAC__ -D__WXOSX__ -D__WXOSX_COCOA__  -c /Users/Ingwie/Work/drag0n-php/ext/wxwidgets/src/grid.cpp -o ext/wxwidgets/src/grid.lo 
/bin/sh /Users/Ingwie/Work/drag0n-php/libtool --silent --preserve-dup-deps --mode=compile g++  -Iext/wxwidgets/ -I/Users/Ingwie/Work/drag0n-php/ext/wxwidgets/ -DPHP_ATOM_INC -I/Users/Ingwie/Work/drag0n-php/include -I/Users/Ingwie/Work/drag0n-php/main -I/Users/Ingwie/Work/drag0n-php -I/Users/Ingwie/Work/drag0n-php/ext/date/lib -I/Users/Ingwie/Work/drag0n-php/ext/ereg/regex -I/usr/include/libxml2 -I/usr/local/include -I/Users/Ingwie/Work/drag0n-php/ext/mbstring/oniguruma -I/Users/Ingwie/Work/drag0n-php/ext/mbstring/libmbfl -I/Users/Ingwie/Work/drag0n-php/ext/mbstring/libmbfl/mbfl -I/Users/Ingwie/Work/drag0n-php/ext/sqlite3/libsqlite -I/Users/Ingwie/Work/drag0n-php/ext/pthreads -I/usr/include/tidy -I/Users/Ingwie/Work/drag0n-php/ext/tokenizer/includes -I/usr/local/lib/wx/include/osx_cocoa-unicode-2.9 -I/usr/local/include/wx-2.9 -I/Users/Ingwie/Work/drag0n-php/TSRM -I/Users/Ingwie/Work/drag0n-php/Zend  -no-cpp-precomp  -g -O2 -I/Users/Ingwie/Work/drag0n-php/ext/tokenizer/includes -I/usr/local/lib/wx/include/osx_cocoa-unicode-2.9 -I/usr/local/include/wx-2.9 -D_FILE_OFFSET_BITS=64 -DWXUSINGDLL -D__WXMAC__ -D__WXOSX__ -D__WXOSX_COCOA__  -c /Users/Ingwie/Work/drag0n-php/ext/wxwidgets/src/html.cpp -o ext/wxwidgets/src/html.lo 
/Users/Ingwie/Work/drag0n-php/ext/wxwidgets/src/html.cpp: In function ‘void zim_php_wxHtmlTag_GetBeginPos(int, zval*, zval**, zval*, int, void***)’:
/Users/Ingwie/Work/drag0n-php/ext/wxwidgets/src/html.cpp:13013: warning: ‘GetBeginPos’ is deprecated (declared at /usr/local/include/wx-2.9/wx/html/htmltag.h:166)
/Users/Ingwie/Work/drag0n-php/ext/wxwidgets/src/html.cpp: In function ‘void zim_php_wxHtmlTag_GetEndPos1(int, zval*, zval**, zval*, int, void***)’:
/Users/Ingwie/Work/drag0n-php/ext/wxwidgets/src/html.cpp:13113: warning: ‘GetEndPos1’ is deprecated (declared at /usr/local/include/wx-2.9/wx/html/htmltag.h:167)
/Users/Ingwie/Work/drag0n-php/ext/wxwidgets/src/html.cpp: In function ‘void zim_php_wxHtmlTag_GetEndPos2(int, zval*, zval**, zval*, int, void***)’:
/Users/Ingwie/Work/drag0n-php/ext/wxwidgets/src/html.cpp:13213: warning: ‘GetEndPos2’ is deprecated (declared at /usr/local/include/wx-2.9/wx/html/htmltag.h:168)
/bin/sh /Users/Ingwie/Work/drag0n-php/libtool --silent --preserve-dup-deps --mode=compile g++  -Iext/wxwidgets/ -I/Users/Ingwie/Work/drag0n-php/ext/wxwidgets/ -DPHP_ATOM_INC -I/Users/Ingwie/Work/drag0n-php/include -I/Users/Ingwie/Work/drag0n-php/main -I/Users/Ingwie/Work/drag0n-php -I/Users/Ingwie/Work/drag0n-php/ext/date/lib -I/Users/Ingwie/Work/drag0n-php/ext/ereg/regex -I/usr/include/libxml2 -I/usr/local/include -I/Users/Ingwie/Work/drag0n-php/ext/mbstring/oniguruma -I/Users/Ingwie/Work/drag0n-php/ext/mbstring/libmbfl -I/Users/Ingwie/Work/drag0n-php/ext/mbstring/libmbfl/mbfl -I/Users/Ingwie/Work/drag0n-php/ext/sqlite3/libsqlite -I/Users/Ingwie/Work/drag0n-php/ext/pthreads -I/usr/include/tidy -I/Users/Ingwie/Work/drag0n-php/ext/tokenizer/includes -I/usr/local/lib/wx/include/osx_cocoa-unicode-2.9 -I/usr/local/include/wx-2.9 -I/Users/Ingwie/Work/drag0n-php/TSRM -I/Users/Ingwie/Work/drag0n-php/Zend  -no-cpp-precomp  -g -O2 -I/Users/Ingwie/Work/drag0n-php/ext/tokenizer/includes -I/usr/local/lib/wx/include/osx_cocoa-unicode-2.9 -I/usr/local/include/wx-2.9 -D_FILE_OFFSET_BITS=64 -DWXUSINGDLL -D__WXMAC__ -D__WXOSX__ -D__WXOSX_COCOA__  -c /Users/Ingwie/Work/drag0n-php/ext/wxwidgets/src/help.cpp -o ext/wxwidgets/src/help.lo 
/bin/sh /Users/Ingwie/Work/drag0n-php/libtool --silent --preserve-dup-deps --mode=compile g++  -Iext/wxwidgets/ -I/Users/Ingwie/Work/drag0n-php/ext/wxwidgets/ -DPHP_ATOM_INC -I/Users/Ingwie/Work/drag0n-php/include -I/Users/Ingwie/Work/drag0n-php/main -I/Users/Ingwie/Work/drag0n-php -I/Users/Ingwie/Work/drag0n-php/ext/date/lib -I/Users/Ingwie/Work/drag0n-php/ext/ereg/regex -I/usr/include/libxml2 -I/usr/local/include -I/Users/Ingwie/Work/drag0n-php/ext/mbstring/oniguruma -I/Users/Ingwie/Work/drag0n-php/ext/mbstring/libmbfl -I/Users/Ingwie/Work/drag0n-php/ext/mbstring/libmbfl/mbfl -I/Users/Ingwie/Work/drag0n-php/ext/sqlite3/libsqlite -I/Users/Ingwie/Work/drag0n-php/ext/pthreads -I/usr/include/tidy -I/Users/Ingwie/Work/drag0n-php/ext/tokenizer/includes -I/usr/local/lib/wx/include/osx_cocoa-unicode-2.9 -I/usr/local/include/wx-2.9 -I/Users/Ingwie/Work/drag0n-php/TSRM -I/Users/Ingwie/Work/drag0n-php/Zend  -no-cpp-precomp  -g -O2 -I/Users/Ingwie/Work/drag0n-php/ext/tokenizer/includes -I/usr/local/lib/wx/include/osx_cocoa-unicode-2.9 -I/usr/local/include/wx-2.9 -D_FILE_OFFSET_BITS=64 -DWXUSINGDLL -D__WXMAC__ -D__WXOSX__ -D__WXOSX_COCOA__  -c /Users/Ingwie/Work/drag0n-php/ext/wxwidgets/src/logging.cpp -o ext/wxwidgets/src/logging.lo 
/bin/sh /Users/Ingwie/Work/drag0n-php/libtool --silent --preserve-dup-deps --mode=compile g++  -Iext/wxwidgets/ -I/Users/Ingwie/Work/drag0n-php/ext/wxwidgets/ -DPHP_ATOM_INC -I/Users/Ingwie/Work/drag0n-php/include -I/Users/Ingwie/Work/drag0n-php/main -I/Users/Ingwie/Work/drag0n-php -I/Users/Ingwie/Work/drag0n-php/ext/date/lib -I/Users/Ingwie/Work/drag0n-php/ext/ereg/regex -I/usr/include/libxml2 -I/usr/local/include -I/Users/Ingwie/Work/drag0n-php/ext/mbstring/oniguruma -I/Users/Ingwie/Work/drag0n-php/ext/mbstring/libmbfl -I/Users/Ingwie/Work/drag0n-php/ext/mbstring/libmbfl/mbfl -I/Users/Ingwie/Work/drag0n-php/ext/sqlite3/libsqlite -I/Users/Ingwie/Work/drag0n-php/ext/pthreads -I/usr/include/tidy -I/Users/Ingwie/Work/drag0n-php/ext/tokenizer/includes -I/usr/local/lib/wx/include/osx_cocoa-unicode-2.9 -I/usr/local/include/wx-2.9 -I/Users/Ingwie/Work/drag0n-php/TSRM -I/Users/Ingwie/Work/drag0n-php/Zend  -no-cpp-precomp  -g -O2 -I/Users/Ingwie/Work/drag0n-php/ext/tokenizer/includes -I/usr/local/lib/wx/include/osx_cocoa-unicode-2.9 -I/usr/local/include/wx-2.9 -D_FILE_OFFSET_BITS=64 -DWXUSINGDLL -D__WXMAC__ -D__WXOSX__ -D__WXOSX_COCOA__  -c /Users/Ingwie/Work/drag0n-php/ext/wxwidgets/src/managedwnd.cpp -o ext/wxwidgets/src/managedwnd.lo 
/bin/sh /Users/Ingwie/Work/drag0n-php/libtool --silent --preserve-dup-deps --mode=compile g++  -Iext/wxwidgets/ -I/Users/Ingwie/Work/drag0n-php/ext/wxwidgets/ -DPHP_ATOM_INC -I/Users/Ingwie/Work/drag0n-php/include -I/Users/Ingwie/Work/drag0n-php/main -I/Users/Ingwie/Work/drag0n-php -I/Users/Ingwie/Work/drag0n-php/ext/date/lib -I/Users/Ingwie/Work/drag0n-php/ext/ereg/regex -I/usr/include/libxml2 -I/usr/local/include -I/Users/Ingwie/Work/drag0n-php/ext/mbstring/oniguruma -I/Users/Ingwie/Work/drag0n-php/ext/mbstring/libmbfl -I/Users/Ingwie/Work/drag0n-php/ext/mbstring/libmbfl/mbfl -I/Users/Ingwie/Work/drag0n-php/ext/sqlite3/libsqlite -I/Users/Ingwie/Work/drag0n-php/ext/pthreads -I/usr/include/tidy -I/Users/Ingwie/Work/drag0n-php/ext/tokenizer/includes -I/usr/local/lib/wx/include/osx_cocoa-unicode-2.9 -I/usr/local/include/wx-2.9 -I/Users/Ingwie/Work/drag0n-php/TSRM -I/Users/Ingwie/Work/drag0n-php/Zend  -no-cpp-precomp  -g -O2 -I/Users/Ingwie/Work/drag0n-php/ext/tokenizer/includes -I/usr/local/lib/wx/include/osx_cocoa-unicode-2.9 -I/usr/local/include/wx-2.9 -D_FILE_OFFSET_BITS=64 -DWXUSINGDLL -D__WXMAC__ -D__WXOSX__ -D__WXOSX_COCOA__  -c /Users/Ingwie/Work/drag0n-php/ext/wxwidgets/src/menus.cpp -o ext/wxwidgets/src/menus.lo 
/Users/Ingwie/Work/drag0n-php/ext/wxwidgets/src/menus.cpp: In function ‘void zim_php_wxMenuBar_GetLabelTop(int, zval*, zval**, zval*, int, void***)’:
/Users/Ingwie/Work/drag0n-php/ext/wxwidgets/src/menus.cpp:1476: warning: ‘GetLabelTop’ is deprecated (declared at /usr/local/include/wx-2.9/wx/menu.h:556)
/Users/Ingwie/Work/drag0n-php/ext/wxwidgets/src/menus.cpp: In function ‘void zim_php_wxMenuBar_SetLabelTop(int, zval*, zval**, zval*, int, void***)’:
/Users/Ingwie/Work/drag0n-php/ext/wxwidgets/src/menus.cpp:3073: warning: ‘SetLabelTop’ is deprecated (declared at /usr/local/include/wx-2.9/wx/menu.h:554)
/Users/Ingwie/Work/drag0n-php/ext/wxwidgets/src/menus.cpp: In function ‘void zim_php_wxMenuItem_GetLabel(int, zval*, zval**, zval*, int, void***)’:
/Users/Ingwie/Work/drag0n-php/ext/wxwidgets/src/menus.cpp:11100: warning: ‘GetLabel’ is deprecated (declared at /usr/local/include/wx-2.9/wx/menuitem.h:177)
/Users/Ingwie/Work/drag0n-php/ext/wxwidgets/src/menus.cpp: In function ‘void zim_php_wxMenuItem_GetLabelFromText(int, zval*, zval**, zval*, int, void***)’:
/Users/Ingwie/Work/drag0n-php/ext/wxwidgets/src/menus.cpp:11209: warning: ‘GetLabelFromText’ is deprecated (declared at /usr/local/include/wx-2.9/wx/menuitem.h:130)
/Users/Ingwie/Work/drag0n-php/ext/wxwidgets/src/menus.cpp: In function ‘void zim_php_wxMenuItem_GetName(int, zval*, zval**, zval*, int, void***)’:
/Users/Ingwie/Work/drag0n-php/ext/wxwidgets/src/menus.cpp:11542: warning: ‘GetName’ is deprecated (declared at /usr/local/include/wx-2.9/wx/menuitem.h:175)
/Users/Ingwie/Work/drag0n-php/ext/wxwidgets/src/menus.cpp: In function ‘void zim_php_wxMenuItem_GetText(int, zval*, zval**, zval*, int, void***)’:
/Users/Ingwie/Work/drag0n-php/ext/wxwidgets/src/menus.cpp:11765: warning: ‘GetText’ is deprecated (declared at /usr/local/include/wx-2.9/wx/menuitem.h:179)
/bin/sh /Users/Ingwie/Work/drag0n-php/libtool --silent --preserve-dup-deps --mode=compile g++  -Iext/wxwidgets/ -I/Users/Ingwie/Work/drag0n-php/ext/wxwidgets/ -DPHP_ATOM_INC -I/Users/Ingwie/Work/drag0n-php/include -I/Users/Ingwie/Work/drag0n-php/main -I/Users/Ingwie/Work/drag0n-php -I/Users/Ingwie/Work/drag0n-php/ext/date/lib -I/Users/Ingwie/Work/drag0n-php/ext/ereg/regex -I/usr/include/libxml2 -I/usr/local/include -I/Users/Ingwie/Work/drag0n-php/ext/mbstring/oniguruma -I/Users/Ingwie/Work/drag0n-php/ext/mbstring/libmbfl -I/Users/Ingwie/Work/drag0n-php/ext/mbstring/libmbfl/mbfl -I/Users/Ingwie/Work/drag0n-php/ext/sqlite3/libsqlite -I/Users/Ingwie/Work/drag0n-php/ext/pthreads -I/usr/include/tidy -I/Users/Ingwie/Work/drag0n-php/ext/tokenizer/includes -I/usr/local/lib/wx/include/osx_cocoa-unicode-2.9 -I/usr/local/include/wx-2.9 -I/Users/Ingwie/Work/drag0n-php/TSRM -I/Users/Ingwie/Work/drag0n-php/Zend  -no-cpp-precomp  -g -O2 -I/Users/Ingwie/Work/drag0n-php/ext/tokenizer/includes -I/usr/local/lib/wx/include/osx_cocoa-unicode-2.9 -I/usr/local/include/wx-2.9 -D_FILE_OFFSET_BITS=64 -DWXUSINGDLL -D__WXMAC__ -D__WXOSX__ -D__WXOSX_COCOA__  -c /Users/Ingwie/Work/drag0n-php/ext/wxwidgets/src/misc.cpp -o ext/wxwidgets/src/misc.lo 
/Users/Ingwie/Work/drag0n-php/ext/wxwidgets/src/misc.cpp: In function ‘void zim_php_wxArtProvider_Insert(int, zval*, zval**, zval*, int, void***)’:
/Users/Ingwie/Work/drag0n-php/ext/wxwidgets/src/misc.cpp:695: warning: ‘Insert’ is deprecated (declared at /usr/local/include/wx-2.9/wx/artprov.h:139)
/bin/sh /Users/Ingwie/Work/drag0n-php/libtool --silent --preserve-dup-deps --mode=compile g++  -Iext/wxwidgets/ -I/Users/Ingwie/Work/drag0n-php/ext/wxwidgets/ -DPHP_ATOM_INC -I/Users/Ingwie/Work/drag0n-php/include -I/Users/Ingwie/Work/drag0n-php/main -I/Users/Ingwie/Work/drag0n-php -I/Users/Ingwie/Work/drag0n-php/ext/date/lib -I/Users/Ingwie/Work/drag0n-php/ext/ereg/regex -I/usr/include/libxml2 -I/usr/local/include -I/Users/Ingwie/Work/drag0n-php/ext/mbstring/oniguruma -I/Users/Ingwie/Work/drag0n-php/ext/mbstring/libmbfl -I/Users/Ingwie/Work/drag0n-php/ext/mbstring/libmbfl/mbfl -I/Users/Ingwie/Work/drag0n-php/ext/sqlite3/libsqlite -I/Users/Ingwie/Work/drag0n-php/ext/pthreads -I/usr/include/tidy -I/Users/Ingwie/Work/drag0n-php/ext/tokenizer/includes -I/usr/local/lib/wx/include/osx_cocoa-unicode-2.9 -I/usr/local/include/wx-2.9 -I/Users/Ingwie/Work/drag0n-php/TSRM -I/Users/Ingwie/Work/drag0n-php/Zend  -no-cpp-precomp  -g -O2 -I/Users/Ingwie/Work/drag0n-php/ext/tokenizer/includes -I/usr/local/lib/wx/include/osx_cocoa-unicode-2.9 -I/usr/local/include/wx-2.9 -D_FILE_OFFSET_BITS=64 -DWXUSINGDLL -D__WXMAC__ -D__WXOSX__ -D__WXOSX_COCOA__  -c /Users/Ingwie/Work/drag0n-php/ext/wxwidgets/src/miscwnd.cpp -o ext/wxwidgets/src/miscwnd.lo 
/Users/Ingwie/Work/drag0n-php/ext/wxwidgets/src/miscwnd.cpp: In member function ‘virtual void wxWindow_php::SetInitialBestSize(const wxSize&)’:
/Users/Ingwie/Work/drag0n-php/ext/wxwidgets/src/miscwnd.cpp:131491: warning: ‘SetInitialBestSize’ is deprecated (declared at /usr/local/include/wx-2.9/wx/window.h:1830)
/bin/sh /Users/Ingwie/Work/drag0n-php/libtool --silent --preserve-dup-deps --mode=compile g++  -Iext/wxwidgets/ -I/Users/Ingwie/Work/drag0n-php/ext/wxwidgets/ -DPHP_ATOM_INC -I/Users/Ingwie/Work/drag0n-php/include -I/Users/Ingwie/Work/drag0n-php/main -I/Users/Ingwie/Work/drag0n-php -I/Users/Ingwie/Work/drag0n-php/ext/date/lib -I/Users/Ingwie/Work/drag0n-php/ext/ereg/regex -I/usr/include/libxml2 -I/usr/local/include -I/Users/Ingwie/Work/drag0n-php/ext/mbstring/oniguruma -I/Users/Ingwie/Work/drag0n-php/ext/mbstring/libmbfl -I/Users/Ingwie/Work/drag0n-php/ext/mbstring/libmbfl/mbfl -I/Users/Ingwie/Work/drag0n-php/ext/sqlite3/libsqlite -I/Users/Ingwie/Work/drag0n-php/ext/pthreads -I/usr/include/tidy -I/Users/Ingwie/Work/drag0n-php/ext/tokenizer/includes -I/usr/local/lib/wx/include/osx_cocoa-unicode-2.9 -I/usr/local/include/wx-2.9 -I/Users/Ingwie/Work/drag0n-php/TSRM -I/Users/Ingwie/Work/drag0n-php/Zend  -no-cpp-precomp  -g -O2 -I/Users/Ingwie/Work/drag0n-php/ext/tokenizer/includes -I/usr/local/lib/wx/include/osx_cocoa-unicode-2.9 -I/usr/local/include/wx-2.9 -D_FILE_OFFSET_BITS=64 -DWXUSINGDLL -D__WXMAC__ -D__WXOSX__ -D__WXOSX_COCOA__  -c /Users/Ingwie/Work/drag0n-php/ext/wxwidgets/src/media.cpp -o ext/wxwidgets/src/media.lo 
/bin/sh /Users/Ingwie/Work/drag0n-php/libtool --silent --preserve-dup-deps --mode=compile g++  -Iext/wxwidgets/ -I/Users/Ingwie/Work/drag0n-php/ext/wxwidgets/ -DPHP_ATOM_INC -I/Users/Ingwie/Work/drag0n-php/include -I/Users/Ingwie/Work/drag0n-php/main -I/Users/Ingwie/Work/drag0n-php -I/Users/Ingwie/Work/drag0n-php/ext/date/lib -I/Users/Ingwie/Work/drag0n-php/ext/ereg/regex -I/usr/include/libxml2 -I/usr/local/include -I/Users/Ingwie/Work/drag0n-php/ext/mbstring/oniguruma -I/Users/Ingwie/Work/drag0n-php/ext/mbstring/libmbfl -I/Users/Ingwie/Work/drag0n-php/ext/mbstring/libmbfl/mbfl -I/Users/Ingwie/Work/drag0n-php/ext/sqlite3/libsqlite -I/Users/Ingwie/Work/drag0n-php/ext/pthreads -I/usr/include/tidy -I/Users/Ingwie/Work/drag0n-php/ext/tokenizer/includes -I/usr/local/lib/wx/include/osx_cocoa-unicode-2.9 -I/usr/local/include/wx-2.9 -I/Users/Ingwie/Work/drag0n-php/TSRM -I/Users/Ingwie/Work/drag0n-php/Zend  -no-cpp-precomp  -g -O2 -I/Users/Ingwie/Work/drag0n-php/ext/tokenizer/includes -I/usr/local/lib/wx/include/osx_cocoa-unicode-2.9 -I/usr/local/include/wx-2.9 -D_FILE_OFFSET_BITS=64 -DWXUSINGDLL -D__WXMAC__ -D__WXOSX__ -D__WXOSX_COCOA__  -c /Users/Ingwie/Work/drag0n-php/ext/wxwidgets/src/pickers.cpp -o ext/wxwidgets/src/pickers.lo 
/bin/sh /Users/Ingwie/Work/drag0n-php/libtool --silent --preserve-dup-deps --mode=compile g++  -Iext/wxwidgets/ -I/Users/Ingwie/Work/drag0n-php/ext/wxwidgets/ -DPHP_ATOM_INC -I/Users/Ingwie/Work/drag0n-php/include -I/Users/Ingwie/Work/drag0n-php/main -I/Users/Ingwie/Work/drag0n-php -I/Users/Ingwie/Work/drag0n-php/ext/date/lib -I/Users/Ingwie/Work/drag0n-php/ext/ereg/regex -I/usr/include/libxml2 -I/usr/local/include -I/Users/Ingwie/Work/drag0n-php/ext/mbstring/oniguruma -I/Users/Ingwie/Work/drag0n-php/ext/mbstring/libmbfl -I/Users/Ingwie/Work/drag0n-php/ext/mbstring/libmbfl/mbfl -I/Users/Ingwie/Work/drag0n-php/ext/sqlite3/libsqlite -I/Users/Ingwie/Work/drag0n-php/ext/pthreads -I/usr/include/tidy -I/Users/Ingwie/Work/drag0n-php/ext/tokenizer/includes -I/usr/local/lib/wx/include/osx_cocoa-unicode-2.9 -I/usr/local/include/wx-2.9 -I/Users/Ingwie/Work/drag0n-php/TSRM -I/Users/Ingwie/Work/drag0n-php/Zend  -no-cpp-precomp  -g -O2 -I/Users/Ingwie/Work/drag0n-php/ext/tokenizer/includes -I/usr/local/lib/wx/include/osx_cocoa-unicode-2.9 -I/usr/local/include/wx-2.9 -D_FILE_OFFSET_BITS=64 -DWXUSINGDLL -D__WXMAC__ -D__WXOSX__ -D__WXOSX_COCOA__  -c /Users/Ingwie/Work/drag0n-php/ext/wxwidgets/src/printing.cpp -o ext/wxwidgets/src/printing.lo 
/bin/sh /Users/Ingwie/Work/drag0n-php/libtool --silent --preserve-dup-deps --mode=compile g++  -Iext/wxwidgets/ -I/Users/Ingwie/Work/drag0n-php/ext/wxwidgets/ -DPHP_ATOM_INC -I/Users/Ingwie/Work/drag0n-php/include -I/Users/Ingwie/Work/drag0n-php/main -I/Users/Ingwie/Work/drag0n-php -I/Users/Ingwie/Work/drag0n-php/ext/date/lib -I/Users/Ingwie/Work/drag0n-php/ext/ereg/regex -I/usr/include/libxml2 -I/usr/local/include -I/Users/Ingwie/Work/drag0n-php/ext/mbstring/oniguruma -I/Users/Ingwie/Work/drag0n-php/ext/mbstring/libmbfl -I/Users/Ingwie/Work/drag0n-php/ext/mbstring/libmbfl/mbfl -I/Users/Ingwie/Work/drag0n-php/ext/sqlite3/libsqlite -I/Users/Ingwie/Work/drag0n-php/ext/pthreads -I/usr/include/tidy -I/Users/Ingwie/Work/drag0n-php/ext/tokenizer/includes -I/usr/local/lib/wx/include/osx_cocoa-unicode-2.9 -I/usr/local/include/wx-2.9 -I/Users/Ingwie/Work/drag0n-php/TSRM -I/Users/Ingwie/Work/drag0n-php/Zend  -no-cpp-precomp  -g -O2 -I/Users/Ingwie/Work/drag0n-php/ext/tokenizer/includes -I/usr/local/lib/wx/include/osx_cocoa-unicode-2.9 -I/usr/local/include/wx-2.9 -D_FILE_OFFSET_BITS=64 -DWXUSINGDLL -D__WXMAC__ -D__WXOSX__ -D__WXOSX_COCOA__  -c /Users/Ingwie/Work/drag0n-php/ext/wxwidgets/src/ribbon.cpp -o ext/wxwidgets/src/ribbon.lo 
/bin/sh /Users/Ingwie/Work/drag0n-php/libtool --silent --preserve-dup-deps --mode=compile g++  -Iext/wxwidgets/ -I/Users/Ingwie/Work/drag0n-php/ext/wxwidgets/ -DPHP_ATOM_INC -I/Users/Ingwie/Work/drag0n-php/include -I/Users/Ingwie/Work/drag0n-php/main -I/Users/Ingwie/Work/drag0n-php -I/Users/Ingwie/Work/drag0n-php/ext/date/lib -I/Users/Ingwie/Work/drag0n-php/ext/ereg/regex -I/usr/include/libxml2 -I/usr/local/include -I/Users/Ingwie/Work/drag0n-php/ext/mbstring/oniguruma -I/Users/Ingwie/Work/drag0n-php/ext/mbstring/libmbfl -I/Users/Ingwie/Work/drag0n-php/ext/mbstring/libmbfl/mbfl -I/Users/Ingwie/Work/drag0n-php/ext/sqlite3/libsqlite -I/Users/Ingwie/Work/drag0n-php/ext/pthreads -I/usr/include/tidy -I/Users/Ingwie/Work/drag0n-php/ext/tokenizer/includes -I/usr/local/lib/wx/include/osx_cocoa-unicode-2.9 -I/usr/local/include/wx-2.9 -I/Users/Ingwie/Work/drag0n-php/TSRM -I/Users/Ingwie/Work/drag0n-php/Zend  -no-cpp-precomp  -g -O2 -I/Users/Ingwie/Work/drag0n-php/ext/tokenizer/includes -I/usr/local/lib/wx/include/osx_cocoa-unicode-2.9 -I/usr/local/include/wx-2.9 -D_FILE_OFFSET_BITS=64 -DWXUSINGDLL -D__WXMAC__ -D__WXOSX__ -D__WXOSX_COCOA__  -c /Users/Ingwie/Work/drag0n-php/ext/wxwidgets/src/richtext.cpp -o ext/wxwidgets/src/richtext.lo 
/bin/sh /Users/Ingwie/Work/drag0n-php/libtool --silent --preserve-dup-deps --mode=compile g++  -Iext/wxwidgets/ -I/Users/Ingwie/Work/drag0n-php/ext/wxwidgets/ -DPHP_ATOM_INC -I/Users/Ingwie/Work/drag0n-php/include -I/Users/Ingwie/Work/drag0n-php/main -I/Users/Ingwie/Work/drag0n-php -I/Users/Ingwie/Work/drag0n-php/ext/date/lib -I/Users/Ingwie/Work/drag0n-php/ext/ereg/regex -I/usr/include/libxml2 -I/usr/local/include -I/Users/Ingwie/Work/drag0n-php/ext/mbstring/oniguruma -I/Users/Ingwie/Work/drag0n-php/ext/mbstring/libmbfl -I/Users/Ingwie/Work/drag0n-php/ext/mbstring/libmbfl/mbfl -I/Users/Ingwie/Work/drag0n-php/ext/sqlite3/libsqlite -I/Users/Ingwie/Work/drag0n-php/ext/pthreads -I/usr/include/tidy -I/Users/Ingwie/Work/drag0n-php/ext/tokenizer/includes -I/usr/local/lib/wx/include/osx_cocoa-unicode-2.9 -I/usr/local/include/wx-2.9 -I/Users/Ingwie/Work/drag0n-php/TSRM -I/Users/Ingwie/Work/drag0n-php/Zend  -no-cpp-precomp  -g -O2 -I/Users/Ingwie/Work/drag0n-php/ext/tokenizer/includes -I/usr/local/lib/wx/include/osx_cocoa-unicode-2.9 -I/usr/local/include/wx-2.9 -D_FILE_OFFSET_BITS=64 -DWXUSINGDLL -D__WXMAC__ -D__WXOSX__ -D__WXOSX_COCOA__  -c /Users/Ingwie/Work/drag0n-php/ext/wxwidgets/src/rtti.cpp -o ext/wxwidgets/src/rtti.lo 
/bin/sh /Users/Ingwie/Work/drag0n-php/libtool --silent --preserve-dup-deps --mode=compile g++  -Iext/wxwidgets/ -I/Users/Ingwie/Work/drag0n-php/ext/wxwidgets/ -DPHP_ATOM_INC -I/Users/Ingwie/Work/drag0n-php/include -I/Users/Ingwie/Work/drag0n-php/main -I/Users/Ingwie/Work/drag0n-php -I/Users/Ingwie/Work/drag0n-php/ext/date/lib -I/Users/Ingwie/Work/drag0n-php/ext/ereg/regex -I/usr/include/libxml2 -I/usr/local/include -I/Users/Ingwie/Work/drag0n-php/ext/mbstring/oniguruma -I/Users/Ingwie/Work/drag0n-php/ext/mbstring/libmbfl -I/Users/Ingwie/Work/drag0n-php/ext/mbstring/libmbfl/mbfl -I/Users/Ingwie/Work/drag0n-php/ext/sqlite3/libsqlite -I/Users/Ingwie/Work/drag0n-php/ext/pthreads -I/usr/include/tidy -I/Users/Ingwie/Work/drag0n-php/ext/tokenizer/includes -I/usr/local/lib/wx/include/osx_cocoa-unicode-2.9 -I/usr/local/include/wx-2.9 -I/Users/Ingwie/Work/drag0n-php/TSRM -I/Users/Ingwie/Work/drag0n-php/Zend  -no-cpp-precomp  -g -O2 -I/Users/Ingwie/Work/drag0n-php/ext/tokenizer/includes -I/usr/local/lib/wx/include/osx_cocoa-unicode-2.9 -I/usr/local/include/wx-2.9 -D_FILE_OFFSET_BITS=64 -DWXUSINGDLL -D__WXMAC__ -D__WXOSX__ -D__WXOSX_COCOA__  -c /Users/Ingwie/Work/drag0n-php/ext/wxwidgets/src/stc.cpp -o ext/wxwidgets/src/stc.lo 
/bin/sh /Users/Ingwie/Work/drag0n-php/libtool --silent --preserve-dup-deps --mode=compile g++  -Iext/wxwidgets/ -I/Users/Ingwie/Work/drag0n-php/ext/wxwidgets/ -DPHP_ATOM_INC -I/Users/Ingwie/Work/drag0n-php/include -I/Users/Ingwie/Work/drag0n-php/main -I/Users/Ingwie/Work/drag0n-php -I/Users/Ingwie/Work/drag0n-php/ext/date/lib -I/Users/Ingwie/Work/drag0n-php/ext/ereg/regex -I/usr/include/libxml2 -I/usr/local/include -I/Users/Ingwie/Work/drag0n-php/ext/mbstring/oniguruma -I/Users/Ingwie/Work/drag0n-php/ext/mbstring/libmbfl -I/Users/Ingwie/Work/drag0n-php/ext/mbstring/libmbfl/mbfl -I/Users/Ingwie/Work/drag0n-php/ext/sqlite3/libsqlite -I/Users/Ingwie/Work/drag0n-php/ext/pthreads -I/usr/include/tidy -I/Users/Ingwie/Work/drag0n-php/ext/tokenizer/includes -I/usr/local/lib/wx/include/osx_cocoa-unicode-2.9 -I/usr/local/include/wx-2.9 -I/Users/Ingwie/Work/drag0n-php/TSRM -I/Users/Ingwie/Work/drag0n-php/Zend  -no-cpp-precomp  -g -O2 -I/Users/Ingwie/Work/drag0n-php/ext/tokenizer/includes -I/usr/local/lib/wx/include/osx_cocoa-unicode-2.9 -I/usr/local/include/wx-2.9 -D_FILE_OFFSET_BITS=64 -DWXUSINGDLL -D__WXMAC__ -D__WXOSX__ -D__WXOSX_COCOA__  -c /Users/Ingwie/Work/drag0n-php/ext/wxwidgets/src/streams.cpp -o ext/wxwidgets/src/streams.lo 
/bin/sh /Users/Ingwie/Work/drag0n-php/libtool --silent --preserve-dup-deps --mode=compile g++  -Iext/wxwidgets/ -I/Users/Ingwie/Work/drag0n-php/ext/wxwidgets/ -DPHP_ATOM_INC -I/Users/Ingwie/Work/drag0n-php/include -I/Users/Ingwie/Work/drag0n-php/main -I/Users/Ingwie/Work/drag0n-php -I/Users/Ingwie/Work/drag0n-php/ext/date/lib -I/Users/Ingwie/Work/drag0n-php/ext/ereg/regex -I/usr/include/libxml2 -I/usr/local/include -I/Users/Ingwie/Work/drag0n-php/ext/mbstring/oniguruma -I/Users/Ingwie/Work/drag0n-php/ext/mbstring/libmbfl -I/Users/Ingwie/Work/drag0n-php/ext/mbstring/libmbfl/mbfl -I/Users/Ingwie/Work/drag0n-php/ext/sqlite3/libsqlite -I/Users/Ingwie/Work/drag0n-php/ext/pthreads -I/usr/include/tidy -I/Users/Ingwie/Work/drag0n-php/ext/tokenizer/includes -I/usr/local/lib/wx/include/osx_cocoa-unicode-2.9 -I/usr/local/include/wx-2.9 -I/Users/Ingwie/Work/drag0n-php/TSRM -I/Users/Ingwie/Work/drag0n-php/Zend  -no-cpp-precomp  -g -O2 -I/Users/Ingwie/Work/drag0n-php/ext/tokenizer/includes -I/usr/local/lib/wx/include/osx_cocoa-unicode-2.9 -I/usr/local/include/wx-2.9 -D_FILE_OFFSET_BITS=64 -DWXUSINGDLL -D__WXMAC__ -D__WXOSX__ -D__WXOSX_COCOA__  -c /Users/Ingwie/Work/drag0n-php/ext/wxwidgets/src/threading.cpp -o ext/wxwidgets/src/threading.lo 
/Users/Ingwie/Work/drag0n-php/ext/wxwidgets/src/threading.cpp: In function ‘void zim_php_wxThreadHelper_Create(int, zval*, zval**, zval*, int, void***)’:
/Users/Ingwie/Work/drag0n-php/ext/wxwidgets/src/threading.cpp:1334: warning: ‘Create’ is deprecated (declared at /usr/local/include/wx-2.9/wx/thread.h:745)
/Users/Ingwie/Work/drag0n-php/ext/wxwidgets/src/threading.cpp:1349: warning: ‘Create’ is deprecated (declared at /usr/local/include/wx-2.9/wx/thread.h:745)
/bin/sh /Users/Ingwie/Work/drag0n-php/libtool --silent --preserve-dup-deps --mode=compile g++  -Iext/wxwidgets/ -I/Users/Ingwie/Work/drag0n-php/ext/wxwidgets/ -DPHP_ATOM_INC -I/Users/Ingwie/Work/drag0n-php/include -I/Users/Ingwie/Work/drag0n-php/main -I/Users/Ingwie/Work/drag0n-php -I/Users/Ingwie/Work/drag0n-php/ext/date/lib -I/Users/Ingwie/Work/drag0n-php/ext/ereg/regex -I/usr/include/libxml2 -I/usr/local/include -I/Users/Ingwie/Work/drag0n-php/ext/mbstring/oniguruma -I/Users/Ingwie/Work/drag0n-php/ext/mbstring/libmbfl -I/Users/Ingwie/Work/drag0n-php/ext/mbstring/libmbfl/mbfl -I/Users/Ingwie/Work/drag0n-php/ext/sqlite3/libsqlite -I/Users/Ingwie/Work/drag0n-php/ext/pthreads -I/usr/include/tidy -I/Users/Ingwie/Work/drag0n-php/ext/tokenizer/includes -I/usr/local/lib/wx/include/osx_cocoa-unicode-2.9 -I/usr/local/include/wx-2.9 -I/Users/Ingwie/Work/drag0n-php/TSRM -I/Users/Ingwie/Work/drag0n-php/Zend  -no-cpp-precomp  -g -O2 -I/Users/Ingwie/Work/drag0n-php/ext/tokenizer/includes -I/usr/local/lib/wx/include/osx_cocoa-unicode-2.9 -I/usr/local/include/wx-2.9 -D_FILE_OFFSET_BITS=64 -DWXUSINGDLL -D__WXMAC__ -D__WXOSX__ -D__WXOSX_COCOA__  -c /Users/Ingwie/Work/drag0n-php/ext/wxwidgets/src/validator.cpp -o ext/wxwidgets/src/validator.lo 
/bin/sh /Users/Ingwie/Work/drag0n-php/libtool --silent --preserve-dup-deps --mode=compile g++  -Iext/wxwidgets/ -I/Users/Ingwie/Work/drag0n-php/ext/wxwidgets/ -DPHP_ATOM_INC -I/Users/Ingwie/Work/drag0n-php/include -I/Users/Ingwie/Work/drag0n-php/main -I/Users/Ingwie/Work/drag0n-php -I/Users/Ingwie/Work/drag0n-php/ext/date/lib -I/Users/Ingwie/Work/drag0n-php/ext/ereg/regex -I/usr/include/libxml2 -I/usr/local/include -I/Users/Ingwie/Work/drag0n-php/ext/mbstring/oniguruma -I/Users/Ingwie/Work/drag0n-php/ext/mbstring/libmbfl -I/Users/Ingwie/Work/drag0n-php/ext/mbstring/libmbfl/mbfl -I/Users/Ingwie/Work/drag0n-php/ext/sqlite3/libsqlite -I/Users/Ingwie/Work/drag0n-php/ext/pthreads -I/usr/include/tidy -I/Users/Ingwie/Work/drag0n-php/ext/tokenizer/includes -I/usr/local/lib/wx/include/osx_cocoa-unicode-2.9 -I/usr/local/include/wx-2.9 -I/Users/Ingwie/Work/drag0n-php/TSRM -I/Users/Ingwie/Work/drag0n-php/Zend  -no-cpp-precomp  -g -O2 -I/Users/Ingwie/Work/drag0n-php/ext/tokenizer/includes -I/usr/local/lib/wx/include/osx_cocoa-unicode-2.9 -I/usr/local/include/wx-2.9 -D_FILE_OFFSET_BITS=64 -DWXUSINGDLL -D__WXMAC__ -D__WXOSX__ -D__WXOSX_COCOA__  -c /Users/Ingwie/Work/drag0n-php/ext/wxwidgets/src/vfs.cpp -o ext/wxwidgets/src/vfs.lo 
/bin/sh /Users/Ingwie/Work/drag0n-php/libtool --silent --preserve-dup-deps --mode=compile g++  -Iext/wxwidgets/ -I/Users/Ingwie/Work/drag0n-php/ext/wxwidgets/ -DPHP_ATOM_INC -I/Users/Ingwie/Work/drag0n-php/include -I/Users/Ingwie/Work/drag0n-php/main -I/Users/Ingwie/Work/drag0n-php -I/Users/Ingwie/Work/drag0n-php/ext/date/lib -I/Users/Ingwie/Work/drag0n-php/ext/ereg/regex -I/usr/include/libxml2 -I/usr/local/include -I/Users/Ingwie/Work/drag0n-php/ext/mbstring/oniguruma -I/Users/Ingwie/Work/drag0n-php/ext/mbstring/libmbfl -I/Users/Ingwie/Work/drag0n-php/ext/mbstring/libmbfl/mbfl -I/Users/Ingwie/Work/drag0n-php/ext/sqlite3/libsqlite -I/Users/Ingwie/Work/drag0n-php/ext/pthreads -I/usr/include/tidy -I/Users/Ingwie/Work/drag0n-php/ext/tokenizer/includes -I/usr/local/lib/wx/include/osx_cocoa-unicode-2.9 -I/usr/local/include/wx-2.9 -I/Users/Ingwie/Work/drag0n-php/TSRM -I/Users/Ingwie/Work/drag0n-php/Zend  -no-cpp-precomp  -g -O2 -I/Users/Ingwie/Work/drag0n-php/ext/tokenizer/includes -I/usr/local/lib/wx/include/osx_cocoa-unicode-2.9 -I/usr/local/include/wx-2.9 -D_FILE_OFFSET_BITS=64 -DWXUSINGDLL -D__WXMAC__ -D__WXOSX__ -D__WXOSX_COCOA__  -c /Users/Ingwie/Work/drag0n-php/ext/wxwidgets/src/webview.cpp -o ext/wxwidgets/src/webview.lo 
/bin/sh /Users/Ingwie/Work/drag0n-php/libtool --silent --preserve-dup-deps --mode=compile g++  -Iext/wxwidgets/ -I/Users/Ingwie/Work/drag0n-php/ext/wxwidgets/ -DPHP_ATOM_INC -I/Users/Ingwie/Work/drag0n-php/include -I/Users/Ingwie/Work/drag0n-php/main -I/Users/Ingwie/Work/drag0n-php -I/Users/Ingwie/Work/drag0n-php/ext/date/lib -I/Users/Ingwie/Work/drag0n-php/ext/ereg/regex -I/usr/include/libxml2 -I/usr/local/include -I/Users/Ingwie/Work/drag0n-php/ext/mbstring/oniguruma -I/Users/Ingwie/Work/drag0n-php/ext/mbstring/libmbfl -I/Users/Ingwie/Work/drag0n-php/ext/mbstring/libmbfl/mbfl -I/Users/Ingwie/Work/drag0n-php/ext/sqlite3/libsqlite -I/Users/Ingwie/Work/drag0n-php/ext/pthreads -I/usr/include/tidy -I/Users/Ingwie/Work/drag0n-php/ext/tokenizer/includes -I/usr/local/lib/wx/include/osx_cocoa-unicode-2.9 -I/usr/local/include/wx-2.9 -I/Users/Ingwie/Work/drag0n-php/TSRM -I/Users/Ingwie/Work/drag0n-php/Zend  -no-cpp-precomp  -g -O2 -I/Users/Ingwie/Work/drag0n-php/ext/tokenizer/includes -I/usr/local/lib/wx/include/osx_cocoa-unicode-2.9 -I/usr/local/include/wx-2.9 -D_FILE_OFFSET_BITS=64 -DWXUSINGDLL -D__WXMAC__ -D__WXOSX__ -D__WXOSX_COCOA__  -c /Users/Ingwie/Work/drag0n-php/ext/wxwidgets/src/aui.cpp -o ext/wxwidgets/src/aui.lo 
/bin/sh /Users/Ingwie/Work/drag0n-php/libtool --silent --preserve-dup-deps --mode=compile g++  -Iext/wxwidgets/ -I/Users/Ingwie/Work/drag0n-php/ext/wxwidgets/ -DPHP_ATOM_INC -I/Users/Ingwie/Work/drag0n-php/include -I/Users/Ingwie/Work/drag0n-php/main -I/Users/Ingwie/Work/drag0n-php -I/Users/Ingwie/Work/drag0n-php/ext/date/lib -I/Users/Ingwie/Work/drag0n-php/ext/ereg/regex -I/usr/include/libxml2 -I/usr/local/include -I/Users/Ingwie/Work/drag0n-php/ext/mbstring/oniguruma -I/Users/Ingwie/Work/drag0n-php/ext/mbstring/libmbfl -I/Users/Ingwie/Work/drag0n-php/ext/mbstring/libmbfl/mbfl -I/Users/Ingwie/Work/drag0n-php/ext/sqlite3/libsqlite -I/Users/Ingwie/Work/drag0n-php/ext/pthreads -I/usr/include/tidy -I/Users/Ingwie/Work/drag0n-php/ext/tokenizer/includes -I/usr/local/lib/wx/include/osx_cocoa-unicode-2.9 -I/usr/local/include/wx-2.9 -I/Users/Ingwie/Work/drag0n-php/TSRM -I/Users/Ingwie/Work/drag0n-php/Zend  -no-cpp-precomp  -g -O2 -I/Users/Ingwie/Work/drag0n-php/ext/tokenizer/includes -I/usr/local/lib/wx/include/osx_cocoa-unicode-2.9 -I/usr/local/include/wx-2.9 -D_FILE_OFFSET_BITS=64 -DWXUSINGDLL -D__WXMAC__ -D__WXOSX__ -D__WXOSX_COCOA__  -c /Users/Ingwie/Work/drag0n-php/ext/wxwidgets/src/winlayout.cpp -o ext/wxwidgets/src/winlayout.lo 
/Users/Ingwie/Work/drag0n-php/ext/wxwidgets/src/winlayout.cpp: In function ‘void zim_php_wxSizer_SetVirtualSizeHints(int, zval*, zval**, zval*, int, void***)’:
/Users/Ingwie/Work/drag0n-php/ext/wxwidgets/src/winlayout.cpp:7976: warning: ‘SetVirtualSizeHints’ is deprecated (declared at /usr/local/include/wx-2.9/wx/sizer.h:655)
/Users/Ingwie/Work/drag0n-php/ext/wxwidgets/src/winlayout.cpp: In function ‘void zim_php_wxSizerItem_SetWindow(int, zval*, zval**, zval*, int, void***)’:
/Users/Ingwie/Work/drag0n-php/ext/wxwidgets/src/winlayout.cpp:18639: warning: ‘SetWindow’ is deprecated (declared at /usr/local/include/wx-2.9/wx/sizer.h:1098)
/Users/Ingwie/Work/drag0n-php/ext/wxwidgets/src/winlayout.cpp: In function ‘void zim_php_wxSizerItem_SetSpacer(int, zval*, zval**, zval*, int, void***)’:
/Users/Ingwie/Work/drag0n-php/ext/wxwidgets/src/winlayout.cpp:18994: warning: ‘SetSpacer’ is deprecated (declared at /usr/local/include/wx-2.9/wx/sizer.h:1108)
/Users/Ingwie/Work/drag0n-php/ext/wxwidgets/src/winlayout.cpp: In function ‘void zim_php_wxSizerItem_SetSizer(int, zval*, zval**, zval*, int, void***)’:
/Users/Ingwie/Work/drag0n-php/ext/wxwidgets/src/winlayout.cpp:19119: warning: ‘SetSizer’ is deprecated (declared at /usr/local/include/wx-2.9/wx/sizer.h:1103)
/bin/sh /Users/Ingwie/Work/drag0n-php/libtool --silent --preserve-dup-deps --mode=compile g++  -Iext/wxwidgets/ -I/Users/Ingwie/Work/drag0n-php/ext/wxwidgets/ -DPHP_ATOM_INC -I/Users/Ingwie/Work/drag0n-php/include -I/Users/Ingwie/Work/drag0n-php/main -I/Users/Ingwie/Work/drag0n-php -I/Users/Ingwie/Work/drag0n-php/ext/date/lib -I/Users/Ingwie/Work/drag0n-php/ext/ereg/regex -I/usr/include/libxml2 -I/usr/local/include -I/Users/Ingwie/Work/drag0n-php/ext/mbstring/oniguruma -I/Users/Ingwie/Work/drag0n-php/ext/mbstring/libmbfl -I/Users/Ingwie/Work/drag0n-php/ext/mbstring/libmbfl/mbfl -I/Users/Ingwie/Work/drag0n-php/ext/sqlite3/libsqlite -I/Users/Ingwie/Work/drag0n-php/ext/pthreads -I/usr/include/tidy -I/Users/Ingwie/Work/drag0n-php/ext/tokenizer/includes -I/usr/local/lib/wx/include/osx_cocoa-unicode-2.9 -I/usr/local/include/wx-2.9 -I/Users/Ingwie/Work/drag0n-php/TSRM -I/Users/Ingwie/Work/drag0n-php/Zend  -no-cpp-precomp  -g -O2 -I/Users/Ingwie/Work/drag0n-php/ext/tokenizer/includes -I/usr/local/lib/wx/include/osx_cocoa-unicode-2.9 -I/usr/local/include/wx-2.9 -D_FILE_OFFSET_BITS=64 -DWXUSINGDLL -D__WXMAC__ -D__WXOSX__ -D__WXOSX_COCOA__  -c /Users/Ingwie/Work/drag0n-php/ext/wxwidgets/src/xml.cpp -o ext/wxwidgets/src/xml.lo 
/bin/sh /Users/Ingwie/Work/drag0n-php/libtool --silent --preserve-dup-deps --mode=compile g++  -Iext/wxwidgets/ -I/Users/Ingwie/Work/drag0n-php/ext/wxwidgets/ -DPHP_ATOM_INC -I/Users/Ingwie/Work/drag0n-php/include -I/Users/Ingwie/Work/drag0n-php/main -I/Users/Ingwie/Work/drag0n-php -I/Users/Ingwie/Work/drag0n-php/ext/date/lib -I/Users/Ingwie/Work/drag0n-php/ext/ereg/regex -I/usr/include/libxml2 -I/usr/local/include -I/Users/Ingwie/Work/drag0n-php/ext/mbstring/oniguruma -I/Users/Ingwie/Work/drag0n-php/ext/mbstring/libmbfl -I/Users/Ingwie/Work/drag0n-php/ext/mbstring/libmbfl/mbfl -I/Users/Ingwie/Work/drag0n-php/ext/sqlite3/libsqlite -I/Users/Ingwie/Work/drag0n-php/ext/pthreads -I/usr/include/tidy -I/Users/Ingwie/Work/drag0n-php/ext/tokenizer/includes -I/usr/local/lib/wx/include/osx_cocoa-unicode-2.9 -I/usr/local/include/wx-2.9 -I/Users/Ingwie/Work/drag0n-php/TSRM -I/Users/Ingwie/Work/drag0n-php/Zend  -no-cpp-precomp  -g -O2 -I/Users/Ingwie/Work/drag0n-php/ext/tokenizer/includes -I/usr/local/lib/wx/include/osx_cocoa-unicode-2.9 -I/usr/local/include/wx-2.9 -D_FILE_OFFSET_BITS=64 -DWXUSINGDLL -D__WXMAC__ -D__WXOSX__ -D__WXOSX_COCOA__  -c /Users/Ingwie/Work/drag0n-php/ext/wxwidgets/src/xrc.cpp -o ext/wxwidgets/src/xrc.lo 
/bin/sh /Users/Ingwie/Work/drag0n-php/libtool --silent --preserve-dup-deps --mode=compile g++  -Iext/wxwidgets/ -I/Users/Ingwie/Work/drag0n-php/ext/wxwidgets/ -DPHP_ATOM_INC -I/Users/Ingwie/Work/drag0n-php/include -I/Users/Ingwie/Work/drag0n-php/main -I/Users/Ingwie/Work/drag0n-php -I/Users/Ingwie/Work/drag0n-php/ext/date/lib -I/Users/Ingwie/Work/drag0n-php/ext/ereg/regex -I/usr/include/libxml2 -I/usr/local/include -I/Users/Ingwie/Work/drag0n-php/ext/mbstring/oniguruma -I/Users/Ingwie/Work/drag0n-php/ext/mbstring/libmbfl -I/Users/Ingwie/Work/drag0n-php/ext/mbstring/libmbfl/mbfl -I/Users/Ingwie/Work/drag0n-php/ext/sqlite3/libsqlite -I/Users/Ingwie/Work/drag0n-php/ext/pthreads -I/usr/include/tidy -I/Users/Ingwie/Work/drag0n-php/ext/tokenizer/includes -I/usr/local/lib/wx/include/osx_cocoa-unicode-2.9 -I/usr/local/include/wx-2.9 -I/Users/Ingwie/Work/drag0n-php/TSRM -I/Users/Ingwie/Work/drag0n-php/Zend  -no-cpp-precomp  -g -O2 -I/Users/Ingwie/Work/drag0n-php/ext/tokenizer/includes -I/usr/local/lib/wx/include/osx_cocoa-unicode-2.9 -I/usr/local/include/wx-2.9 -D_FILE_OFFSET_BITS=64 -DWXUSINGDLL -D__WXMAC__ -D__WXOSX__ -D__WXOSX_COCOA__  -c /Users/Ingwie/Work/drag0n-php/ext/wxwidgets/src/dvc.cpp -o ext/wxwidgets/src/dvc.lo 
/bin/sh /Users/Ingwie/Work/drag0n-php/libtool --silent --preserve-dup-deps --mode=compile g++  -Iext/wxwidgets/ -I/Users/Ingwie/Work/drag0n-php/ext/wxwidgets/ -DPHP_ATOM_INC -I/Users/Ingwie/Work/drag0n-php/include -I/Users/Ingwie/Work/drag0n-php/main -I/Users/Ingwie/Work/drag0n-php -I/Users/Ingwie/Work/drag0n-php/ext/date/lib -I/Users/Ingwie/Work/drag0n-php/ext/ereg/regex -I/usr/include/libxml2 -I/usr/local/include -I/Users/Ingwie/Work/drag0n-php/ext/mbstring/oniguruma -I/Users/Ingwie/Work/drag0n-php/ext/mbstring/libmbfl -I/Users/Ingwie/Work/drag0n-php/ext/mbstring/libmbfl/mbfl -I/Users/Ingwie/Work/drag0n-php/ext/sqlite3/libsqlite -I/Users/Ingwie/Work/drag0n-php/ext/pthreads -I/usr/include/tidy -I/Users/Ingwie/Work/drag0n-php/ext/tokenizer/includes -I/usr/local/lib/wx/include/osx_cocoa-unicode-2.9 -I/usr/local/include/wx-2.9 -I/Users/Ingwie/Work/drag0n-php/TSRM -I/Users/Ingwie/Work/drag0n-php/Zend  -no-cpp-precomp  -g -O2 -I/Users/Ingwie/Work/drag0n-php/ext/tokenizer/includes -I/usr/local/lib/wx/include/osx_cocoa-unicode-2.9 -I/usr/local/include/wx-2.9 -D_FILE_OFFSET_BITS=64 -DWXUSINGDLL -D__WXMAC__ -D__WXOSX__ -D__WXOSX_COCOA__  -c /Users/Ingwie/Work/drag0n-php/ext/wxwidgets/src/others.cpp -o ext/wxwidgets/src/others.lo 
/bin/sh /Users/Ingwie/Work/drag0n-php/libtool --silent --preserve-dup-deps --mode=compile g++  -Iext/wxwidgets/ -I/Users/Ingwie/Work/drag0n-php/ext/wxwidgets/ -DPHP_ATOM_INC -I/Users/Ingwie/Work/drag0n-php/include -I/Users/Ingwie/Work/drag0n-php/main -I/Users/Ingwie/Work/drag0n-php -I/Users/Ingwie/Work/drag0n-php/ext/date/lib -I/Users/Ingwie/Work/drag0n-php/ext/ereg/regex -I/usr/include/libxml2 -I/usr/local/include -I/Users/Ingwie/Work/drag0n-php/ext/mbstring/oniguruma -I/Users/Ingwie/Work/drag0n-php/ext/mbstring/libmbfl -I/Users/Ingwie/Work/drag0n-php/ext/mbstring/libmbfl/mbfl -I/Users/Ingwie/Work/drag0n-php/ext/sqlite3/libsqlite -I/Users/Ingwie/Work/drag0n-php/ext/pthreads -I/usr/include/tidy -I/Users/Ingwie/Work/drag0n-php/ext/tokenizer/includes -I/usr/local/lib/wx/include/osx_cocoa-unicode-2.9 -I/usr/local/include/wx-2.9 -I/Users/Ingwie/Work/drag0n-php/TSRM -I/Users/Ingwie/Work/drag0n-php/Zend  -no-cpp-precomp  -g -O2 -I/Users/Ingwie/Work/drag0n-php/ext/tokenizer/includes -I/usr/local/lib/wx/include/osx_cocoa-unicode-2.9 -I/usr/local/include/wx-2.9 -D_FILE_OFFSET_BITS=64 -DWXUSINGDLL -D__WXMAC__ -D__WXOSX__ -D__WXOSX_COCOA__  -c /Users/Ingwie/Work/drag0n-php/ext/wxwidgets/src/functions.cpp -o ext/wxwidgets/src/functions.lo 
/Users/Ingwie/Work/drag0n-php/ext/wxwidgets/src/functions.cpp: In function ‘void zif_php_wxSplitPath(int, zval*, zval**, zval*, int, void***)’:
/Users/Ingwie/Work/drag0n-php/ext/wxwidgets/src/functions.cpp:5626: warning: ‘wxSplitPath’ is deprecated (declared at /usr/local/include/wx-2.9/wx/filefn.h:736)
/Users/Ingwie/Work/drag0n-php/ext/wxwidgets/src/functions.cpp: In function ‘void zif_php_wxUsleep(int, zval*, zval**, zval*, int, void***)’:
/Users/Ingwie/Work/drag0n-php/ext/wxwidgets/src/functions.cpp:12831: warning: ‘wxUsleep’ is deprecated (declared at /usr/local/include/wx-2.9/wx/utils.h:492)
/Users/Ingwie/Work/drag0n-php/ext/wxwidgets/src/functions.cpp:12831: warning: ‘wxUsleep’ is deprecated (declared at /usr/local/include/wx-2.9/wx/utils.h:492)
/bin/sh /Users/Ingwie/Work/drag0n-php/libtool --silent --preserve-dup-deps --mode=compile g++  -Iext/wxwidgets/ -I/Users/Ingwie/Work/drag0n-php/ext/wxwidgets/ -DPHP_ATOM_INC -I/Users/Ingwie/Work/drag0n-php/include -I/Users/Ingwie/Work/drag0n-php/main -I/Users/Ingwie/Work/drag0n-php -I/Users/Ingwie/Work/drag0n-php/ext/date/lib -I/Users/Ingwie/Work/drag0n-php/ext/ereg/regex -I/usr/include/libxml2 -I/usr/local/include -I/Users/Ingwie/Work/drag0n-php/ext/mbstring/oniguruma -I/Users/Ingwie/Work/drag0n-php/ext/mbstring/libmbfl -I/Users/Ingwie/Work/drag0n-php/ext/mbstring/libmbfl/mbfl -I/Users/Ingwie/Work/drag0n-php/ext/sqlite3/libsqlite -I/Users/Ingwie/Work/drag0n-php/ext/pthreads -I/usr/include/tidy -I/Users/Ingwie/Work/drag0n-php/ext/tokenizer/includes -I/usr/local/lib/wx/include/osx_cocoa-unicode-2.9 -I/usr/local/include/wx-2.9 -I/Users/Ingwie/Work/drag0n-php/TSRM -I/Users/Ingwie/Work/drag0n-php/Zend  -no-cpp-precomp  -g -O2 -I/Users/Ingwie/Work/drag0n-php/ext/tokenizer/includes -I/usr/local/lib/wx/include/osx_cocoa-unicode-2.9 -I/usr/local/include/wx-2.9 -D_FILE_OFFSET_BITS=64 -DWXUSINGDLL -D__WXMAC__ -D__WXOSX__ -D__WXOSX_COCOA__  -c /Users/Ingwie/Work/drag0n-php/ext/wxwidgets/wxwidgets.cpp -o ext/wxwidgets/wxwidgets.lo 
/bin/sh /Users/Ingwie/Work/drag0n-php/libtool --silent --preserve-dup-deps --mode=compile cc  -Iext/xml/ -I/Users/Ingwie/Work/drag0n-php/ext/xml/ -DPHP_ATOM_INC -I/Users/Ingwie/Work/drag0n-php/include -I/Users/Ingwie/Work/drag0n-php/main -I/Users/Ingwie/Work/drag0n-php -I/Users/Ingwie/Work/drag0n-php/ext/date/lib -I/Users/Ingwie/Work/drag0n-php/ext/ereg/regex -I/usr/include/libxml2 -I/usr/local/include -I/Users/Ingwie/Work/drag0n-php/ext/mbstring/oniguruma -I/Users/Ingwie/Work/drag0n-php/ext/mbstring/libmbfl -I/Users/Ingwie/Work/drag0n-php/ext/mbstring/libmbfl/mbfl -I/Users/Ingwie/Work/drag0n-php/ext/sqlite3/libsqlite -I/Users/Ingwie/Work/drag0n-php/ext/pthreads -I/usr/include/tidy -I/Users/Ingwie/Work/drag0n-php/ext/tokenizer/includes -I/usr/local/lib/wx/include/osx_cocoa-unicode-2.9 -I/usr/local/include/wx-2.9 -I/Users/Ingwie/Work/drag0n-php/TSRM -I/Users/Ingwie/Work/drag0n-php/Zend  -no-cpp-precomp  -I/usr/include -g -O2 -fvisibility=hidden -DZTS  -c /Users/Ingwie/Work/drag0n-php/ext/xml/xml.c -o ext/xml/xml.lo 
/Users/Ingwie/Work/drag0n-php/ext/xml/xml.c:277:4: warning: initializing 'XML_Char *' (aka 'unsigned char *') with an expression of type 'char [11]' converts between pointers to integer types with different sign [-Wpointer-sign]
        { "ISO-8859-1", xml_decode_iso_8859_1, xml_encode_iso_8859_1 },
          ^~~~~~~~~~~~
/Users/Ingwie/Work/drag0n-php/ext/xml/xml.c:278:4: warning: initializing 'XML_Char *' (aka 'unsigned char *') with an expression of type 'char [9]' converts between pointers to integer types with different sign [-Wpointer-sign]
        { "US-ASCII",   xml_decode_us_ascii,   xml_encode_us_ascii   },
          ^~~~~~~~~~
/Users/Ingwie/Work/drag0n-php/ext/xml/xml.c:279:4: warning: initializing 'XML_Char *' (aka 'unsigned char *') with an expression of type 'char [6]' converts between pointers to integer types with different sign [-Wpointer-sign]
        { "UTF-8",      NULL,                  NULL                  },
          ^~~~~~~
/Users/Ingwie/Work/drag0n-php/ext/xml/xml.c:293:32: warning: assigning to 'XML_Char *' (aka 'unsigned char *') from 'char [6]' converts between pointers to integer types with different sign [-Wpointer-sign]
        xml_globals->default_encoding = "UTF-8";
                                      ^ ~~~~~~~
/Users/Ingwie/Work/drag0n-php/ext/xml/xml.c:600:18: warning: passing 'const XML_Char *' (aka 'const unsigned char *') to parameter of type 'const char *' converts between pointers to integer types with different sign [-Wpointer-sign]
                if (strcasecmp(name, enc->name) == 0) {
                               ^~~~
/usr/include/strings.h:82:29: note: passing argument to parameter here
int      strcasecmp(const char *, const char *);
                                ^
/Users/Ingwie/Work/drag0n-php/ext/xml/xml.c:600:24: warning: passing 'XML_Char *' (aka 'unsigned char *') to parameter of type 'const char *' converts between pointers to integer types with different sign [-Wpointer-sign]
                if (strcasecmp(name, enc->name) == 0) {
                                     ^~~~~~~~~
/usr/include/strings.h:82:43: note: passing argument to parameter here
int      strcasecmp(const char *, const char *);
                                              ^
/Users/Ingwie/Work/drag0n-php/ext/xml/xml.c:760:27: warning: passing 'const char *' to parameter of type 'const XML_Char *' (aka 'const unsigned char *') converts between pointers to integer types with different sign [-Wpointer-sign]
        newstr = xml_utf8_decode(tag, strlen(tag), &out_len, parser->target_encoding);
                                 ^~~
/Users/Ingwie/Work/drag0n-php/ext/xml/xml.c:664:46: note: passing argument to parameter 's' here
PHPAPI char *xml_utf8_decode(const XML_Char *s, int len, int *newlen, const XML_Char *encoding)
                                             ^
/Users/Ingwie/Work/drag0n-php/ext/xml/xml.c:783:38: warning: passing 'const XML_Char *' (aka 'const unsigned char *') to parameter of type 'const char *' converts between pointers to integer types with different sign [-Wpointer-sign]
                tag_name = _xml_decode_tag(parser, name);
                                                   ^~~~
/Users/Ingwie/Work/drag0n-php/ext/xml/xml.c:755:62: note: passing argument to parameter 'tag' here
static char *_xml_decode_tag(xml_parser *parser, const char *tag)
                                                             ^
/Users/Ingwie/Work/drag0n-php/ext/xml/xml.c:792:35: warning: passing 'const XML_Char *' (aka 'const unsigned char *') to parameter of type 'const char *' converts between pointers to integer types with different sign [-Wpointer-sign]
                                att = _xml_decode_tag(parser, attributes[0]);
                                                              ^~~~~~~~~~~~~
/Users/Ingwie/Work/drag0n-php/ext/xml/xml.c:755:62: note: passing argument to parameter 'tag' here
static char *_xml_decode_tag(xml_parser *parser, const char *tag)
                                                             ^
/Users/Ingwie/Work/drag0n-php/ext/xml/xml.c:793:49: warning: passing 'const XML_Char *' (aka 'const unsigned char *') to parameter of type 'const char *' converts between pointers to integer types with different sign [-Wpointer-sign]
                                val = xml_utf8_decode(attributes[1], strlen(attributes[1]), &val_len, parser->target_encoding);
                                                                            ^~~~~~~~~~~~~
/usr/include/string.h:92:28: note: passing argument to parameter here
size_t   strlen(const char *);
                            ^
/Users/Ingwie/Work/drag0n-php/ext/xml/xml.c:830:36: warning: passing 'const XML_Char *' (aka 'const unsigned char *') to parameter of type 'const char *' converts between pointers to integer types with different sign [-Wpointer-sign]
                                        att = _xml_decode_tag(parser, attributes[0]);
                                                                      ^~~~~~~~~~~~~
/Users/Ingwie/Work/drag0n-php/ext/xml/xml.c:755:62: note: passing argument to parameter 'tag' here
static char *_xml_decode_tag(xml_parser *parser, const char *tag)
                                                             ^
/Users/Ingwie/Work/drag0n-php/ext/xml/xml.c:831:50: warning: passing 'const XML_Char *' (aka 'const unsigned char *') to parameter of type 'const char *' converts between pointers to integer types with different sign [-Wpointer-sign]
                                        val = xml_utf8_decode(attributes[1], strlen(attributes[1]), &val_len, parser->target_encoding);
                                                                                    ^~~~~~~~~~~~~
/usr/include/string.h:92:28: note: passing argument to parameter here
size_t   strlen(const char *);
                            ^
/Users/Ingwie/Work/drag0n-php/ext/xml/xml.c:868:38: warning: passing 'const XML_Char *' (aka 'const unsigned char *') to parameter of type 'const char *' converts between pointers to integer types with different sign [-Wpointer-sign]
                tag_name = _xml_decode_tag(parser, name);
                                                   ^~~~
/Users/Ingwie/Work/drag0n-php/ext/xml/xml.c:755:62: note: passing argument to parameter 'tag' here
static char *_xml_decode_tag(xml_parser *parser, const char *tag)
                                                             ^
/Users/Ingwie/Work/drag0n-php/ext/xml/xml.c:1190:13: warning: assigning to 'XML_Char *' (aka 'unsigned char *') from 'char [11]' converts between pointers to integer types with different sign [-Wpointer-sign]
                        encoding = "ISO-8859-1";
                                 ^ ~~~~~~~~~~~~
/Users/Ingwie/Work/drag0n-php/ext/xml/xml.c:1192:13: warning: assigning to 'XML_Char *' (aka 'unsigned char *') from 'char [6]' converts between pointers to integer types with different sign [-Wpointer-sign]
                        encoding = "UTF-8";
                                 ^ ~~~~~~~
/Users/Ingwie/Work/drag0n-php/ext/xml/xml.c:1194:13: warning: assigning to 'XML_Char *' (aka 'unsigned char *') from 'char [9]' converts between pointers to integer types with different sign [-Wpointer-sign]
                        encoding = "US-ASCII";
                                 ^ ~~~~~~~~~~
/Users/Ingwie/Work/drag0n-php/ext/xml/xml.c:1209:62: warning: passing 'char *' to parameter of type 'const XML_Char *' (aka 'const unsigned char *') converts between pointers to integer types with different sign [-Wpointer-sign]
                                         &php_xml_mem_hdlrs, ns_param);
                                                             ^~~~~~~~
/Users/Ingwie/Work/drag0n-php/ext/xml/expat_compat.h:123:108: note: passing argument to parameter here
PHPAPI XML_Parser XML_ParserCreate_MM(const XML_Char *, const XML_Memory_Handling_Suite *, const XML_Char *);
                                                                                                           ^
/Users/Ingwie/Work/drag0n-php/ext/xml/xml.c:1454:34: warning: passing 'char *' to parameter of type 'const XML_Char *' (aka 'const unsigned char *') converts between pointers to integer types with different sign [-Wpointer-sign]
        ret = XML_Parse(parser->parser, data, data_len, isFinal);
                                        ^~~~
/Users/Ingwie/Work/drag0n-php/ext/xml/expat_compat.h:135:51: note: passing argument to parameter here
PHPAPI int  XML_Parse(XML_Parser, const XML_Char *, int data_len, int is_final);
                                                  ^
/Users/Ingwie/Work/drag0n-php/ext/xml/xml.c:1499:34: warning: passing 'char *' to parameter of type 'const XML_Char *' (aka 'const unsigned char *') converts between pointers to integer types with different sign [-Wpointer-sign]
        ret = XML_Parse(parser->parser, data, data_len, 1);
                                        ^~~~
/Users/Ingwie/Work/drag0n-php/ext/xml/expat_compat.h:135:51: note: passing argument to parameter here
PHPAPI int  XML_Parse(XML_Parser, const XML_Char *, int data_len, int is_final);
                                                  ^
/Users/Ingwie/Work/drag0n-php/ext/xml/xml.c:1643:27: warning: passing 'char *' to parameter of type 'const XML_Char *' (aka 'const unsigned char *') converts between pointers to integer types with different sign [-Wpointer-sign]
                        enc = xml_get_encoding(Z_STRVAL_PP(val));
                                               ^~~~~~~~~~~~~~~~
/Users/Ingwie/Work/drag0n-php/Zend/zend_operators.h:473:30: note: expanded from macro 'Z_STRVAL_PP'
#define Z_STRVAL_PP(zval_pp)    Z_STRVAL(**zval_pp)
                                ^~~~~~~~~~~~~~~~~~~
/Users/Ingwie/Work/drag0n-php/Zend/zend_operators.h:443:26: note: expanded from macro 'Z_STRVAL'
#define Z_STRVAL(zval)                  (zval).value.str.val
                                        ^~~~~~~~~~~~~~~~~~~~
/Users/Ingwie/Work/drag0n-php/ext/xml/xml.c:595:55: note: passing argument to parameter 'name' here
static xml_encoding *xml_get_encoding(const XML_Char *name)
                                                      ^
/Users/Ingwie/Work/drag0n-php/ext/xml/xml.c:1678:4: warning: initializing 'const char *' with an expression of type 'XML_Char *' (aka 'unsigned char *') converts between pointers to integer types with different sign [-Wpointer-sign]
                        RETURN_STRING(parser->target_encoding, 1);
                        ^~~~~~~~~~~~~~~~~~~~~~~~~~~~~~~~~~~~~~~~~
/Users/Ingwie/Work/drag0n-php/Zend/zend_API.h:634:40: note: expanded from macro 'RETURN_STRING'
#define RETURN_STRING(s, duplicate)     { RETVAL_STRING(s, duplicate); return; }
                                          ^~~~~~~~~~~~~~~~~~~~~~~~~~~
/Users/Ingwie/Work/drag0n-php/Zend/zend_API.h:622:39: note: expanded from macro 'RETVAL_STRING'
#define RETVAL_STRING(s, duplicate)             ZVAL_STRING(return_value, s, duplicate)
                                                ^~~~~~~~~~~~~~~~~~~~~~~~~~~~~~~~~~~~~~~
/Users/Ingwie/Work/drag0n-php/Zend/zend_API.h:575:15: note: expanded from macro 'ZVAL_STRING'
                const char *__s=(s);                            \
                            ^   ~~~
/Users/Ingwie/Work/drag0n-php/ext/xml/xml.c:1702:48: warning: passing 'char [11]' to parameter of type 'const XML_Char *' (aka 'const unsigned char *') converts between pointers to integer types with different sign [-Wpointer-sign]
        encoded = xml_utf8_encode(arg, arg_len, &len, "ISO-8859-1");
                                                      ^~~~~~~~~~~~
/Users/Ingwie/Work/drag0n-php/ext/xml/xml.c:610:83: note: passing argument to parameter 'encoding' here
PHPAPI char *xml_utf8_encode(const char *s, int len, int *newlen, const XML_Char *encoding)
                                                                                  ^
/Users/Ingwie/Work/drag0n-php/ext/xml/xml.c:1702:10: warning: assigning to 'XML_Char *' (aka 'unsigned char *') from 'char *' converts between pointers to integer types with different sign [-Wpointer-sign]
        encoded = xml_utf8_encode(arg, arg_len, &len, "ISO-8859-1");
                ^ ~~~~~~~~~~~~~~~~~~~~~~~~~~~~~~~~~~~~~~~~~~~~~~~~~
/Users/Ingwie/Work/drag0n-php/ext/xml/xml.c:1706:2: warning: initializing 'const char *' with an expression of type 'XML_Char *' (aka 'unsigned char *') converts between pointers to integer types with different sign [-Wpointer-sign]
        RETVAL_STRINGL(encoded, len, 0);
        ^~~~~~~~~~~~~~~~~~~~~~~~~~~~~~~
/Users/Ingwie/Work/drag0n-php/Zend/zend_API.h:623:42: note: expanded from macro 'RETVAL_STRINGL'
#define RETVAL_STRINGL(s, l, duplicate)         ZVAL_STRINGL(return_value, s, l, duplicate)
                                                ^~~~~~~~~~~~~~~~~~~~~~~~~~~~~~~~~~~~~~~~~~~
/Users/Ingwie/Work/drag0n-php/Zend/zend_API.h:583:15: note: expanded from macro 'ZVAL_STRINGL'
                const char *__s=(s); int __l=l;                 \
                            ^   ~~~
/Users/Ingwie/Work/drag0n-php/ext/xml/xml.c:1722:28: warning: passing 'char *' to parameter of type 'const XML_Char *' (aka 'const unsigned char *') converts between pointers to integer types with different sign [-Wpointer-sign]
        decoded = xml_utf8_decode(arg, arg_len, &len, "ISO-8859-1");
                                  ^~~
/Users/Ingwie/Work/drag0n-php/ext/xml/xml.c:664:46: note: passing argument to parameter 's' here
PHPAPI char *xml_utf8_decode(const XML_Char *s, int len, int *newlen, const XML_Char *encoding)
                                             ^
/Users/Ingwie/Work/drag0n-php/ext/xml/xml.c:1722:48: warning: passing 'char [11]' to parameter of type 'const XML_Char *' (aka 'const unsigned char *') converts between pointers to integer types with different sign [-Wpointer-sign]
        decoded = xml_utf8_decode(arg, arg_len, &len, "ISO-8859-1");
                                                      ^~~~~~~~~~~~
/Users/Ingwie/Work/drag0n-php/ext/xml/xml.c:664:87: note: passing argument to parameter 'encoding' here
PHPAPI char *xml_utf8_decode(const XML_Char *s, int len, int *newlen, const XML_Char *encoding)
                                                                                      ^
/Users/Ingwie/Work/drag0n-php/ext/xml/xml.c:1722:10: warning: assigning to 'XML_Char *' (aka 'unsigned char *') from 'char *' converts between pointers to integer types with different sign [-Wpointer-sign]
        decoded = xml_utf8_decode(arg, arg_len, &len, "ISO-8859-1");
                ^ ~~~~~~~~~~~~~~~~~~~~~~~~~~~~~~~~~~~~~~~~~~~~~~~~~
/Users/Ingwie/Work/drag0n-php/ext/xml/xml.c:1726:2: warning: initializing 'const char *' with an expression of type 'XML_Char *' (aka 'unsigned char *') converts between pointers to integer types with different sign [-Wpointer-sign]
        RETVAL_STRINGL(decoded, len, 0);
        ^~~~~~~~~~~~~~~~~~~~~~~~~~~~~~~
/Users/Ingwie/Work/drag0n-php/Zend/zend_API.h:623:42: note: expanded from macro 'RETVAL_STRINGL'
#define RETVAL_STRINGL(s, l, duplicate)         ZVAL_STRINGL(return_value, s, l, duplicate)
                                                ^~~~~~~~~~~~~~~~~~~~~~~~~~~~~~~~~~~~~~~~~~~
/Users/Ingwie/Work/drag0n-php/Zend/zend_API.h:583:15: note: expanded from macro 'ZVAL_STRINGL'
                const char *__s=(s); int __l=l;                 \
                            ^   ~~~
28 warnings generated.
/bin/sh /Users/Ingwie/Work/drag0n-php/libtool --silent --preserve-dup-deps --mode=compile cc  -Iext/xml/ -I/Users/Ingwie/Work/drag0n-php/ext/xml/ -DPHP_ATOM_INC -I/Users/Ingwie/Work/drag0n-php/include -I/Users/Ingwie/Work/drag0n-php/main -I/Users/Ingwie/Work/drag0n-php -I/Users/Ingwie/Work/drag0n-php/ext/date/lib -I/Users/Ingwie/Work/drag0n-php/ext/ereg/regex -I/usr/include/libxml2 -I/usr/local/include -I/Users/Ingwie/Work/drag0n-php/ext/mbstring/oniguruma -I/Users/Ingwie/Work/drag0n-php/ext/mbstring/libmbfl -I/Users/Ingwie/Work/drag0n-php/ext/mbstring/libmbfl/mbfl -I/Users/Ingwie/Work/drag0n-php/ext/sqlite3/libsqlite -I/Users/Ingwie/Work/drag0n-php/ext/pthreads -I/usr/include/tidy -I/Users/Ingwie/Work/drag0n-php/ext/tokenizer/includes -I/usr/local/lib/wx/include/osx_cocoa-unicode-2.9 -I/usr/local/include/wx-2.9 -I/Users/Ingwie/Work/drag0n-php/TSRM -I/Users/Ingwie/Work/drag0n-php/Zend  -no-cpp-precomp  -I/usr/include -g -O2 -fvisibility=hidden -DZTS  -c /Users/Ingwie/Work/drag0n-php/ext/xml/compat.c -o ext/xml/compat.lo 
/Users/Ingwie/Work/drag0n-php/ext/xml/compat.c:371:47: warning: passing 'char [1]' to parameter of type 'const XML_Char *' (aka 'const unsigned char *') converts between pointers to integer types with different sign [-Wpointer-sign]
        parser->h_external_entity_ref(parser, names, "", sys_id, pub_id);
                                                     ^~
/Users/Ingwie/Work/drag0n-php/ext/xml/compat.c:605:40: warning: passing 'const XML_Char *' (aka 'const unsigned char *') to parameter of type 'const char *' converts between pointers to integer types with different sign [-Wpointer-sign]
        error = xmlParseChunk(parser->parser, data, data_len, is_final);
                                              ^~~~
/usr/include/libxml2/libxml/parser.h:1019:19: note: passing argument to parameter 'chunk' here
                                         const char *chunk,
                                                     ^
/Users/Ingwie/Work/drag0n-php/ext/xml/compat.c:622:2: warning: initializing 'const XML_Char *const' (aka 'const unsigned char *const') with an expression of type 'char [9]' converts between pointers to integer types with different sign [-Wpointer-sign]
        "No error",
        ^~~~~~~~~~
/Users/Ingwie/Work/drag0n-php/ext/xml/compat.c:623:2: warning: initializing 'const XML_Char *const' (aka 'const unsigned char *const') with an expression of type 'char [10]' converts between pointers to integer types with different sign [-Wpointer-sign]
        "No memory",
        ^~~~~~~~~~~
/Users/Ingwie/Work/drag0n-php/ext/xml/compat.c:624:2: warning: initializing 'const XML_Char *const' (aka 'const unsigned char *const') with an expression of type 'char [23]' converts between pointers to integer types with different sign [-Wpointer-sign]
        "Invalid document start",
        ^~~~~~~~~~~~~~~~~~~~~~~~
/Users/Ingwie/Work/drag0n-php/ext/xml/compat.c:625:2: warning: initializing 'const XML_Char *const' (aka 'const unsigned char *const') with an expression of type 'char [15]' converts between pointers to integer types with different sign [-Wpointer-sign]
        "Empty document",
        ^~~~~~~~~~~~~~~~
/Users/Ingwie/Work/drag0n-php/ext/xml/compat.c:626:2: warning: initializing 'const XML_Char *const' (aka 'const unsigned char *const') with an expression of type 'char [32]' converts between pointers to integer types with different sign [-Wpointer-sign]
        "Not well-formed (invalid token)",
        ^~~~~~~~~~~~~~~~~~~~~~~~~~~~~~~~~
/Users/Ingwie/Work/drag0n-php/ext/xml/compat.c:627:2: warning: initializing 'const XML_Char *const' (aka 'const unsigned char *const') with an expression of type 'char [21]' converts between pointers to integer types with different sign [-Wpointer-sign]
        "Invalid document end",
        ^~~~~~~~~~~~~~~~~~~~~~
/Users/Ingwie/Work/drag0n-php/ext/xml/compat.c:628:2: warning: initializing 'const XML_Char *const' (aka 'const unsigned char *const') with an expression of type 'char [40]' converts between pointers to integer types with different sign [-Wpointer-sign]
        "Invalid hexadecimal character reference",
        ^~~~~~~~~~~~~~~~~~~~~~~~~~~~~~~~~~~~~~~~~
/Users/Ingwie/Work/drag0n-php/ext/xml/compat.c:629:2: warning: initializing 'const XML_Char *const' (aka 'const unsigned char *const') with an expression of type 'char [36]' converts between pointers to integer types with different sign [-Wpointer-sign]
        "Invalid decimal character reference",
        ^~~~~~~~~~~~~~~~~~~~~~~~~~~~~~~~~~~~~
/Users/Ingwie/Work/drag0n-php/ext/xml/compat.c:630:2: warning: initializing 'const XML_Char *const' (aka 'const unsigned char *const') with an expression of type 'char [28]' converts between pointers to integer types with different sign [-Wpointer-sign]
        "Invalid character reference",
        ^~~~~~~~~~~~~~~~~~~~~~~~~~~~~
/Users/Ingwie/Work/drag0n-php/ext/xml/compat.c:631:2: warning: initializing 'const XML_Char *const' (aka 'const unsigned char *const') with an expression of type 'char [18]' converts between pointers to integer types with different sign [-Wpointer-sign]
        "Invalid character",
        ^~~~~~~~~~~~~~~~~~~
/Users/Ingwie/Work/drag0n-php/ext/xml/compat.c:632:2: warning: initializing 'const XML_Char *const' (aka 'const unsigned char *const') with an expression of type 'char [23]' converts between pointers to integer types with different sign [-Wpointer-sign]
        "XML_ERR_CHARREF_AT_EOF",
        ^~~~~~~~~~~~~~~~~~~~~~~~
/Users/Ingwie/Work/drag0n-php/ext/xml/compat.c:633:2: warning: initializing 'const XML_Char *const' (aka 'const unsigned char *const') with an expression of type 'char [26]' converts between pointers to integer types with different sign [-Wpointer-sign]
        "XML_ERR_CHARREF_IN_PROLOG",
        ^~~~~~~~~~~~~~~~~~~~~~~~~~~
/Users/Ingwie/Work/drag0n-php/ext/xml/compat.c:634:2: warning: initializing 'const XML_Char *const' (aka 'const unsigned char *const') with an expression of type 'char [26]' converts between pointers to integer types with different sign [-Wpointer-sign]
        "XML_ERR_CHARREF_IN_EPILOG",
        ^~~~~~~~~~~~~~~~~~~~~~~~~~~
/Users/Ingwie/Work/drag0n-php/ext/xml/compat.c:635:2: warning: initializing 'const XML_Char *const' (aka 'const unsigned char *const') with an expression of type 'char [23]' converts between pointers to integer types with different sign [-Wpointer-sign]
        "XML_ERR_CHARREF_IN_DTD",
        ^~~~~~~~~~~~~~~~~~~~~~~~
/Users/Ingwie/Work/drag0n-php/ext/xml/compat.c:636:2: warning: initializing 'const XML_Char *const' (aka 'const unsigned char *const') with an expression of type 'char [25]' converts between pointers to integer types with different sign [-Wpointer-sign]
        "XML_ERR_ENTITYREF_AT_EOF",
        ^~~~~~~~~~~~~~~~~~~~~~~~~~
/Users/Ingwie/Work/drag0n-php/ext/xml/compat.c:637:2: warning: initializing 'const XML_Char *const' (aka 'const unsigned char *const') with an expression of type 'char [28]' converts between pointers to integer types with different sign [-Wpointer-sign]
        "XML_ERR_ENTITYREF_IN_PROLOG",
        ^~~~~~~~~~~~~~~~~~~~~~~~~~~~~
/Users/Ingwie/Work/drag0n-php/ext/xml/compat.c:638:2: warning: initializing 'const XML_Char *const' (aka 'const unsigned char *const') with an expression of type 'char [28]' converts between pointers to integer types with different sign [-Wpointer-sign]
        "XML_ERR_ENTITYREF_IN_EPILOG",
        ^~~~~~~~~~~~~~~~~~~~~~~~~~~~~
/Users/Ingwie/Work/drag0n-php/ext/xml/compat.c:639:2: warning: initializing 'const XML_Char *const' (aka 'const unsigned char *const') with an expression of type 'char [25]' converts between pointers to integer types with different sign [-Wpointer-sign]
        "XML_ERR_ENTITYREF_IN_DTD",
        ^~~~~~~~~~~~~~~~~~~~~~~~~~
/Users/Ingwie/Work/drag0n-php/ext/xml/compat.c:640:2: warning: initializing 'const XML_Char *const' (aka 'const unsigned char *const') with an expression of type 'char [31]' converts between pointers to integer types with different sign [-Wpointer-sign]
        "PEReference at end of document",
        ^~~~~~~~~~~~~~~~~~~~~~~~~~~~~~~~
/Users/Ingwie/Work/drag0n-php/ext/xml/compat.c:641:2: warning: initializing 'const XML_Char *const' (aka 'const unsigned char *const') with an expression of type 'char [22]' converts between pointers to integer types with different sign [-Wpointer-sign]
        "PEReference in prolog",
        ^~~~~~~~~~~~~~~~~~~~~~~
/Users/Ingwie/Work/drag0n-php/ext/xml/compat.c:642:2: warning: initializing 'const XML_Char *const' (aka 'const unsigned char *const') with an expression of type 'char [22]' converts between pointers to integer types with different sign [-Wpointer-sign]
        "PEReference in epilog",
        ^~~~~~~~~~~~~~~~~~~~~~~
/Users/Ingwie/Work/drag0n-php/ext/xml/compat.c:643:2: warning: initializing 'const XML_Char *const' (aka 'const unsigned char *const') with an expression of type 'char [61]' converts between pointers to integer types with different sign [-Wpointer-sign]
        "PEReference: forbidden within markup decl in internal subset",
        ^~~~~~~~~~~~~~~~~~~~~~~~~~~~~~~~~~~~~~~~~~~~~~~~~~~~~~~~~~~~~~
/Users/Ingwie/Work/drag0n-php/ext/xml/compat.c:644:2: warning: initializing 'const XML_Char *const' (aka 'const unsigned char *const') with an expression of type 'char [26]' converts between pointers to integer types with different sign [-Wpointer-sign]
        "XML_ERR_ENTITYREF_NO_NAME",
        ^~~~~~~~~~~~~~~~~~~~~~~~~~~
/Users/Ingwie/Work/drag0n-php/ext/xml/compat.c:645:2: warning: initializing 'const XML_Char *const' (aka 'const unsigned char *const') with an expression of type 'char [25]' converts between pointers to integer types with different sign [-Wpointer-sign]
        "EntityRef: expecting ';'",
        ^~~~~~~~~~~~~~~~~~~~~~~~~~
/Users/Ingwie/Work/drag0n-php/ext/xml/compat.c:646:2: warning: initializing 'const XML_Char *const' (aka 'const unsigned char *const') with an expression of type 'char [21]' converts between pointers to integer types with different sign [-Wpointer-sign]
        "PEReference: no name",
        ^~~~~~~~~~~~~~~~~~~~~~
/Users/Ingwie/Work/drag0n-php/ext/xml/compat.c:647:2: warning: initializing 'const XML_Char *const' (aka 'const unsigned char *const') with an expression of type 'char [27]' converts between pointers to integer types with different sign [-Wpointer-sign]
        "PEReference: expecting ';'",
        ^~~~~~~~~~~~~~~~~~~~~~~~~~~~
/Users/Ingwie/Work/drag0n-php/ext/xml/compat.c:648:2: warning: initializing 'const XML_Char *const' (aka 'const unsigned char *const') with an expression of type 'char [24]' converts between pointers to integer types with different sign [-Wpointer-sign]
        "Undeclared entity error",
        ^~~~~~~~~~~~~~~~~~~~~~~~~
/Users/Ingwie/Work/drag0n-php/ext/xml/compat.c:649:2: warning: initializing 'const XML_Char *const' (aka 'const unsigned char *const') with an expression of type 'char [26]' converts between pointers to integer types with different sign [-Wpointer-sign]
        "Undeclared entity warning",
        ^~~~~~~~~~~~~~~~~~~~~~~~~~~
/Users/Ingwie/Work/drag0n-php/ext/xml/compat.c:650:2: warning: initializing 'const XML_Char *const' (aka 'const unsigned char *const') with an expression of type 'char [16]' converts between pointers to integer types with different sign [-Wpointer-sign]
        "Unparsed Entity",
        ^~~~~~~~~~~~~~~~~
/Users/Ingwie/Work/drag0n-php/ext/xml/compat.c:651:2: warning: initializing 'const XML_Char *const' (aka 'const unsigned char *const') with an expression of type 'char [27]' converts between pointers to integer types with different sign [-Wpointer-sign]
        "XML_ERR_ENTITY_IS_EXTERNAL",
        ^~~~~~~~~~~~~~~~~~~~~~~~~~~~
/Users/Ingwie/Work/drag0n-php/ext/xml/compat.c:652:2: warning: initializing 'const XML_Char *const' (aka 'const unsigned char *const') with an expression of type 'char [28]' converts between pointers to integer types with different sign [-Wpointer-sign]
        "XML_ERR_ENTITY_IS_PARAMETER",
        ^~~~~~~~~~~~~~~~~~~~~~~~~~~~~
/Users/Ingwie/Work/drag0n-php/ext/xml/compat.c:653:2: warning: initializing 'const XML_Char *const' (aka 'const unsigned char *const') with an expression of type 'char [17]' converts between pointers to integer types with different sign [-Wpointer-sign]
        "Unknown encoding",
        ^~~~~~~~~~~~~~~~~~
/Users/Ingwie/Work/drag0n-php/ext/xml/compat.c:654:2: warning: initializing 'const XML_Char *const' (aka 'const unsigned char *const') with an expression of type 'char [21]' converts between pointers to integer types with different sign [-Wpointer-sign]
        "Unsupported encoding",
        ^~~~~~~~~~~~~~~~~~~~~~
/Users/Ingwie/Work/drag0n-php/ext/xml/compat.c:655:2: warning: initializing 'const XML_Char *const' (aka 'const unsigned char *const') with an expression of type 'char [36]' converts between pointers to integer types with different sign [-Wpointer-sign]
        "String not started expecting ' or \"",
        ^~~~~~~~~~~~~~~~~~~~~~~~~~~~~~~~~~~~~~
/Users/Ingwie/Work/drag0n-php/ext/xml/compat.c:656:2: warning: initializing 'const XML_Char *const' (aka 'const unsigned char *const') with an expression of type 'char [35]' converts between pointers to integer types with different sign [-Wpointer-sign]
        "String not closed expecting \" or '",
        ^~~~~~~~~~~~~~~~~~~~~~~~~~~~~~~~~~~~~
/Users/Ingwie/Work/drag0n-php/ext/xml/compat.c:657:2: warning: initializing 'const XML_Char *const' (aka 'const unsigned char *const') with an expression of type 'char [28]' converts between pointers to integer types with different sign [-Wpointer-sign]
        "Namespace declaration error",
        ^~~~~~~~~~~~~~~~~~~~~~~~~~~~~
/Users/Ingwie/Work/drag0n-php/ext/xml/compat.c:658:2: warning: initializing 'const XML_Char *const' (aka 'const unsigned char *const') with an expression of type 'char [29]' converts between pointers to integer types with different sign [-Wpointer-sign]
        "EntityValue: \" or ' expected",
        ^~~~~~~~~~~~~~~~~~~~~~~~~~~~~~~
/Users/Ingwie/Work/drag0n-php/ext/xml/compat.c:659:2: warning: initializing 'const XML_Char *const' (aka 'const unsigned char *const') with an expression of type 'char [29]' converts between pointers to integer types with different sign [-Wpointer-sign]
        "EntityValue: \" or ' expected",
        ^~~~~~~~~~~~~~~~~~~~~~~~~~~~~~~
/Users/Ingwie/Work/drag0n-php/ext/xml/compat.c:660:2: warning: initializing 'const XML_Char *const' (aka 'const unsigned char *const') with an expression of type 'char [15]' converts between pointers to integer types with different sign [-Wpointer-sign]
        "< in attribute",
        ^~~~~~~~~~~~~~~~
/Users/Ingwie/Work/drag0n-php/ext/xml/compat.c:661:2: warning: initializing 'const XML_Char *const' (aka 'const unsigned char *const') with an expression of type 'char [22]' converts between pointers to integer types with different sign [-Wpointer-sign]
        "Attribute not started",
        ^~~~~~~~~~~~~~~~~~~~~~~
/Users/Ingwie/Work/drag0n-php/ext/xml/compat.c:662:2: warning: initializing 'const XML_Char *const' (aka 'const unsigned char *const') with an expression of type 'char [23]' converts between pointers to integer types with different sign [-Wpointer-sign]
        "Attribute not finished",
        ^~~~~~~~~~~~~~~~~~~~~~~~
/Users/Ingwie/Work/drag0n-php/ext/xml/compat.c:663:2: warning: initializing 'const XML_Char *const' (aka 'const unsigned char *const') with an expression of type 'char [24]' converts between pointers to integer types with different sign [-Wpointer-sign]
        "Attribute without value",
        ^~~~~~~~~~~~~~~~~~~~~~~~~
/Users/Ingwie/Work/drag0n-php/ext/xml/compat.c:664:2: warning: initializing 'const XML_Char *const' (aka 'const unsigned char *const') with an expression of type 'char [20]' converts between pointers to integer types with different sign [-Wpointer-sign]
        "Attribute redefined",
        ^~~~~~~~~~~~~~~~~~~~~
/Users/Ingwie/Work/drag0n-php/ext/xml/compat.c:665:2: warning: initializing 'const XML_Char *const' (aka 'const unsigned char *const') with an expression of type 'char [30]' converts between pointers to integer types with different sign [-Wpointer-sign]
        "SystemLiteral \" or ' expected",
        ^~~~~~~~~~~~~~~~~~~~~~~~~~~~~~~~
/Users/Ingwie/Work/drag0n-php/ext/xml/compat.c:666:2: warning: initializing 'const XML_Char *const' (aka 'const unsigned char *const') with an expression of type 'char [30]' converts between pointers to integer types with different sign [-Wpointer-sign]
        "SystemLiteral \" or ' expected",
        ^~~~~~~~~~~~~~~~~~~~~~~~~~~~~~~~
/Users/Ingwie/Work/drag0n-php/ext/xml/compat.c:668:2: warning: initializing 'const XML_Char *const' (aka 'const unsigned char *const') with an expression of type 'char [21]' converts between pointers to integer types with different sign [-Wpointer-sign]
        "Comment not finished",
        ^~~~~~~~~~~~~~~~~~~~~~
/Users/Ingwie/Work/drag0n-php/ext/xml/compat.c:669:2: warning: initializing 'const XML_Char *const' (aka 'const unsigned char *const') with an expression of type 'char [35]' converts between pointers to integer types with different sign [-Wpointer-sign]
        "Processing Instruction not started",
        ^~~~~~~~~~~~~~~~~~~~~~~~~~~~~~~~~~~~
/Users/Ingwie/Work/drag0n-php/ext/xml/compat.c:670:2: warning: initializing 'const XML_Char *const' (aka 'const unsigned char *const') with an expression of type 'char [36]' converts between pointers to integer types with different sign [-Wpointer-sign]
        "Processing Instruction not finished",
        ^~~~~~~~~~~~~~~~~~~~~~~~~~~~~~~~~~~~~
/Users/Ingwie/Work/drag0n-php/ext/xml/compat.c:671:2: warning: initializing 'const XML_Char *const' (aka 'const unsigned char *const') with an expression of type 'char [29]' converts between pointers to integer types with different sign [-Wpointer-sign]
        "NOTATION: Name expected here",
        ^~~~~~~~~~~~~~~~~~~~~~~~~~~~~~
/Users/Ingwie/Work/drag0n-php/ext/xml/compat.c:672:2: warning: initializing 'const XML_Char *const' (aka 'const unsigned char *const') with an expression of type 'char [43]' converts between pointers to integer types with different sign [-Wpointer-sign]
        "'>' required to close NOTATION declaration",
        ^~~~~~~~~~~~~~~~~~~~~~~~~~~~~~~~~~~~~~~~~~~~
/Users/Ingwie/Work/drag0n-php/ext/xml/compat.c:673:2: warning: initializing 'const XML_Char *const' (aka 'const unsigned char *const') with an expression of type 'char [42]' converts between pointers to integer types with different sign [-Wpointer-sign]
        "'(' required to start ATTLIST enumeration",
        ^~~~~~~~~~~~~~~~~~~~~~~~~~~~~~~~~~~~~~~~~~~
/Users/Ingwie/Work/drag0n-php/ext/xml/compat.c:674:2: warning: initializing 'const XML_Char *const' (aka 'const unsigned char *const') with an expression of type 'char [42]' converts between pointers to integer types with different sign [-Wpointer-sign]
        "'(' required to start ATTLIST enumeration",
        ^~~~~~~~~~~~~~~~~~~~~~~~~~~~~~~~~~~~~~~~~~~
/Users/Ingwie/Work/drag0n-php/ext/xml/compat.c:675:2: warning: initializing 'const XML_Char *const' (aka 'const unsigned char *const') with an expression of type 'char [40]' converts between pointers to integer types with different sign [-Wpointer-sign]
        "MixedContentDecl : '|' or ')*' expected",
        ^~~~~~~~~~~~~~~~~~~~~~~~~~~~~~~~~~~~~~~~~
/Users/Ingwie/Work/drag0n-php/ext/xml/compat.c:676:2: warning: initializing 'const XML_Char *const' (aka 'const unsigned char *const') with an expression of type 'char [27]' converts between pointers to integer types with different sign [-Wpointer-sign]
        "XML_ERR_MIXED_NOT_FINISHED",
        ^~~~~~~~~~~~~~~~~~~~~~~~~~~~
/Users/Ingwie/Work/drag0n-php/ext/xml/compat.c:677:2: warning: initializing 'const XML_Char *const' (aka 'const unsigned char *const') with an expression of type 'char [27]' converts between pointers to integer types with different sign [-Wpointer-sign]
        "ELEMENT in DTD not started",
        ^~~~~~~~~~~~~~~~~~~~~~~~~~~~
/Users/Ingwie/Work/drag0n-php/ext/xml/compat.c:678:2: warning: initializing 'const XML_Char *const' (aka 'const unsigned char *const') with an expression of type 'char [28]' converts between pointers to integer types with different sign [-Wpointer-sign]
        "ELEMENT in DTD not finished",
        ^~~~~~~~~~~~~~~~~~~~~~~~~~~~~
/Users/Ingwie/Work/drag0n-php/ext/xml/compat.c:679:2: warning: initializing 'const XML_Char *const' (aka 'const unsigned char *const') with an expression of type 'char [28]' converts between pointers to integer types with different sign [-Wpointer-sign]
        "XML declaration not started",
        ^~~~~~~~~~~~~~~~~~~~~~~~~~~~~
/Users/Ingwie/Work/drag0n-php/ext/xml/compat.c:680:2: warning: initializing 'const XML_Char *const' (aka 'const unsigned char *const') with an expression of type 'char [29]' converts between pointers to integer types with different sign [-Wpointer-sign]
        "XML declaration not finished",
        ^~~~~~~~~~~~~~~~~~~~~~~~~~~~~~
/Users/Ingwie/Work/drag0n-php/ext/xml/compat.c:681:2: warning: initializing 'const XML_Char *const' (aka 'const unsigned char *const') with an expression of type 'char [28]' converts between pointers to integer types with different sign [-Wpointer-sign]
        "XML_ERR_CONDSEC_NOT_STARTED",
        ^~~~~~~~~~~~~~~~~~~~~~~~~~~~~
/Users/Ingwie/Work/drag0n-php/ext/xml/compat.c:682:2: warning: initializing 'const XML_Char *const' (aka 'const unsigned char *const') with an expression of type 'char [35]' converts between pointers to integer types with different sign [-Wpointer-sign]
        "XML conditional section not closed",
        ^~~~~~~~~~~~~~~~~~~~~~~~~~~~~~~~~~~~
/Users/Ingwie/Work/drag0n-php/ext/xml/compat.c:683:2: warning: initializing 'const XML_Char *const' (aka 'const unsigned char *const') with an expression of type 'char [37]' converts between pointers to integer types with different sign [-Wpointer-sign]
        "Content error in the external subset",
        ^~~~~~~~~~~~~~~~~~~~~~~~~~~~~~~~~~~~~~
/Users/Ingwie/Work/drag0n-php/ext/xml/compat.c:684:2: warning: initializing 'const XML_Char *const' (aka 'const unsigned char *const') with an expression of type 'char [21]' converts between pointers to integer types with different sign [-Wpointer-sign]
        "DOCTYPE not finished",
        ^~~~~~~~~~~~~~~~~~~~~~
/Users/Ingwie/Work/drag0n-php/ext/xml/compat.c:685:2: warning: initializing 'const XML_Char *const' (aka 'const unsigned char *const') with an expression of type 'char [38]' converts between pointers to integer types with different sign [-Wpointer-sign]
        "Sequence ']]>' not allowed in content",
        ^~~~~~~~~~~~~~~~~~~~~~~~~~~~~~~~~~~~~~~
/Users/Ingwie/Work/drag0n-php/ext/xml/compat.c:686:2: warning: initializing 'const XML_Char *const' (aka 'const unsigned char *const') with an expression of type 'char [19]' converts between pointers to integer types with different sign [-Wpointer-sign]
        "CDATA not finished",
        ^~~~~~~~~~~~~~~~~~~~
/Users/Ingwie/Work/drag0n-php/ext/xml/compat.c:687:2: warning: initializing 'const XML_Char *const' (aka 'const unsigned char *const') with an expression of type 'char [18]' converts between pointers to integer types with different sign [-Wpointer-sign]
        "Reserved XML Name",
        ^~~~~~~~~~~~~~~~~~~
/Users/Ingwie/Work/drag0n-php/ext/xml/compat.c:688:2: warning: initializing 'const XML_Char *const' (aka 'const unsigned char *const') with an expression of type 'char [15]' converts between pointers to integer types with different sign [-Wpointer-sign]
        "Space required",
        ^~~~~~~~~~~~~~~~
/Users/Ingwie/Work/drag0n-php/ext/xml/compat.c:689:2: warning: initializing 'const XML_Char *const' (aka 'const unsigned char *const') with an expression of type 'char [27]' converts between pointers to integer types with different sign [-Wpointer-sign]
        "XML_ERR_SEPARATOR_REQUIRED",
        ^~~~~~~~~~~~~~~~~~~~~~~~~~~~
/Users/Ingwie/Work/drag0n-php/ext/xml/compat.c:690:2: warning: initializing 'const XML_Char *const' (aka 'const unsigned char *const') with an expression of type 'char [40]' converts between pointers to integer types with different sign [-Wpointer-sign]
        "NmToken expected in ATTLIST enumeration",
        ^~~~~~~~~~~~~~~~~~~~~~~~~~~~~~~~~~~~~~~~~
/Users/Ingwie/Work/drag0n-php/ext/xml/compat.c:691:2: warning: initializing 'const XML_Char *const' (aka 'const unsigned char *const') with an expression of type 'char [22]' converts between pointers to integer types with different sign [-Wpointer-sign]
        "XML_ERR_NAME_REQUIRED",
        ^~~~~~~~~~~~~~~~~~~~~~~
/Users/Ingwie/Work/drag0n-php/ext/xml/compat.c:692:2: warning: initializing 'const XML_Char *const' (aka 'const unsigned char *const') with an expression of type 'char [38]' converts between pointers to integer types with different sign [-Wpointer-sign]
        "MixedContentDecl : '#PCDATA' expected",
        ^~~~~~~~~~~~~~~~~~~~~~~~~~~~~~~~~~~~~~~
/Users/Ingwie/Work/drag0n-php/ext/xml/compat.c:693:2: warning: initializing 'const XML_Char *const' (aka 'const unsigned char *const') with an expression of type 'char [37]' converts between pointers to integer types with different sign [-Wpointer-sign]
        "SYSTEM or PUBLIC, the URI is missing",
        ^~~~~~~~~~~~~~~~~~~~~~~~~~~~~~~~~~~~~~
/Users/Ingwie/Work/drag0n-php/ext/xml/compat.c:694:2: warning: initializing 'const XML_Char *const' (aka 'const unsigned char *const') with an expression of type 'char [41]' converts between pointers to integer types with different sign [-Wpointer-sign]
        "PUBLIC, the Public Identifier is missing",
        ^~~~~~~~~~~~~~~~~~~~~~~~~~~~~~~~~~~~~~~~~~
/Users/Ingwie/Work/drag0n-php/ext/xml/compat.c:695:2: warning: initializing 'const XML_Char *const' (aka 'const unsigned char *const') with an expression of type 'char [11]' converts between pointers to integer types with different sign [-Wpointer-sign]
        "< required",
        ^~~~~~~~~~~~
/Users/Ingwie/Work/drag0n-php/ext/xml/compat.c:696:2: warning: initializing 'const XML_Char *const' (aka 'const unsigned char *const') with an expression of type 'char [11]' converts between pointers to integer types with different sign [-Wpointer-sign]
        "> required",
        ^~~~~~~~~~~~
/Users/Ingwie/Work/drag0n-php/ext/xml/compat.c:697:2: warning: initializing 'const XML_Char *const' (aka 'const unsigned char *const') with an expression of type 'char [12]' converts between pointers to integer types with different sign [-Wpointer-sign]
        "</ required",
        ^~~~~~~~~~~~~
/Users/Ingwie/Work/drag0n-php/ext/xml/compat.c:698:2: warning: initializing 'const XML_Char *const' (aka 'const unsigned char *const') with an expression of type 'char [11]' converts between pointers to integer types with different sign [-Wpointer-sign]
        "= required",
        ^~~~~~~~~~~~
/Users/Ingwie/Work/drag0n-php/ext/xml/compat.c:699:2: warning: initializing 'const XML_Char *const' (aka 'const unsigned char *const') with an expression of type 'char [15]' converts between pointers to integer types with different sign [-Wpointer-sign]
        "Mismatched tag",
        ^~~~~~~~~~~~~~~~
/Users/Ingwie/Work/drag0n-php/ext/xml/compat.c:700:2: warning: initializing 'const XML_Char *const' (aka 'const unsigned char *const') with an expression of type 'char [17]' converts between pointers to integer types with different sign [-Wpointer-sign]
        "Tag not finished",
        ^~~~~~~~~~~~~~~~~~
/Users/Ingwie/Work/drag0n-php/ext/xml/compat.c:701:2: warning: initializing 'const XML_Char *const' (aka 'const unsigned char *const') with an expression of type 'char [38]' converts between pointers to integer types with different sign [-Wpointer-sign]
        "standalone accepts only 'yes' or 'no'",
        ^~~~~~~~~~~~~~~~~~~~~~~~~~~~~~~~~~~~~~~
/Users/Ingwie/Work/drag0n-php/ext/xml/compat.c:702:2: warning: initializing 'const XML_Char *const' (aka 'const unsigned char *const') with an expression of type 'char [26]' converts between pointers to integer types with different sign [-Wpointer-sign]
        "Invalid XML encoding name",
        ^~~~~~~~~~~~~~~~~~~~~~~~~~~
/Users/Ingwie/Work/drag0n-php/ext/xml/compat.c:703:2: warning: initializing 'const XML_Char *const' (aka 'const unsigned char *const') with an expression of type 'char [46]' converts between pointers to integer types with different sign [-Wpointer-sign]
        "Comment must not contain '--' (double-hyphen)",
        ^~~~~~~~~~~~~~~~~~~~~~~~~~~~~~~~~~~~~~~~~~~~~~~
/Users/Ingwie/Work/drag0n-php/ext/xml/compat.c:704:2: warning: initializing 'const XML_Char *const' (aka 'const unsigned char *const') with an expression of type 'char [17]' converts between pointers to integer types with different sign [-Wpointer-sign]
        "Invalid encoding",
        ^~~~~~~~~~~~~~~~~~
/Users/Ingwie/Work/drag0n-php/ext/xml/compat.c:705:2: warning: initializing 'const XML_Char *const' (aka 'const unsigned char *const') with an expression of type 'char [46]' converts between pointers to integer types with different sign [-Wpointer-sign]
        "external parsed entities cannot be standalone",
        ^~~~~~~~~~~~~~~~~~~~~~~~~~~~~~~~~~~~~~~~~~~~~~~
/Users/Ingwie/Work/drag0n-php/ext/xml/compat.c:706:2: warning: initializing 'const XML_Char *const' (aka 'const unsigned char *const') with an expression of type 'char [37]' converts between pointers to integer types with different sign [-Wpointer-sign]
        "XML conditional section '[' expected",
        ^~~~~~~~~~~~~~~~~~~~~~~~~~~~~~~~~~~~~~
/Users/Ingwie/Work/drag0n-php/ext/xml/compat.c:707:2: warning: initializing 'const XML_Char *const' (aka 'const unsigned char *const') with an expression of type 'char [22]' converts between pointers to integer types with different sign [-Wpointer-sign]
        "Entity value required",
        ^~~~~~~~~~~~~~~~~~~~~~~
/Users/Ingwie/Work/drag0n-php/ext/xml/compat.c:708:2: warning: initializing 'const XML_Char *const' (aka 'const unsigned char *const') with an expression of type 'char [27]' converts between pointers to integer types with different sign [-Wpointer-sign]
        "chunk is not well balanced",
        ^~~~~~~~~~~~~~~~~~~~~~~~~~~~
/Users/Ingwie/Work/drag0n-php/ext/xml/compat.c:709:2: warning: initializing 'const XML_Char *const' (aka 'const unsigned char *const') with an expression of type 'char [48]' converts between pointers to integer types with different sign [-Wpointer-sign]
        "extra content at the end of well balanced chunk",
        ^~~~~~~~~~~~~~~~~~~~~~~~~~~~~~~~~~~~~~~~~~~~~~~~~
/Users/Ingwie/Work/drag0n-php/ext/xml/compat.c:710:5: warning: initializing 'const XML_Char *const' (aka 'const unsigned char *const') with an expression of type 'char [26]' converts between pointers to integer types with different sign [-Wpointer-sign]
    "XML_ERR_ENTITY_CHAR_ERROR",
    ^~~~~~~~~~~~~~~~~~~~~~~~~~~
/Users/Ingwie/Work/drag0n-php/ext/xml/compat.c:711:5: warning: initializing 'const XML_Char *const' (aka 'const unsigned char *const') with an expression of type 'char [42]' converts between pointers to integer types with different sign [-Wpointer-sign]
    "PEReferences forbidden in internal subset",
    ^~~~~~~~~~~~~~~~~~~~~~~~~~~~~~~~~~~~~~~~~~~
/Users/Ingwie/Work/drag0n-php/ext/xml/compat.c:712:5: warning: initializing 'const XML_Char *const' (aka 'const unsigned char *const') with an expression of type 'char [34]' converts between pointers to integer types with different sign [-Wpointer-sign]
    "Detected an entity reference loop",
    ^~~~~~~~~~~~~~~~~~~~~~~~~~~~~~~~~~~
/Users/Ingwie/Work/drag0n-php/ext/xml/compat.c:713:5: warning: initializing 'const XML_Char *const' (aka 'const unsigned char *const') with an expression of type 'char [24]' converts between pointers to integer types with different sign [-Wpointer-sign]
    "XML_ERR_ENTITY_BOUNDARY",
    ^~~~~~~~~~~~~~~~~~~~~~~~~
/Users/Ingwie/Work/drag0n-php/ext/xml/compat.c:714:5: warning: initializing 'const XML_Char *const' (aka 'const unsigned char *const') with an expression of type 'char [12]' converts between pointers to integer types with different sign [-Wpointer-sign]
    "Invalid URI",
    ^~~~~~~~~~~~~
/Users/Ingwie/Work/drag0n-php/ext/xml/compat.c:715:5: warning: initializing 'const XML_Char *const' (aka 'const unsigned char *const') with an expression of type 'char [21]' converts between pointers to integer types with different sign [-Wpointer-sign]
    "Fragment not allowed",
    ^~~~~~~~~~~~~~~~~~~~~~
/Users/Ingwie/Work/drag0n-php/ext/xml/compat.c:716:5: warning: initializing 'const XML_Char *const' (aka 'const unsigned char *const') with an expression of type 'char [19]' converts between pointers to integer types with different sign [-Wpointer-sign]
    "XML_WAR_CATALOG_PI",
    ^~~~~~~~~~~~~~~~~~~~
/Users/Ingwie/Work/drag0n-php/ext/xml/compat.c:717:5: warning: initializing 'const XML_Char *const' (aka 'const unsigned char *const') with an expression of type 'char [15]' converts between pointers to integer types with different sign [-Wpointer-sign]
    "XML_ERR_NO_DTD",
    ^~~~~~~~~~~~~~~~
/Users/Ingwie/Work/drag0n-php/ext/xml/compat.c:718:5: warning: initializing 'const XML_Char *const' (aka 'const unsigned char *const') with an expression of type 'char [55]' converts between pointers to integer types with different sign [-Wpointer-sign]
    "conditional section INCLUDE or IGNORE keyword expected", /* 95 */
    ^~~~~~~~~~~~~~~~~~~~~~~~~~~~~~~~~~~~~~~~~~~~~~~~~~~~~~~~
/Users/Ingwie/Work/drag0n-php/ext/xml/compat.c:719:5: warning: initializing 'const XML_Char *const' (aka 'const unsigned char *const') with an expression of type 'char [35]' converts between pointers to integer types with different sign [-Wpointer-sign]
    "Version in XML Declaration missing", /* 96 */
    ^~~~~~~~~~~~~~~~~~~~~~~~~~~~~~~~~~~~
/Users/Ingwie/Work/drag0n-php/ext/xml/compat.c:720:5: warning: initializing 'const XML_Char *const' (aka 'const unsigned char *const') with an expression of type 'char [24]' converts between pointers to integer types with different sign [-Wpointer-sign]
    "XML_WAR_UNKNOWN_VERSION", /* 97 */
    ^~~~~~~~~~~~~~~~~~~~~~~~~
/Users/Ingwie/Work/drag0n-php/ext/xml/compat.c:721:5: warning: initializing 'const XML_Char *const' (aka 'const unsigned char *const') with an expression of type 'char [19]' converts between pointers to integer types with different sign [-Wpointer-sign]
    "XML_WAR_LANG_VALUE", /* 98 */
    ^~~~~~~~~~~~~~~~~~~~
/Users/Ingwie/Work/drag0n-php/ext/xml/compat.c:722:5: warning: initializing 'const XML_Char *const' (aka 'const unsigned char *const') with an expression of type 'char [15]' converts between pointers to integer types with different sign [-Wpointer-sign]
    "XML_WAR_NS_URI", /* 99 */
    ^~~~~~~~~~~~~~~~
/Users/Ingwie/Work/drag0n-php/ext/xml/compat.c:723:5: warning: initializing 'const XML_Char *const' (aka 'const unsigned char *const') with an expression of type 'char [24]' converts between pointers to integer types with different sign [-Wpointer-sign]
    "XML_WAR_NS_URI_RELATIVE", /* 100 */
    ^~~~~~~~~~~~~~~~~~~~~~~~~
/Users/Ingwie/Work/drag0n-php/ext/xml/compat.c:724:5: warning: initializing 'const XML_Char *const' (aka 'const unsigned char *const') with an expression of type 'char [37]' converts between pointers to integer types with different sign [-Wpointer-sign]
    "Missing encoding in text declaration" /* 101 */
    ^~~~~~~~~~~~~~~~~~~~~~~~~~~~~~~~~~~~~~
/Users/Ingwie/Work/drag0n-php/ext/xml/compat.c:731:10: warning: returning 'char [8]' from a function with result type 'const XML_Char *' (aka 'const unsigned char *') converts between pointers to integer types with different sign [-Wpointer-sign]
                return "Unknown";
                       ^~~~~~~~~
/Users/Ingwie/Work/drag0n-php/ext/xml/compat.c:766:9: warning: returning 'char [4]' from a function with result type 'const XML_Char *' (aka 'const unsigned char *') converts between pointers to integer types with different sign [-Wpointer-sign]
        return "1.0";
               ^~~~~
106 warnings generated.
/bin/sh /Users/Ingwie/Work/drag0n-php/libtool --silent --preserve-dup-deps --mode=compile cc  -Iext/xmlreader/ -I/Users/Ingwie/Work/drag0n-php/ext/xmlreader/ -DPHP_ATOM_INC -I/Users/Ingwie/Work/drag0n-php/include -I/Users/Ingwie/Work/drag0n-php/main -I/Users/Ingwie/Work/drag0n-php -I/Users/Ingwie/Work/drag0n-php/ext/date/lib -I/Users/Ingwie/Work/drag0n-php/ext/ereg/regex -I/usr/include/libxml2 -I/usr/local/include -I/Users/Ingwie/Work/drag0n-php/ext/mbstring/oniguruma -I/Users/Ingwie/Work/drag0n-php/ext/mbstring/libmbfl -I/Users/Ingwie/Work/drag0n-php/ext/mbstring/libmbfl/mbfl -I/Users/Ingwie/Work/drag0n-php/ext/sqlite3/libsqlite -I/Users/Ingwie/Work/drag0n-php/ext/pthreads -I/usr/include/tidy -I/Users/Ingwie/Work/drag0n-php/ext/tokenizer/includes -I/usr/local/lib/wx/include/osx_cocoa-unicode-2.9 -I/usr/local/include/wx-2.9 -I/Users/Ingwie/Work/drag0n-php/TSRM -I/Users/Ingwie/Work/drag0n-php/Zend  -no-cpp-precomp  -I/usr/include -g -O2 -fvisibility=hidden -DZTS  -c /Users/Ingwie/Work/drag0n-php/ext/xmlreader/php_xmlreader.c -o ext/xmlreader/php_xmlreader.lo 
/bin/sh /Users/Ingwie/Work/drag0n-php/libtool --silent --preserve-dup-deps --mode=compile cc  -Iext/xmlwriter/ -I/Users/Ingwie/Work/drag0n-php/ext/xmlwriter/ -DPHP_ATOM_INC -I/Users/Ingwie/Work/drag0n-php/include -I/Users/Ingwie/Work/drag0n-php/main -I/Users/Ingwie/Work/drag0n-php -I/Users/Ingwie/Work/drag0n-php/ext/date/lib -I/Users/Ingwie/Work/drag0n-php/ext/ereg/regex -I/usr/include/libxml2 -I/usr/local/include -I/Users/Ingwie/Work/drag0n-php/ext/mbstring/oniguruma -I/Users/Ingwie/Work/drag0n-php/ext/mbstring/libmbfl -I/Users/Ingwie/Work/drag0n-php/ext/mbstring/libmbfl/mbfl -I/Users/Ingwie/Work/drag0n-php/ext/sqlite3/libsqlite -I/Users/Ingwie/Work/drag0n-php/ext/pthreads -I/usr/include/tidy -I/Users/Ingwie/Work/drag0n-php/ext/tokenizer/includes -I/usr/local/lib/wx/include/osx_cocoa-unicode-2.9 -I/usr/local/include/wx-2.9 -I/Users/Ingwie/Work/drag0n-php/TSRM -I/Users/Ingwie/Work/drag0n-php/Zend  -no-cpp-precomp  -I/usr/include -g -O2 -fvisibility=hidden -DZTS  -c /Users/Ingwie/Work/drag0n-php/ext/xmlwriter/php_xmlwriter.c -o ext/xmlwriter/php_xmlwriter.lo 
/bin/sh /Users/Ingwie/Work/drag0n-php/libtool --silent --preserve-dup-deps --mode=compile cc  -Iext/zip/ -I/Users/Ingwie/Work/drag0n-php/ext/zip/ -DPHP_ATOM_INC -I/Users/Ingwie/Work/drag0n-php/include -I/Users/Ingwie/Work/drag0n-php/main -I/Users/Ingwie/Work/drag0n-php -I/Users/Ingwie/Work/drag0n-php/ext/date/lib -I/Users/Ingwie/Work/drag0n-php/ext/ereg/regex -I/usr/include/libxml2 -I/usr/local/include -I/Users/Ingwie/Work/drag0n-php/ext/mbstring/oniguruma -I/Users/Ingwie/Work/drag0n-php/ext/mbstring/libmbfl -I/Users/Ingwie/Work/drag0n-php/ext/mbstring/libmbfl/mbfl -I/Users/Ingwie/Work/drag0n-php/ext/sqlite3/libsqlite -I/Users/Ingwie/Work/drag0n-php/ext/pthreads -I/usr/include/tidy -I/Users/Ingwie/Work/drag0n-php/ext/tokenizer/includes -I/usr/local/lib/wx/include/osx_cocoa-unicode-2.9 -I/usr/local/include/wx-2.9 -I/Users/Ingwie/Work/drag0n-php/TSRM -I/Users/Ingwie/Work/drag0n-php/Zend  -no-cpp-precomp  -I/usr/include -g -O2 -fvisibility=hidden -DZTS  -c /Users/Ingwie/Work/drag0n-php/ext/zip/php_zip.c -o ext/zip/php_zip.lo 
/bin/sh /Users/Ingwie/Work/drag0n-php/libtool --silent --preserve-dup-deps --mode=compile cc  -Iext/zip/ -I/Users/Ingwie/Work/drag0n-php/ext/zip/ -DPHP_ATOM_INC -I/Users/Ingwie/Work/drag0n-php/include -I/Users/Ingwie/Work/drag0n-php/main -I/Users/Ingwie/Work/drag0n-php -I/Users/Ingwie/Work/drag0n-php/ext/date/lib -I/Users/Ingwie/Work/drag0n-php/ext/ereg/regex -I/usr/include/libxml2 -I/usr/local/include -I/Users/Ingwie/Work/drag0n-php/ext/mbstring/oniguruma -I/Users/Ingwie/Work/drag0n-php/ext/mbstring/libmbfl -I/Users/Ingwie/Work/drag0n-php/ext/mbstring/libmbfl/mbfl -I/Users/Ingwie/Work/drag0n-php/ext/sqlite3/libsqlite -I/Users/Ingwie/Work/drag0n-php/ext/pthreads -I/usr/include/tidy -I/Users/Ingwie/Work/drag0n-php/ext/tokenizer/includes -I/usr/local/lib/wx/include/osx_cocoa-unicode-2.9 -I/usr/local/include/wx-2.9 -I/Users/Ingwie/Work/drag0n-php/TSRM -I/Users/Ingwie/Work/drag0n-php/Zend  -no-cpp-precomp  -I/usr/include -g -O2 -fvisibility=hidden -DZTS  -c /Users/Ingwie/Work/drag0n-php/ext/zip/zip_stream.c -o ext/zip/zip_stream.lo 
/bin/sh /Users/Ingwie/Work/drag0n-php/libtool --silent --preserve-dup-deps --mode=compile cc  -Iext/zip/ -I/Users/Ingwie/Work/drag0n-php/ext/zip/ -DPHP_ATOM_INC -I/Users/Ingwie/Work/drag0n-php/include -I/Users/Ingwie/Work/drag0n-php/main -I/Users/Ingwie/Work/drag0n-php -I/Users/Ingwie/Work/drag0n-php/ext/date/lib -I/Users/Ingwie/Work/drag0n-php/ext/ereg/regex -I/usr/include/libxml2 -I/usr/local/include -I/Users/Ingwie/Work/drag0n-php/ext/mbstring/oniguruma -I/Users/Ingwie/Work/drag0n-php/ext/mbstring/libmbfl -I/Users/Ingwie/Work/drag0n-php/ext/mbstring/libmbfl/mbfl -I/Users/Ingwie/Work/drag0n-php/ext/sqlite3/libsqlite -I/Users/Ingwie/Work/drag0n-php/ext/pthreads -I/usr/include/tidy -I/Users/Ingwie/Work/drag0n-php/ext/tokenizer/includes -I/usr/local/lib/wx/include/osx_cocoa-unicode-2.9 -I/usr/local/include/wx-2.9 -I/Users/Ingwie/Work/drag0n-php/TSRM -I/Users/Ingwie/Work/drag0n-php/Zend  -no-cpp-precomp  -I/usr/include -g -O2 -fvisibility=hidden -DZTS  -c /Users/Ingwie/Work/drag0n-php/ext/zip/lib/zip_add.c -o ext/zip/lib/zip_add.lo 
/bin/sh /Users/Ingwie/Work/drag0n-php/libtool --silent --preserve-dup-deps --mode=compile cc  -Iext/zip/ -I/Users/Ingwie/Work/drag0n-php/ext/zip/ -DPHP_ATOM_INC -I/Users/Ingwie/Work/drag0n-php/include -I/Users/Ingwie/Work/drag0n-php/main -I/Users/Ingwie/Work/drag0n-php -I/Users/Ingwie/Work/drag0n-php/ext/date/lib -I/Users/Ingwie/Work/drag0n-php/ext/ereg/regex -I/usr/include/libxml2 -I/usr/local/include -I/Users/Ingwie/Work/drag0n-php/ext/mbstring/oniguruma -I/Users/Ingwie/Work/drag0n-php/ext/mbstring/libmbfl -I/Users/Ingwie/Work/drag0n-php/ext/mbstring/libmbfl/mbfl -I/Users/Ingwie/Work/drag0n-php/ext/sqlite3/libsqlite -I/Users/Ingwie/Work/drag0n-php/ext/pthreads -I/usr/include/tidy -I/Users/Ingwie/Work/drag0n-php/ext/tokenizer/includes -I/usr/local/lib/wx/include/osx_cocoa-unicode-2.9 -I/usr/local/include/wx-2.9 -I/Users/Ingwie/Work/drag0n-php/TSRM -I/Users/Ingwie/Work/drag0n-php/Zend  -no-cpp-precomp  -I/usr/include -g -O2 -fvisibility=hidden -DZTS  -c /Users/Ingwie/Work/drag0n-php/ext/zip/lib/zip_error.c -o ext/zip/lib/zip_error.lo 
/bin/sh /Users/Ingwie/Work/drag0n-php/libtool --silent --preserve-dup-deps --mode=compile cc  -Iext/zip/ -I/Users/Ingwie/Work/drag0n-php/ext/zip/ -DPHP_ATOM_INC -I/Users/Ingwie/Work/drag0n-php/include -I/Users/Ingwie/Work/drag0n-php/main -I/Users/Ingwie/Work/drag0n-php -I/Users/Ingwie/Work/drag0n-php/ext/date/lib -I/Users/Ingwie/Work/drag0n-php/ext/ereg/regex -I/usr/include/libxml2 -I/usr/local/include -I/Users/Ingwie/Work/drag0n-php/ext/mbstring/oniguruma -I/Users/Ingwie/Work/drag0n-php/ext/mbstring/libmbfl -I/Users/Ingwie/Work/drag0n-php/ext/mbstring/libmbfl/mbfl -I/Users/Ingwie/Work/drag0n-php/ext/sqlite3/libsqlite -I/Users/Ingwie/Work/drag0n-php/ext/pthreads -I/usr/include/tidy -I/Users/Ingwie/Work/drag0n-php/ext/tokenizer/includes -I/usr/local/lib/wx/include/osx_cocoa-unicode-2.9 -I/usr/local/include/wx-2.9 -I/Users/Ingwie/Work/drag0n-php/TSRM -I/Users/Ingwie/Work/drag0n-php/Zend  -no-cpp-precomp  -I/usr/include -g -O2 -fvisibility=hidden -DZTS  -c /Users/Ingwie/Work/drag0n-php/ext/zip/lib/zip_fclose.c -o ext/zip/lib/zip_fclose.lo 
/bin/sh /Users/Ingwie/Work/drag0n-php/libtool --silent --preserve-dup-deps --mode=compile cc  -Iext/zip/ -I/Users/Ingwie/Work/drag0n-php/ext/zip/ -DPHP_ATOM_INC -I/Users/Ingwie/Work/drag0n-php/include -I/Users/Ingwie/Work/drag0n-php/main -I/Users/Ingwie/Work/drag0n-php -I/Users/Ingwie/Work/drag0n-php/ext/date/lib -I/Users/Ingwie/Work/drag0n-php/ext/ereg/regex -I/usr/include/libxml2 -I/usr/local/include -I/Users/Ingwie/Work/drag0n-php/ext/mbstring/oniguruma -I/Users/Ingwie/Work/drag0n-php/ext/mbstring/libmbfl -I/Users/Ingwie/Work/drag0n-php/ext/mbstring/libmbfl/mbfl -I/Users/Ingwie/Work/drag0n-php/ext/sqlite3/libsqlite -I/Users/Ingwie/Work/drag0n-php/ext/pthreads -I/usr/include/tidy -I/Users/Ingwie/Work/drag0n-php/ext/tokenizer/includes -I/usr/local/lib/wx/include/osx_cocoa-unicode-2.9 -I/usr/local/include/wx-2.9 -I/Users/Ingwie/Work/drag0n-php/TSRM -I/Users/Ingwie/Work/drag0n-php/Zend  -no-cpp-precomp  -I/usr/include -g -O2 -fvisibility=hidden -DZTS  -c /Users/Ingwie/Work/drag0n-php/ext/zip/lib/zip_fread.c -o ext/zip/lib/zip_fread.lo 
/bin/sh /Users/Ingwie/Work/drag0n-php/libtool --silent --preserve-dup-deps --mode=compile cc  -Iext/zip/ -I/Users/Ingwie/Work/drag0n-php/ext/zip/ -DPHP_ATOM_INC -I/Users/Ingwie/Work/drag0n-php/include -I/Users/Ingwie/Work/drag0n-php/main -I/Users/Ingwie/Work/drag0n-php -I/Users/Ingwie/Work/drag0n-php/ext/date/lib -I/Users/Ingwie/Work/drag0n-php/ext/ereg/regex -I/usr/include/libxml2 -I/usr/local/include -I/Users/Ingwie/Work/drag0n-php/ext/mbstring/oniguruma -I/Users/Ingwie/Work/drag0n-php/ext/mbstring/libmbfl -I/Users/Ingwie/Work/drag0n-php/ext/mbstring/libmbfl/mbfl -I/Users/Ingwie/Work/drag0n-php/ext/sqlite3/libsqlite -I/Users/Ingwie/Work/drag0n-php/ext/pthreads -I/usr/include/tidy -I/Users/Ingwie/Work/drag0n-php/ext/tokenizer/includes -I/usr/local/lib/wx/include/osx_cocoa-unicode-2.9 -I/usr/local/include/wx-2.9 -I/Users/Ingwie/Work/drag0n-php/TSRM -I/Users/Ingwie/Work/drag0n-php/Zend  -no-cpp-precomp  -I/usr/include -g -O2 -fvisibility=hidden -DZTS  -c /Users/Ingwie/Work/drag0n-php/ext/zip/lib/zip_open.c -o ext/zip/lib/zip_open.lo 
/bin/sh /Users/Ingwie/Work/drag0n-php/libtool --silent --preserve-dup-deps --mode=compile cc  -Iext/zip/ -I/Users/Ingwie/Work/drag0n-php/ext/zip/ -DPHP_ATOM_INC -I/Users/Ingwie/Work/drag0n-php/include -I/Users/Ingwie/Work/drag0n-php/main -I/Users/Ingwie/Work/drag0n-php -I/Users/Ingwie/Work/drag0n-php/ext/date/lib -I/Users/Ingwie/Work/drag0n-php/ext/ereg/regex -I/usr/include/libxml2 -I/usr/local/include -I/Users/Ingwie/Work/drag0n-php/ext/mbstring/oniguruma -I/Users/Ingwie/Work/drag0n-php/ext/mbstring/libmbfl -I/Users/Ingwie/Work/drag0n-php/ext/mbstring/libmbfl/mbfl -I/Users/Ingwie/Work/drag0n-php/ext/sqlite3/libsqlite -I/Users/Ingwie/Work/drag0n-php/ext/pthreads -I/usr/include/tidy -I/Users/Ingwie/Work/drag0n-php/ext/tokenizer/includes -I/usr/local/lib/wx/include/osx_cocoa-unicode-2.9 -I/usr/local/include/wx-2.9 -I/Users/Ingwie/Work/drag0n-php/TSRM -I/Users/Ingwie/Work/drag0n-php/Zend  -no-cpp-precomp  -I/usr/include -g -O2 -fvisibility=hidden -DZTS  -c /Users/Ingwie/Work/drag0n-php/ext/zip/lib/zip_source_filep.c -o ext/zip/lib/zip_source_filep.lo 
/Users/Ingwie/Work/drag0n-php/ext/zip/lib/zip_source_filep.c:68:31: warning: comparison of unsigned expression < 0 is always false [-Wtautological-compare]
    if (file == NULL || start < 0 || len < -1) {
                        ~~~~~ ^ ~
1 warning generated.
/bin/sh /Users/Ingwie/Work/drag0n-php/libtool --silent --preserve-dup-deps --mode=compile cc  -Iext/zip/ -I/Users/Ingwie/Work/drag0n-php/ext/zip/ -DPHP_ATOM_INC -I/Users/Ingwie/Work/drag0n-php/include -I/Users/Ingwie/Work/drag0n-php/main -I/Users/Ingwie/Work/drag0n-php -I/Users/Ingwie/Work/drag0n-php/ext/date/lib -I/Users/Ingwie/Work/drag0n-php/ext/ereg/regex -I/usr/include/libxml2 -I/usr/local/include -I/Users/Ingwie/Work/drag0n-php/ext/mbstring/oniguruma -I/Users/Ingwie/Work/drag0n-php/ext/mbstring/libmbfl -I/Users/Ingwie/Work/drag0n-php/ext/mbstring/libmbfl/mbfl -I/Users/Ingwie/Work/drag0n-php/ext/sqlite3/libsqlite -I/Users/Ingwie/Work/drag0n-php/ext/pthreads -I/usr/include/tidy -I/Users/Ingwie/Work/drag0n-php/ext/tokenizer/includes -I/usr/local/lib/wx/include/osx_cocoa-unicode-2.9 -I/usr/local/include/wx-2.9 -I/Users/Ingwie/Work/drag0n-php/TSRM -I/Users/Ingwie/Work/drag0n-php/Zend  -no-cpp-precomp  -I/usr/include -g -O2 -fvisibility=hidden -DZTS  -c /Users/Ingwie/Work/drag0n-php/ext/zip/lib/zip_strerror.c -o ext/zip/lib/zip_strerror.lo 
/bin/sh /Users/Ingwie/Work/drag0n-php/libtool --silent --preserve-dup-deps --mode=compile cc  -Iext/zip/ -I/Users/Ingwie/Work/drag0n-php/ext/zip/ -DPHP_ATOM_INC -I/Users/Ingwie/Work/drag0n-php/include -I/Users/Ingwie/Work/drag0n-php/main -I/Users/Ingwie/Work/drag0n-php -I/Users/Ingwie/Work/drag0n-php/ext/date/lib -I/Users/Ingwie/Work/drag0n-php/ext/ereg/regex -I/usr/include/libxml2 -I/usr/local/include -I/Users/Ingwie/Work/drag0n-php/ext/mbstring/oniguruma -I/Users/Ingwie/Work/drag0n-php/ext/mbstring/libmbfl -I/Users/Ingwie/Work/drag0n-php/ext/mbstring/libmbfl/mbfl -I/Users/Ingwie/Work/drag0n-php/ext/sqlite3/libsqlite -I/Users/Ingwie/Work/drag0n-php/ext/pthreads -I/usr/include/tidy -I/Users/Ingwie/Work/drag0n-php/ext/tokenizer/includes -I/usr/local/lib/wx/include/osx_cocoa-unicode-2.9 -I/usr/local/include/wx-2.9 -I/Users/Ingwie/Work/drag0n-php/TSRM -I/Users/Ingwie/Work/drag0n-php/Zend  -no-cpp-precomp  -I/usr/include -g -O2 -fvisibility=hidden -DZTS  -c /Users/Ingwie/Work/drag0n-php/ext/zip/lib/zip_close.c -o ext/zip/lib/zip_close.lo 
/bin/sh /Users/Ingwie/Work/drag0n-php/libtool --silent --preserve-dup-deps --mode=compile cc  -Iext/zip/ -I/Users/Ingwie/Work/drag0n-php/ext/zip/ -DPHP_ATOM_INC -I/Users/Ingwie/Work/drag0n-php/include -I/Users/Ingwie/Work/drag0n-php/main -I/Users/Ingwie/Work/drag0n-php -I/Users/Ingwie/Work/drag0n-php/ext/date/lib -I/Users/Ingwie/Work/drag0n-php/ext/ereg/regex -I/usr/include/libxml2 -I/usr/local/include -I/Users/Ingwie/Work/drag0n-php/ext/mbstring/oniguruma -I/Users/Ingwie/Work/drag0n-php/ext/mbstring/libmbfl -I/Users/Ingwie/Work/drag0n-php/ext/mbstring/libmbfl/mbfl -I/Users/Ingwie/Work/drag0n-php/ext/sqlite3/libsqlite -I/Users/Ingwie/Work/drag0n-php/ext/pthreads -I/usr/include/tidy -I/Users/Ingwie/Work/drag0n-php/ext/tokenizer/includes -I/usr/local/lib/wx/include/osx_cocoa-unicode-2.9 -I/usr/local/include/wx-2.9 -I/Users/Ingwie/Work/drag0n-php/TSRM -I/Users/Ingwie/Work/drag0n-php/Zend  -no-cpp-precomp  -I/usr/include -g -O2 -fvisibility=hidden -DZTS  -c /Users/Ingwie/Work/drag0n-php/ext/zip/lib/zip_error_get.c -o ext/zip/lib/zip_error_get.lo 
/bin/sh /Users/Ingwie/Work/drag0n-php/libtool --silent --preserve-dup-deps --mode=compile cc  -Iext/zip/ -I/Users/Ingwie/Work/drag0n-php/ext/zip/ -DPHP_ATOM_INC -I/Users/Ingwie/Work/drag0n-php/include -I/Users/Ingwie/Work/drag0n-php/main -I/Users/Ingwie/Work/drag0n-php -I/Users/Ingwie/Work/drag0n-php/ext/date/lib -I/Users/Ingwie/Work/drag0n-php/ext/ereg/regex -I/usr/include/libxml2 -I/usr/local/include -I/Users/Ingwie/Work/drag0n-php/ext/mbstring/oniguruma -I/Users/Ingwie/Work/drag0n-php/ext/mbstring/libmbfl -I/Users/Ingwie/Work/drag0n-php/ext/mbstring/libmbfl/mbfl -I/Users/Ingwie/Work/drag0n-php/ext/sqlite3/libsqlite -I/Users/Ingwie/Work/drag0n-php/ext/pthreads -I/usr/include/tidy -I/Users/Ingwie/Work/drag0n-php/ext/tokenizer/includes -I/usr/local/lib/wx/include/osx_cocoa-unicode-2.9 -I/usr/local/include/wx-2.9 -I/Users/Ingwie/Work/drag0n-php/TSRM -I/Users/Ingwie/Work/drag0n-php/Zend  -no-cpp-precomp  -I/usr/include -g -O2 -fvisibility=hidden -DZTS  -c /Users/Ingwie/Work/drag0n-php/ext/zip/lib/zip_file_error_get.c -o ext/zip/lib/zip_file_error_get.lo 
/bin/sh /Users/Ingwie/Work/drag0n-php/libtool --silent --preserve-dup-deps --mode=compile cc  -Iext/zip/ -I/Users/Ingwie/Work/drag0n-php/ext/zip/ -DPHP_ATOM_INC -I/Users/Ingwie/Work/drag0n-php/include -I/Users/Ingwie/Work/drag0n-php/main -I/Users/Ingwie/Work/drag0n-php -I/Users/Ingwie/Work/drag0n-php/ext/date/lib -I/Users/Ingwie/Work/drag0n-php/ext/ereg/regex -I/usr/include/libxml2 -I/usr/local/include -I/Users/Ingwie/Work/drag0n-php/ext/mbstring/oniguruma -I/Users/Ingwie/Work/drag0n-php/ext/mbstring/libmbfl -I/Users/Ingwie/Work/drag0n-php/ext/mbstring/libmbfl/mbfl -I/Users/Ingwie/Work/drag0n-php/ext/sqlite3/libsqlite -I/Users/Ingwie/Work/drag0n-php/ext/pthreads -I/usr/include/tidy -I/Users/Ingwie/Work/drag0n-php/ext/tokenizer/includes -I/usr/local/lib/wx/include/osx_cocoa-unicode-2.9 -I/usr/local/include/wx-2.9 -I/Users/Ingwie/Work/drag0n-php/TSRM -I/Users/Ingwie/Work/drag0n-php/Zend  -no-cpp-precomp  -I/usr/include -g -O2 -fvisibility=hidden -DZTS  -c /Users/Ingwie/Work/drag0n-php/ext/zip/lib/zip_free.c -o ext/zip/lib/zip_free.lo 
/bin/sh /Users/Ingwie/Work/drag0n-php/libtool --silent --preserve-dup-deps --mode=compile cc  -Iext/zip/ -I/Users/Ingwie/Work/drag0n-php/ext/zip/ -DPHP_ATOM_INC -I/Users/Ingwie/Work/drag0n-php/include -I/Users/Ingwie/Work/drag0n-php/main -I/Users/Ingwie/Work/drag0n-php -I/Users/Ingwie/Work/drag0n-php/ext/date/lib -I/Users/Ingwie/Work/drag0n-php/ext/ereg/regex -I/usr/include/libxml2 -I/usr/local/include -I/Users/Ingwie/Work/drag0n-php/ext/mbstring/oniguruma -I/Users/Ingwie/Work/drag0n-php/ext/mbstring/libmbfl -I/Users/Ingwie/Work/drag0n-php/ext/mbstring/libmbfl/mbfl -I/Users/Ingwie/Work/drag0n-php/ext/sqlite3/libsqlite -I/Users/Ingwie/Work/drag0n-php/ext/pthreads -I/usr/include/tidy -I/Users/Ingwie/Work/drag0n-php/ext/tokenizer/includes -I/usr/local/lib/wx/include/osx_cocoa-unicode-2.9 -I/usr/local/include/wx-2.9 -I/Users/Ingwie/Work/drag0n-php/TSRM -I/Users/Ingwie/Work/drag0n-php/Zend  -no-cpp-precomp  -I/usr/include -g -O2 -fvisibility=hidden -DZTS  -c /Users/Ingwie/Work/drag0n-php/ext/zip/lib/zip_rename.c -o ext/zip/lib/zip_rename.lo 
/bin/sh /Users/Ingwie/Work/drag0n-php/libtool --silent --preserve-dup-deps --mode=compile cc  -Iext/zip/ -I/Users/Ingwie/Work/drag0n-php/ext/zip/ -DPHP_ATOM_INC -I/Users/Ingwie/Work/drag0n-php/include -I/Users/Ingwie/Work/drag0n-php/main -I/Users/Ingwie/Work/drag0n-php -I/Users/Ingwie/Work/drag0n-php/ext/date/lib -I/Users/Ingwie/Work/drag0n-php/ext/ereg/regex -I/usr/include/libxml2 -I/usr/local/include -I/Users/Ingwie/Work/drag0n-php/ext/mbstring/oniguruma -I/Users/Ingwie/Work/drag0n-php/ext/mbstring/libmbfl -I/Users/Ingwie/Work/drag0n-php/ext/mbstring/libmbfl/mbfl -I/Users/Ingwie/Work/drag0n-php/ext/sqlite3/libsqlite -I/Users/Ingwie/Work/drag0n-php/ext/pthreads -I/usr/include/tidy -I/Users/Ingwie/Work/drag0n-php/ext/tokenizer/includes -I/usr/local/lib/wx/include/osx_cocoa-unicode-2.9 -I/usr/local/include/wx-2.9 -I/Users/Ingwie/Work/drag0n-php/TSRM -I/Users/Ingwie/Work/drag0n-php/Zend  -no-cpp-precomp  -I/usr/include -g -O2 -fvisibility=hidden -DZTS  -c /Users/Ingwie/Work/drag0n-php/ext/zip/lib/zip_source_free.c -o ext/zip/lib/zip_source_free.lo 
/bin/sh /Users/Ingwie/Work/drag0n-php/libtool --silent --preserve-dup-deps --mode=compile cc  -Iext/zip/ -I/Users/Ingwie/Work/drag0n-php/ext/zip/ -DPHP_ATOM_INC -I/Users/Ingwie/Work/drag0n-php/include -I/Users/Ingwie/Work/drag0n-php/main -I/Users/Ingwie/Work/drag0n-php -I/Users/Ingwie/Work/drag0n-php/ext/date/lib -I/Users/Ingwie/Work/drag0n-php/ext/ereg/regex -I/usr/include/libxml2 -I/usr/local/include -I/Users/Ingwie/Work/drag0n-php/ext/mbstring/oniguruma -I/Users/Ingwie/Work/drag0n-php/ext/mbstring/libmbfl -I/Users/Ingwie/Work/drag0n-php/ext/mbstring/libmbfl/mbfl -I/Users/Ingwie/Work/drag0n-php/ext/sqlite3/libsqlite -I/Users/Ingwie/Work/drag0n-php/ext/pthreads -I/usr/include/tidy -I/Users/Ingwie/Work/drag0n-php/ext/tokenizer/includes -I/usr/local/lib/wx/include/osx_cocoa-unicode-2.9 -I/usr/local/include/wx-2.9 -I/Users/Ingwie/Work/drag0n-php/TSRM -I/Users/Ingwie/Work/drag0n-php/Zend  -no-cpp-precomp  -I/usr/include -g -O2 -fvisibility=hidden -DZTS  -c /Users/Ingwie/Work/drag0n-php/ext/zip/lib/zip_unchange_all.c -o ext/zip/lib/zip_unchange_all.lo 
/bin/sh /Users/Ingwie/Work/drag0n-php/libtool --silent --preserve-dup-deps --mode=compile cc  -Iext/zip/ -I/Users/Ingwie/Work/drag0n-php/ext/zip/ -DPHP_ATOM_INC -I/Users/Ingwie/Work/drag0n-php/include -I/Users/Ingwie/Work/drag0n-php/main -I/Users/Ingwie/Work/drag0n-php -I/Users/Ingwie/Work/drag0n-php/ext/date/lib -I/Users/Ingwie/Work/drag0n-php/ext/ereg/regex -I/usr/include/libxml2 -I/usr/local/include -I/Users/Ingwie/Work/drag0n-php/ext/mbstring/oniguruma -I/Users/Ingwie/Work/drag0n-php/ext/mbstring/libmbfl -I/Users/Ingwie/Work/drag0n-php/ext/mbstring/libmbfl/mbfl -I/Users/Ingwie/Work/drag0n-php/ext/sqlite3/libsqlite -I/Users/Ingwie/Work/drag0n-php/ext/pthreads -I/usr/include/tidy -I/Users/Ingwie/Work/drag0n-php/ext/tokenizer/includes -I/usr/local/lib/wx/include/osx_cocoa-unicode-2.9 -I/usr/local/include/wx-2.9 -I/Users/Ingwie/Work/drag0n-php/TSRM -I/Users/Ingwie/Work/drag0n-php/Zend  -no-cpp-precomp  -I/usr/include -g -O2 -fvisibility=hidden -DZTS  -c /Users/Ingwie/Work/drag0n-php/ext/zip/lib/zip_delete.c -o ext/zip/lib/zip_delete.lo 
/bin/sh /Users/Ingwie/Work/drag0n-php/libtool --silent --preserve-dup-deps --mode=compile cc  -Iext/zip/ -I/Users/Ingwie/Work/drag0n-php/ext/zip/ -DPHP_ATOM_INC -I/Users/Ingwie/Work/drag0n-php/include -I/Users/Ingwie/Work/drag0n-php/main -I/Users/Ingwie/Work/drag0n-php -I/Users/Ingwie/Work/drag0n-php/ext/date/lib -I/Users/Ingwie/Work/drag0n-php/ext/ereg/regex -I/usr/include/libxml2 -I/usr/local/include -I/Users/Ingwie/Work/drag0n-php/ext/mbstring/oniguruma -I/Users/Ingwie/Work/drag0n-php/ext/mbstring/libmbfl -I/Users/Ingwie/Work/drag0n-php/ext/mbstring/libmbfl/mbfl -I/Users/Ingwie/Work/drag0n-php/ext/sqlite3/libsqlite -I/Users/Ingwie/Work/drag0n-php/ext/pthreads -I/usr/include/tidy -I/Users/Ingwie/Work/drag0n-php/ext/tokenizer/includes -I/usr/local/lib/wx/include/osx_cocoa-unicode-2.9 -I/usr/local/include/wx-2.9 -I/Users/Ingwie/Work/drag0n-php/TSRM -I/Users/Ingwie/Work/drag0n-php/Zend  -no-cpp-precomp  -I/usr/include -g -O2 -fvisibility=hidden -DZTS  -c /Users/Ingwie/Work/drag0n-php/ext/zip/lib/zip_error_get_sys_type.c -o ext/zip/lib/zip_error_get_sys_type.lo 
/bin/sh /Users/Ingwie/Work/drag0n-php/libtool --silent --preserve-dup-deps --mode=compile cc  -Iext/zip/ -I/Users/Ingwie/Work/drag0n-php/ext/zip/ -DPHP_ATOM_INC -I/Users/Ingwie/Work/drag0n-php/include -I/Users/Ingwie/Work/drag0n-php/main -I/Users/Ingwie/Work/drag0n-php -I/Users/Ingwie/Work/drag0n-php/ext/date/lib -I/Users/Ingwie/Work/drag0n-php/ext/ereg/regex -I/usr/include/libxml2 -I/usr/local/include -I/Users/Ingwie/Work/drag0n-php/ext/mbstring/oniguruma -I/Users/Ingwie/Work/drag0n-php/ext/mbstring/libmbfl -I/Users/Ingwie/Work/drag0n-php/ext/mbstring/libmbfl/mbfl -I/Users/Ingwie/Work/drag0n-php/ext/sqlite3/libsqlite -I/Users/Ingwie/Work/drag0n-php/ext/pthreads -I/usr/include/tidy -I/Users/Ingwie/Work/drag0n-php/ext/tokenizer/includes -I/usr/local/lib/wx/include/osx_cocoa-unicode-2.9 -I/usr/local/include/wx-2.9 -I/Users/Ingwie/Work/drag0n-php/TSRM -I/Users/Ingwie/Work/drag0n-php/Zend  -no-cpp-precomp  -I/usr/include -g -O2 -fvisibility=hidden -DZTS  -c /Users/Ingwie/Work/drag0n-php/ext/zip/lib/zip_file_get_offset.c -o ext/zip/lib/zip_file_get_offset.lo 
/bin/sh /Users/Ingwie/Work/drag0n-php/libtool --silent --preserve-dup-deps --mode=compile cc  -Iext/zip/ -I/Users/Ingwie/Work/drag0n-php/ext/zip/ -DPHP_ATOM_INC -I/Users/Ingwie/Work/drag0n-php/include -I/Users/Ingwie/Work/drag0n-php/main -I/Users/Ingwie/Work/drag0n-php -I/Users/Ingwie/Work/drag0n-php/ext/date/lib -I/Users/Ingwie/Work/drag0n-php/ext/ereg/regex -I/usr/include/libxml2 -I/usr/local/include -I/Users/Ingwie/Work/drag0n-php/ext/mbstring/oniguruma -I/Users/Ingwie/Work/drag0n-php/ext/mbstring/libmbfl -I/Users/Ingwie/Work/drag0n-php/ext/mbstring/libmbfl/mbfl -I/Users/Ingwie/Work/drag0n-php/ext/sqlite3/libsqlite -I/Users/Ingwie/Work/drag0n-php/ext/pthreads -I/usr/include/tidy -I/Users/Ingwie/Work/drag0n-php/ext/tokenizer/includes -I/usr/local/lib/wx/include/osx_cocoa-unicode-2.9 -I/usr/local/include/wx-2.9 -I/Users/Ingwie/Work/drag0n-php/TSRM -I/Users/Ingwie/Work/drag0n-php/Zend  -no-cpp-precomp  -I/usr/include -g -O2 -fvisibility=hidden -DZTS  -c /Users/Ingwie/Work/drag0n-php/ext/zip/lib/zip_get_name.c -o ext/zip/lib/zip_get_name.lo 
/bin/sh /Users/Ingwie/Work/drag0n-php/libtool --silent --preserve-dup-deps --mode=compile cc  -Iext/zip/ -I/Users/Ingwie/Work/drag0n-php/ext/zip/ -DPHP_ATOM_INC -I/Users/Ingwie/Work/drag0n-php/include -I/Users/Ingwie/Work/drag0n-php/main -I/Users/Ingwie/Work/drag0n-php -I/Users/Ingwie/Work/drag0n-php/ext/date/lib -I/Users/Ingwie/Work/drag0n-php/ext/ereg/regex -I/usr/include/libxml2 -I/usr/local/include -I/Users/Ingwie/Work/drag0n-php/ext/mbstring/oniguruma -I/Users/Ingwie/Work/drag0n-php/ext/mbstring/libmbfl -I/Users/Ingwie/Work/drag0n-php/ext/mbstring/libmbfl/mbfl -I/Users/Ingwie/Work/drag0n-php/ext/sqlite3/libsqlite -I/Users/Ingwie/Work/drag0n-php/ext/pthreads -I/usr/include/tidy -I/Users/Ingwie/Work/drag0n-php/ext/tokenizer/includes -I/usr/local/lib/wx/include/osx_cocoa-unicode-2.9 -I/usr/local/include/wx-2.9 -I/Users/Ingwie/Work/drag0n-php/TSRM -I/Users/Ingwie/Work/drag0n-php/Zend  -no-cpp-precomp  -I/usr/include -g -O2 -fvisibility=hidden -DZTS  -c /Users/Ingwie/Work/drag0n-php/ext/zip/lib/zip_replace.c -o ext/zip/lib/zip_replace.lo 
/bin/sh /Users/Ingwie/Work/drag0n-php/libtool --silent --preserve-dup-deps --mode=compile cc  -Iext/zip/ -I/Users/Ingwie/Work/drag0n-php/ext/zip/ -DPHP_ATOM_INC -I/Users/Ingwie/Work/drag0n-php/include -I/Users/Ingwie/Work/drag0n-php/main -I/Users/Ingwie/Work/drag0n-php -I/Users/Ingwie/Work/drag0n-php/ext/date/lib -I/Users/Ingwie/Work/drag0n-php/ext/ereg/regex -I/usr/include/libxml2 -I/usr/local/include -I/Users/Ingwie/Work/drag0n-php/ext/mbstring/oniguruma -I/Users/Ingwie/Work/drag0n-php/ext/mbstring/libmbfl -I/Users/Ingwie/Work/drag0n-php/ext/mbstring/libmbfl/mbfl -I/Users/Ingwie/Work/drag0n-php/ext/sqlite3/libsqlite -I/Users/Ingwie/Work/drag0n-php/ext/pthreads -I/usr/include/tidy -I/Users/Ingwie/Work/drag0n-php/ext/tokenizer/includes -I/usr/local/lib/wx/include/osx_cocoa-unicode-2.9 -I/usr/local/include/wx-2.9 -I/Users/Ingwie/Work/drag0n-php/TSRM -I/Users/Ingwie/Work/drag0n-php/Zend  -no-cpp-precomp  -I/usr/include -g -O2 -fvisibility=hidden -DZTS  -c /Users/Ingwie/Work/drag0n-php/ext/zip/lib/zip_source_function.c -o ext/zip/lib/zip_source_function.lo 
/bin/sh /Users/Ingwie/Work/drag0n-php/libtool --silent --preserve-dup-deps --mode=compile cc  -Iext/zip/ -I/Users/Ingwie/Work/drag0n-php/ext/zip/ -DPHP_ATOM_INC -I/Users/Ingwie/Work/drag0n-php/include -I/Users/Ingwie/Work/drag0n-php/main -I/Users/Ingwie/Work/drag0n-php -I/Users/Ingwie/Work/drag0n-php/ext/date/lib -I/Users/Ingwie/Work/drag0n-php/ext/ereg/regex -I/usr/include/libxml2 -I/usr/local/include -I/Users/Ingwie/Work/drag0n-php/ext/mbstring/oniguruma -I/Users/Ingwie/Work/drag0n-php/ext/mbstring/libmbfl -I/Users/Ingwie/Work/drag0n-php/ext/mbstring/libmbfl/mbfl -I/Users/Ingwie/Work/drag0n-php/ext/sqlite3/libsqlite -I/Users/Ingwie/Work/drag0n-php/ext/pthreads -I/usr/include/tidy -I/Users/Ingwie/Work/drag0n-php/ext/tokenizer/includes -I/usr/local/lib/wx/include/osx_cocoa-unicode-2.9 -I/usr/local/include/wx-2.9 -I/Users/Ingwie/Work/drag0n-php/TSRM -I/Users/Ingwie/Work/drag0n-php/Zend  -no-cpp-precomp  -I/usr/include -g -O2 -fvisibility=hidden -DZTS  -c /Users/Ingwie/Work/drag0n-php/ext/zip/lib/zip_unchange.c -o ext/zip/lib/zip_unchange.lo 
/bin/sh /Users/Ingwie/Work/drag0n-php/libtool --silent --preserve-dup-deps --mode=compile cc  -Iext/zip/ -I/Users/Ingwie/Work/drag0n-php/ext/zip/ -DPHP_ATOM_INC -I/Users/Ingwie/Work/drag0n-php/include -I/Users/Ingwie/Work/drag0n-php/main -I/Users/Ingwie/Work/drag0n-php -I/Users/Ingwie/Work/drag0n-php/ext/date/lib -I/Users/Ingwie/Work/drag0n-php/ext/ereg/regex -I/usr/include/libxml2 -I/usr/local/include -I/Users/Ingwie/Work/drag0n-php/ext/mbstring/oniguruma -I/Users/Ingwie/Work/drag0n-php/ext/mbstring/libmbfl -I/Users/Ingwie/Work/drag0n-php/ext/mbstring/libmbfl/mbfl -I/Users/Ingwie/Work/drag0n-php/ext/sqlite3/libsqlite -I/Users/Ingwie/Work/drag0n-php/ext/pthreads -I/usr/include/tidy -I/Users/Ingwie/Work/drag0n-php/ext/tokenizer/includes -I/usr/local/lib/wx/include/osx_cocoa-unicode-2.9 -I/usr/local/include/wx-2.9 -I/Users/Ingwie/Work/drag0n-php/TSRM -I/Users/Ingwie/Work/drag0n-php/Zend  -no-cpp-precomp  -I/usr/include -g -O2 -fvisibility=hidden -DZTS  -c /Users/Ingwie/Work/drag0n-php/ext/zip/lib/zip_dirent.c -o ext/zip/lib/zip_dirent.lo 
/bin/sh /Users/Ingwie/Work/drag0n-php/libtool --silent --preserve-dup-deps --mode=compile cc  -Iext/zip/ -I/Users/Ingwie/Work/drag0n-php/ext/zip/ -DPHP_ATOM_INC -I/Users/Ingwie/Work/drag0n-php/include -I/Users/Ingwie/Work/drag0n-php/main -I/Users/Ingwie/Work/drag0n-php -I/Users/Ingwie/Work/drag0n-php/ext/date/lib -I/Users/Ingwie/Work/drag0n-php/ext/ereg/regex -I/usr/include/libxml2 -I/usr/local/include -I/Users/Ingwie/Work/drag0n-php/ext/mbstring/oniguruma -I/Users/Ingwie/Work/drag0n-php/ext/mbstring/libmbfl -I/Users/Ingwie/Work/drag0n-php/ext/mbstring/libmbfl/mbfl -I/Users/Ingwie/Work/drag0n-php/ext/sqlite3/libsqlite -I/Users/Ingwie/Work/drag0n-php/ext/pthreads -I/usr/include/tidy -I/Users/Ingwie/Work/drag0n-php/ext/tokenizer/includes -I/usr/local/lib/wx/include/osx_cocoa-unicode-2.9 -I/usr/local/include/wx-2.9 -I/Users/Ingwie/Work/drag0n-php/TSRM -I/Users/Ingwie/Work/drag0n-php/Zend  -no-cpp-precomp  -I/usr/include -g -O2 -fvisibility=hidden -DZTS  -c /Users/Ingwie/Work/drag0n-php/ext/zip/lib/zip_error_strerror.c -o ext/zip/lib/zip_error_strerror.lo 
/bin/sh /Users/Ingwie/Work/drag0n-php/libtool --silent --preserve-dup-deps --mode=compile cc  -Iext/zip/ -I/Users/Ingwie/Work/drag0n-php/ext/zip/ -DPHP_ATOM_INC -I/Users/Ingwie/Work/drag0n-php/include -I/Users/Ingwie/Work/drag0n-php/main -I/Users/Ingwie/Work/drag0n-php -I/Users/Ingwie/Work/drag0n-php/ext/date/lib -I/Users/Ingwie/Work/drag0n-php/ext/ereg/regex -I/usr/include/libxml2 -I/usr/local/include -I/Users/Ingwie/Work/drag0n-php/ext/mbstring/oniguruma -I/Users/Ingwie/Work/drag0n-php/ext/mbstring/libmbfl -I/Users/Ingwie/Work/drag0n-php/ext/mbstring/libmbfl/mbfl -I/Users/Ingwie/Work/drag0n-php/ext/sqlite3/libsqlite -I/Users/Ingwie/Work/drag0n-php/ext/pthreads -I/usr/include/tidy -I/Users/Ingwie/Work/drag0n-php/ext/tokenizer/includes -I/usr/local/lib/wx/include/osx_cocoa-unicode-2.9 -I/usr/local/include/wx-2.9 -I/Users/Ingwie/Work/drag0n-php/TSRM -I/Users/Ingwie/Work/drag0n-php/Zend  -no-cpp-precomp  -I/usr/include -g -O2 -fvisibility=hidden -DZTS  -c /Users/Ingwie/Work/drag0n-php/ext/zip/lib/zip_filerange_crc.c -o ext/zip/lib/zip_filerange_crc.lo 
/bin/sh /Users/Ingwie/Work/drag0n-php/libtool --silent --preserve-dup-deps --mode=compile cc  -Iext/zip/ -I/Users/Ingwie/Work/drag0n-php/ext/zip/ -DPHP_ATOM_INC -I/Users/Ingwie/Work/drag0n-php/include -I/Users/Ingwie/Work/drag0n-php/main -I/Users/Ingwie/Work/drag0n-php -I/Users/Ingwie/Work/drag0n-php/ext/date/lib -I/Users/Ingwie/Work/drag0n-php/ext/ereg/regex -I/usr/include/libxml2 -I/usr/local/include -I/Users/Ingwie/Work/drag0n-php/ext/mbstring/oniguruma -I/Users/Ingwie/Work/drag0n-php/ext/mbstring/libmbfl -I/Users/Ingwie/Work/drag0n-php/ext/mbstring/libmbfl/mbfl -I/Users/Ingwie/Work/drag0n-php/ext/sqlite3/libsqlite -I/Users/Ingwie/Work/drag0n-php/ext/pthreads -I/usr/include/tidy -I/Users/Ingwie/Work/drag0n-php/ext/tokenizer/includes -I/usr/local/lib/wx/include/osx_cocoa-unicode-2.9 -I/usr/local/include/wx-2.9 -I/Users/Ingwie/Work/drag0n-php/TSRM -I/Users/Ingwie/Work/drag0n-php/Zend  -no-cpp-precomp  -I/usr/include -g -O2 -fvisibility=hidden -DZTS  -c /Users/Ingwie/Work/drag0n-php/ext/zip/lib/zip_file_strerror.c -o ext/zip/lib/zip_file_strerror.lo 
/bin/sh /Users/Ingwie/Work/drag0n-php/libtool --silent --preserve-dup-deps --mode=compile cc  -Iext/zip/ -I/Users/Ingwie/Work/drag0n-php/ext/zip/ -DPHP_ATOM_INC -I/Users/Ingwie/Work/drag0n-php/include -I/Users/Ingwie/Work/drag0n-php/main -I/Users/Ingwie/Work/drag0n-php -I/Users/Ingwie/Work/drag0n-php/ext/date/lib -I/Users/Ingwie/Work/drag0n-php/ext/ereg/regex -I/usr/include/libxml2 -I/usr/local/include -I/Users/Ingwie/Work/drag0n-php/ext/mbstring/oniguruma -I/Users/Ingwie/Work/drag0n-php/ext/mbstring/libmbfl -I/Users/Ingwie/Work/drag0n-php/ext/mbstring/libmbfl/mbfl -I/Users/Ingwie/Work/drag0n-php/ext/sqlite3/libsqlite -I/Users/Ingwie/Work/drag0n-php/ext/pthreads -I/usr/include/tidy -I/Users/Ingwie/Work/drag0n-php/ext/tokenizer/includes -I/usr/local/lib/wx/include/osx_cocoa-unicode-2.9 -I/usr/local/include/wx-2.9 -I/Users/Ingwie/Work/drag0n-php/TSRM -I/Users/Ingwie/Work/drag0n-php/Zend  -no-cpp-precomp  -I/usr/include -g -O2 -fvisibility=hidden -DZTS  -c /Users/Ingwie/Work/drag0n-php/ext/zip/lib/zip_get_num_files.c -o ext/zip/lib/zip_get_num_files.lo 
/bin/sh /Users/Ingwie/Work/drag0n-php/libtool --silent --preserve-dup-deps --mode=compile cc  -Iext/zip/ -I/Users/Ingwie/Work/drag0n-php/ext/zip/ -DPHP_ATOM_INC -I/Users/Ingwie/Work/drag0n-php/include -I/Users/Ingwie/Work/drag0n-php/main -I/Users/Ingwie/Work/drag0n-php -I/Users/Ingwie/Work/drag0n-php/ext/date/lib -I/Users/Ingwie/Work/drag0n-php/ext/ereg/regex -I/usr/include/libxml2 -I/usr/local/include -I/Users/Ingwie/Work/drag0n-php/ext/mbstring/oniguruma -I/Users/Ingwie/Work/drag0n-php/ext/mbstring/libmbfl -I/Users/Ingwie/Work/drag0n-php/ext/mbstring/libmbfl/mbfl -I/Users/Ingwie/Work/drag0n-php/ext/sqlite3/libsqlite -I/Users/Ingwie/Work/drag0n-php/ext/pthreads -I/usr/include/tidy -I/Users/Ingwie/Work/drag0n-php/ext/tokenizer/includes -I/usr/local/lib/wx/include/osx_cocoa-unicode-2.9 -I/usr/local/include/wx-2.9 -I/Users/Ingwie/Work/drag0n-php/TSRM -I/Users/Ingwie/Work/drag0n-php/Zend  -no-cpp-precomp  -I/usr/include -g -O2 -fvisibility=hidden -DZTS  -c /Users/Ingwie/Work/drag0n-php/ext/zip/lib/zip_get_archive_flag.c -o ext/zip/lib/zip_get_archive_flag.lo 
/bin/sh /Users/Ingwie/Work/drag0n-php/libtool --silent --preserve-dup-deps --mode=compile cc  -Iext/zip/ -I/Users/Ingwie/Work/drag0n-php/ext/zip/ -DPHP_ATOM_INC -I/Users/Ingwie/Work/drag0n-php/include -I/Users/Ingwie/Work/drag0n-php/main -I/Users/Ingwie/Work/drag0n-php -I/Users/Ingwie/Work/drag0n-php/ext/date/lib -I/Users/Ingwie/Work/drag0n-php/ext/ereg/regex -I/usr/include/libxml2 -I/usr/local/include -I/Users/Ingwie/Work/drag0n-php/ext/mbstring/oniguruma -I/Users/Ingwie/Work/drag0n-php/ext/mbstring/libmbfl -I/Users/Ingwie/Work/drag0n-php/ext/mbstring/libmbfl/mbfl -I/Users/Ingwie/Work/drag0n-php/ext/sqlite3/libsqlite -I/Users/Ingwie/Work/drag0n-php/ext/pthreads -I/usr/include/tidy -I/Users/Ingwie/Work/drag0n-php/ext/tokenizer/includes -I/usr/local/lib/wx/include/osx_cocoa-unicode-2.9 -I/usr/local/include/wx-2.9 -I/Users/Ingwie/Work/drag0n-php/TSRM -I/Users/Ingwie/Work/drag0n-php/Zend  -no-cpp-precomp  -I/usr/include -g -O2 -fvisibility=hidden -DZTS  -c /Users/Ingwie/Work/drag0n-php/ext/zip/lib/zip_set_archive_flag.c -o ext/zip/lib/zip_set_archive_flag.lo 
/bin/sh /Users/Ingwie/Work/drag0n-php/libtool --silent --preserve-dup-deps --mode=compile cc  -Iext/zip/ -I/Users/Ingwie/Work/drag0n-php/ext/zip/ -DPHP_ATOM_INC -I/Users/Ingwie/Work/drag0n-php/include -I/Users/Ingwie/Work/drag0n-php/main -I/Users/Ingwie/Work/drag0n-php -I/Users/Ingwie/Work/drag0n-php/ext/date/lib -I/Users/Ingwie/Work/drag0n-php/ext/ereg/regex -I/usr/include/libxml2 -I/usr/local/include -I/Users/Ingwie/Work/drag0n-php/ext/mbstring/oniguruma -I/Users/Ingwie/Work/drag0n-php/ext/mbstring/libmbfl -I/Users/Ingwie/Work/drag0n-php/ext/mbstring/libmbfl/mbfl -I/Users/Ingwie/Work/drag0n-php/ext/sqlite3/libsqlite -I/Users/Ingwie/Work/drag0n-php/ext/pthreads -I/usr/include/tidy -I/Users/Ingwie/Work/drag0n-php/ext/tokenizer/includes -I/usr/local/lib/wx/include/osx_cocoa-unicode-2.9 -I/usr/local/include/wx-2.9 -I/Users/Ingwie/Work/drag0n-php/TSRM -I/Users/Ingwie/Work/drag0n-php/Zend  -no-cpp-precomp  -I/usr/include -g -O2 -fvisibility=hidden -DZTS  -c /Users/Ingwie/Work/drag0n-php/ext/zip/lib/zip_set_name.c -o ext/zip/lib/zip_set_name.lo 
/bin/sh /Users/Ingwie/Work/drag0n-php/libtool --silent --preserve-dup-deps --mode=compile cc  -Iext/zip/ -I/Users/Ingwie/Work/drag0n-php/ext/zip/ -DPHP_ATOM_INC -I/Users/Ingwie/Work/drag0n-php/include -I/Users/Ingwie/Work/drag0n-php/main -I/Users/Ingwie/Work/drag0n-php -I/Users/Ingwie/Work/drag0n-php/ext/date/lib -I/Users/Ingwie/Work/drag0n-php/ext/ereg/regex -I/usr/include/libxml2 -I/usr/local/include -I/Users/Ingwie/Work/drag0n-php/ext/mbstring/oniguruma -I/Users/Ingwie/Work/drag0n-php/ext/mbstring/libmbfl -I/Users/Ingwie/Work/drag0n-php/ext/mbstring/libmbfl/mbfl -I/Users/Ingwie/Work/drag0n-php/ext/sqlite3/libsqlite -I/Users/Ingwie/Work/drag0n-php/ext/pthreads -I/usr/include/tidy -I/Users/Ingwie/Work/drag0n-php/ext/tokenizer/includes -I/usr/local/lib/wx/include/osx_cocoa-unicode-2.9 -I/usr/local/include/wx-2.9 -I/Users/Ingwie/Work/drag0n-php/TSRM -I/Users/Ingwie/Work/drag0n-php/Zend  -no-cpp-precomp  -I/usr/include -g -O2 -fvisibility=hidden -DZTS  -c /Users/Ingwie/Work/drag0n-php/ext/zip/lib/zip_source_zip.c -o ext/zip/lib/zip_source_zip.lo 
/Users/Ingwie/Work/drag0n-php/ext/zip/lib/zip_source_zip.c:66:45: warning: comparison of unsigned expression < 0 is always false [-Wtautological-compare]
    if (srcza == NULL || len < -1 || srcidx < 0 || srcidx >= srcza->nentry) {
                                     ~~~~~~ ^ ~
1 warning generated.
/bin/sh /Users/Ingwie/Work/drag0n-php/libtool --silent --preserve-dup-deps --mode=compile cc  -Iext/zip/ -I/Users/Ingwie/Work/drag0n-php/ext/zip/ -DPHP_ATOM_INC -I/Users/Ingwie/Work/drag0n-php/include -I/Users/Ingwie/Work/drag0n-php/main -I/Users/Ingwie/Work/drag0n-php -I/Users/Ingwie/Work/drag0n-php/ext/date/lib -I/Users/Ingwie/Work/drag0n-php/ext/ereg/regex -I/usr/include/libxml2 -I/usr/local/include -I/Users/Ingwie/Work/drag0n-php/ext/mbstring/oniguruma -I/Users/Ingwie/Work/drag0n-php/ext/mbstring/libmbfl -I/Users/Ingwie/Work/drag0n-php/ext/mbstring/libmbfl/mbfl -I/Users/Ingwie/Work/drag0n-php/ext/sqlite3/libsqlite -I/Users/Ingwie/Work/drag0n-php/ext/pthreads -I/usr/include/tidy -I/Users/Ingwie/Work/drag0n-php/ext/tokenizer/includes -I/usr/local/lib/wx/include/osx_cocoa-unicode-2.9 -I/usr/local/include/wx-2.9 -I/Users/Ingwie/Work/drag0n-php/TSRM -I/Users/Ingwie/Work/drag0n-php/Zend  -no-cpp-precomp  -I/usr/include -g -O2 -fvisibility=hidden -DZTS  -c /Users/Ingwie/Work/drag0n-php/ext/zip/lib/zip_unchange_data.c -o ext/zip/lib/zip_unchange_data.lo 
/bin/sh /Users/Ingwie/Work/drag0n-php/libtool --silent --preserve-dup-deps --mode=compile cc  -Iext/zip/ -I/Users/Ingwie/Work/drag0n-php/ext/zip/ -DPHP_ATOM_INC -I/Users/Ingwie/Work/drag0n-php/include -I/Users/Ingwie/Work/drag0n-php/main -I/Users/Ingwie/Work/drag0n-php -I/Users/Ingwie/Work/drag0n-php/ext/date/lib -I/Users/Ingwie/Work/drag0n-php/ext/ereg/regex -I/usr/include/libxml2 -I/usr/local/include -I/Users/Ingwie/Work/drag0n-php/ext/mbstring/oniguruma -I/Users/Ingwie/Work/drag0n-php/ext/mbstring/libmbfl -I/Users/Ingwie/Work/drag0n-php/ext/mbstring/libmbfl/mbfl -I/Users/Ingwie/Work/drag0n-php/ext/sqlite3/libsqlite -I/Users/Ingwie/Work/drag0n-php/ext/pthreads -I/usr/include/tidy -I/Users/Ingwie/Work/drag0n-php/ext/tokenizer/includes -I/usr/local/lib/wx/include/osx_cocoa-unicode-2.9 -I/usr/local/include/wx-2.9 -I/Users/Ingwie/Work/drag0n-php/TSRM -I/Users/Ingwie/Work/drag0n-php/Zend  -no-cpp-precomp  -I/usr/include -g -O2 -fvisibility=hidden -DZTS  -c /Users/Ingwie/Work/drag0n-php/ext/zip/lib/zip_entry_free.c -o ext/zip/lib/zip_entry_free.lo 
/bin/sh /Users/Ingwie/Work/drag0n-php/libtool --silent --preserve-dup-deps --mode=compile cc  -Iext/zip/ -I/Users/Ingwie/Work/drag0n-php/ext/zip/ -DPHP_ATOM_INC -I/Users/Ingwie/Work/drag0n-php/include -I/Users/Ingwie/Work/drag0n-php/main -I/Users/Ingwie/Work/drag0n-php -I/Users/Ingwie/Work/drag0n-php/ext/date/lib -I/Users/Ingwie/Work/drag0n-php/ext/ereg/regex -I/usr/include/libxml2 -I/usr/local/include -I/Users/Ingwie/Work/drag0n-php/ext/mbstring/oniguruma -I/Users/Ingwie/Work/drag0n-php/ext/mbstring/libmbfl -I/Users/Ingwie/Work/drag0n-php/ext/mbstring/libmbfl/mbfl -I/Users/Ingwie/Work/drag0n-php/ext/sqlite3/libsqlite -I/Users/Ingwie/Work/drag0n-php/ext/pthreads -I/usr/include/tidy -I/Users/Ingwie/Work/drag0n-php/ext/tokenizer/includes -I/usr/local/lib/wx/include/osx_cocoa-unicode-2.9 -I/usr/local/include/wx-2.9 -I/Users/Ingwie/Work/drag0n-php/TSRM -I/Users/Ingwie/Work/drag0n-php/Zend  -no-cpp-precomp  -I/usr/include -g -O2 -fvisibility=hidden -DZTS  -c /Users/Ingwie/Work/drag0n-php/ext/zip/lib/zip_error_to_str.c -o ext/zip/lib/zip_error_to_str.lo 
/bin/sh /Users/Ingwie/Work/drag0n-php/libtool --silent --preserve-dup-deps --mode=compile cc  -Iext/zip/ -I/Users/Ingwie/Work/drag0n-php/ext/zip/ -DPHP_ATOM_INC -I/Users/Ingwie/Work/drag0n-php/include -I/Users/Ingwie/Work/drag0n-php/main -I/Users/Ingwie/Work/drag0n-php -I/Users/Ingwie/Work/drag0n-php/ext/date/lib -I/Users/Ingwie/Work/drag0n-php/ext/ereg/regex -I/usr/include/libxml2 -I/usr/local/include -I/Users/Ingwie/Work/drag0n-php/ext/mbstring/oniguruma -I/Users/Ingwie/Work/drag0n-php/ext/mbstring/libmbfl -I/Users/Ingwie/Work/drag0n-php/ext/mbstring/libmbfl/mbfl -I/Users/Ingwie/Work/drag0n-php/ext/sqlite3/libsqlite -I/Users/Ingwie/Work/drag0n-php/ext/pthreads -I/usr/include/tidy -I/Users/Ingwie/Work/drag0n-php/ext/tokenizer/includes -I/usr/local/lib/wx/include/osx_cocoa-unicode-2.9 -I/usr/local/include/wx-2.9 -I/Users/Ingwie/Work/drag0n-php/TSRM -I/Users/Ingwie/Work/drag0n-php/Zend  -no-cpp-precomp  -I/usr/include -g -O2 -fvisibility=hidden -DZTS  -c /Users/Ingwie/Work/drag0n-php/ext/zip/lib/zip_fopen.c -o ext/zip/lib/zip_fopen.lo 
/bin/sh /Users/Ingwie/Work/drag0n-php/libtool --silent --preserve-dup-deps --mode=compile cc  -Iext/zip/ -I/Users/Ingwie/Work/drag0n-php/ext/zip/ -DPHP_ATOM_INC -I/Users/Ingwie/Work/drag0n-php/include -I/Users/Ingwie/Work/drag0n-php/main -I/Users/Ingwie/Work/drag0n-php -I/Users/Ingwie/Work/drag0n-php/ext/date/lib -I/Users/Ingwie/Work/drag0n-php/ext/ereg/regex -I/usr/include/libxml2 -I/usr/local/include -I/Users/Ingwie/Work/drag0n-php/ext/mbstring/oniguruma -I/Users/Ingwie/Work/drag0n-php/ext/mbstring/libmbfl -I/Users/Ingwie/Work/drag0n-php/ext/mbstring/libmbfl/mbfl -I/Users/Ingwie/Work/drag0n-php/ext/sqlite3/libsqlite -I/Users/Ingwie/Work/drag0n-php/ext/pthreads -I/usr/include/tidy -I/Users/Ingwie/Work/drag0n-php/ext/tokenizer/includes -I/usr/local/lib/wx/include/osx_cocoa-unicode-2.9 -I/usr/local/include/wx-2.9 -I/Users/Ingwie/Work/drag0n-php/TSRM -I/Users/Ingwie/Work/drag0n-php/Zend  -no-cpp-precomp  -I/usr/include -g -O2 -fvisibility=hidden -DZTS  -c /Users/Ingwie/Work/drag0n-php/ext/zip/lib/zip_name_locate.c -o ext/zip/lib/zip_name_locate.lo 
/bin/sh /Users/Ingwie/Work/drag0n-php/libtool --silent --preserve-dup-deps --mode=compile cc  -Iext/zip/ -I/Users/Ingwie/Work/drag0n-php/ext/zip/ -DPHP_ATOM_INC -I/Users/Ingwie/Work/drag0n-php/include -I/Users/Ingwie/Work/drag0n-php/main -I/Users/Ingwie/Work/drag0n-php -I/Users/Ingwie/Work/drag0n-php/ext/date/lib -I/Users/Ingwie/Work/drag0n-php/ext/ereg/regex -I/usr/include/libxml2 -I/usr/local/include -I/Users/Ingwie/Work/drag0n-php/ext/mbstring/oniguruma -I/Users/Ingwie/Work/drag0n-php/ext/mbstring/libmbfl -I/Users/Ingwie/Work/drag0n-php/ext/mbstring/libmbfl/mbfl -I/Users/Ingwie/Work/drag0n-php/ext/sqlite3/libsqlite -I/Users/Ingwie/Work/drag0n-php/ext/pthreads -I/usr/include/tidy -I/Users/Ingwie/Work/drag0n-php/ext/tokenizer/includes -I/usr/local/lib/wx/include/osx_cocoa-unicode-2.9 -I/usr/local/include/wx-2.9 -I/Users/Ingwie/Work/drag0n-php/TSRM -I/Users/Ingwie/Work/drag0n-php/Zend  -no-cpp-precomp  -I/usr/include -g -O2 -fvisibility=hidden -DZTS  -c /Users/Ingwie/Work/drag0n-php/ext/zip/lib/zip_source_buffer.c -o ext/zip/lib/zip_source_buffer.lo 
/bin/sh /Users/Ingwie/Work/drag0n-php/libtool --silent --preserve-dup-deps --mode=compile cc  -Iext/zip/ -I/Users/Ingwie/Work/drag0n-php/ext/zip/ -DPHP_ATOM_INC -I/Users/Ingwie/Work/drag0n-php/include -I/Users/Ingwie/Work/drag0n-php/main -I/Users/Ingwie/Work/drag0n-php -I/Users/Ingwie/Work/drag0n-php/ext/date/lib -I/Users/Ingwie/Work/drag0n-php/ext/ereg/regex -I/usr/include/libxml2 -I/usr/local/include -I/Users/Ingwie/Work/drag0n-php/ext/mbstring/oniguruma -I/Users/Ingwie/Work/drag0n-php/ext/mbstring/libmbfl -I/Users/Ingwie/Work/drag0n-php/ext/mbstring/libmbfl/mbfl -I/Users/Ingwie/Work/drag0n-php/ext/sqlite3/libsqlite -I/Users/Ingwie/Work/drag0n-php/ext/pthreads -I/usr/include/tidy -I/Users/Ingwie/Work/drag0n-php/ext/tokenizer/includes -I/usr/local/lib/wx/include/osx_cocoa-unicode-2.9 -I/usr/local/include/wx-2.9 -I/Users/Ingwie/Work/drag0n-php/TSRM -I/Users/Ingwie/Work/drag0n-php/Zend  -no-cpp-precomp  -I/usr/include -g -O2 -fvisibility=hidden -DZTS  -c /Users/Ingwie/Work/drag0n-php/ext/zip/lib/zip_stat.c -o ext/zip/lib/zip_stat.lo 
/bin/sh /Users/Ingwie/Work/drag0n-php/libtool --silent --preserve-dup-deps --mode=compile cc  -Iext/zip/ -I/Users/Ingwie/Work/drag0n-php/ext/zip/ -DPHP_ATOM_INC -I/Users/Ingwie/Work/drag0n-php/include -I/Users/Ingwie/Work/drag0n-php/main -I/Users/Ingwie/Work/drag0n-php -I/Users/Ingwie/Work/drag0n-php/ext/date/lib -I/Users/Ingwie/Work/drag0n-php/ext/ereg/regex -I/usr/include/libxml2 -I/usr/local/include -I/Users/Ingwie/Work/drag0n-php/ext/mbstring/oniguruma -I/Users/Ingwie/Work/drag0n-php/ext/mbstring/libmbfl -I/Users/Ingwie/Work/drag0n-php/ext/mbstring/libmbfl/mbfl -I/Users/Ingwie/Work/drag0n-php/ext/sqlite3/libsqlite -I/Users/Ingwie/Work/drag0n-php/ext/pthreads -I/usr/include/tidy -I/Users/Ingwie/Work/drag0n-php/ext/tokenizer/includes -I/usr/local/lib/wx/include/osx_cocoa-unicode-2.9 -I/usr/local/include/wx-2.9 -I/Users/Ingwie/Work/drag0n-php/TSRM -I/Users/Ingwie/Work/drag0n-php/Zend  -no-cpp-precomp  -I/usr/include -g -O2 -fvisibility=hidden -DZTS  -c /Users/Ingwie/Work/drag0n-php/ext/zip/lib/zip_entry_new.c -o ext/zip/lib/zip_entry_new.lo 
/bin/sh /Users/Ingwie/Work/drag0n-php/libtool --silent --preserve-dup-deps --mode=compile cc  -Iext/zip/ -I/Users/Ingwie/Work/drag0n-php/ext/zip/ -DPHP_ATOM_INC -I/Users/Ingwie/Work/drag0n-php/include -I/Users/Ingwie/Work/drag0n-php/main -I/Users/Ingwie/Work/drag0n-php -I/Users/Ingwie/Work/drag0n-php/ext/date/lib -I/Users/Ingwie/Work/drag0n-php/ext/ereg/regex -I/usr/include/libxml2 -I/usr/local/include -I/Users/Ingwie/Work/drag0n-php/ext/mbstring/oniguruma -I/Users/Ingwie/Work/drag0n-php/ext/mbstring/libmbfl -I/Users/Ingwie/Work/drag0n-php/ext/mbstring/libmbfl/mbfl -I/Users/Ingwie/Work/drag0n-php/ext/sqlite3/libsqlite -I/Users/Ingwie/Work/drag0n-php/ext/pthreads -I/usr/include/tidy -I/Users/Ingwie/Work/drag0n-php/ext/tokenizer/includes -I/usr/local/lib/wx/include/osx_cocoa-unicode-2.9 -I/usr/local/include/wx-2.9 -I/Users/Ingwie/Work/drag0n-php/TSRM -I/Users/Ingwie/Work/drag0n-php/Zend  -no-cpp-precomp  -I/usr/include -g -O2 -fvisibility=hidden -DZTS  -c /Users/Ingwie/Work/drag0n-php/ext/zip/lib/zip_err_str.c -o ext/zip/lib/zip_err_str.lo 
/bin/sh /Users/Ingwie/Work/drag0n-php/libtool --silent --preserve-dup-deps --mode=compile cc  -Iext/zip/ -I/Users/Ingwie/Work/drag0n-php/ext/zip/ -DPHP_ATOM_INC -I/Users/Ingwie/Work/drag0n-php/include -I/Users/Ingwie/Work/drag0n-php/main -I/Users/Ingwie/Work/drag0n-php -I/Users/Ingwie/Work/drag0n-php/ext/date/lib -I/Users/Ingwie/Work/drag0n-php/ext/ereg/regex -I/usr/include/libxml2 -I/usr/local/include -I/Users/Ingwie/Work/drag0n-php/ext/mbstring/oniguruma -I/Users/Ingwie/Work/drag0n-php/ext/mbstring/libmbfl -I/Users/Ingwie/Work/drag0n-php/ext/mbstring/libmbfl/mbfl -I/Users/Ingwie/Work/drag0n-php/ext/sqlite3/libsqlite -I/Users/Ingwie/Work/drag0n-php/ext/pthreads -I/usr/include/tidy -I/Users/Ingwie/Work/drag0n-php/ext/tokenizer/includes -I/usr/local/lib/wx/include/osx_cocoa-unicode-2.9 -I/usr/local/include/wx-2.9 -I/Users/Ingwie/Work/drag0n-php/TSRM -I/Users/Ingwie/Work/drag0n-php/Zend  -no-cpp-precomp  -I/usr/include -g -O2 -fvisibility=hidden -DZTS  -c /Users/Ingwie/Work/drag0n-php/ext/zip/lib/zip_fopen_index.c -o ext/zip/lib/zip_fopen_index.lo 
/bin/sh /Users/Ingwie/Work/drag0n-php/libtool --silent --preserve-dup-deps --mode=compile cc  -Iext/zip/ -I/Users/Ingwie/Work/drag0n-php/ext/zip/ -DPHP_ATOM_INC -I/Users/Ingwie/Work/drag0n-php/include -I/Users/Ingwie/Work/drag0n-php/main -I/Users/Ingwie/Work/drag0n-php -I/Users/Ingwie/Work/drag0n-php/ext/date/lib -I/Users/Ingwie/Work/drag0n-php/ext/ereg/regex -I/usr/include/libxml2 -I/usr/local/include -I/Users/Ingwie/Work/drag0n-php/ext/mbstring/oniguruma -I/Users/Ingwie/Work/drag0n-php/ext/mbstring/libmbfl -I/Users/Ingwie/Work/drag0n-php/ext/mbstring/libmbfl/mbfl -I/Users/Ingwie/Work/drag0n-php/ext/sqlite3/libsqlite -I/Users/Ingwie/Work/drag0n-php/ext/pthreads -I/usr/include/tidy -I/Users/Ingwie/Work/drag0n-php/ext/tokenizer/includes -I/usr/local/lib/wx/include/osx_cocoa-unicode-2.9 -I/usr/local/include/wx-2.9 -I/Users/Ingwie/Work/drag0n-php/TSRM -I/Users/Ingwie/Work/drag0n-php/Zend  -no-cpp-precomp  -I/usr/include -g -O2 -fvisibility=hidden -DZTS  -c /Users/Ingwie/Work/drag0n-php/ext/zip/lib/zip_get_archive_comment.c -o ext/zip/lib/zip_get_archive_comment.lo 
/bin/sh /Users/Ingwie/Work/drag0n-php/libtool --silent --preserve-dup-deps --mode=compile cc  -Iext/zip/ -I/Users/Ingwie/Work/drag0n-php/ext/zip/ -DPHP_ATOM_INC -I/Users/Ingwie/Work/drag0n-php/include -I/Users/Ingwie/Work/drag0n-php/main -I/Users/Ingwie/Work/drag0n-php -I/Users/Ingwie/Work/drag0n-php/ext/date/lib -I/Users/Ingwie/Work/drag0n-php/ext/ereg/regex -I/usr/include/libxml2 -I/usr/local/include -I/Users/Ingwie/Work/drag0n-php/ext/mbstring/oniguruma -I/Users/Ingwie/Work/drag0n-php/ext/mbstring/libmbfl -I/Users/Ingwie/Work/drag0n-php/ext/mbstring/libmbfl/mbfl -I/Users/Ingwie/Work/drag0n-php/ext/sqlite3/libsqlite -I/Users/Ingwie/Work/drag0n-php/ext/pthreads -I/usr/include/tidy -I/Users/Ingwie/Work/drag0n-php/ext/tokenizer/includes -I/usr/local/lib/wx/include/osx_cocoa-unicode-2.9 -I/usr/local/include/wx-2.9 -I/Users/Ingwie/Work/drag0n-php/TSRM -I/Users/Ingwie/Work/drag0n-php/Zend  -no-cpp-precomp  -I/usr/include -g -O2 -fvisibility=hidden -DZTS  -c /Users/Ingwie/Work/drag0n-php/ext/zip/lib/zip_get_file_comment.c -o ext/zip/lib/zip_get_file_comment.lo 
/bin/sh /Users/Ingwie/Work/drag0n-php/libtool --silent --preserve-dup-deps --mode=compile cc  -Iext/zip/ -I/Users/Ingwie/Work/drag0n-php/ext/zip/ -DPHP_ATOM_INC -I/Users/Ingwie/Work/drag0n-php/include -I/Users/Ingwie/Work/drag0n-php/main -I/Users/Ingwie/Work/drag0n-php -I/Users/Ingwie/Work/drag0n-php/ext/date/lib -I/Users/Ingwie/Work/drag0n-php/ext/ereg/regex -I/usr/include/libxml2 -I/usr/local/include -I/Users/Ingwie/Work/drag0n-php/ext/mbstring/oniguruma -I/Users/Ingwie/Work/drag0n-php/ext/mbstring/libmbfl -I/Users/Ingwie/Work/drag0n-php/ext/mbstring/libmbfl/mbfl -I/Users/Ingwie/Work/drag0n-php/ext/sqlite3/libsqlite -I/Users/Ingwie/Work/drag0n-php/ext/pthreads -I/usr/include/tidy -I/Users/Ingwie/Work/drag0n-php/ext/tokenizer/includes -I/usr/local/lib/wx/include/osx_cocoa-unicode-2.9 -I/usr/local/include/wx-2.9 -I/Users/Ingwie/Work/drag0n-php/TSRM -I/Users/Ingwie/Work/drag0n-php/Zend  -no-cpp-precomp  -I/usr/include -g -O2 -fvisibility=hidden -DZTS  -c /Users/Ingwie/Work/drag0n-php/ext/zip/lib/zip_new.c -o ext/zip/lib/zip_new.lo 
/bin/sh /Users/Ingwie/Work/drag0n-php/libtool --silent --preserve-dup-deps --mode=compile cc  -Iext/zip/ -I/Users/Ingwie/Work/drag0n-php/ext/zip/ -DPHP_ATOM_INC -I/Users/Ingwie/Work/drag0n-php/include -I/Users/Ingwie/Work/drag0n-php/main -I/Users/Ingwie/Work/drag0n-php -I/Users/Ingwie/Work/drag0n-php/ext/date/lib -I/Users/Ingwie/Work/drag0n-php/ext/ereg/regex -I/usr/include/libxml2 -I/usr/local/include -I/Users/Ingwie/Work/drag0n-php/ext/mbstring/oniguruma -I/Users/Ingwie/Work/drag0n-php/ext/mbstring/libmbfl -I/Users/Ingwie/Work/drag0n-php/ext/mbstring/libmbfl/mbfl -I/Users/Ingwie/Work/drag0n-php/ext/sqlite3/libsqlite -I/Users/Ingwie/Work/drag0n-php/ext/pthreads -I/usr/include/tidy -I/Users/Ingwie/Work/drag0n-php/ext/tokenizer/includes -I/usr/local/lib/wx/include/osx_cocoa-unicode-2.9 -I/usr/local/include/wx-2.9 -I/Users/Ingwie/Work/drag0n-php/TSRM -I/Users/Ingwie/Work/drag0n-php/Zend  -no-cpp-precomp  -I/usr/include -g -O2 -fvisibility=hidden -DZTS  -c /Users/Ingwie/Work/drag0n-php/ext/zip/lib/zip_source_file.c -o ext/zip/lib/zip_source_file.lo 
/bin/sh /Users/Ingwie/Work/drag0n-php/libtool --silent --preserve-dup-deps --mode=compile cc  -Iext/zip/ -I/Users/Ingwie/Work/drag0n-php/ext/zip/ -DPHP_ATOM_INC -I/Users/Ingwie/Work/drag0n-php/include -I/Users/Ingwie/Work/drag0n-php/main -I/Users/Ingwie/Work/drag0n-php -I/Users/Ingwie/Work/drag0n-php/ext/date/lib -I/Users/Ingwie/Work/drag0n-php/ext/ereg/regex -I/usr/include/libxml2 -I/usr/local/include -I/Users/Ingwie/Work/drag0n-php/ext/mbstring/oniguruma -I/Users/Ingwie/Work/drag0n-php/ext/mbstring/libmbfl -I/Users/Ingwie/Work/drag0n-php/ext/mbstring/libmbfl/mbfl -I/Users/Ingwie/Work/drag0n-php/ext/sqlite3/libsqlite -I/Users/Ingwie/Work/drag0n-php/ext/pthreads -I/usr/include/tidy -I/Users/Ingwie/Work/drag0n-php/ext/tokenizer/includes -I/usr/local/lib/wx/include/osx_cocoa-unicode-2.9 -I/usr/local/include/wx-2.9 -I/Users/Ingwie/Work/drag0n-php/TSRM -I/Users/Ingwie/Work/drag0n-php/Zend  -no-cpp-precomp  -I/usr/include -g -O2 -fvisibility=hidden -DZTS  -c /Users/Ingwie/Work/drag0n-php/ext/zip/lib/zip_stat_index.c -o ext/zip/lib/zip_stat_index.lo 
/bin/sh /Users/Ingwie/Work/drag0n-php/libtool --silent --preserve-dup-deps --mode=compile cc  -Iext/zip/ -I/Users/Ingwie/Work/drag0n-php/ext/zip/ -DPHP_ATOM_INC -I/Users/Ingwie/Work/drag0n-php/include -I/Users/Ingwie/Work/drag0n-php/main -I/Users/Ingwie/Work/drag0n-php -I/Users/Ingwie/Work/drag0n-php/ext/date/lib -I/Users/Ingwie/Work/drag0n-php/ext/ereg/regex -I/usr/include/libxml2 -I/usr/local/include -I/Users/Ingwie/Work/drag0n-php/ext/mbstring/oniguruma -I/Users/Ingwie/Work/drag0n-php/ext/mbstring/libmbfl -I/Users/Ingwie/Work/drag0n-php/ext/mbstring/libmbfl/mbfl -I/Users/Ingwie/Work/drag0n-php/ext/sqlite3/libsqlite -I/Users/Ingwie/Work/drag0n-php/ext/pthreads -I/usr/include/tidy -I/Users/Ingwie/Work/drag0n-php/ext/tokenizer/includes -I/usr/local/lib/wx/include/osx_cocoa-unicode-2.9 -I/usr/local/include/wx-2.9 -I/Users/Ingwie/Work/drag0n-php/TSRM -I/Users/Ingwie/Work/drag0n-php/Zend  -no-cpp-precomp  -I/usr/include -g -O2 -fvisibility=hidden -DZTS  -c /Users/Ingwie/Work/drag0n-php/ext/zip/lib/zip_set_archive_comment.c -o ext/zip/lib/zip_set_archive_comment.lo 
/bin/sh /Users/Ingwie/Work/drag0n-php/libtool --silent --preserve-dup-deps --mode=compile cc  -Iext/zip/ -I/Users/Ingwie/Work/drag0n-php/ext/zip/ -DPHP_ATOM_INC -I/Users/Ingwie/Work/drag0n-php/include -I/Users/Ingwie/Work/drag0n-php/main -I/Users/Ingwie/Work/drag0n-php -I/Users/Ingwie/Work/drag0n-php/ext/date/lib -I/Users/Ingwie/Work/drag0n-php/ext/ereg/regex -I/usr/include/libxml2 -I/usr/local/include -I/Users/Ingwie/Work/drag0n-php/ext/mbstring/oniguruma -I/Users/Ingwie/Work/drag0n-php/ext/mbstring/libmbfl -I/Users/Ingwie/Work/drag0n-php/ext/mbstring/libmbfl/mbfl -I/Users/Ingwie/Work/drag0n-php/ext/sqlite3/libsqlite -I/Users/Ingwie/Work/drag0n-php/ext/pthreads -I/usr/include/tidy -I/Users/Ingwie/Work/drag0n-php/ext/tokenizer/includes -I/usr/local/lib/wx/include/osx_cocoa-unicode-2.9 -I/usr/local/include/wx-2.9 -I/Users/Ingwie/Work/drag0n-php/TSRM -I/Users/Ingwie/Work/drag0n-php/Zend  -no-cpp-precomp  -I/usr/include -g -O2 -fvisibility=hidden -DZTS  -c /Users/Ingwie/Work/drag0n-php/ext/zip/lib/zip_set_file_comment.c -o ext/zip/lib/zip_set_file_comment.lo 
/bin/sh /Users/Ingwie/Work/drag0n-php/libtool --silent --preserve-dup-deps --mode=compile cc  -Iext/zip/ -I/Users/Ingwie/Work/drag0n-php/ext/zip/ -DPHP_ATOM_INC -I/Users/Ingwie/Work/drag0n-php/include -I/Users/Ingwie/Work/drag0n-php/main -I/Users/Ingwie/Work/drag0n-php -I/Users/Ingwie/Work/drag0n-php/ext/date/lib -I/Users/Ingwie/Work/drag0n-php/ext/ereg/regex -I/usr/include/libxml2 -I/usr/local/include -I/Users/Ingwie/Work/drag0n-php/ext/mbstring/oniguruma -I/Users/Ingwie/Work/drag0n-php/ext/mbstring/libmbfl -I/Users/Ingwie/Work/drag0n-php/ext/mbstring/libmbfl/mbfl -I/Users/Ingwie/Work/drag0n-php/ext/sqlite3/libsqlite -I/Users/Ingwie/Work/drag0n-php/ext/pthreads -I/usr/include/tidy -I/Users/Ingwie/Work/drag0n-php/ext/tokenizer/includes -I/usr/local/lib/wx/include/osx_cocoa-unicode-2.9 -I/usr/local/include/wx-2.9 -I/Users/Ingwie/Work/drag0n-php/TSRM -I/Users/Ingwie/Work/drag0n-php/Zend  -no-cpp-precomp  -I/usr/include -g -O2 -fvisibility=hidden -DZTS  -c /Users/Ingwie/Work/drag0n-php/ext/zip/lib/zip_unchange_archive.c -o ext/zip/lib/zip_unchange_archive.lo 
/bin/sh /Users/Ingwie/Work/drag0n-php/libtool --silent --preserve-dup-deps --mode=compile cc  -Iext/zip/ -I/Users/Ingwie/Work/drag0n-php/ext/zip/ -DPHP_ATOM_INC -I/Users/Ingwie/Work/drag0n-php/include -I/Users/Ingwie/Work/drag0n-php/main -I/Users/Ingwie/Work/drag0n-php -I/Users/Ingwie/Work/drag0n-php/ext/date/lib -I/Users/Ingwie/Work/drag0n-php/ext/ereg/regex -I/usr/include/libxml2 -I/usr/local/include -I/Users/Ingwie/Work/drag0n-php/ext/mbstring/oniguruma -I/Users/Ingwie/Work/drag0n-php/ext/mbstring/libmbfl -I/Users/Ingwie/Work/drag0n-php/ext/mbstring/libmbfl/mbfl -I/Users/Ingwie/Work/drag0n-php/ext/sqlite3/libsqlite -I/Users/Ingwie/Work/drag0n-php/ext/pthreads -I/usr/include/tidy -I/Users/Ingwie/Work/drag0n-php/ext/tokenizer/includes -I/usr/local/lib/wx/include/osx_cocoa-unicode-2.9 -I/usr/local/include/wx-2.9 -I/Users/Ingwie/Work/drag0n-php/TSRM -I/Users/Ingwie/Work/drag0n-php/Zend  -no-cpp-precomp  -I/usr/include -g -O2 -fvisibility=hidden -DZTS  -c /Users/Ingwie/Work/drag0n-php/ext/zip/lib/zip_memdup.c -o ext/zip/lib/zip_memdup.lo 
/bin/sh /Users/Ingwie/Work/drag0n-php/libtool --silent --preserve-dup-deps --mode=compile cc  -Iext/zip/ -I/Users/Ingwie/Work/drag0n-php/ext/zip/ -DPHP_ATOM_INC -I/Users/Ingwie/Work/drag0n-php/include -I/Users/Ingwie/Work/drag0n-php/main -I/Users/Ingwie/Work/drag0n-php -I/Users/Ingwie/Work/drag0n-php/ext/date/lib -I/Users/Ingwie/Work/drag0n-php/ext/ereg/regex -I/usr/include/libxml2 -I/usr/local/include -I/Users/Ingwie/Work/drag0n-php/ext/mbstring/oniguruma -I/Users/Ingwie/Work/drag0n-php/ext/mbstring/libmbfl -I/Users/Ingwie/Work/drag0n-php/ext/mbstring/libmbfl/mbfl -I/Users/Ingwie/Work/drag0n-php/ext/sqlite3/libsqlite -I/Users/Ingwie/Work/drag0n-php/ext/pthreads -I/usr/include/tidy -I/Users/Ingwie/Work/drag0n-php/ext/tokenizer/includes -I/usr/local/lib/wx/include/osx_cocoa-unicode-2.9 -I/usr/local/include/wx-2.9 -I/Users/Ingwie/Work/drag0n-php/TSRM -I/Users/Ingwie/Work/drag0n-php/Zend  -no-cpp-precomp  -I/usr/include -g -O2 -fvisibility=hidden -DZTS  -c /Users/Ingwie/Work/drag0n-php/ext/zip/lib/zip_stat_init.c -o ext/zip/lib/zip_stat_init.lo 
/bin/sh /Users/Ingwie/Work/drag0n-php/libtool --silent --preserve-dup-deps --mode=compile cc  -Iext/zip/ -I/Users/Ingwie/Work/drag0n-php/ext/zip/ -DPHP_ATOM_INC -I/Users/Ingwie/Work/drag0n-php/include -I/Users/Ingwie/Work/drag0n-php/main -I/Users/Ingwie/Work/drag0n-php -I/Users/Ingwie/Work/drag0n-php/ext/date/lib -I/Users/Ingwie/Work/drag0n-php/ext/ereg/regex -I/usr/include/libxml2 -I/usr/local/include -I/Users/Ingwie/Work/drag0n-php/ext/mbstring/oniguruma -I/Users/Ingwie/Work/drag0n-php/ext/mbstring/libmbfl -I/Users/Ingwie/Work/drag0n-php/ext/mbstring/libmbfl/mbfl -I/Users/Ingwie/Work/drag0n-php/ext/sqlite3/libsqlite -I/Users/Ingwie/Work/drag0n-php/ext/pthreads -I/usr/include/tidy -I/Users/Ingwie/Work/drag0n-php/ext/tokenizer/includes -I/usr/local/lib/wx/include/osx_cocoa-unicode-2.9 -I/usr/local/include/wx-2.9 -I/Users/Ingwie/Work/drag0n-php/TSRM -I/Users/Ingwie/Work/drag0n-php/Zend  -no-cpp-precomp  -I/usr/include -g -O2 -fvisibility=hidden -DZTS  -c /Users/Ingwie/Work/drag0n-php/ext/zip/lib/zip_add_dir.c -o ext/zip/lib/zip_add_dir.lo 
/bin/sh /Users/Ingwie/Work/drag0n-php/libtool --silent --preserve-dup-deps --mode=compile cc  -Iext/zip/ -I/Users/Ingwie/Work/drag0n-php/ext/zip/ -DPHP_ATOM_INC -I/Users/Ingwie/Work/drag0n-php/include -I/Users/Ingwie/Work/drag0n-php/main -I/Users/Ingwie/Work/drag0n-php -I/Users/Ingwie/Work/drag0n-php/ext/date/lib -I/Users/Ingwie/Work/drag0n-php/ext/ereg/regex -I/usr/include/libxml2 -I/usr/local/include -I/Users/Ingwie/Work/drag0n-php/ext/mbstring/oniguruma -I/Users/Ingwie/Work/drag0n-php/ext/mbstring/libmbfl -I/Users/Ingwie/Work/drag0n-php/ext/mbstring/libmbfl/mbfl -I/Users/Ingwie/Work/drag0n-php/ext/sqlite3/libsqlite -I/Users/Ingwie/Work/drag0n-php/ext/pthreads -I/usr/include/tidy -I/Users/Ingwie/Work/drag0n-php/ext/tokenizer/includes -I/usr/local/lib/wx/include/osx_cocoa-unicode-2.9 -I/usr/local/include/wx-2.9 -I/Users/Ingwie/Work/drag0n-php/TSRM -I/Users/Ingwie/Work/drag0n-php/Zend  -no-cpp-precomp  -I/usr/include -g -O2 -fvisibility=hidden -DZTS  -c /Users/Ingwie/Work/drag0n-php/ext/zip/lib/zip_error_clear.c -o ext/zip/lib/zip_error_clear.lo 
/bin/sh /Users/Ingwie/Work/drag0n-php/libtool --silent --preserve-dup-deps --mode=compile cc  -Iext/zip/ -I/Users/Ingwie/Work/drag0n-php/ext/zip/ -DPHP_ATOM_INC -I/Users/Ingwie/Work/drag0n-php/include -I/Users/Ingwie/Work/drag0n-php/main -I/Users/Ingwie/Work/drag0n-php -I/Users/Ingwie/Work/drag0n-php/ext/date/lib -I/Users/Ingwie/Work/drag0n-php/ext/ereg/regex -I/usr/include/libxml2 -I/usr/local/include -I/Users/Ingwie/Work/drag0n-php/ext/mbstring/oniguruma -I/Users/Ingwie/Work/drag0n-php/ext/mbstring/libmbfl -I/Users/Ingwie/Work/drag0n-php/ext/mbstring/libmbfl/mbfl -I/Users/Ingwie/Work/drag0n-php/ext/sqlite3/libsqlite -I/Users/Ingwie/Work/drag0n-php/ext/pthreads -I/usr/include/tidy -I/Users/Ingwie/Work/drag0n-php/ext/tokenizer/includes -I/usr/local/lib/wx/include/osx_cocoa-unicode-2.9 -I/usr/local/include/wx-2.9 -I/Users/Ingwie/Work/drag0n-php/TSRM -I/Users/Ingwie/Work/drag0n-php/Zend  -no-cpp-precomp  -I/usr/include -g -O2 -fvisibility=hidden -DZTS  -c /Users/Ingwie/Work/drag0n-php/ext/zip/lib/zip_file_error_clear.c -o ext/zip/lib/zip_file_error_clear.lo 
/bin/sh /Users/Ingwie/Work/drag0n-php/libtool --silent --preserve-dup-deps --mode=compile cc  -Iext/zip/ -I/Users/Ingwie/Work/drag0n-php/ext/zip/ -DPHP_ATOM_INC -I/Users/Ingwie/Work/drag0n-php/include -I/Users/Ingwie/Work/drag0n-php/main -I/Users/Ingwie/Work/drag0n-php -I/Users/Ingwie/Work/drag0n-php/ext/date/lib -I/Users/Ingwie/Work/drag0n-php/ext/ereg/regex -I/usr/include/libxml2 -I/usr/local/include -I/Users/Ingwie/Work/drag0n-php/ext/mbstring/oniguruma -I/Users/Ingwie/Work/drag0n-php/ext/mbstring/libmbfl -I/Users/Ingwie/Work/drag0n-php/ext/mbstring/libmbfl/mbfl -I/Users/Ingwie/Work/drag0n-php/ext/sqlite3/libsqlite -I/Users/Ingwie/Work/drag0n-php/ext/pthreads -I/usr/include/tidy -I/Users/Ingwie/Work/drag0n-php/ext/tokenizer/includes -I/usr/local/lib/wx/include/osx_cocoa-unicode-2.9 -I/usr/local/include/wx-2.9 -I/Users/Ingwie/Work/drag0n-php/TSRM -I/Users/Ingwie/Work/drag0n-php/Zend  -no-cpp-precomp  -I/usr/include -g -O2 -fvisibility=hidden -DZTS  -c /Users/Ingwie/Work/drag0n-php/ext/zip/lib/zip_fdopen.c -o ext/zip/lib/zip_fdopen.lo 
/bin/sh /Users/Ingwie/Work/drag0n-php/libtool --silent --preserve-dup-deps --mode=compile cc  -Iext/zip/ -I/Users/Ingwie/Work/drag0n-php/ext/zip/ -DPHP_ATOM_INC -I/Users/Ingwie/Work/drag0n-php/include -I/Users/Ingwie/Work/drag0n-php/main -I/Users/Ingwie/Work/drag0n-php -I/Users/Ingwie/Work/drag0n-php/ext/date/lib -I/Users/Ingwie/Work/drag0n-php/ext/ereg/regex -I/usr/include/libxml2 -I/usr/local/include -I/Users/Ingwie/Work/drag0n-php/ext/mbstring/oniguruma -I/Users/Ingwie/Work/drag0n-php/ext/mbstring/libmbfl -I/Users/Ingwie/Work/drag0n-php/ext/mbstring/libmbfl/mbfl -I/Users/Ingwie/Work/drag0n-php/ext/sqlite3/libsqlite -I/Users/Ingwie/Work/drag0n-php/ext/pthreads -I/usr/include/tidy -I/Users/Ingwie/Work/drag0n-php/ext/tokenizer/includes -I/usr/local/lib/wx/include/osx_cocoa-unicode-2.9 -I/usr/local/include/wx-2.9 -I/Users/Ingwie/Work/drag0n-php/TSRM -I/Users/Ingwie/Work/drag0n-php/Zend  -no-cpp-precomp  -I/usr/include -g -O2 -fvisibility=hidden -DZTS  -c /Users/Ingwie/Work/drag0n-php/ext/zip/lib/zip_fopen_encrypted.c -o ext/zip/lib/zip_fopen_encrypted.lo 
/bin/sh /Users/Ingwie/Work/drag0n-php/libtool --silent --preserve-dup-deps --mode=compile cc  -Iext/zip/ -I/Users/Ingwie/Work/drag0n-php/ext/zip/ -DPHP_ATOM_INC -I/Users/Ingwie/Work/drag0n-php/include -I/Users/Ingwie/Work/drag0n-php/main -I/Users/Ingwie/Work/drag0n-php -I/Users/Ingwie/Work/drag0n-php/ext/date/lib -I/Users/Ingwie/Work/drag0n-php/ext/ereg/regex -I/usr/include/libxml2 -I/usr/local/include -I/Users/Ingwie/Work/drag0n-php/ext/mbstring/oniguruma -I/Users/Ingwie/Work/drag0n-php/ext/mbstring/libmbfl -I/Users/Ingwie/Work/drag0n-php/ext/mbstring/libmbfl/mbfl -I/Users/Ingwie/Work/drag0n-php/ext/sqlite3/libsqlite -I/Users/Ingwie/Work/drag0n-php/ext/pthreads -I/usr/include/tidy -I/Users/Ingwie/Work/drag0n-php/ext/tokenizer/includes -I/usr/local/lib/wx/include/osx_cocoa-unicode-2.9 -I/usr/local/include/wx-2.9 -I/Users/Ingwie/Work/drag0n-php/TSRM -I/Users/Ingwie/Work/drag0n-php/Zend  -no-cpp-precomp  -I/usr/include -g -O2 -fvisibility=hidden -DZTS  -c /Users/Ingwie/Work/drag0n-php/ext/zip/lib/zip_fopen_index_encrypted.c -o ext/zip/lib/zip_fopen_index_encrypted.lo 
/bin/sh /Users/Ingwie/Work/drag0n-php/libtool --silent --preserve-dup-deps --mode=compile cc  -Iext/zip/ -I/Users/Ingwie/Work/drag0n-php/ext/zip/ -DPHP_ATOM_INC -I/Users/Ingwie/Work/drag0n-php/include -I/Users/Ingwie/Work/drag0n-php/main -I/Users/Ingwie/Work/drag0n-php -I/Users/Ingwie/Work/drag0n-php/ext/date/lib -I/Users/Ingwie/Work/drag0n-php/ext/ereg/regex -I/usr/include/libxml2 -I/usr/local/include -I/Users/Ingwie/Work/drag0n-php/ext/mbstring/oniguruma -I/Users/Ingwie/Work/drag0n-php/ext/mbstring/libmbfl -I/Users/Ingwie/Work/drag0n-php/ext/mbstring/libmbfl/mbfl -I/Users/Ingwie/Work/drag0n-php/ext/sqlite3/libsqlite -I/Users/Ingwie/Work/drag0n-php/ext/pthreads -I/usr/include/tidy -I/Users/Ingwie/Work/drag0n-php/ext/tokenizer/includes -I/usr/local/lib/wx/include/osx_cocoa-unicode-2.9 -I/usr/local/include/wx-2.9 -I/Users/Ingwie/Work/drag0n-php/TSRM -I/Users/Ingwie/Work/drag0n-php/Zend  -no-cpp-precomp  -I/usr/include -g -O2 -fvisibility=hidden -DZTS  -c /Users/Ingwie/Work/drag0n-php/ext/zip/lib/zip_get_compression_implementation.c -o ext/zip/lib/zip_get_compression_implementation.lo 
/bin/sh /Users/Ingwie/Work/drag0n-php/libtool --silent --preserve-dup-deps --mode=compile cc  -Iext/zip/ -I/Users/Ingwie/Work/drag0n-php/ext/zip/ -DPHP_ATOM_INC -I/Users/Ingwie/Work/drag0n-php/include -I/Users/Ingwie/Work/drag0n-php/main -I/Users/Ingwie/Work/drag0n-php -I/Users/Ingwie/Work/drag0n-php/ext/date/lib -I/Users/Ingwie/Work/drag0n-php/ext/ereg/regex -I/usr/include/libxml2 -I/usr/local/include -I/Users/Ingwie/Work/drag0n-php/ext/mbstring/oniguruma -I/Users/Ingwie/Work/drag0n-php/ext/mbstring/libmbfl -I/Users/Ingwie/Work/drag0n-php/ext/mbstring/libmbfl/mbfl -I/Users/Ingwie/Work/drag0n-php/ext/sqlite3/libsqlite -I/Users/Ingwie/Work/drag0n-php/ext/pthreads -I/usr/include/tidy -I/Users/Ingwie/Work/drag0n-php/ext/tokenizer/includes -I/usr/local/lib/wx/include/osx_cocoa-unicode-2.9 -I/usr/local/include/wx-2.9 -I/Users/Ingwie/Work/drag0n-php/TSRM -I/Users/Ingwie/Work/drag0n-php/Zend  -no-cpp-precomp  -I/usr/include -g -O2 -fvisibility=hidden -DZTS  -c /Users/Ingwie/Work/drag0n-php/ext/zip/lib/zip_get_encryption_implementation.c -o ext/zip/lib/zip_get_encryption_implementation.lo 
/bin/sh /Users/Ingwie/Work/drag0n-php/libtool --silent --preserve-dup-deps --mode=compile cc  -Iext/zip/ -I/Users/Ingwie/Work/drag0n-php/ext/zip/ -DPHP_ATOM_INC -I/Users/Ingwie/Work/drag0n-php/include -I/Users/Ingwie/Work/drag0n-php/main -I/Users/Ingwie/Work/drag0n-php -I/Users/Ingwie/Work/drag0n-php/ext/date/lib -I/Users/Ingwie/Work/drag0n-php/ext/ereg/regex -I/usr/include/libxml2 -I/usr/local/include -I/Users/Ingwie/Work/drag0n-php/ext/mbstring/oniguruma -I/Users/Ingwie/Work/drag0n-php/ext/mbstring/libmbfl -I/Users/Ingwie/Work/drag0n-php/ext/mbstring/libmbfl/mbfl -I/Users/Ingwie/Work/drag0n-php/ext/sqlite3/libsqlite -I/Users/Ingwie/Work/drag0n-php/ext/pthreads -I/usr/include/tidy -I/Users/Ingwie/Work/drag0n-php/ext/tokenizer/includes -I/usr/local/lib/wx/include/osx_cocoa-unicode-2.9 -I/usr/local/include/wx-2.9 -I/Users/Ingwie/Work/drag0n-php/TSRM -I/Users/Ingwie/Work/drag0n-php/Zend  -no-cpp-precomp  -I/usr/include -g -O2 -fvisibility=hidden -DZTS  -c /Users/Ingwie/Work/drag0n-php/ext/zip/lib/zip_get_file_extra.c -o ext/zip/lib/zip_get_file_extra.lo 
/bin/sh /Users/Ingwie/Work/drag0n-php/libtool --silent --preserve-dup-deps --mode=compile cc  -Iext/zip/ -I/Users/Ingwie/Work/drag0n-php/ext/zip/ -DPHP_ATOM_INC -I/Users/Ingwie/Work/drag0n-php/include -I/Users/Ingwie/Work/drag0n-php/main -I/Users/Ingwie/Work/drag0n-php -I/Users/Ingwie/Work/drag0n-php/ext/date/lib -I/Users/Ingwie/Work/drag0n-php/ext/ereg/regex -I/usr/include/libxml2 -I/usr/local/include -I/Users/Ingwie/Work/drag0n-php/ext/mbstring/oniguruma -I/Users/Ingwie/Work/drag0n-php/ext/mbstring/libmbfl -I/Users/Ingwie/Work/drag0n-php/ext/mbstring/libmbfl/mbfl -I/Users/Ingwie/Work/drag0n-php/ext/sqlite3/libsqlite -I/Users/Ingwie/Work/drag0n-php/ext/pthreads -I/usr/include/tidy -I/Users/Ingwie/Work/drag0n-php/ext/tokenizer/includes -I/usr/local/lib/wx/include/osx_cocoa-unicode-2.9 -I/usr/local/include/wx-2.9 -I/Users/Ingwie/Work/drag0n-php/TSRM -I/Users/Ingwie/Work/drag0n-php/Zend  -no-cpp-precomp  -I/usr/include -g -O2 -fvisibility=hidden -DZTS  -c /Users/Ingwie/Work/drag0n-php/ext/zip/lib/zip_get_num_entries.c -o ext/zip/lib/zip_get_num_entries.lo 
/bin/sh /Users/Ingwie/Work/drag0n-php/libtool --silent --preserve-dup-deps --mode=compile cc  -Iext/zip/ -I/Users/Ingwie/Work/drag0n-php/ext/zip/ -DPHP_ATOM_INC -I/Users/Ingwie/Work/drag0n-php/include -I/Users/Ingwie/Work/drag0n-php/main -I/Users/Ingwie/Work/drag0n-php -I/Users/Ingwie/Work/drag0n-php/ext/date/lib -I/Users/Ingwie/Work/drag0n-php/ext/ereg/regex -I/usr/include/libxml2 -I/usr/local/include -I/Users/Ingwie/Work/drag0n-php/ext/mbstring/oniguruma -I/Users/Ingwie/Work/drag0n-php/ext/mbstring/libmbfl -I/Users/Ingwie/Work/drag0n-php/ext/mbstring/libmbfl/mbfl -I/Users/Ingwie/Work/drag0n-php/ext/sqlite3/libsqlite -I/Users/Ingwie/Work/drag0n-php/ext/pthreads -I/usr/include/tidy -I/Users/Ingwie/Work/drag0n-php/ext/tokenizer/includes -I/usr/local/lib/wx/include/osx_cocoa-unicode-2.9 -I/usr/local/include/wx-2.9 -I/Users/Ingwie/Work/drag0n-php/TSRM -I/Users/Ingwie/Work/drag0n-php/Zend  -no-cpp-precomp  -I/usr/include -g -O2 -fvisibility=hidden -DZTS  -c /Users/Ingwie/Work/drag0n-php/ext/zip/lib/zip_set_default_password.c -o ext/zip/lib/zip_set_default_password.lo 
/bin/sh /Users/Ingwie/Work/drag0n-php/libtool --silent --preserve-dup-deps --mode=compile cc  -Iext/zip/ -I/Users/Ingwie/Work/drag0n-php/ext/zip/ -DPHP_ATOM_INC -I/Users/Ingwie/Work/drag0n-php/include -I/Users/Ingwie/Work/drag0n-php/main -I/Users/Ingwie/Work/drag0n-php -I/Users/Ingwie/Work/drag0n-php/ext/date/lib -I/Users/Ingwie/Work/drag0n-php/ext/ereg/regex -I/usr/include/libxml2 -I/usr/local/include -I/Users/Ingwie/Work/drag0n-php/ext/mbstring/oniguruma -I/Users/Ingwie/Work/drag0n-php/ext/mbstring/libmbfl -I/Users/Ingwie/Work/drag0n-php/ext/mbstring/libmbfl/mbfl -I/Users/Ingwie/Work/drag0n-php/ext/sqlite3/libsqlite -I/Users/Ingwie/Work/drag0n-php/ext/pthreads -I/usr/include/tidy -I/Users/Ingwie/Work/drag0n-php/ext/tokenizer/includes -I/usr/local/lib/wx/include/osx_cocoa-unicode-2.9 -I/usr/local/include/wx-2.9 -I/Users/Ingwie/Work/drag0n-php/TSRM -I/Users/Ingwie/Work/drag0n-php/Zend  -no-cpp-precomp  -I/usr/include -g -O2 -fvisibility=hidden -DZTS  -c /Users/Ingwie/Work/drag0n-php/ext/zip/lib/zip_set_file_extra.c -o ext/zip/lib/zip_set_file_extra.lo 
/bin/sh /Users/Ingwie/Work/drag0n-php/libtool --silent --preserve-dup-deps --mode=compile cc  -Iext/zip/ -I/Users/Ingwie/Work/drag0n-php/ext/zip/ -DPHP_ATOM_INC -I/Users/Ingwie/Work/drag0n-php/include -I/Users/Ingwie/Work/drag0n-php/main -I/Users/Ingwie/Work/drag0n-php -I/Users/Ingwie/Work/drag0n-php/ext/date/lib -I/Users/Ingwie/Work/drag0n-php/ext/ereg/regex -I/usr/include/libxml2 -I/usr/local/include -I/Users/Ingwie/Work/drag0n-php/ext/mbstring/oniguruma -I/Users/Ingwie/Work/drag0n-php/ext/mbstring/libmbfl -I/Users/Ingwie/Work/drag0n-php/ext/mbstring/libmbfl/mbfl -I/Users/Ingwie/Work/drag0n-php/ext/sqlite3/libsqlite -I/Users/Ingwie/Work/drag0n-php/ext/pthreads -I/usr/include/tidy -I/Users/Ingwie/Work/drag0n-php/ext/tokenizer/includes -I/usr/local/lib/wx/include/osx_cocoa-unicode-2.9 -I/usr/local/include/wx-2.9 -I/Users/Ingwie/Work/drag0n-php/TSRM -I/Users/Ingwie/Work/drag0n-php/Zend  -no-cpp-precomp  -I/usr/include -g -O2 -fvisibility=hidden -DZTS  -c /Users/Ingwie/Work/drag0n-php/ext/zip/lib/zip_source_close.c -o ext/zip/lib/zip_source_close.lo 
/bin/sh /Users/Ingwie/Work/drag0n-php/libtool --silent --preserve-dup-deps --mode=compile cc  -Iext/zip/ -I/Users/Ingwie/Work/drag0n-php/ext/zip/ -DPHP_ATOM_INC -I/Users/Ingwie/Work/drag0n-php/include -I/Users/Ingwie/Work/drag0n-php/main -I/Users/Ingwie/Work/drag0n-php -I/Users/Ingwie/Work/drag0n-php/ext/date/lib -I/Users/Ingwie/Work/drag0n-php/ext/ereg/regex -I/usr/include/libxml2 -I/usr/local/include -I/Users/Ingwie/Work/drag0n-php/ext/mbstring/oniguruma -I/Users/Ingwie/Work/drag0n-php/ext/mbstring/libmbfl -I/Users/Ingwie/Work/drag0n-php/ext/mbstring/libmbfl/mbfl -I/Users/Ingwie/Work/drag0n-php/ext/sqlite3/libsqlite -I/Users/Ingwie/Work/drag0n-php/ext/pthreads -I/usr/include/tidy -I/Users/Ingwie/Work/drag0n-php/ext/tokenizer/includes -I/usr/local/lib/wx/include/osx_cocoa-unicode-2.9 -I/usr/local/include/wx-2.9 -I/Users/Ingwie/Work/drag0n-php/TSRM -I/Users/Ingwie/Work/drag0n-php/Zend  -no-cpp-precomp  -I/usr/include -g -O2 -fvisibility=hidden -DZTS  -c /Users/Ingwie/Work/drag0n-php/ext/zip/lib/zip_source_crc.c -o ext/zip/lib/zip_source_crc.lo 
/bin/sh /Users/Ingwie/Work/drag0n-php/libtool --silent --preserve-dup-deps --mode=compile cc  -Iext/zip/ -I/Users/Ingwie/Work/drag0n-php/ext/zip/ -DPHP_ATOM_INC -I/Users/Ingwie/Work/drag0n-php/include -I/Users/Ingwie/Work/drag0n-php/main -I/Users/Ingwie/Work/drag0n-php -I/Users/Ingwie/Work/drag0n-php/ext/date/lib -I/Users/Ingwie/Work/drag0n-php/ext/ereg/regex -I/usr/include/libxml2 -I/usr/local/include -I/Users/Ingwie/Work/drag0n-php/ext/mbstring/oniguruma -I/Users/Ingwie/Work/drag0n-php/ext/mbstring/libmbfl -I/Users/Ingwie/Work/drag0n-php/ext/mbstring/libmbfl/mbfl -I/Users/Ingwie/Work/drag0n-php/ext/sqlite3/libsqlite -I/Users/Ingwie/Work/drag0n-php/ext/pthreads -I/usr/include/tidy -I/Users/Ingwie/Work/drag0n-php/ext/tokenizer/includes -I/usr/local/lib/wx/include/osx_cocoa-unicode-2.9 -I/usr/local/include/wx-2.9 -I/Users/Ingwie/Work/drag0n-php/TSRM -I/Users/Ingwie/Work/drag0n-php/Zend  -no-cpp-precomp  -I/usr/include -g -O2 -fvisibility=hidden -DZTS  -c /Users/Ingwie/Work/drag0n-php/ext/zip/lib/zip_source_deflate.c -o ext/zip/lib/zip_source_deflate.lo 
/bin/sh /Users/Ingwie/Work/drag0n-php/libtool --silent --preserve-dup-deps --mode=compile cc  -Iext/zip/ -I/Users/Ingwie/Work/drag0n-php/ext/zip/ -DPHP_ATOM_INC -I/Users/Ingwie/Work/drag0n-php/include -I/Users/Ingwie/Work/drag0n-php/main -I/Users/Ingwie/Work/drag0n-php -I/Users/Ingwie/Work/drag0n-php/ext/date/lib -I/Users/Ingwie/Work/drag0n-php/ext/ereg/regex -I/usr/include/libxml2 -I/usr/local/include -I/Users/Ingwie/Work/drag0n-php/ext/mbstring/oniguruma -I/Users/Ingwie/Work/drag0n-php/ext/mbstring/libmbfl -I/Users/Ingwie/Work/drag0n-php/ext/mbstring/libmbfl/mbfl -I/Users/Ingwie/Work/drag0n-php/ext/sqlite3/libsqlite -I/Users/Ingwie/Work/drag0n-php/ext/pthreads -I/usr/include/tidy -I/Users/Ingwie/Work/drag0n-php/ext/tokenizer/includes -I/usr/local/lib/wx/include/osx_cocoa-unicode-2.9 -I/usr/local/include/wx-2.9 -I/Users/Ingwie/Work/drag0n-php/TSRM -I/Users/Ingwie/Work/drag0n-php/Zend  -no-cpp-precomp  -I/usr/include -g -O2 -fvisibility=hidden -DZTS  -c /Users/Ingwie/Work/drag0n-php/ext/zip/lib/zip_source_error.c -o ext/zip/lib/zip_source_error.lo 
/bin/sh /Users/Ingwie/Work/drag0n-php/libtool --silent --preserve-dup-deps --mode=compile cc  -Iext/zip/ -I/Users/Ingwie/Work/drag0n-php/ext/zip/ -DPHP_ATOM_INC -I/Users/Ingwie/Work/drag0n-php/include -I/Users/Ingwie/Work/drag0n-php/main -I/Users/Ingwie/Work/drag0n-php -I/Users/Ingwie/Work/drag0n-php/ext/date/lib -I/Users/Ingwie/Work/drag0n-php/ext/ereg/regex -I/usr/include/libxml2 -I/usr/local/include -I/Users/Ingwie/Work/drag0n-php/ext/mbstring/oniguruma -I/Users/Ingwie/Work/drag0n-php/ext/mbstring/libmbfl -I/Users/Ingwie/Work/drag0n-php/ext/mbstring/libmbfl/mbfl -I/Users/Ingwie/Work/drag0n-php/ext/sqlite3/libsqlite -I/Users/Ingwie/Work/drag0n-php/ext/pthreads -I/usr/include/tidy -I/Users/Ingwie/Work/drag0n-php/ext/tokenizer/includes -I/usr/local/lib/wx/include/osx_cocoa-unicode-2.9 -I/usr/local/include/wx-2.9 -I/Users/Ingwie/Work/drag0n-php/TSRM -I/Users/Ingwie/Work/drag0n-php/Zend  -no-cpp-precomp  -I/usr/include -g -O2 -fvisibility=hidden -DZTS  -c /Users/Ingwie/Work/drag0n-php/ext/zip/lib/zip_source_layered.c -o ext/zip/lib/zip_source_layered.lo 
/bin/sh /Users/Ingwie/Work/drag0n-php/libtool --silent --preserve-dup-deps --mode=compile cc  -Iext/zip/ -I/Users/Ingwie/Work/drag0n-php/ext/zip/ -DPHP_ATOM_INC -I/Users/Ingwie/Work/drag0n-php/include -I/Users/Ingwie/Work/drag0n-php/main -I/Users/Ingwie/Work/drag0n-php -I/Users/Ingwie/Work/drag0n-php/ext/date/lib -I/Users/Ingwie/Work/drag0n-php/ext/ereg/regex -I/usr/include/libxml2 -I/usr/local/include -I/Users/Ingwie/Work/drag0n-php/ext/mbstring/oniguruma -I/Users/Ingwie/Work/drag0n-php/ext/mbstring/libmbfl -I/Users/Ingwie/Work/drag0n-php/ext/mbstring/libmbfl/mbfl -I/Users/Ingwie/Work/drag0n-php/ext/sqlite3/libsqlite -I/Users/Ingwie/Work/drag0n-php/ext/pthreads -I/usr/include/tidy -I/Users/Ingwie/Work/drag0n-php/ext/tokenizer/includes -I/usr/local/lib/wx/include/osx_cocoa-unicode-2.9 -I/usr/local/include/wx-2.9 -I/Users/Ingwie/Work/drag0n-php/TSRM -I/Users/Ingwie/Work/drag0n-php/Zend  -no-cpp-precomp  -I/usr/include -g -O2 -fvisibility=hidden -DZTS  -c /Users/Ingwie/Work/drag0n-php/ext/zip/lib/zip_source_open.c -o ext/zip/lib/zip_source_open.lo 
/bin/sh /Users/Ingwie/Work/drag0n-php/libtool --silent --preserve-dup-deps --mode=compile cc  -Iext/zip/ -I/Users/Ingwie/Work/drag0n-php/ext/zip/ -DPHP_ATOM_INC -I/Users/Ingwie/Work/drag0n-php/include -I/Users/Ingwie/Work/drag0n-php/main -I/Users/Ingwie/Work/drag0n-php -I/Users/Ingwie/Work/drag0n-php/ext/date/lib -I/Users/Ingwie/Work/drag0n-php/ext/ereg/regex -I/usr/include/libxml2 -I/usr/local/include -I/Users/Ingwie/Work/drag0n-php/ext/mbstring/oniguruma -I/Users/Ingwie/Work/drag0n-php/ext/mbstring/libmbfl -I/Users/Ingwie/Work/drag0n-php/ext/mbstring/libmbfl/mbfl -I/Users/Ingwie/Work/drag0n-php/ext/sqlite3/libsqlite -I/Users/Ingwie/Work/drag0n-php/ext/pthreads -I/usr/include/tidy -I/Users/Ingwie/Work/drag0n-php/ext/tokenizer/includes -I/usr/local/lib/wx/include/osx_cocoa-unicode-2.9 -I/usr/local/include/wx-2.9 -I/Users/Ingwie/Work/drag0n-php/TSRM -I/Users/Ingwie/Work/drag0n-php/Zend  -no-cpp-precomp  -I/usr/include -g -O2 -fvisibility=hidden -DZTS  -c /Users/Ingwie/Work/drag0n-php/ext/zip/lib/zip_source_pkware.c -o ext/zip/lib/zip_source_pkware.lo 
/bin/sh /Users/Ingwie/Work/drag0n-php/libtool --silent --preserve-dup-deps --mode=compile cc  -Iext/zip/ -I/Users/Ingwie/Work/drag0n-php/ext/zip/ -DPHP_ATOM_INC -I/Users/Ingwie/Work/drag0n-php/include -I/Users/Ingwie/Work/drag0n-php/main -I/Users/Ingwie/Work/drag0n-php -I/Users/Ingwie/Work/drag0n-php/ext/date/lib -I/Users/Ingwie/Work/drag0n-php/ext/ereg/regex -I/usr/include/libxml2 -I/usr/local/include -I/Users/Ingwie/Work/drag0n-php/ext/mbstring/oniguruma -I/Users/Ingwie/Work/drag0n-php/ext/mbstring/libmbfl -I/Users/Ingwie/Work/drag0n-php/ext/mbstring/libmbfl/mbfl -I/Users/Ingwie/Work/drag0n-php/ext/sqlite3/libsqlite -I/Users/Ingwie/Work/drag0n-php/ext/pthreads -I/usr/include/tidy -I/Users/Ingwie/Work/drag0n-php/ext/tokenizer/includes -I/usr/local/lib/wx/include/osx_cocoa-unicode-2.9 -I/usr/local/include/wx-2.9 -I/Users/Ingwie/Work/drag0n-php/TSRM -I/Users/Ingwie/Work/drag0n-php/Zend  -no-cpp-precomp  -I/usr/include -g -O2 -fvisibility=hidden -DZTS  -c /Users/Ingwie/Work/drag0n-php/ext/zip/lib/zip_source_pop.c -o ext/zip/lib/zip_source_pop.lo 
/bin/sh /Users/Ingwie/Work/drag0n-php/libtool --silent --preserve-dup-deps --mode=compile cc  -Iext/zip/ -I/Users/Ingwie/Work/drag0n-php/ext/zip/ -DPHP_ATOM_INC -I/Users/Ingwie/Work/drag0n-php/include -I/Users/Ingwie/Work/drag0n-php/main -I/Users/Ingwie/Work/drag0n-php -I/Users/Ingwie/Work/drag0n-php/ext/date/lib -I/Users/Ingwie/Work/drag0n-php/ext/ereg/regex -I/usr/include/libxml2 -I/usr/local/include -I/Users/Ingwie/Work/drag0n-php/ext/mbstring/oniguruma -I/Users/Ingwie/Work/drag0n-php/ext/mbstring/libmbfl -I/Users/Ingwie/Work/drag0n-php/ext/mbstring/libmbfl/mbfl -I/Users/Ingwie/Work/drag0n-php/ext/sqlite3/libsqlite -I/Users/Ingwie/Work/drag0n-php/ext/pthreads -I/usr/include/tidy -I/Users/Ingwie/Work/drag0n-php/ext/tokenizer/includes -I/usr/local/lib/wx/include/osx_cocoa-unicode-2.9 -I/usr/local/include/wx-2.9 -I/Users/Ingwie/Work/drag0n-php/TSRM -I/Users/Ingwie/Work/drag0n-php/Zend  -no-cpp-precomp  -I/usr/include -g -O2 -fvisibility=hidden -DZTS  -c /Users/Ingwie/Work/drag0n-php/ext/zip/lib/zip_source_read.c -o ext/zip/lib/zip_source_read.lo 
/bin/sh /Users/Ingwie/Work/drag0n-php/libtool --silent --preserve-dup-deps --mode=compile cc  -Iext/zip/ -I/Users/Ingwie/Work/drag0n-php/ext/zip/ -DPHP_ATOM_INC -I/Users/Ingwie/Work/drag0n-php/include -I/Users/Ingwie/Work/drag0n-php/main -I/Users/Ingwie/Work/drag0n-php -I/Users/Ingwie/Work/drag0n-php/ext/date/lib -I/Users/Ingwie/Work/drag0n-php/ext/ereg/regex -I/usr/include/libxml2 -I/usr/local/include -I/Users/Ingwie/Work/drag0n-php/ext/mbstring/oniguruma -I/Users/Ingwie/Work/drag0n-php/ext/mbstring/libmbfl -I/Users/Ingwie/Work/drag0n-php/ext/mbstring/libmbfl/mbfl -I/Users/Ingwie/Work/drag0n-php/ext/sqlite3/libsqlite -I/Users/Ingwie/Work/drag0n-php/ext/pthreads -I/usr/include/tidy -I/Users/Ingwie/Work/drag0n-php/ext/tokenizer/includes -I/usr/local/lib/wx/include/osx_cocoa-unicode-2.9 -I/usr/local/include/wx-2.9 -I/Users/Ingwie/Work/drag0n-php/TSRM -I/Users/Ingwie/Work/drag0n-php/Zend  -no-cpp-precomp  -I/usr/include -g -O2 -fvisibility=hidden -DZTS  -c /Users/Ingwie/Work/drag0n-php/ext/zip/lib/zip_source_stat.c -o ext/zip/lib/zip_source_stat.lo 
/bin/sh /Users/Ingwie/Work/drag0n-php/libtool --silent --preserve-dup-deps --mode=compile cc  -ITSRM/ -I/Users/Ingwie/Work/drag0n-php/TSRM/ -DPHP_ATOM_INC -I/Users/Ingwie/Work/drag0n-php/include -I/Users/Ingwie/Work/drag0n-php/main -I/Users/Ingwie/Work/drag0n-php -I/Users/Ingwie/Work/drag0n-php/ext/date/lib -I/Users/Ingwie/Work/drag0n-php/ext/ereg/regex -I/usr/include/libxml2 -I/usr/local/include -I/Users/Ingwie/Work/drag0n-php/ext/mbstring/oniguruma -I/Users/Ingwie/Work/drag0n-php/ext/mbstring/libmbfl -I/Users/Ingwie/Work/drag0n-php/ext/mbstring/libmbfl/mbfl -I/Users/Ingwie/Work/drag0n-php/ext/sqlite3/libsqlite -I/Users/Ingwie/Work/drag0n-php/ext/pthreads -I/usr/include/tidy -I/Users/Ingwie/Work/drag0n-php/ext/tokenizer/includes -I/usr/local/lib/wx/include/osx_cocoa-unicode-2.9 -I/usr/local/include/wx-2.9 -I/Users/Ingwie/Work/drag0n-php/TSRM -I/Users/Ingwie/Work/drag0n-php/Zend  -no-cpp-precomp  -I/usr/include -g -O2 -fvisibility=hidden -DZTS  -c /Users/Ingwie/Work/drag0n-php/TSRM/TSRM.c -o TSRM/TSRM.lo 
/bin/sh /Users/Ingwie/Work/drag0n-php/libtool --silent --preserve-dup-deps --mode=compile cc  -ITSRM/ -I/Users/Ingwie/Work/drag0n-php/TSRM/ -DPHP_ATOM_INC -I/Users/Ingwie/Work/drag0n-php/include -I/Users/Ingwie/Work/drag0n-php/main -I/Users/Ingwie/Work/drag0n-php -I/Users/Ingwie/Work/drag0n-php/ext/date/lib -I/Users/Ingwie/Work/drag0n-php/ext/ereg/regex -I/usr/include/libxml2 -I/usr/local/include -I/Users/Ingwie/Work/drag0n-php/ext/mbstring/oniguruma -I/Users/Ingwie/Work/drag0n-php/ext/mbstring/libmbfl -I/Users/Ingwie/Work/drag0n-php/ext/mbstring/libmbfl/mbfl -I/Users/Ingwie/Work/drag0n-php/ext/sqlite3/libsqlite -I/Users/Ingwie/Work/drag0n-php/ext/pthreads -I/usr/include/tidy -I/Users/Ingwie/Work/drag0n-php/ext/tokenizer/includes -I/usr/local/lib/wx/include/osx_cocoa-unicode-2.9 -I/usr/local/include/wx-2.9 -I/Users/Ingwie/Work/drag0n-php/TSRM -I/Users/Ingwie/Work/drag0n-php/Zend  -no-cpp-precomp  -I/usr/include -g -O2 -fvisibility=hidden -DZTS  -c /Users/Ingwie/Work/drag0n-php/TSRM/tsrm_strtok_r.c -o TSRM/tsrm_strtok_r.lo 
/bin/sh /Users/Ingwie/Work/drag0n-php/libtool --silent --preserve-dup-deps --mode=compile cc  -ITSRM/ -I/Users/Ingwie/Work/drag0n-php/TSRM/ -DPHP_ATOM_INC -I/Users/Ingwie/Work/drag0n-php/include -I/Users/Ingwie/Work/drag0n-php/main -I/Users/Ingwie/Work/drag0n-php -I/Users/Ingwie/Work/drag0n-php/ext/date/lib -I/Users/Ingwie/Work/drag0n-php/ext/ereg/regex -I/usr/include/libxml2 -I/usr/local/include -I/Users/Ingwie/Work/drag0n-php/ext/mbstring/oniguruma -I/Users/Ingwie/Work/drag0n-php/ext/mbstring/libmbfl -I/Users/Ingwie/Work/drag0n-php/ext/mbstring/libmbfl/mbfl -I/Users/Ingwie/Work/drag0n-php/ext/sqlite3/libsqlite -I/Users/Ingwie/Work/drag0n-php/ext/pthreads -I/usr/include/tidy -I/Users/Ingwie/Work/drag0n-php/ext/tokenizer/includes -I/usr/local/lib/wx/include/osx_cocoa-unicode-2.9 -I/usr/local/include/wx-2.9 -I/Users/Ingwie/Work/drag0n-php/TSRM -I/Users/Ingwie/Work/drag0n-php/Zend  -no-cpp-precomp  -I/usr/include -g -O2 -fvisibility=hidden -DZTS  -c /Users/Ingwie/Work/drag0n-php/TSRM/tsrm_virtual_cwd.c -o TSRM/tsrm_virtual_cwd.lo 
/bin/sh /Users/Ingwie/Work/drag0n-php/libtool --silent --preserve-dup-deps --mode=compile cc  -Imain/ -I/Users/Ingwie/Work/drag0n-php/main/ -DPHP_ATOM_INC -I/Users/Ingwie/Work/drag0n-php/include -I/Users/Ingwie/Work/drag0n-php/main -I/Users/Ingwie/Work/drag0n-php -I/Users/Ingwie/Work/drag0n-php/ext/date/lib -I/Users/Ingwie/Work/drag0n-php/ext/ereg/regex -I/usr/include/libxml2 -I/usr/local/include -I/Users/Ingwie/Work/drag0n-php/ext/mbstring/oniguruma -I/Users/Ingwie/Work/drag0n-php/ext/mbstring/libmbfl -I/Users/Ingwie/Work/drag0n-php/ext/mbstring/libmbfl/mbfl -I/Users/Ingwie/Work/drag0n-php/ext/sqlite3/libsqlite -I/Users/Ingwie/Work/drag0n-php/ext/pthreads -I/usr/include/tidy -I/Users/Ingwie/Work/drag0n-php/ext/tokenizer/includes -I/usr/local/lib/wx/include/osx_cocoa-unicode-2.9 -I/usr/local/include/wx-2.9 -I/Users/Ingwie/Work/drag0n-php/TSRM -I/Users/Ingwie/Work/drag0n-php/Zend  -no-cpp-precomp  -I/usr/include -g -O2 -fvisibility=hidden -DZTS  -c /Users/Ingwie/Work/drag0n-php/main/main.c -o main/main.lo 
/Users/Ingwie/Work/drag0n-php/main/main.c:715:44: warning: passing 'char *' to parameter of type 'unsigned char *' converts between pointers to integer types with different sign [-Wpointer-sign]
                char *replace = php_escape_html_entities(buffer, buffer_len, &len, 0, ENT_COMPAT, NULL TSRMLS_CC);
                                                         ^~~~~~
/Users/Ingwie/Work/drag0n-php/ext/standard/html.h:57:54: note: passing argument to parameter 'old' here
PHPAPI char *php_escape_html_entities(unsigned char *old, size_t oldlen, size_t *newlen, int all, int flags, char *hint_charset TSRMLS_DC);
                                                     ^
/Users/Ingwie/Work/drag0n-php/main/main.c:773:44: warning: passing 'char *' to parameter of type 'unsigned char *' converts between pointers to integer types with different sign [-Wpointer-sign]
                char *replace = php_escape_html_entities(origin, origin_len, &len, 0, ENT_COMPAT, NULL TSRMLS_CC);
                                                         ^~~~~~
/Users/Ingwie/Work/drag0n-php/ext/standard/html.h:57:54: note: passing argument to parameter 'old' here
PHPAPI char *php_escape_html_entities(unsigned char *old, size_t oldlen, size_t *newlen, int all, int flags, char *hint_charset TSRMLS_DC);
                                                     ^
/Users/Ingwie/Work/drag0n-php/main/main.c:1083:44: warning: passing 'char *' to parameter of type 'unsigned char *' converts between pointers to integer types with different sign [-Wpointer-sign]
                                                char *buf = php_escape_html_entities(buffer, buffer_len, &len, 0, ENT_COMPAT, NULL TSRMLS_CC);
                                                                                     ^~~~~~
/Users/Ingwie/Work/drag0n-php/ext/standard/html.h:57:54: note: passing argument to parameter 'old' here
PHPAPI char *php_escape_html_entities(unsigned char *old, size_t oldlen, size_t *newlen, int all, int flags, char *hint_charset TSRMLS_DC);
                                                     ^
/Users/Ingwie/Work/drag0n-php/main/main.c:1346:49: warning: implicit conversion from enumeration type 'php_stream_mmap_access_t' to different enumeration type 'php_stream_mmap_operation_t' [-Wenum-conversion]
                && (p = php_stream_mmap_range(stream, 0, len, PHP_STREAM_MAP_MODE_SHARED_READONLY, &mapped_len)) != NULL) {
                        ~~~~~~~~~~~~~~~~~~~~~~~~~~~~~~~~~~~~~~^~~~~~~~~~~~~~~~~~~~~~~~~~~~~~~~~~~~~~~~~~~~~~~~~
main/streams/php_stream_mmap.h:71:127: note: expanded from macro 'php_stream_mmap_range'
#define php_stream_mmap_range(stream, offset, length, mode, mapped_len) _php_stream_mmap_range((stream), (offset), (length), (mode), (mapped_len) TSRMLS_CC)
                                                                                                                              ^
/Users/Ingwie/Work/drag0n-php/main/main.c:2565:28: warning: passing 'const char *' to parameter of type 'const unsigned char *' converts between pointers to integer types with different sign [-Wpointer-sign]
                user = php_base64_decode(auth + 6, strlen(auth) - 6, NULL);
                                         ^~~~~~~~
/Users/Ingwie/Work/drag0n-php/ext/standard/base64.h:29:69: note: passing argument to parameter here
PHPAPI extern unsigned char *php_base64_decode(const unsigned char *, int, int *);
                                                                    ^
/Users/Ingwie/Work/drag0n-php/main/main.c:2565:8: warning: assigning to 'char *' from 'unsigned char *' converts between pointers to integer types with different sign [-Wpointer-sign]
                user = php_base64_decode(auth + 6, strlen(auth) - 6, NULL);
                     ^ ~~~~~~~~~~~~~~~~~~~~~~~~~~~~~~~~~~~~~~~~~~~~~~~~~~~
6 warnings generated.
/bin/sh /Users/Ingwie/Work/drag0n-php/libtool --silent --preserve-dup-deps --mode=compile cc  -Imain/ -I/Users/Ingwie/Work/drag0n-php/main/ -DPHP_ATOM_INC -I/Users/Ingwie/Work/drag0n-php/include -I/Users/Ingwie/Work/drag0n-php/main -I/Users/Ingwie/Work/drag0n-php -I/Users/Ingwie/Work/drag0n-php/ext/date/lib -I/Users/Ingwie/Work/drag0n-php/ext/ereg/regex -I/usr/include/libxml2 -I/usr/local/include -I/Users/Ingwie/Work/drag0n-php/ext/mbstring/oniguruma -I/Users/Ingwie/Work/drag0n-php/ext/mbstring/libmbfl -I/Users/Ingwie/Work/drag0n-php/ext/mbstring/libmbfl/mbfl -I/Users/Ingwie/Work/drag0n-php/ext/sqlite3/libsqlite -I/Users/Ingwie/Work/drag0n-php/ext/pthreads -I/usr/include/tidy -I/Users/Ingwie/Work/drag0n-php/ext/tokenizer/includes -I/usr/local/lib/wx/include/osx_cocoa-unicode-2.9 -I/usr/local/include/wx-2.9 -I/Users/Ingwie/Work/drag0n-php/TSRM -I/Users/Ingwie/Work/drag0n-php/Zend  -no-cpp-precomp  -I/usr/include -g -O2 -fvisibility=hidden -DZTS  -c /Users/Ingwie/Work/drag0n-php/main/snprintf.c -o main/snprintf.lo 
/Users/Ingwie/Work/drag0n-php/main/snprintf.c:1229:14: warning: passing 'unsigned int *' to parameter of type 'int *' converts between pointers to integer types with different sign [-Wpointer-sign]
        strx_printv(&cc, buf, len, format, ap);
                    ^~~
/Users/Ingwie/Work/drag0n-php/main/snprintf.c:1192:30: note: passing argument to parameter 'ccp' here
static void strx_printv(int *ccp, char *buf, size_t len, const char *format, va_list ap) /* {{{ */
                             ^
/Users/Ingwie/Work/drag0n-php/main/snprintf.c:1243:14: warning: passing 'unsigned int *' to parameter of type 'int *' converts between pointers to integer types with different sign [-Wpointer-sign]
        strx_printv(&cc, buf, len, format, ap);
                    ^~~
/Users/Ingwie/Work/drag0n-php/main/snprintf.c:1192:30: note: passing argument to parameter 'ccp' here
static void strx_printv(int *ccp, char *buf, size_t len, const char *format, va_list ap) /* {{{ */
                             ^
2 warnings generated.
/bin/sh /Users/Ingwie/Work/drag0n-php/libtool --silent --preserve-dup-deps --mode=compile cc  -Imain/ -I/Users/Ingwie/Work/drag0n-php/main/ -DPHP_ATOM_INC -I/Users/Ingwie/Work/drag0n-php/include -I/Users/Ingwie/Work/drag0n-php/main -I/Users/Ingwie/Work/drag0n-php -I/Users/Ingwie/Work/drag0n-php/ext/date/lib -I/Users/Ingwie/Work/drag0n-php/ext/ereg/regex -I/usr/include/libxml2 -I/usr/local/include -I/Users/Ingwie/Work/drag0n-php/ext/mbstring/oniguruma -I/Users/Ingwie/Work/drag0n-php/ext/mbstring/libmbfl -I/Users/Ingwie/Work/drag0n-php/ext/mbstring/libmbfl/mbfl -I/Users/Ingwie/Work/drag0n-php/ext/sqlite3/libsqlite -I/Users/Ingwie/Work/drag0n-php/ext/pthreads -I/usr/include/tidy -I/Users/Ingwie/Work/drag0n-php/ext/tokenizer/includes -I/usr/local/lib/wx/include/osx_cocoa-unicode-2.9 -I/usr/local/include/wx-2.9 -I/Users/Ingwie/Work/drag0n-php/TSRM -I/Users/Ingwie/Work/drag0n-php/Zend  -no-cpp-precomp  -I/usr/include -g -O2 -fvisibility=hidden -DZTS  -c /Users/Ingwie/Work/drag0n-php/main/spprintf.c -o main/spprintf.lo 
/bin/sh /Users/Ingwie/Work/drag0n-php/libtool --silent --preserve-dup-deps --mode=compile cc  -Imain/ -I/Users/Ingwie/Work/drag0n-php/main/ -DPHP_ATOM_INC -I/Users/Ingwie/Work/drag0n-php/include -I/Users/Ingwie/Work/drag0n-php/main -I/Users/Ingwie/Work/drag0n-php -I/Users/Ingwie/Work/drag0n-php/ext/date/lib -I/Users/Ingwie/Work/drag0n-php/ext/ereg/regex -I/usr/include/libxml2 -I/usr/local/include -I/Users/Ingwie/Work/drag0n-php/ext/mbstring/oniguruma -I/Users/Ingwie/Work/drag0n-php/ext/mbstring/libmbfl -I/Users/Ingwie/Work/drag0n-php/ext/mbstring/libmbfl/mbfl -I/Users/Ingwie/Work/drag0n-php/ext/sqlite3/libsqlite -I/Users/Ingwie/Work/drag0n-php/ext/pthreads -I/usr/include/tidy -I/Users/Ingwie/Work/drag0n-php/ext/tokenizer/includes -I/usr/local/lib/wx/include/osx_cocoa-unicode-2.9 -I/usr/local/include/wx-2.9 -I/Users/Ingwie/Work/drag0n-php/TSRM -I/Users/Ingwie/Work/drag0n-php/Zend  -no-cpp-precomp  -I/usr/include -g -O2 -fvisibility=hidden -DZTS  -c /Users/Ingwie/Work/drag0n-php/main/php_sprintf.c -o main/php_sprintf.lo 
/bin/sh /Users/Ingwie/Work/drag0n-php/libtool --silent --preserve-dup-deps --mode=compile cc  -Imain/ -I/Users/Ingwie/Work/drag0n-php/main/ -DPHP_ATOM_INC -I/Users/Ingwie/Work/drag0n-php/include -I/Users/Ingwie/Work/drag0n-php/main -I/Users/Ingwie/Work/drag0n-php -I/Users/Ingwie/Work/drag0n-php/ext/date/lib -I/Users/Ingwie/Work/drag0n-php/ext/ereg/regex -I/usr/include/libxml2 -I/usr/local/include -I/Users/Ingwie/Work/drag0n-php/ext/mbstring/oniguruma -I/Users/Ingwie/Work/drag0n-php/ext/mbstring/libmbfl -I/Users/Ingwie/Work/drag0n-php/ext/mbstring/libmbfl/mbfl -I/Users/Ingwie/Work/drag0n-php/ext/sqlite3/libsqlite -I/Users/Ingwie/Work/drag0n-php/ext/pthreads -I/usr/include/tidy -I/Users/Ingwie/Work/drag0n-php/ext/tokenizer/includes -I/usr/local/lib/wx/include/osx_cocoa-unicode-2.9 -I/usr/local/include/wx-2.9 -I/Users/Ingwie/Work/drag0n-php/TSRM -I/Users/Ingwie/Work/drag0n-php/Zend  -no-cpp-precomp  -I/usr/include -g -O2 -fvisibility=hidden -DZTS  -c /Users/Ingwie/Work/drag0n-php/main/fopen_wrappers.c -o main/fopen_wrappers.lo 
/bin/sh /Users/Ingwie/Work/drag0n-php/libtool --silent --preserve-dup-deps --mode=compile cc  -Imain/ -I/Users/Ingwie/Work/drag0n-php/main/ -DPHP_ATOM_INC -I/Users/Ingwie/Work/drag0n-php/include -I/Users/Ingwie/Work/drag0n-php/main -I/Users/Ingwie/Work/drag0n-php -I/Users/Ingwie/Work/drag0n-php/ext/date/lib -I/Users/Ingwie/Work/drag0n-php/ext/ereg/regex -I/usr/include/libxml2 -I/usr/local/include -I/Users/Ingwie/Work/drag0n-php/ext/mbstring/oniguruma -I/Users/Ingwie/Work/drag0n-php/ext/mbstring/libmbfl -I/Users/Ingwie/Work/drag0n-php/ext/mbstring/libmbfl/mbfl -I/Users/Ingwie/Work/drag0n-php/ext/sqlite3/libsqlite -I/Users/Ingwie/Work/drag0n-php/ext/pthreads -I/usr/include/tidy -I/Users/Ingwie/Work/drag0n-php/ext/tokenizer/includes -I/usr/local/lib/wx/include/osx_cocoa-unicode-2.9 -I/usr/local/include/wx-2.9 -I/Users/Ingwie/Work/drag0n-php/TSRM -I/Users/Ingwie/Work/drag0n-php/Zend  -no-cpp-precomp  -I/usr/include -g -O2 -fvisibility=hidden -DZTS  -c /Users/Ingwie/Work/drag0n-php/main/alloca.c -o main/alloca.lo 
/bin/sh /Users/Ingwie/Work/drag0n-php/libtool --silent --preserve-dup-deps --mode=compile cc  -Imain/ -I/Users/Ingwie/Work/drag0n-php/main/ -DPHP_ATOM_INC -I/Users/Ingwie/Work/drag0n-php/include -I/Users/Ingwie/Work/drag0n-php/main -I/Users/Ingwie/Work/drag0n-php -I/Users/Ingwie/Work/drag0n-php/ext/date/lib -I/Users/Ingwie/Work/drag0n-php/ext/ereg/regex -I/usr/include/libxml2 -I/usr/local/include -I/Users/Ingwie/Work/drag0n-php/ext/mbstring/oniguruma -I/Users/Ingwie/Work/drag0n-php/ext/mbstring/libmbfl -I/Users/Ingwie/Work/drag0n-php/ext/mbstring/libmbfl/mbfl -I/Users/Ingwie/Work/drag0n-php/ext/sqlite3/libsqlite -I/Users/Ingwie/Work/drag0n-php/ext/pthreads -I/usr/include/tidy -I/Users/Ingwie/Work/drag0n-php/ext/tokenizer/includes -I/usr/local/lib/wx/include/osx_cocoa-unicode-2.9 -I/usr/local/include/wx-2.9 -I/Users/Ingwie/Work/drag0n-php/TSRM -I/Users/Ingwie/Work/drag0n-php/Zend  -no-cpp-precomp  -I/usr/include -g -O2 -fvisibility=hidden -DZTS  -c /Users/Ingwie/Work/drag0n-php/main/php_scandir.c -o main/php_scandir.lo 
/bin/sh /Users/Ingwie/Work/drag0n-php/libtool --silent --preserve-dup-deps --mode=compile cc  -Imain/ -I/Users/Ingwie/Work/drag0n-php/main/ -DPHP_ATOM_INC -I/Users/Ingwie/Work/drag0n-php/include -I/Users/Ingwie/Work/drag0n-php/main -I/Users/Ingwie/Work/drag0n-php -I/Users/Ingwie/Work/drag0n-php/ext/date/lib -I/Users/Ingwie/Work/drag0n-php/ext/ereg/regex -I/usr/include/libxml2 -I/usr/local/include -I/Users/Ingwie/Work/drag0n-php/ext/mbstring/oniguruma -I/Users/Ingwie/Work/drag0n-php/ext/mbstring/libmbfl -I/Users/Ingwie/Work/drag0n-php/ext/mbstring/libmbfl/mbfl -I/Users/Ingwie/Work/drag0n-php/ext/sqlite3/libsqlite -I/Users/Ingwie/Work/drag0n-php/ext/pthreads -I/usr/include/tidy -I/Users/Ingwie/Work/drag0n-php/ext/tokenizer/includes -I/usr/local/lib/wx/include/osx_cocoa-unicode-2.9 -I/usr/local/include/wx-2.9 -I/Users/Ingwie/Work/drag0n-php/TSRM -I/Users/Ingwie/Work/drag0n-php/Zend  -no-cpp-precomp  -I/usr/include -g -O2 -fvisibility=hidden -DZTS  -c /Users/Ingwie/Work/drag0n-php/main/php_ini.c -o main/php_ini.lo 
/bin/sh /Users/Ingwie/Work/drag0n-php/libtool --silent --preserve-dup-deps --mode=compile cc  -Imain/ -I/Users/Ingwie/Work/drag0n-php/main/ -DPHP_ATOM_INC -I/Users/Ingwie/Work/drag0n-php/include -I/Users/Ingwie/Work/drag0n-php/main -I/Users/Ingwie/Work/drag0n-php -I/Users/Ingwie/Work/drag0n-php/ext/date/lib -I/Users/Ingwie/Work/drag0n-php/ext/ereg/regex -I/usr/include/libxml2 -I/usr/local/include -I/Users/Ingwie/Work/drag0n-php/ext/mbstring/oniguruma -I/Users/Ingwie/Work/drag0n-php/ext/mbstring/libmbfl -I/Users/Ingwie/Work/drag0n-php/ext/mbstring/libmbfl/mbfl -I/Users/Ingwie/Work/drag0n-php/ext/sqlite3/libsqlite -I/Users/Ingwie/Work/drag0n-php/ext/pthreads -I/usr/include/tidy -I/Users/Ingwie/Work/drag0n-php/ext/tokenizer/includes -I/usr/local/lib/wx/include/osx_cocoa-unicode-2.9 -I/usr/local/include/wx-2.9 -I/Users/Ingwie/Work/drag0n-php/TSRM -I/Users/Ingwie/Work/drag0n-php/Zend  -no-cpp-precomp  -I/usr/include -g -O2 -fvisibility=hidden -DZTS  -c /Users/Ingwie/Work/drag0n-php/main/SAPI.c -o main/SAPI.lo 
/bin/sh /Users/Ingwie/Work/drag0n-php/libtool --silent --preserve-dup-deps --mode=compile cc  -Imain/ -I/Users/Ingwie/Work/drag0n-php/main/ -DPHP_ATOM_INC -I/Users/Ingwie/Work/drag0n-php/include -I/Users/Ingwie/Work/drag0n-php/main -I/Users/Ingwie/Work/drag0n-php -I/Users/Ingwie/Work/drag0n-php/ext/date/lib -I/Users/Ingwie/Work/drag0n-php/ext/ereg/regex -I/usr/include/libxml2 -I/usr/local/include -I/Users/Ingwie/Work/drag0n-php/ext/mbstring/oniguruma -I/Users/Ingwie/Work/drag0n-php/ext/mbstring/libmbfl -I/Users/Ingwie/Work/drag0n-php/ext/mbstring/libmbfl/mbfl -I/Users/Ingwie/Work/drag0n-php/ext/sqlite3/libsqlite -I/Users/Ingwie/Work/drag0n-php/ext/pthreads -I/usr/include/tidy -I/Users/Ingwie/Work/drag0n-php/ext/tokenizer/includes -I/usr/local/lib/wx/include/osx_cocoa-unicode-2.9 -I/usr/local/include/wx-2.9 -I/Users/Ingwie/Work/drag0n-php/TSRM -I/Users/Ingwie/Work/drag0n-php/Zend  -no-cpp-precomp  -I/usr/include -g -O2 -fvisibility=hidden -DZTS  -c /Users/Ingwie/Work/drag0n-php/main/rfc1867.c -o main/rfc1867.lo 
/Users/Ingwie/Work/drag0n-php/main/rfc1867.c:418:60: warning: passing 'char *' to parameter of type 'const unsigned char *' converts between pointers to integer types with different sign [-Wpointer-sign]
                        self->input_encoding = zend_multibyte_encoding_detector(line, strlen(line), self->detect_order, self->detect_order_size TSRMLS_CC);
                                                                                ^~~~
/Users/Ingwie/Work/drag0n-php/Zend/zend_multibyte.h:68:85: note: passing argument to parameter 'string' here
ZEND_API const zend_encoding *zend_multibyte_encoding_detector(const unsigned char *string, size_t length, const zend_encoding **list, size_t list_size TSRMLS_DC);
                                                                                    ^
1 warning generated.
/bin/sh /Users/Ingwie/Work/drag0n-php/libtool --silent --preserve-dup-deps --mode=compile cc  -Imain/ -I/Users/Ingwie/Work/drag0n-php/main/ -DPHP_ATOM_INC -I/Users/Ingwie/Work/drag0n-php/include -I/Users/Ingwie/Work/drag0n-php/main -I/Users/Ingwie/Work/drag0n-php -I/Users/Ingwie/Work/drag0n-php/ext/date/lib -I/Users/Ingwie/Work/drag0n-php/ext/ereg/regex -I/usr/include/libxml2 -I/usr/local/include -I/Users/Ingwie/Work/drag0n-php/ext/mbstring/oniguruma -I/Users/Ingwie/Work/drag0n-php/ext/mbstring/libmbfl -I/Users/Ingwie/Work/drag0n-php/ext/mbstring/libmbfl/mbfl -I/Users/Ingwie/Work/drag0n-php/ext/sqlite3/libsqlite -I/Users/Ingwie/Work/drag0n-php/ext/pthreads -I/usr/include/tidy -I/Users/Ingwie/Work/drag0n-php/ext/tokenizer/includes -I/usr/local/lib/wx/include/osx_cocoa-unicode-2.9 -I/usr/local/include/wx-2.9 -I/Users/Ingwie/Work/drag0n-php/TSRM -I/Users/Ingwie/Work/drag0n-php/Zend  -no-cpp-precomp  -I/usr/include -g -O2 -fvisibility=hidden -DZTS  -c /Users/Ingwie/Work/drag0n-php/main/php_content_types.c -o main/php_content_types.lo 
/bin/sh /Users/Ingwie/Work/drag0n-php/libtool --silent --preserve-dup-deps --mode=compile cc  -Imain/ -I/Users/Ingwie/Work/drag0n-php/main/ -DPHP_ATOM_INC -I/Users/Ingwie/Work/drag0n-php/include -I/Users/Ingwie/Work/drag0n-php/main -I/Users/Ingwie/Work/drag0n-php -I/Users/Ingwie/Work/drag0n-php/ext/date/lib -I/Users/Ingwie/Work/drag0n-php/ext/ereg/regex -I/usr/include/libxml2 -I/usr/local/include -I/Users/Ingwie/Work/drag0n-php/ext/mbstring/oniguruma -I/Users/Ingwie/Work/drag0n-php/ext/mbstring/libmbfl -I/Users/Ingwie/Work/drag0n-php/ext/mbstring/libmbfl/mbfl -I/Users/Ingwie/Work/drag0n-php/ext/sqlite3/libsqlite -I/Users/Ingwie/Work/drag0n-php/ext/pthreads -I/usr/include/tidy -I/Users/Ingwie/Work/drag0n-php/ext/tokenizer/includes -I/usr/local/lib/wx/include/osx_cocoa-unicode-2.9 -I/usr/local/include/wx-2.9 -I/Users/Ingwie/Work/drag0n-php/TSRM -I/Users/Ingwie/Work/drag0n-php/Zend  -no-cpp-precomp  -I/usr/include -g -O2 -fvisibility=hidden -DZTS  -c /Users/Ingwie/Work/drag0n-php/main/strlcpy.c -o main/strlcpy.lo 
/bin/sh /Users/Ingwie/Work/drag0n-php/libtool --silent --preserve-dup-deps --mode=compile cc  -Imain/ -I/Users/Ingwie/Work/drag0n-php/main/ -DPHP_ATOM_INC -I/Users/Ingwie/Work/drag0n-php/include -I/Users/Ingwie/Work/drag0n-php/main -I/Users/Ingwie/Work/drag0n-php -I/Users/Ingwie/Work/drag0n-php/ext/date/lib -I/Users/Ingwie/Work/drag0n-php/ext/ereg/regex -I/usr/include/libxml2 -I/usr/local/include -I/Users/Ingwie/Work/drag0n-php/ext/mbstring/oniguruma -I/Users/Ingwie/Work/drag0n-php/ext/mbstring/libmbfl -I/Users/Ingwie/Work/drag0n-php/ext/mbstring/libmbfl/mbfl -I/Users/Ingwie/Work/drag0n-php/ext/sqlite3/libsqlite -I/Users/Ingwie/Work/drag0n-php/ext/pthreads -I/usr/include/tidy -I/Users/Ingwie/Work/drag0n-php/ext/tokenizer/includes -I/usr/local/lib/wx/include/osx_cocoa-unicode-2.9 -I/usr/local/include/wx-2.9 -I/Users/Ingwie/Work/drag0n-php/TSRM -I/Users/Ingwie/Work/drag0n-php/Zend  -no-cpp-precomp  -I/usr/include -g -O2 -fvisibility=hidden -DZTS  -c /Users/Ingwie/Work/drag0n-php/main/strlcat.c -o main/strlcat.lo 
/bin/sh /Users/Ingwie/Work/drag0n-php/libtool --silent --preserve-dup-deps --mode=compile cc  -Imain/ -I/Users/Ingwie/Work/drag0n-php/main/ -DPHP_ATOM_INC -I/Users/Ingwie/Work/drag0n-php/include -I/Users/Ingwie/Work/drag0n-php/main -I/Users/Ingwie/Work/drag0n-php -I/Users/Ingwie/Work/drag0n-php/ext/date/lib -I/Users/Ingwie/Work/drag0n-php/ext/ereg/regex -I/usr/include/libxml2 -I/usr/local/include -I/Users/Ingwie/Work/drag0n-php/ext/mbstring/oniguruma -I/Users/Ingwie/Work/drag0n-php/ext/mbstring/libmbfl -I/Users/Ingwie/Work/drag0n-php/ext/mbstring/libmbfl/mbfl -I/Users/Ingwie/Work/drag0n-php/ext/sqlite3/libsqlite -I/Users/Ingwie/Work/drag0n-php/ext/pthreads -I/usr/include/tidy -I/Users/Ingwie/Work/drag0n-php/ext/tokenizer/includes -I/usr/local/lib/wx/include/osx_cocoa-unicode-2.9 -I/usr/local/include/wx-2.9 -I/Users/Ingwie/Work/drag0n-php/TSRM -I/Users/Ingwie/Work/drag0n-php/Zend  -no-cpp-precomp  -I/usr/include -g -O2 -fvisibility=hidden -DZTS  -c /Users/Ingwie/Work/drag0n-php/main/mergesort.c -o main/mergesort.lo 
/bin/sh /Users/Ingwie/Work/drag0n-php/libtool --silent --preserve-dup-deps --mode=compile cc  -Imain/ -I/Users/Ingwie/Work/drag0n-php/main/ -DPHP_ATOM_INC -I/Users/Ingwie/Work/drag0n-php/include -I/Users/Ingwie/Work/drag0n-php/main -I/Users/Ingwie/Work/drag0n-php -I/Users/Ingwie/Work/drag0n-php/ext/date/lib -I/Users/Ingwie/Work/drag0n-php/ext/ereg/regex -I/usr/include/libxml2 -I/usr/local/include -I/Users/Ingwie/Work/drag0n-php/ext/mbstring/oniguruma -I/Users/Ingwie/Work/drag0n-php/ext/mbstring/libmbfl -I/Users/Ingwie/Work/drag0n-php/ext/mbstring/libmbfl/mbfl -I/Users/Ingwie/Work/drag0n-php/ext/sqlite3/libsqlite -I/Users/Ingwie/Work/drag0n-php/ext/pthreads -I/usr/include/tidy -I/Users/Ingwie/Work/drag0n-php/ext/tokenizer/includes -I/usr/local/lib/wx/include/osx_cocoa-unicode-2.9 -I/usr/local/include/wx-2.9 -I/Users/Ingwie/Work/drag0n-php/TSRM -I/Users/Ingwie/Work/drag0n-php/Zend  -no-cpp-precomp  -I/usr/include -g -O2 -fvisibility=hidden -DZTS  -c /Users/Ingwie/Work/drag0n-php/main/reentrancy.c -o main/reentrancy.lo 
/bin/sh /Users/Ingwie/Work/drag0n-php/libtool --silent --preserve-dup-deps --mode=compile cc  -Imain/ -I/Users/Ingwie/Work/drag0n-php/main/ -DPHP_ATOM_INC -I/Users/Ingwie/Work/drag0n-php/include -I/Users/Ingwie/Work/drag0n-php/main -I/Users/Ingwie/Work/drag0n-php -I/Users/Ingwie/Work/drag0n-php/ext/date/lib -I/Users/Ingwie/Work/drag0n-php/ext/ereg/regex -I/usr/include/libxml2 -I/usr/local/include -I/Users/Ingwie/Work/drag0n-php/ext/mbstring/oniguruma -I/Users/Ingwie/Work/drag0n-php/ext/mbstring/libmbfl -I/Users/Ingwie/Work/drag0n-php/ext/mbstring/libmbfl/mbfl -I/Users/Ingwie/Work/drag0n-php/ext/sqlite3/libsqlite -I/Users/Ingwie/Work/drag0n-php/ext/pthreads -I/usr/include/tidy -I/Users/Ingwie/Work/drag0n-php/ext/tokenizer/includes -I/usr/local/lib/wx/include/osx_cocoa-unicode-2.9 -I/usr/local/include/wx-2.9 -I/Users/Ingwie/Work/drag0n-php/TSRM -I/Users/Ingwie/Work/drag0n-php/Zend  -no-cpp-precomp  -I/usr/include -g -O2 -fvisibility=hidden -DZTS  -c /Users/Ingwie/Work/drag0n-php/main/php_variables.c -o main/php_variables.lo 
/bin/sh /Users/Ingwie/Work/drag0n-php/libtool --silent --preserve-dup-deps --mode=compile cc  -Imain/ -I/Users/Ingwie/Work/drag0n-php/main/ -DPHP_ATOM_INC -I/Users/Ingwie/Work/drag0n-php/include -I/Users/Ingwie/Work/drag0n-php/main -I/Users/Ingwie/Work/drag0n-php -I/Users/Ingwie/Work/drag0n-php/ext/date/lib -I/Users/Ingwie/Work/drag0n-php/ext/ereg/regex -I/usr/include/libxml2 -I/usr/local/include -I/Users/Ingwie/Work/drag0n-php/ext/mbstring/oniguruma -I/Users/Ingwie/Work/drag0n-php/ext/mbstring/libmbfl -I/Users/Ingwie/Work/drag0n-php/ext/mbstring/libmbfl/mbfl -I/Users/Ingwie/Work/drag0n-php/ext/sqlite3/libsqlite -I/Users/Ingwie/Work/drag0n-php/ext/pthreads -I/usr/include/tidy -I/Users/Ingwie/Work/drag0n-php/ext/tokenizer/includes -I/usr/local/lib/wx/include/osx_cocoa-unicode-2.9 -I/usr/local/include/wx-2.9 -I/Users/Ingwie/Work/drag0n-php/TSRM -I/Users/Ingwie/Work/drag0n-php/Zend  -no-cpp-precomp  -I/usr/include -g -O2 -fvisibility=hidden -DZTS  -c /Users/Ingwie/Work/drag0n-php/main/php_ticks.c -o main/php_ticks.lo 
/bin/sh /Users/Ingwie/Work/drag0n-php/libtool --silent --preserve-dup-deps --mode=compile cc  -Imain/ -I/Users/Ingwie/Work/drag0n-php/main/ -DPHP_ATOM_INC -I/Users/Ingwie/Work/drag0n-php/include -I/Users/Ingwie/Work/drag0n-php/main -I/Users/Ingwie/Work/drag0n-php -I/Users/Ingwie/Work/drag0n-php/ext/date/lib -I/Users/Ingwie/Work/drag0n-php/ext/ereg/regex -I/usr/include/libxml2 -I/usr/local/include -I/Users/Ingwie/Work/drag0n-php/ext/mbstring/oniguruma -I/Users/Ingwie/Work/drag0n-php/ext/mbstring/libmbfl -I/Users/Ingwie/Work/drag0n-php/ext/mbstring/libmbfl/mbfl -I/Users/Ingwie/Work/drag0n-php/ext/sqlite3/libsqlite -I/Users/Ingwie/Work/drag0n-php/ext/pthreads -I/usr/include/tidy -I/Users/Ingwie/Work/drag0n-php/ext/tokenizer/includes -I/usr/local/lib/wx/include/osx_cocoa-unicode-2.9 -I/usr/local/include/wx-2.9 -I/Users/Ingwie/Work/drag0n-php/TSRM -I/Users/Ingwie/Work/drag0n-php/Zend  -no-cpp-precomp  -I/usr/include -g -O2 -fvisibility=hidden -DZTS  -c /Users/Ingwie/Work/drag0n-php/main/network.c -o main/network.lo 
/bin/sh /Users/Ingwie/Work/drag0n-php/libtool --silent --preserve-dup-deps --mode=compile cc  -Imain/ -I/Users/Ingwie/Work/drag0n-php/main/ -DPHP_ATOM_INC -I/Users/Ingwie/Work/drag0n-php/include -I/Users/Ingwie/Work/drag0n-php/main -I/Users/Ingwie/Work/drag0n-php -I/Users/Ingwie/Work/drag0n-php/ext/date/lib -I/Users/Ingwie/Work/drag0n-php/ext/ereg/regex -I/usr/include/libxml2 -I/usr/local/include -I/Users/Ingwie/Work/drag0n-php/ext/mbstring/oniguruma -I/Users/Ingwie/Work/drag0n-php/ext/mbstring/libmbfl -I/Users/Ingwie/Work/drag0n-php/ext/mbstring/libmbfl/mbfl -I/Users/Ingwie/Work/drag0n-php/ext/sqlite3/libsqlite -I/Users/Ingwie/Work/drag0n-php/ext/pthreads -I/usr/include/tidy -I/Users/Ingwie/Work/drag0n-php/ext/tokenizer/includes -I/usr/local/lib/wx/include/osx_cocoa-unicode-2.9 -I/usr/local/include/wx-2.9 -I/Users/Ingwie/Work/drag0n-php/TSRM -I/Users/Ingwie/Work/drag0n-php/Zend  -no-cpp-precomp  -I/usr/include -g -O2 -fvisibility=hidden -DZTS  -c /Users/Ingwie/Work/drag0n-php/main/php_open_temporary_file.c -o main/php_open_temporary_file.lo 
/bin/sh /Users/Ingwie/Work/drag0n-php/libtool --silent --preserve-dup-deps --mode=compile cc  -Imain/ -I/Users/Ingwie/Work/drag0n-php/main/ -DPHP_ATOM_INC -I/Users/Ingwie/Work/drag0n-php/include -I/Users/Ingwie/Work/drag0n-php/main -I/Users/Ingwie/Work/drag0n-php -I/Users/Ingwie/Work/drag0n-php/ext/date/lib -I/Users/Ingwie/Work/drag0n-php/ext/ereg/regex -I/usr/include/libxml2 -I/usr/local/include -I/Users/Ingwie/Work/drag0n-php/ext/mbstring/oniguruma -I/Users/Ingwie/Work/drag0n-php/ext/mbstring/libmbfl -I/Users/Ingwie/Work/drag0n-php/ext/mbstring/libmbfl/mbfl -I/Users/Ingwie/Work/drag0n-php/ext/sqlite3/libsqlite -I/Users/Ingwie/Work/drag0n-php/ext/pthreads -I/usr/include/tidy -I/Users/Ingwie/Work/drag0n-php/ext/tokenizer/includes -I/usr/local/lib/wx/include/osx_cocoa-unicode-2.9 -I/usr/local/include/wx-2.9 -I/Users/Ingwie/Work/drag0n-php/TSRM -I/Users/Ingwie/Work/drag0n-php/Zend  -no-cpp-precomp  -I/usr/include -g -O2 -fvisibility=hidden -DZTS  -c /Users/Ingwie/Work/drag0n-php/main/output.c -o main/output.lo 
/bin/sh /Users/Ingwie/Work/drag0n-php/libtool --silent --preserve-dup-deps --mode=compile cc  -Imain/ -I/Users/Ingwie/Work/drag0n-php/main/ -DPHP_ATOM_INC -I/Users/Ingwie/Work/drag0n-php/include -I/Users/Ingwie/Work/drag0n-php/main -I/Users/Ingwie/Work/drag0n-php -I/Users/Ingwie/Work/drag0n-php/ext/date/lib -I/Users/Ingwie/Work/drag0n-php/ext/ereg/regex -I/usr/include/libxml2 -I/usr/local/include -I/Users/Ingwie/Work/drag0n-php/ext/mbstring/oniguruma -I/Users/Ingwie/Work/drag0n-php/ext/mbstring/libmbfl -I/Users/Ingwie/Work/drag0n-php/ext/mbstring/libmbfl/mbfl -I/Users/Ingwie/Work/drag0n-php/ext/sqlite3/libsqlite -I/Users/Ingwie/Work/drag0n-php/ext/pthreads -I/usr/include/tidy -I/Users/Ingwie/Work/drag0n-php/ext/tokenizer/includes -I/usr/local/lib/wx/include/osx_cocoa-unicode-2.9 -I/usr/local/include/wx-2.9 -I/Users/Ingwie/Work/drag0n-php/TSRM -I/Users/Ingwie/Work/drag0n-php/Zend  -no-cpp-precomp  -I/usr/include -g -O2 -fvisibility=hidden -DZTS  -c /Users/Ingwie/Work/drag0n-php/main/getopt.c -o main/getopt.lo 
/bin/sh /Users/Ingwie/Work/drag0n-php/libtool --silent --preserve-dup-deps --mode=compile cc  -Imain/streams/ -I/Users/Ingwie/Work/drag0n-php/main/streams/ -DPHP_ATOM_INC -I/Users/Ingwie/Work/drag0n-php/include -I/Users/Ingwie/Work/drag0n-php/main -I/Users/Ingwie/Work/drag0n-php -I/Users/Ingwie/Work/drag0n-php/ext/date/lib -I/Users/Ingwie/Work/drag0n-php/ext/ereg/regex -I/usr/include/libxml2 -I/usr/local/include -I/Users/Ingwie/Work/drag0n-php/ext/mbstring/oniguruma -I/Users/Ingwie/Work/drag0n-php/ext/mbstring/libmbfl -I/Users/Ingwie/Work/drag0n-php/ext/mbstring/libmbfl/mbfl -I/Users/Ingwie/Work/drag0n-php/ext/sqlite3/libsqlite -I/Users/Ingwie/Work/drag0n-php/ext/pthreads -I/usr/include/tidy -I/Users/Ingwie/Work/drag0n-php/ext/tokenizer/includes -I/usr/local/lib/wx/include/osx_cocoa-unicode-2.9 -I/usr/local/include/wx-2.9 -I/Users/Ingwie/Work/drag0n-php/TSRM -I/Users/Ingwie/Work/drag0n-php/Zend  -no-cpp-precomp  -I/usr/include -g -O2 -fvisibility=hidden -DZTS  -c /Users/Ingwie/Work/drag0n-php/main/streams/streams.c -o main/streams/streams.lo 
/Users/Ingwie/Work/drag0n-php/main/streams/streams.c:692:41: warning: passing 'unsigned char *' to parameter of type 'char *' converts between pointers to integer types with different sign [-Wpointer-sign]
                        justread = stream->ops->read(stream, stream->readbuf + stream->writepos,
                                                             ^~~~~~~~~~~~~~~~~~~~~~~~~~~~~~~~~~
/Users/Ingwie/Work/drag0n-php/main/streams/streams.c:790:6: warning: passing 'unsigned char *' to parameter of type 'const char *' converts between pointers to integer types with different sign [-Wpointer-sign]
        if (php_stream_write(stream, &buf, 1) > 0) {
            ^~~~~~~~~~~~~~~~~~~~~~~~~~~~~~~~~
/Users/Ingwie/Work/drag0n-php/main/php_streams.h:298:72: note: expanded from macro 'php_stream_write'
#define php_stream_write(stream, buf, count)    _php_stream_write(stream, (buf), (count) TSRMLS_CC)
                                                                          ^~~~~
/Users/Ingwie/Work/drag0n-php/main/php_streams.h:296:65: note: passing argument to parameter 'buf' here
PHPAPI size_t _php_stream_write(php_stream *stream, const char *buf, size_t count TSRMLS_DC);
                                                                ^
/Users/Ingwie/Work/drag0n-php/main/streams/streams.c:845:11: warning: assigning to 'char *' from 'unsigned char *' converts between pointers to integer types with different sign [-Wpointer-sign]
                readptr = stream->readbuf + stream->readpos;
                        ^ ~~~~~~~~~~~~~~~~~~~~~~~~~~~~~~~~~
/Users/Ingwie/Work/drag0n-php/main/streams/streams.c:917:12: warning: assigning to 'char *' from 'unsigned char *' converts between pointers to integer types with different sign [-Wpointer-sign]
                        readptr = stream->readbuf + stream->readpos;
                                ^ ~~~~~~~~~~~~~~~~~~~~~~~~~~~~~~~~~
/Users/Ingwie/Work/drag0n-php/main/streams/streams.c:1396:83: warning: implicit conversion from enumeration type 'php_stream_mmap_access_t' to different enumeration type 'php_stream_mmap_operation_t' [-Wenum-conversion]
                p = php_stream_mmap_range(stream, php_stream_tell(stream), PHP_STREAM_MMAP_ALL, PHP_STREAM_MAP_MODE_SHARED_READONLY, &mapped);
                    ~~~~~~~~~~~~~~~~~~~~~~~~~~~~~~~~~~~~~~~~~~~~~~~~~~~~~~~~~~~~~~~~~~~~~~~~~~~~^~~~~~~~~~~~~~~~~~~~~~~~~~~~~~~~~~~~~~~~~~~~~
/Users/Ingwie/Work/drag0n-php/main/streams/php_stream_mmap.h:71:127: note: expanded from macro 'php_stream_mmap_range'
#define php_stream_mmap_range(stream, offset, length, mode, mapped_len) _php_stream_mmap_range((stream), (offset), (length), (mode), (mapped_len) TSRMLS_CC)
                                                                                                                              ^
/Users/Ingwie/Work/drag0n-php/main/streams/streams.c:1524:64: warning: implicit conversion from enumeration type 'php_stream_mmap_access_t' to different enumeration type 'php_stream_mmap_operation_t' [-Wenum-conversion]
                p = php_stream_mmap_range(src, php_stream_tell(src), maxlen, PHP_STREAM_MAP_MODE_SHARED_READONLY, &mapped);
                    ~~~~~~~~~~~~~~~~~~~~~~~~~~~~~~~~~~~~~~~~~~~~~~~~~~~~~~~~~^~~~~~~~~~~~~~~~~~~~~~~~~~~~~~~~~~~~~~~~~~~~~
/Users/Ingwie/Work/drag0n-php/main/streams/php_stream_mmap.h:71:127: note: expanded from macro 'php_stream_mmap_range'
#define php_stream_mmap_range(stream, offset, length, mode, mapped_len) _php_stream_mmap_range((stream), (offset), (length), (mode), (mapped_len) TSRMLS_CC)
                                                                                                                              ^
/Users/Ingwie/Work/drag0n-php/main/streams/streams.c:1825:37: warning: while loop has empty body [-Wempty-body]
                                while (*(++*path_for_open)=='/');
                                                                ^
/Users/Ingwie/Work/drag0n-php/main/streams/streams.c:1825:37: note: put the semicolon on a separate line to silence this warning
7 warnings generated.
/bin/sh /Users/Ingwie/Work/drag0n-php/libtool --silent --preserve-dup-deps --mode=compile cc  -Imain/streams/ -I/Users/Ingwie/Work/drag0n-php/main/streams/ -DPHP_ATOM_INC -I/Users/Ingwie/Work/drag0n-php/include -I/Users/Ingwie/Work/drag0n-php/main -I/Users/Ingwie/Work/drag0n-php -I/Users/Ingwie/Work/drag0n-php/ext/date/lib -I/Users/Ingwie/Work/drag0n-php/ext/ereg/regex -I/usr/include/libxml2 -I/usr/local/include -I/Users/Ingwie/Work/drag0n-php/ext/mbstring/oniguruma -I/Users/Ingwie/Work/drag0n-php/ext/mbstring/libmbfl -I/Users/Ingwie/Work/drag0n-php/ext/mbstring/libmbfl/mbfl -I/Users/Ingwie/Work/drag0n-php/ext/sqlite3/libsqlite -I/Users/Ingwie/Work/drag0n-php/ext/pthreads -I/usr/include/tidy -I/Users/Ingwie/Work/drag0n-php/ext/tokenizer/includes -I/usr/local/lib/wx/include/osx_cocoa-unicode-2.9 -I/usr/local/include/wx-2.9 -I/Users/Ingwie/Work/drag0n-php/TSRM -I/Users/Ingwie/Work/drag0n-php/Zend  -no-cpp-precomp  -I/usr/include -g -O2 -fvisibility=hidden -DZTS  -c /Users/Ingwie/Work/drag0n-php/main/streams/cast.c -o main/streams/cast.lo 
/bin/sh /Users/Ingwie/Work/drag0n-php/libtool --silent --preserve-dup-deps --mode=compile cc  -Imain/streams/ -I/Users/Ingwie/Work/drag0n-php/main/streams/ -DPHP_ATOM_INC -I/Users/Ingwie/Work/drag0n-php/include -I/Users/Ingwie/Work/drag0n-php/main -I/Users/Ingwie/Work/drag0n-php -I/Users/Ingwie/Work/drag0n-php/ext/date/lib -I/Users/Ingwie/Work/drag0n-php/ext/ereg/regex -I/usr/include/libxml2 -I/usr/local/include -I/Users/Ingwie/Work/drag0n-php/ext/mbstring/oniguruma -I/Users/Ingwie/Work/drag0n-php/ext/mbstring/libmbfl -I/Users/Ingwie/Work/drag0n-php/ext/mbstring/libmbfl/mbfl -I/Users/Ingwie/Work/drag0n-php/ext/sqlite3/libsqlite -I/Users/Ingwie/Work/drag0n-php/ext/pthreads -I/usr/include/tidy -I/Users/Ingwie/Work/drag0n-php/ext/tokenizer/includes -I/usr/local/lib/wx/include/osx_cocoa-unicode-2.9 -I/usr/local/include/wx-2.9 -I/Users/Ingwie/Work/drag0n-php/TSRM -I/Users/Ingwie/Work/drag0n-php/Zend  -no-cpp-precomp  -I/usr/include -g -O2 -fvisibility=hidden -DZTS  -c /Users/Ingwie/Work/drag0n-php/main/streams/memory.c -o main/streams/memory.lo 
/bin/sh /Users/Ingwie/Work/drag0n-php/libtool --silent --preserve-dup-deps --mode=compile cc  -Imain/streams/ -I/Users/Ingwie/Work/drag0n-php/main/streams/ -DPHP_ATOM_INC -I/Users/Ingwie/Work/drag0n-php/include -I/Users/Ingwie/Work/drag0n-php/main -I/Users/Ingwie/Work/drag0n-php -I/Users/Ingwie/Work/drag0n-php/ext/date/lib -I/Users/Ingwie/Work/drag0n-php/ext/ereg/regex -I/usr/include/libxml2 -I/usr/local/include -I/Users/Ingwie/Work/drag0n-php/ext/mbstring/oniguruma -I/Users/Ingwie/Work/drag0n-php/ext/mbstring/libmbfl -I/Users/Ingwie/Work/drag0n-php/ext/mbstring/libmbfl/mbfl -I/Users/Ingwie/Work/drag0n-php/ext/sqlite3/libsqlite -I/Users/Ingwie/Work/drag0n-php/ext/pthreads -I/usr/include/tidy -I/Users/Ingwie/Work/drag0n-php/ext/tokenizer/includes -I/usr/local/lib/wx/include/osx_cocoa-unicode-2.9 -I/usr/local/include/wx-2.9 -I/Users/Ingwie/Work/drag0n-php/TSRM -I/Users/Ingwie/Work/drag0n-php/Zend  -no-cpp-precomp  -I/usr/include -g -O2 -fvisibility=hidden -DZTS  -c /Users/Ingwie/Work/drag0n-php/main/streams/filter.c -o main/streams/filter.lo 
/bin/sh /Users/Ingwie/Work/drag0n-php/libtool --silent --preserve-dup-deps --mode=compile cc  -Imain/streams/ -I/Users/Ingwie/Work/drag0n-php/main/streams/ -DPHP_ATOM_INC -I/Users/Ingwie/Work/drag0n-php/include -I/Users/Ingwie/Work/drag0n-php/main -I/Users/Ingwie/Work/drag0n-php -I/Users/Ingwie/Work/drag0n-php/ext/date/lib -I/Users/Ingwie/Work/drag0n-php/ext/ereg/regex -I/usr/include/libxml2 -I/usr/local/include -I/Users/Ingwie/Work/drag0n-php/ext/mbstring/oniguruma -I/Users/Ingwie/Work/drag0n-php/ext/mbstring/libmbfl -I/Users/Ingwie/Work/drag0n-php/ext/mbstring/libmbfl/mbfl -I/Users/Ingwie/Work/drag0n-php/ext/sqlite3/libsqlite -I/Users/Ingwie/Work/drag0n-php/ext/pthreads -I/usr/include/tidy -I/Users/Ingwie/Work/drag0n-php/ext/tokenizer/includes -I/usr/local/lib/wx/include/osx_cocoa-unicode-2.9 -I/usr/local/include/wx-2.9 -I/Users/Ingwie/Work/drag0n-php/TSRM -I/Users/Ingwie/Work/drag0n-php/Zend  -no-cpp-precomp  -I/usr/include -g -O2 -fvisibility=hidden -DZTS  -c /Users/Ingwie/Work/drag0n-php/main/streams/plain_wrapper.c -o main/streams/plain_wrapper.lo 
/bin/sh /Users/Ingwie/Work/drag0n-php/libtool --silent --preserve-dup-deps --mode=compile cc  -Imain/streams/ -I/Users/Ingwie/Work/drag0n-php/main/streams/ -DPHP_ATOM_INC -I/Users/Ingwie/Work/drag0n-php/include -I/Users/Ingwie/Work/drag0n-php/main -I/Users/Ingwie/Work/drag0n-php -I/Users/Ingwie/Work/drag0n-php/ext/date/lib -I/Users/Ingwie/Work/drag0n-php/ext/ereg/regex -I/usr/include/libxml2 -I/usr/local/include -I/Users/Ingwie/Work/drag0n-php/ext/mbstring/oniguruma -I/Users/Ingwie/Work/drag0n-php/ext/mbstring/libmbfl -I/Users/Ingwie/Work/drag0n-php/ext/mbstring/libmbfl/mbfl -I/Users/Ingwie/Work/drag0n-php/ext/sqlite3/libsqlite -I/Users/Ingwie/Work/drag0n-php/ext/pthreads -I/usr/include/tidy -I/Users/Ingwie/Work/drag0n-php/ext/tokenizer/includes -I/usr/local/lib/wx/include/osx_cocoa-unicode-2.9 -I/usr/local/include/wx-2.9 -I/Users/Ingwie/Work/drag0n-php/TSRM -I/Users/Ingwie/Work/drag0n-php/Zend  -no-cpp-precomp  -I/usr/include -g -O2 -fvisibility=hidden -DZTS  -c /Users/Ingwie/Work/drag0n-php/main/streams/userspace.c -o main/streams/userspace.lo 
/bin/sh /Users/Ingwie/Work/drag0n-php/libtool --silent --preserve-dup-deps --mode=compile cc  -Imain/streams/ -I/Users/Ingwie/Work/drag0n-php/main/streams/ -DPHP_ATOM_INC -I/Users/Ingwie/Work/drag0n-php/include -I/Users/Ingwie/Work/drag0n-php/main -I/Users/Ingwie/Work/drag0n-php -I/Users/Ingwie/Work/drag0n-php/ext/date/lib -I/Users/Ingwie/Work/drag0n-php/ext/ereg/regex -I/usr/include/libxml2 -I/usr/local/include -I/Users/Ingwie/Work/drag0n-php/ext/mbstring/oniguruma -I/Users/Ingwie/Work/drag0n-php/ext/mbstring/libmbfl -I/Users/Ingwie/Work/drag0n-php/ext/mbstring/libmbfl/mbfl -I/Users/Ingwie/Work/drag0n-php/ext/sqlite3/libsqlite -I/Users/Ingwie/Work/drag0n-php/ext/pthreads -I/usr/include/tidy -I/Users/Ingwie/Work/drag0n-php/ext/tokenizer/includes -I/usr/local/lib/wx/include/osx_cocoa-unicode-2.9 -I/usr/local/include/wx-2.9 -I/Users/Ingwie/Work/drag0n-php/TSRM -I/Users/Ingwie/Work/drag0n-php/Zend  -no-cpp-precomp  -I/usr/include -g -O2 -fvisibility=hidden -DZTS  -c /Users/Ingwie/Work/drag0n-php/main/streams/transports.c -o main/streams/transports.lo 
/bin/sh /Users/Ingwie/Work/drag0n-php/libtool --silent --preserve-dup-deps --mode=compile cc  -Imain/streams/ -I/Users/Ingwie/Work/drag0n-php/main/streams/ -DPHP_ATOM_INC -I/Users/Ingwie/Work/drag0n-php/include -I/Users/Ingwie/Work/drag0n-php/main -I/Users/Ingwie/Work/drag0n-php -I/Users/Ingwie/Work/drag0n-php/ext/date/lib -I/Users/Ingwie/Work/drag0n-php/ext/ereg/regex -I/usr/include/libxml2 -I/usr/local/include -I/Users/Ingwie/Work/drag0n-php/ext/mbstring/oniguruma -I/Users/Ingwie/Work/drag0n-php/ext/mbstring/libmbfl -I/Users/Ingwie/Work/drag0n-php/ext/mbstring/libmbfl/mbfl -I/Users/Ingwie/Work/drag0n-php/ext/sqlite3/libsqlite -I/Users/Ingwie/Work/drag0n-php/ext/pthreads -I/usr/include/tidy -I/Users/Ingwie/Work/drag0n-php/ext/tokenizer/includes -I/usr/local/lib/wx/include/osx_cocoa-unicode-2.9 -I/usr/local/include/wx-2.9 -I/Users/Ingwie/Work/drag0n-php/TSRM -I/Users/Ingwie/Work/drag0n-php/Zend  -no-cpp-precomp  -I/usr/include -g -O2 -fvisibility=hidden -DZTS  -c /Users/Ingwie/Work/drag0n-php/main/streams/xp_socket.c -o main/streams/xp_socket.lo 
/bin/sh /Users/Ingwie/Work/drag0n-php/libtool --silent --preserve-dup-deps --mode=compile cc  -Imain/streams/ -I/Users/Ingwie/Work/drag0n-php/main/streams/ -DPHP_ATOM_INC -I/Users/Ingwie/Work/drag0n-php/include -I/Users/Ingwie/Work/drag0n-php/main -I/Users/Ingwie/Work/drag0n-php -I/Users/Ingwie/Work/drag0n-php/ext/date/lib -I/Users/Ingwie/Work/drag0n-php/ext/ereg/regex -I/usr/include/libxml2 -I/usr/local/include -I/Users/Ingwie/Work/drag0n-php/ext/mbstring/oniguruma -I/Users/Ingwie/Work/drag0n-php/ext/mbstring/libmbfl -I/Users/Ingwie/Work/drag0n-php/ext/mbstring/libmbfl/mbfl -I/Users/Ingwie/Work/drag0n-php/ext/sqlite3/libsqlite -I/Users/Ingwie/Work/drag0n-php/ext/pthreads -I/usr/include/tidy -I/Users/Ingwie/Work/drag0n-php/ext/tokenizer/includes -I/usr/local/lib/wx/include/osx_cocoa-unicode-2.9 -I/usr/local/include/wx-2.9 -I/Users/Ingwie/Work/drag0n-php/TSRM -I/Users/Ingwie/Work/drag0n-php/Zend  -no-cpp-precomp  -I/usr/include -g -O2 -fvisibility=hidden -DZTS  -c /Users/Ingwie/Work/drag0n-php/main/streams/mmap.c -o main/streams/mmap.lo 
/Users/Ingwie/Work/drag0n-php/main/streams/mmap.c:31:15: warning: implicit conversion from enumeration type 'php_stream_mmap_operation_t' to different enumeration type 'php_stream_mmap_access_t' [-Wenum-conversion]
        range.mode = mode;
                   ~ ^~~~
1 warning generated.
/bin/sh /Users/Ingwie/Work/drag0n-php/libtool --silent --preserve-dup-deps --mode=compile cc  -Imain/streams/ -I/Users/Ingwie/Work/drag0n-php/main/streams/ -DPHP_ATOM_INC -I/Users/Ingwie/Work/drag0n-php/include -I/Users/Ingwie/Work/drag0n-php/main -I/Users/Ingwie/Work/drag0n-php -I/Users/Ingwie/Work/drag0n-php/ext/date/lib -I/Users/Ingwie/Work/drag0n-php/ext/ereg/regex -I/usr/include/libxml2 -I/usr/local/include -I/Users/Ingwie/Work/drag0n-php/ext/mbstring/oniguruma -I/Users/Ingwie/Work/drag0n-php/ext/mbstring/libmbfl -I/Users/Ingwie/Work/drag0n-php/ext/mbstring/libmbfl/mbfl -I/Users/Ingwie/Work/drag0n-php/ext/sqlite3/libsqlite -I/Users/Ingwie/Work/drag0n-php/ext/pthreads -I/usr/include/tidy -I/Users/Ingwie/Work/drag0n-php/ext/tokenizer/includes -I/usr/local/lib/wx/include/osx_cocoa-unicode-2.9 -I/usr/local/include/wx-2.9 -I/Users/Ingwie/Work/drag0n-php/TSRM -I/Users/Ingwie/Work/drag0n-php/Zend  -no-cpp-precomp  -I/usr/include -g -O2 -fvisibility=hidden -DZTS  -c /Users/Ingwie/Work/drag0n-php/main/streams/glob_wrapper.c -o main/streams/glob_wrapper.lo 
/bin/sh /Users/Ingwie/Work/drag0n-php/libtool --silent --preserve-dup-deps --mode=compile cc  -IZend/ -I/Users/Ingwie/Work/drag0n-php/Zend/ -DPHP_ATOM_INC -I/Users/Ingwie/Work/drag0n-php/include -I/Users/Ingwie/Work/drag0n-php/main -I/Users/Ingwie/Work/drag0n-php -I/Users/Ingwie/Work/drag0n-php/ext/date/lib -I/Users/Ingwie/Work/drag0n-php/ext/ereg/regex -I/usr/include/libxml2 -I/usr/local/include -I/Users/Ingwie/Work/drag0n-php/ext/mbstring/oniguruma -I/Users/Ingwie/Work/drag0n-php/ext/mbstring/libmbfl -I/Users/Ingwie/Work/drag0n-php/ext/mbstring/libmbfl/mbfl -I/Users/Ingwie/Work/drag0n-php/ext/sqlite3/libsqlite -I/Users/Ingwie/Work/drag0n-php/ext/pthreads -I/usr/include/tidy -I/Users/Ingwie/Work/drag0n-php/ext/tokenizer/includes -I/usr/local/lib/wx/include/osx_cocoa-unicode-2.9 -I/usr/local/include/wx-2.9 -I/Users/Ingwie/Work/drag0n-php/TSRM -I/Users/Ingwie/Work/drag0n-php/Zend  -no-cpp-precomp  -I/usr/include -g -O2 -fvisibility=hidden -DZTS  -c /Users/Ingwie/Work/drag0n-php/Zend/zend_language_parser.c -o Zend/zend_language_parser.lo 
/bin/sh /Users/Ingwie/Work/drag0n-php/libtool --silent --preserve-dup-deps --mode=compile cc  -IZend/ -I/Users/Ingwie/Work/drag0n-php/Zend/ -DPHP_ATOM_INC -I/Users/Ingwie/Work/drag0n-php/include -I/Users/Ingwie/Work/drag0n-php/main -I/Users/Ingwie/Work/drag0n-php -I/Users/Ingwie/Work/drag0n-php/ext/date/lib -I/Users/Ingwie/Work/drag0n-php/ext/ereg/regex -I/usr/include/libxml2 -I/usr/local/include -I/Users/Ingwie/Work/drag0n-php/ext/mbstring/oniguruma -I/Users/Ingwie/Work/drag0n-php/ext/mbstring/libmbfl -I/Users/Ingwie/Work/drag0n-php/ext/mbstring/libmbfl/mbfl -I/Users/Ingwie/Work/drag0n-php/ext/sqlite3/libsqlite -I/Users/Ingwie/Work/drag0n-php/ext/pthreads -I/usr/include/tidy -I/Users/Ingwie/Work/drag0n-php/ext/tokenizer/includes -I/usr/local/lib/wx/include/osx_cocoa-unicode-2.9 -I/usr/local/include/wx-2.9 -I/Users/Ingwie/Work/drag0n-php/TSRM -I/Users/Ingwie/Work/drag0n-php/Zend  -no-cpp-precomp  -I/usr/include -g -O2 -fvisibility=hidden -DZTS  -c /Users/Ingwie/Work/drag0n-php/Zend/zend_language_scanner.c -o Zend/zend_language_scanner.lo 
/bin/sh /Users/Ingwie/Work/drag0n-php/libtool --silent --preserve-dup-deps --mode=compile cc  -IZend/ -I/Users/Ingwie/Work/drag0n-php/Zend/ -DPHP_ATOM_INC -I/Users/Ingwie/Work/drag0n-php/include -I/Users/Ingwie/Work/drag0n-php/main -I/Users/Ingwie/Work/drag0n-php -I/Users/Ingwie/Work/drag0n-php/ext/date/lib -I/Users/Ingwie/Work/drag0n-php/ext/ereg/regex -I/usr/include/libxml2 -I/usr/local/include -I/Users/Ingwie/Work/drag0n-php/ext/mbstring/oniguruma -I/Users/Ingwie/Work/drag0n-php/ext/mbstring/libmbfl -I/Users/Ingwie/Work/drag0n-php/ext/mbstring/libmbfl/mbfl -I/Users/Ingwie/Work/drag0n-php/ext/sqlite3/libsqlite -I/Users/Ingwie/Work/drag0n-php/ext/pthreads -I/usr/include/tidy -I/Users/Ingwie/Work/drag0n-php/ext/tokenizer/includes -I/usr/local/lib/wx/include/osx_cocoa-unicode-2.9 -I/usr/local/include/wx-2.9 -I/Users/Ingwie/Work/drag0n-php/TSRM -I/Users/Ingwie/Work/drag0n-php/Zend  -no-cpp-precomp  -I/usr/include -g -O2 -fvisibility=hidden -DZTS  -c /Users/Ingwie/Work/drag0n-php/Zend/zend_ini_parser.c -o Zend/zend_ini_parser.lo 
/Users/Ingwie/Work/drag0n-php/Zend/zend_ini_parser.c:2019:18: warning: passing 'const char *' to parameter of type 'char *' discards qualifiers [-Wincompatible-pointer-types]
        yyerror (yymsgp);
                 ^~~~~~
/Users/Ingwie/Work/drag0n-php/Zend/zend_ini_parser.c:235:29: note: passing argument to parameter 'msg' here
static void ini_error(char *msg)
                            ^
1 warning generated.
/bin/sh /Users/Ingwie/Work/drag0n-php/libtool --silent --preserve-dup-deps --mode=compile cc  -IZend/ -I/Users/Ingwie/Work/drag0n-php/Zend/ -DPHP_ATOM_INC -I/Users/Ingwie/Work/drag0n-php/include -I/Users/Ingwie/Work/drag0n-php/main -I/Users/Ingwie/Work/drag0n-php -I/Users/Ingwie/Work/drag0n-php/ext/date/lib -I/Users/Ingwie/Work/drag0n-php/ext/ereg/regex -I/usr/include/libxml2 -I/usr/local/include -I/Users/Ingwie/Work/drag0n-php/ext/mbstring/oniguruma -I/Users/Ingwie/Work/drag0n-php/ext/mbstring/libmbfl -I/Users/Ingwie/Work/drag0n-php/ext/mbstring/libmbfl/mbfl -I/Users/Ingwie/Work/drag0n-php/ext/sqlite3/libsqlite -I/Users/Ingwie/Work/drag0n-php/ext/pthreads -I/usr/include/tidy -I/Users/Ingwie/Work/drag0n-php/ext/tokenizer/includes -I/usr/local/lib/wx/include/osx_cocoa-unicode-2.9 -I/usr/local/include/wx-2.9 -I/Users/Ingwie/Work/drag0n-php/TSRM -I/Users/Ingwie/Work/drag0n-php/Zend  -no-cpp-precomp  -I/usr/include -g -O2 -fvisibility=hidden -DZTS  -c /Users/Ingwie/Work/drag0n-php/Zend/zend_ini_scanner.c -o Zend/zend_ini_scanner.lo 
Zend/zend_ini_scanner.l:34:10: warning: 'YYDEBUG' macro redefined
# define YYDEBUG(s, c)
         ^
Zend/zend_ini_parser.h:37:10: note: previous definition is here
# define YYDEBUG 0
         ^
Zend/zend_ini_scanner.l:458:9: warning: assigning to 'char *' from 'unsigned char *' converts between pointers to integer types with different sign [-Wpointer-sign]
                                        sc = YYCURSOR;
                                           ^ ~~~~~~~~
Zend/zend_ini_scanner.l:479:12: warning: assigning to 'unsigned char *' from 'char *' converts between pointers to integer types with different sign [-Wpointer-sign]
                YYCURSOR = sc;
                         ^ ~~
3 warnings generated.
/bin/sh /Users/Ingwie/Work/drag0n-php/libtool --silent --preserve-dup-deps --mode=compile cc  -IZend/ -I/Users/Ingwie/Work/drag0n-php/Zend/ -DPHP_ATOM_INC -I/Users/Ingwie/Work/drag0n-php/include -I/Users/Ingwie/Work/drag0n-php/main -I/Users/Ingwie/Work/drag0n-php -I/Users/Ingwie/Work/drag0n-php/ext/date/lib -I/Users/Ingwie/Work/drag0n-php/ext/ereg/regex -I/usr/include/libxml2 -I/usr/local/include -I/Users/Ingwie/Work/drag0n-php/ext/mbstring/oniguruma -I/Users/Ingwie/Work/drag0n-php/ext/mbstring/libmbfl -I/Users/Ingwie/Work/drag0n-php/ext/mbstring/libmbfl/mbfl -I/Users/Ingwie/Work/drag0n-php/ext/sqlite3/libsqlite -I/Users/Ingwie/Work/drag0n-php/ext/pthreads -I/usr/include/tidy -I/Users/Ingwie/Work/drag0n-php/ext/tokenizer/includes -I/usr/local/lib/wx/include/osx_cocoa-unicode-2.9 -I/usr/local/include/wx-2.9 -I/Users/Ingwie/Work/drag0n-php/TSRM -I/Users/Ingwie/Work/drag0n-php/Zend  -no-cpp-precomp  -I/usr/include -g -O2 -fvisibility=hidden -DZTS  -c /Users/Ingwie/Work/drag0n-php/Zend/zend_alloc.c -o Zend/zend_alloc.lo 
/bin/sh /Users/Ingwie/Work/drag0n-php/libtool --silent --preserve-dup-deps --mode=compile cc  -IZend/ -I/Users/Ingwie/Work/drag0n-php/Zend/ -DPHP_ATOM_INC -I/Users/Ingwie/Work/drag0n-php/include -I/Users/Ingwie/Work/drag0n-php/main -I/Users/Ingwie/Work/drag0n-php -I/Users/Ingwie/Work/drag0n-php/ext/date/lib -I/Users/Ingwie/Work/drag0n-php/ext/ereg/regex -I/usr/include/libxml2 -I/usr/local/include -I/Users/Ingwie/Work/drag0n-php/ext/mbstring/oniguruma -I/Users/Ingwie/Work/drag0n-php/ext/mbstring/libmbfl -I/Users/Ingwie/Work/drag0n-php/ext/mbstring/libmbfl/mbfl -I/Users/Ingwie/Work/drag0n-php/ext/sqlite3/libsqlite -I/Users/Ingwie/Work/drag0n-php/ext/pthreads -I/usr/include/tidy -I/Users/Ingwie/Work/drag0n-php/ext/tokenizer/includes -I/usr/local/lib/wx/include/osx_cocoa-unicode-2.9 -I/usr/local/include/wx-2.9 -I/Users/Ingwie/Work/drag0n-php/TSRM -I/Users/Ingwie/Work/drag0n-php/Zend  -no-cpp-precomp  -I/usr/include -g -O2 -fvisibility=hidden -DZTS  -c /Users/Ingwie/Work/drag0n-php/Zend/zend_compile.c -o Zend/zend_compile.lo 
/Users/Ingwie/Work/drag0n-php/Zend/zend_compile.c:4020:9: warning: assigning to 'char *' from 'const char *' discards qualifiers [-Wincompatible-pointer-types]
        lcname = hash_key->arKey;
               ^ ~~~~~~~~~~~~~~~
1 warning generated.
/bin/sh /Users/Ingwie/Work/drag0n-php/libtool --silent --preserve-dup-deps --mode=compile cc  -IZend/ -I/Users/Ingwie/Work/drag0n-php/Zend/ -DPHP_ATOM_INC -I/Users/Ingwie/Work/drag0n-php/include -I/Users/Ingwie/Work/drag0n-php/main -I/Users/Ingwie/Work/drag0n-php -I/Users/Ingwie/Work/drag0n-php/ext/date/lib -I/Users/Ingwie/Work/drag0n-php/ext/ereg/regex -I/usr/include/libxml2 -I/usr/local/include -I/Users/Ingwie/Work/drag0n-php/ext/mbstring/oniguruma -I/Users/Ingwie/Work/drag0n-php/ext/mbstring/libmbfl -I/Users/Ingwie/Work/drag0n-php/ext/mbstring/libmbfl/mbfl -I/Users/Ingwie/Work/drag0n-php/ext/sqlite3/libsqlite -I/Users/Ingwie/Work/drag0n-php/ext/pthreads -I/usr/include/tidy -I/Users/Ingwie/Work/drag0n-php/ext/tokenizer/includes -I/usr/local/lib/wx/include/osx_cocoa-unicode-2.9 -I/usr/local/include/wx-2.9 -I/Users/Ingwie/Work/drag0n-php/TSRM -I/Users/Ingwie/Work/drag0n-php/Zend  -no-cpp-precomp  -I/usr/include -g -O2 -fvisibility=hidden -DZTS  -c /Users/Ingwie/Work/drag0n-php/Zend/zend_constants.c -o Zend/zend_constants.lo 
/bin/sh /Users/Ingwie/Work/drag0n-php/libtool --silent --preserve-dup-deps --mode=compile cc  -IZend/ -I/Users/Ingwie/Work/drag0n-php/Zend/ -DPHP_ATOM_INC -I/Users/Ingwie/Work/drag0n-php/include -I/Users/Ingwie/Work/drag0n-php/main -I/Users/Ingwie/Work/drag0n-php -I/Users/Ingwie/Work/drag0n-php/ext/date/lib -I/Users/Ingwie/Work/drag0n-php/ext/ereg/regex -I/usr/include/libxml2 -I/usr/local/include -I/Users/Ingwie/Work/drag0n-php/ext/mbstring/oniguruma -I/Users/Ingwie/Work/drag0n-php/ext/mbstring/libmbfl -I/Users/Ingwie/Work/drag0n-php/ext/mbstring/libmbfl/mbfl -I/Users/Ingwie/Work/drag0n-php/ext/sqlite3/libsqlite -I/Users/Ingwie/Work/drag0n-php/ext/pthreads -I/usr/include/tidy -I/Users/Ingwie/Work/drag0n-php/ext/tokenizer/includes -I/usr/local/lib/wx/include/osx_cocoa-unicode-2.9 -I/usr/local/include/wx-2.9 -I/Users/Ingwie/Work/drag0n-php/TSRM -I/Users/Ingwie/Work/drag0n-php/Zend  -no-cpp-precomp  -I/usr/include -g -O2 -fvisibility=hidden -DZTS  -c /Users/Ingwie/Work/drag0n-php/Zend/zend_dynamic_array.c -o Zend/zend_dynamic_array.lo 
/bin/sh /Users/Ingwie/Work/drag0n-php/libtool --silent --preserve-dup-deps --mode=compile cc  -IZend/ -I/Users/Ingwie/Work/drag0n-php/Zend/ -DPHP_ATOM_INC -I/Users/Ingwie/Work/drag0n-php/include -I/Users/Ingwie/Work/drag0n-php/main -I/Users/Ingwie/Work/drag0n-php -I/Users/Ingwie/Work/drag0n-php/ext/date/lib -I/Users/Ingwie/Work/drag0n-php/ext/ereg/regex -I/usr/include/libxml2 -I/usr/local/include -I/Users/Ingwie/Work/drag0n-php/ext/mbstring/oniguruma -I/Users/Ingwie/Work/drag0n-php/ext/mbstring/libmbfl -I/Users/Ingwie/Work/drag0n-php/ext/mbstring/libmbfl/mbfl -I/Users/Ingwie/Work/drag0n-php/ext/sqlite3/libsqlite -I/Users/Ingwie/Work/drag0n-php/ext/pthreads -I/usr/include/tidy -I/Users/Ingwie/Work/drag0n-php/ext/tokenizer/includes -I/usr/local/lib/wx/include/osx_cocoa-unicode-2.9 -I/usr/local/include/wx-2.9 -I/Users/Ingwie/Work/drag0n-php/TSRM -I/Users/Ingwie/Work/drag0n-php/Zend  -no-cpp-precomp  -I/usr/include -g -O2 -fvisibility=hidden -DZTS  -c /Users/Ingwie/Work/drag0n-php/Zend/zend_dtrace.c -o Zend/zend_dtrace.lo 
/bin/sh /Users/Ingwie/Work/drag0n-php/libtool --silent --preserve-dup-deps --mode=compile cc  -IZend/ -I/Users/Ingwie/Work/drag0n-php/Zend/ -DPHP_ATOM_INC -I/Users/Ingwie/Work/drag0n-php/include -I/Users/Ingwie/Work/drag0n-php/main -I/Users/Ingwie/Work/drag0n-php -I/Users/Ingwie/Work/drag0n-php/ext/date/lib -I/Users/Ingwie/Work/drag0n-php/ext/ereg/regex -I/usr/include/libxml2 -I/usr/local/include -I/Users/Ingwie/Work/drag0n-php/ext/mbstring/oniguruma -I/Users/Ingwie/Work/drag0n-php/ext/mbstring/libmbfl -I/Users/Ingwie/Work/drag0n-php/ext/mbstring/libmbfl/mbfl -I/Users/Ingwie/Work/drag0n-php/ext/sqlite3/libsqlite -I/Users/Ingwie/Work/drag0n-php/ext/pthreads -I/usr/include/tidy -I/Users/Ingwie/Work/drag0n-php/ext/tokenizer/includes -I/usr/local/lib/wx/include/osx_cocoa-unicode-2.9 -I/usr/local/include/wx-2.9 -I/Users/Ingwie/Work/drag0n-php/TSRM -I/Users/Ingwie/Work/drag0n-php/Zend  -no-cpp-precomp  -I/usr/include -g -O2 -fvisibility=hidden -DZTS  -c /Users/Ingwie/Work/drag0n-php/Zend/zend_execute_API.c -o Zend/zend_execute_API.lo 
/bin/sh /Users/Ingwie/Work/drag0n-php/libtool --silent --preserve-dup-deps --mode=compile cc  -IZend/ -I/Users/Ingwie/Work/drag0n-php/Zend/ -DPHP_ATOM_INC -I/Users/Ingwie/Work/drag0n-php/include -I/Users/Ingwie/Work/drag0n-php/main -I/Users/Ingwie/Work/drag0n-php -I/Users/Ingwie/Work/drag0n-php/ext/date/lib -I/Users/Ingwie/Work/drag0n-php/ext/ereg/regex -I/usr/include/libxml2 -I/usr/local/include -I/Users/Ingwie/Work/drag0n-php/ext/mbstring/oniguruma -I/Users/Ingwie/Work/drag0n-php/ext/mbstring/libmbfl -I/Users/Ingwie/Work/drag0n-php/ext/mbstring/libmbfl/mbfl -I/Users/Ingwie/Work/drag0n-php/ext/sqlite3/libsqlite -I/Users/Ingwie/Work/drag0n-php/ext/pthreads -I/usr/include/tidy -I/Users/Ingwie/Work/drag0n-php/ext/tokenizer/includes -I/usr/local/lib/wx/include/osx_cocoa-unicode-2.9 -I/usr/local/include/wx-2.9 -I/Users/Ingwie/Work/drag0n-php/TSRM -I/Users/Ingwie/Work/drag0n-php/Zend  -no-cpp-precomp  -I/usr/include -g -O2 -fvisibility=hidden -DZTS  -c /Users/Ingwie/Work/drag0n-php/Zend/zend_highlight.c -o Zend/zend_highlight.lo 
/Users/Ingwie/Work/drag0n-php/Zend/zend_highlight.c:51:14: warning: expression result unused [-Wunused-value]
                        ZEND_PUTC(c);
                                  ^
Zend/zend.h:686:48: note: expanded from macro 'ZEND_PUTC'
#define ZEND_PUTC(c)                                    zend_write(&(c), 1), (c)
                                                                              ^
1 warning generated.
/bin/sh /Users/Ingwie/Work/drag0n-php/libtool --silent --preserve-dup-deps --mode=compile cc  -IZend/ -I/Users/Ingwie/Work/drag0n-php/Zend/ -DPHP_ATOM_INC -I/Users/Ingwie/Work/drag0n-php/include -I/Users/Ingwie/Work/drag0n-php/main -I/Users/Ingwie/Work/drag0n-php -I/Users/Ingwie/Work/drag0n-php/ext/date/lib -I/Users/Ingwie/Work/drag0n-php/ext/ereg/regex -I/usr/include/libxml2 -I/usr/local/include -I/Users/Ingwie/Work/drag0n-php/ext/mbstring/oniguruma -I/Users/Ingwie/Work/drag0n-php/ext/mbstring/libmbfl -I/Users/Ingwie/Work/drag0n-php/ext/mbstring/libmbfl/mbfl -I/Users/Ingwie/Work/drag0n-php/ext/sqlite3/libsqlite -I/Users/Ingwie/Work/drag0n-php/ext/pthreads -I/usr/include/tidy -I/Users/Ingwie/Work/drag0n-php/ext/tokenizer/includes -I/usr/local/lib/wx/include/osx_cocoa-unicode-2.9 -I/usr/local/include/wx-2.9 -I/Users/Ingwie/Work/drag0n-php/TSRM -I/Users/Ingwie/Work/drag0n-php/Zend  -no-cpp-precomp  -I/usr/include -g -O2 -fvisibility=hidden -DZTS  -c /Users/Ingwie/Work/drag0n-php/Zend/zend_llist.c -o Zend/zend_llist.lo 
/bin/sh /Users/Ingwie/Work/drag0n-php/libtool --silent --preserve-dup-deps --mode=compile cc  -IZend/ -I/Users/Ingwie/Work/drag0n-php/Zend/ -DPHP_ATOM_INC -I/Users/Ingwie/Work/drag0n-php/include -I/Users/Ingwie/Work/drag0n-php/main -I/Users/Ingwie/Work/drag0n-php -I/Users/Ingwie/Work/drag0n-php/ext/date/lib -I/Users/Ingwie/Work/drag0n-php/ext/ereg/regex -I/usr/include/libxml2 -I/usr/local/include -I/Users/Ingwie/Work/drag0n-php/ext/mbstring/oniguruma -I/Users/Ingwie/Work/drag0n-php/ext/mbstring/libmbfl -I/Users/Ingwie/Work/drag0n-php/ext/mbstring/libmbfl/mbfl -I/Users/Ingwie/Work/drag0n-php/ext/sqlite3/libsqlite -I/Users/Ingwie/Work/drag0n-php/ext/pthreads -I/usr/include/tidy -I/Users/Ingwie/Work/drag0n-php/ext/tokenizer/includes -I/usr/local/lib/wx/include/osx_cocoa-unicode-2.9 -I/usr/local/include/wx-2.9 -I/Users/Ingwie/Work/drag0n-php/TSRM -I/Users/Ingwie/Work/drag0n-php/Zend  -no-cpp-precomp  -I/usr/include -g -O2 -fvisibility=hidden -DZTS  -c /Users/Ingwie/Work/drag0n-php/Zend/zend_opcode.c -o Zend/zend_opcode.lo 
/bin/sh /Users/Ingwie/Work/drag0n-php/libtool --silent --preserve-dup-deps --mode=compile cc  -IZend/ -I/Users/Ingwie/Work/drag0n-php/Zend/ -DPHP_ATOM_INC -I/Users/Ingwie/Work/drag0n-php/include -I/Users/Ingwie/Work/drag0n-php/main -I/Users/Ingwie/Work/drag0n-php -I/Users/Ingwie/Work/drag0n-php/ext/date/lib -I/Users/Ingwie/Work/drag0n-php/ext/ereg/regex -I/usr/include/libxml2 -I/usr/local/include -I/Users/Ingwie/Work/drag0n-php/ext/mbstring/oniguruma -I/Users/Ingwie/Work/drag0n-php/ext/mbstring/libmbfl -I/Users/Ingwie/Work/drag0n-php/ext/mbstring/libmbfl/mbfl -I/Users/Ingwie/Work/drag0n-php/ext/sqlite3/libsqlite -I/Users/Ingwie/Work/drag0n-php/ext/pthreads -I/usr/include/tidy -I/Users/Ingwie/Work/drag0n-php/ext/tokenizer/includes -I/usr/local/lib/wx/include/osx_cocoa-unicode-2.9 -I/usr/local/include/wx-2.9 -I/Users/Ingwie/Work/drag0n-php/TSRM -I/Users/Ingwie/Work/drag0n-php/Zend  -no-cpp-precomp  -I/usr/include -g -O2 -fvisibility=hidden -DZTS  -c /Users/Ingwie/Work/drag0n-php/Zend/zend_operators.c -o Zend/zend_operators.lo 
/bin/sh /Users/Ingwie/Work/drag0n-php/libtool --silent --preserve-dup-deps --mode=compile cc  -IZend/ -I/Users/Ingwie/Work/drag0n-php/Zend/ -DPHP_ATOM_INC -I/Users/Ingwie/Work/drag0n-php/include -I/Users/Ingwie/Work/drag0n-php/main -I/Users/Ingwie/Work/drag0n-php -I/Users/Ingwie/Work/drag0n-php/ext/date/lib -I/Users/Ingwie/Work/drag0n-php/ext/ereg/regex -I/usr/include/libxml2 -I/usr/local/include -I/Users/Ingwie/Work/drag0n-php/ext/mbstring/oniguruma -I/Users/Ingwie/Work/drag0n-php/ext/mbstring/libmbfl -I/Users/Ingwie/Work/drag0n-php/ext/mbstring/libmbfl/mbfl -I/Users/Ingwie/Work/drag0n-php/ext/sqlite3/libsqlite -I/Users/Ingwie/Work/drag0n-php/ext/pthreads -I/usr/include/tidy -I/Users/Ingwie/Work/drag0n-php/ext/tokenizer/includes -I/usr/local/lib/wx/include/osx_cocoa-unicode-2.9 -I/usr/local/include/wx-2.9 -I/Users/Ingwie/Work/drag0n-php/TSRM -I/Users/Ingwie/Work/drag0n-php/Zend  -no-cpp-precomp  -I/usr/include -g -O2 -fvisibility=hidden -DZTS  -c /Users/Ingwie/Work/drag0n-php/Zend/zend_ptr_stack.c -o Zend/zend_ptr_stack.lo 
/bin/sh /Users/Ingwie/Work/drag0n-php/libtool --silent --preserve-dup-deps --mode=compile cc  -IZend/ -I/Users/Ingwie/Work/drag0n-php/Zend/ -DPHP_ATOM_INC -I/Users/Ingwie/Work/drag0n-php/include -I/Users/Ingwie/Work/drag0n-php/main -I/Users/Ingwie/Work/drag0n-php -I/Users/Ingwie/Work/drag0n-php/ext/date/lib -I/Users/Ingwie/Work/drag0n-php/ext/ereg/regex -I/usr/include/libxml2 -I/usr/local/include -I/Users/Ingwie/Work/drag0n-php/ext/mbstring/oniguruma -I/Users/Ingwie/Work/drag0n-php/ext/mbstring/libmbfl -I/Users/Ingwie/Work/drag0n-php/ext/mbstring/libmbfl/mbfl -I/Users/Ingwie/Work/drag0n-php/ext/sqlite3/libsqlite -I/Users/Ingwie/Work/drag0n-php/ext/pthreads -I/usr/include/tidy -I/Users/Ingwie/Work/drag0n-php/ext/tokenizer/includes -I/usr/local/lib/wx/include/osx_cocoa-unicode-2.9 -I/usr/local/include/wx-2.9 -I/Users/Ingwie/Work/drag0n-php/TSRM -I/Users/Ingwie/Work/drag0n-php/Zend  -no-cpp-precomp  -I/usr/include -g -O2 -fvisibility=hidden -DZTS  -c /Users/Ingwie/Work/drag0n-php/Zend/zend_stack.c -o Zend/zend_stack.lo 
/bin/sh /Users/Ingwie/Work/drag0n-php/libtool --silent --preserve-dup-deps --mode=compile cc  -IZend/ -I/Users/Ingwie/Work/drag0n-php/Zend/ -DPHP_ATOM_INC -I/Users/Ingwie/Work/drag0n-php/include -I/Users/Ingwie/Work/drag0n-php/main -I/Users/Ingwie/Work/drag0n-php -I/Users/Ingwie/Work/drag0n-php/ext/date/lib -I/Users/Ingwie/Work/drag0n-php/ext/ereg/regex -I/usr/include/libxml2 -I/usr/local/include -I/Users/Ingwie/Work/drag0n-php/ext/mbstring/oniguruma -I/Users/Ingwie/Work/drag0n-php/ext/mbstring/libmbfl -I/Users/Ingwie/Work/drag0n-php/ext/mbstring/libmbfl/mbfl -I/Users/Ingwie/Work/drag0n-php/ext/sqlite3/libsqlite -I/Users/Ingwie/Work/drag0n-php/ext/pthreads -I/usr/include/tidy -I/Users/Ingwie/Work/drag0n-php/ext/tokenizer/includes -I/usr/local/lib/wx/include/osx_cocoa-unicode-2.9 -I/usr/local/include/wx-2.9 -I/Users/Ingwie/Work/drag0n-php/TSRM -I/Users/Ingwie/Work/drag0n-php/Zend  -no-cpp-precomp  -I/usr/include -g -O2 -fvisibility=hidden -DZTS  -c /Users/Ingwie/Work/drag0n-php/Zend/zend_variables.c -o Zend/zend_variables.lo 
/bin/sh /Users/Ingwie/Work/drag0n-php/libtool --silent --preserve-dup-deps --mode=compile cc  -IZend/ -I/Users/Ingwie/Work/drag0n-php/Zend/ -DPHP_ATOM_INC -I/Users/Ingwie/Work/drag0n-php/include -I/Users/Ingwie/Work/drag0n-php/main -I/Users/Ingwie/Work/drag0n-php -I/Users/Ingwie/Work/drag0n-php/ext/date/lib -I/Users/Ingwie/Work/drag0n-php/ext/ereg/regex -I/usr/include/libxml2 -I/usr/local/include -I/Users/Ingwie/Work/drag0n-php/ext/mbstring/oniguruma -I/Users/Ingwie/Work/drag0n-php/ext/mbstring/libmbfl -I/Users/Ingwie/Work/drag0n-php/ext/mbstring/libmbfl/mbfl -I/Users/Ingwie/Work/drag0n-php/ext/sqlite3/libsqlite -I/Users/Ingwie/Work/drag0n-php/ext/pthreads -I/usr/include/tidy -I/Users/Ingwie/Work/drag0n-php/ext/tokenizer/includes -I/usr/local/lib/wx/include/osx_cocoa-unicode-2.9 -I/usr/local/include/wx-2.9 -I/Users/Ingwie/Work/drag0n-php/TSRM -I/Users/Ingwie/Work/drag0n-php/Zend  -no-cpp-precomp  -I/usr/include -g -O2 -fvisibility=hidden -DZTS  -c /Users/Ingwie/Work/drag0n-php/Zend/zend.c -o Zend/zend.lo 
/bin/sh /Users/Ingwie/Work/drag0n-php/libtool --silent --preserve-dup-deps --mode=compile cc  -IZend/ -I/Users/Ingwie/Work/drag0n-php/Zend/ -DPHP_ATOM_INC -I/Users/Ingwie/Work/drag0n-php/include -I/Users/Ingwie/Work/drag0n-php/main -I/Users/Ingwie/Work/drag0n-php -I/Users/Ingwie/Work/drag0n-php/ext/date/lib -I/Users/Ingwie/Work/drag0n-php/ext/ereg/regex -I/usr/include/libxml2 -I/usr/local/include -I/Users/Ingwie/Work/drag0n-php/ext/mbstring/oniguruma -I/Users/Ingwie/Work/drag0n-php/ext/mbstring/libmbfl -I/Users/Ingwie/Work/drag0n-php/ext/mbstring/libmbfl/mbfl -I/Users/Ingwie/Work/drag0n-php/ext/sqlite3/libsqlite -I/Users/Ingwie/Work/drag0n-php/ext/pthreads -I/usr/include/tidy -I/Users/Ingwie/Work/drag0n-php/ext/tokenizer/includes -I/usr/local/lib/wx/include/osx_cocoa-unicode-2.9 -I/usr/local/include/wx-2.9 -I/Users/Ingwie/Work/drag0n-php/TSRM -I/Users/Ingwie/Work/drag0n-php/Zend  -no-cpp-precomp  -I/usr/include -g -O2 -fvisibility=hidden -DZTS  -c /Users/Ingwie/Work/drag0n-php/Zend/zend_API.c -o Zend/zend_API.lo 
/bin/sh /Users/Ingwie/Work/drag0n-php/libtool --silent --preserve-dup-deps --mode=compile cc  -IZend/ -I/Users/Ingwie/Work/drag0n-php/Zend/ -DPHP_ATOM_INC -I/Users/Ingwie/Work/drag0n-php/include -I/Users/Ingwie/Work/drag0n-php/main -I/Users/Ingwie/Work/drag0n-php -I/Users/Ingwie/Work/drag0n-php/ext/date/lib -I/Users/Ingwie/Work/drag0n-php/ext/ereg/regex -I/usr/include/libxml2 -I/usr/local/include -I/Users/Ingwie/Work/drag0n-php/ext/mbstring/oniguruma -I/Users/Ingwie/Work/drag0n-php/ext/mbstring/libmbfl -I/Users/Ingwie/Work/drag0n-php/ext/mbstring/libmbfl/mbfl -I/Users/Ingwie/Work/drag0n-php/ext/sqlite3/libsqlite -I/Users/Ingwie/Work/drag0n-php/ext/pthreads -I/usr/include/tidy -I/Users/Ingwie/Work/drag0n-php/ext/tokenizer/includes -I/usr/local/lib/wx/include/osx_cocoa-unicode-2.9 -I/usr/local/include/wx-2.9 -I/Users/Ingwie/Work/drag0n-php/TSRM -I/Users/Ingwie/Work/drag0n-php/Zend  -no-cpp-precomp  -I/usr/include -g -O2 -fvisibility=hidden -DZTS  -c /Users/Ingwie/Work/drag0n-php/Zend/zend_extensions.c -o Zend/zend_extensions.lo 
/bin/sh /Users/Ingwie/Work/drag0n-php/libtool --silent --preserve-dup-deps --mode=compile cc  -IZend/ -I/Users/Ingwie/Work/drag0n-php/Zend/ -DPHP_ATOM_INC -I/Users/Ingwie/Work/drag0n-php/include -I/Users/Ingwie/Work/drag0n-php/main -I/Users/Ingwie/Work/drag0n-php -I/Users/Ingwie/Work/drag0n-php/ext/date/lib -I/Users/Ingwie/Work/drag0n-php/ext/ereg/regex -I/usr/include/libxml2 -I/usr/local/include -I/Users/Ingwie/Work/drag0n-php/ext/mbstring/oniguruma -I/Users/Ingwie/Work/drag0n-php/ext/mbstring/libmbfl -I/Users/Ingwie/Work/drag0n-php/ext/mbstring/libmbfl/mbfl -I/Users/Ingwie/Work/drag0n-php/ext/sqlite3/libsqlite -I/Users/Ingwie/Work/drag0n-php/ext/pthreads -I/usr/include/tidy -I/Users/Ingwie/Work/drag0n-php/ext/tokenizer/includes -I/usr/local/lib/wx/include/osx_cocoa-unicode-2.9 -I/usr/local/include/wx-2.9 -I/Users/Ingwie/Work/drag0n-php/TSRM -I/Users/Ingwie/Work/drag0n-php/Zend  -no-cpp-precomp  -I/usr/include -g -O2 -fvisibility=hidden -DZTS  -c /Users/Ingwie/Work/drag0n-php/Zend/zend_hash.c -o Zend/zend_hash.lo 
/bin/sh /Users/Ingwie/Work/drag0n-php/libtool --silent --preserve-dup-deps --mode=compile cc  -IZend/ -I/Users/Ingwie/Work/drag0n-php/Zend/ -DPHP_ATOM_INC -I/Users/Ingwie/Work/drag0n-php/include -I/Users/Ingwie/Work/drag0n-php/main -I/Users/Ingwie/Work/drag0n-php -I/Users/Ingwie/Work/drag0n-php/ext/date/lib -I/Users/Ingwie/Work/drag0n-php/ext/ereg/regex -I/usr/include/libxml2 -I/usr/local/include -I/Users/Ingwie/Work/drag0n-php/ext/mbstring/oniguruma -I/Users/Ingwie/Work/drag0n-php/ext/mbstring/libmbfl -I/Users/Ingwie/Work/drag0n-php/ext/mbstring/libmbfl/mbfl -I/Users/Ingwie/Work/drag0n-php/ext/sqlite3/libsqlite -I/Users/Ingwie/Work/drag0n-php/ext/pthreads -I/usr/include/tidy -I/Users/Ingwie/Work/drag0n-php/ext/tokenizer/includes -I/usr/local/lib/wx/include/osx_cocoa-unicode-2.9 -I/usr/local/include/wx-2.9 -I/Users/Ingwie/Work/drag0n-php/TSRM -I/Users/Ingwie/Work/drag0n-php/Zend  -no-cpp-precomp  -I/usr/include -g -O2 -fvisibility=hidden -DZTS  -c /Users/Ingwie/Work/drag0n-php/Zend/zend_list.c -o Zend/zend_list.lo 
/bin/sh /Users/Ingwie/Work/drag0n-php/libtool --silent --preserve-dup-deps --mode=compile cc  -IZend/ -I/Users/Ingwie/Work/drag0n-php/Zend/ -DPHP_ATOM_INC -I/Users/Ingwie/Work/drag0n-php/include -I/Users/Ingwie/Work/drag0n-php/main -I/Users/Ingwie/Work/drag0n-php -I/Users/Ingwie/Work/drag0n-php/ext/date/lib -I/Users/Ingwie/Work/drag0n-php/ext/ereg/regex -I/usr/include/libxml2 -I/usr/local/include -I/Users/Ingwie/Work/drag0n-php/ext/mbstring/oniguruma -I/Users/Ingwie/Work/drag0n-php/ext/mbstring/libmbfl -I/Users/Ingwie/Work/drag0n-php/ext/mbstring/libmbfl/mbfl -I/Users/Ingwie/Work/drag0n-php/ext/sqlite3/libsqlite -I/Users/Ingwie/Work/drag0n-php/ext/pthreads -I/usr/include/tidy -I/Users/Ingwie/Work/drag0n-php/ext/tokenizer/includes -I/usr/local/lib/wx/include/osx_cocoa-unicode-2.9 -I/usr/local/include/wx-2.9 -I/Users/Ingwie/Work/drag0n-php/TSRM -I/Users/Ingwie/Work/drag0n-php/Zend  -no-cpp-precomp  -I/usr/include -g -O2 -fvisibility=hidden -DZTS  -c /Users/Ingwie/Work/drag0n-php/Zend/zend_indent.c -o Zend/zend_indent.lo 
/bin/sh /Users/Ingwie/Work/drag0n-php/libtool --silent --preserve-dup-deps --mode=compile cc  -IZend/ -I/Users/Ingwie/Work/drag0n-php/Zend/ -DPHP_ATOM_INC -I/Users/Ingwie/Work/drag0n-php/include -I/Users/Ingwie/Work/drag0n-php/main -I/Users/Ingwie/Work/drag0n-php -I/Users/Ingwie/Work/drag0n-php/ext/date/lib -I/Users/Ingwie/Work/drag0n-php/ext/ereg/regex -I/usr/include/libxml2 -I/usr/local/include -I/Users/Ingwie/Work/drag0n-php/ext/mbstring/oniguruma -I/Users/Ingwie/Work/drag0n-php/ext/mbstring/libmbfl -I/Users/Ingwie/Work/drag0n-php/ext/mbstring/libmbfl/mbfl -I/Users/Ingwie/Work/drag0n-php/ext/sqlite3/libsqlite -I/Users/Ingwie/Work/drag0n-php/ext/pthreads -I/usr/include/tidy -I/Users/Ingwie/Work/drag0n-php/ext/tokenizer/includes -I/usr/local/lib/wx/include/osx_cocoa-unicode-2.9 -I/usr/local/include/wx-2.9 -I/Users/Ingwie/Work/drag0n-php/TSRM -I/Users/Ingwie/Work/drag0n-php/Zend  -no-cpp-precomp  -I/usr/include -g -O2 -fvisibility=hidden -DZTS  -c /Users/Ingwie/Work/drag0n-php/Zend/zend_builtin_functions.c -o Zend/zend_builtin_functions.lo 
/bin/sh /Users/Ingwie/Work/drag0n-php/libtool --silent --preserve-dup-deps --mode=compile cc  -IZend/ -I/Users/Ingwie/Work/drag0n-php/Zend/ -DPHP_ATOM_INC -I/Users/Ingwie/Work/drag0n-php/include -I/Users/Ingwie/Work/drag0n-php/main -I/Users/Ingwie/Work/drag0n-php -I/Users/Ingwie/Work/drag0n-php/ext/date/lib -I/Users/Ingwie/Work/drag0n-php/ext/ereg/regex -I/usr/include/libxml2 -I/usr/local/include -I/Users/Ingwie/Work/drag0n-php/ext/mbstring/oniguruma -I/Users/Ingwie/Work/drag0n-php/ext/mbstring/libmbfl -I/Users/Ingwie/Work/drag0n-php/ext/mbstring/libmbfl/mbfl -I/Users/Ingwie/Work/drag0n-php/ext/sqlite3/libsqlite -I/Users/Ingwie/Work/drag0n-php/ext/pthreads -I/usr/include/tidy -I/Users/Ingwie/Work/drag0n-php/ext/tokenizer/includes -I/usr/local/lib/wx/include/osx_cocoa-unicode-2.9 -I/usr/local/include/wx-2.9 -I/Users/Ingwie/Work/drag0n-php/TSRM -I/Users/Ingwie/Work/drag0n-php/Zend  -no-cpp-precomp  -I/usr/include -g -O2 -fvisibility=hidden -DZTS  -c /Users/Ingwie/Work/drag0n-php/Zend/zend_sprintf.c -o Zend/zend_sprintf.lo 
/bin/sh /Users/Ingwie/Work/drag0n-php/libtool --silent --preserve-dup-deps --mode=compile cc  -IZend/ -I/Users/Ingwie/Work/drag0n-php/Zend/ -DPHP_ATOM_INC -I/Users/Ingwie/Work/drag0n-php/include -I/Users/Ingwie/Work/drag0n-php/main -I/Users/Ingwie/Work/drag0n-php -I/Users/Ingwie/Work/drag0n-php/ext/date/lib -I/Users/Ingwie/Work/drag0n-php/ext/ereg/regex -I/usr/include/libxml2 -I/usr/local/include -I/Users/Ingwie/Work/drag0n-php/ext/mbstring/oniguruma -I/Users/Ingwie/Work/drag0n-php/ext/mbstring/libmbfl -I/Users/Ingwie/Work/drag0n-php/ext/mbstring/libmbfl/mbfl -I/Users/Ingwie/Work/drag0n-php/ext/sqlite3/libsqlite -I/Users/Ingwie/Work/drag0n-php/ext/pthreads -I/usr/include/tidy -I/Users/Ingwie/Work/drag0n-php/ext/tokenizer/includes -I/usr/local/lib/wx/include/osx_cocoa-unicode-2.9 -I/usr/local/include/wx-2.9 -I/Users/Ingwie/Work/drag0n-php/TSRM -I/Users/Ingwie/Work/drag0n-php/Zend  -no-cpp-precomp  -I/usr/include -g -O2 -fvisibility=hidden -DZTS  -c /Users/Ingwie/Work/drag0n-php/Zend/zend_ini.c -o Zend/zend_ini.lo 
/bin/sh /Users/Ingwie/Work/drag0n-php/libtool --silent --preserve-dup-deps --mode=compile cc  -IZend/ -I/Users/Ingwie/Work/drag0n-php/Zend/ -DPHP_ATOM_INC -I/Users/Ingwie/Work/drag0n-php/include -I/Users/Ingwie/Work/drag0n-php/main -I/Users/Ingwie/Work/drag0n-php -I/Users/Ingwie/Work/drag0n-php/ext/date/lib -I/Users/Ingwie/Work/drag0n-php/ext/ereg/regex -I/usr/include/libxml2 -I/usr/local/include -I/Users/Ingwie/Work/drag0n-php/ext/mbstring/oniguruma -I/Users/Ingwie/Work/drag0n-php/ext/mbstring/libmbfl -I/Users/Ingwie/Work/drag0n-php/ext/mbstring/libmbfl/mbfl -I/Users/Ingwie/Work/drag0n-php/ext/sqlite3/libsqlite -I/Users/Ingwie/Work/drag0n-php/ext/pthreads -I/usr/include/tidy -I/Users/Ingwie/Work/drag0n-php/ext/tokenizer/includes -I/usr/local/lib/wx/include/osx_cocoa-unicode-2.9 -I/usr/local/include/wx-2.9 -I/Users/Ingwie/Work/drag0n-php/TSRM -I/Users/Ingwie/Work/drag0n-php/Zend  -no-cpp-precomp  -I/usr/include -g -O2 -fvisibility=hidden -DZTS  -c /Users/Ingwie/Work/drag0n-php/Zend/zend_qsort.c -o Zend/zend_qsort.lo 
/bin/sh /Users/Ingwie/Work/drag0n-php/libtool --silent --preserve-dup-deps --mode=compile cc  -IZend/ -I/Users/Ingwie/Work/drag0n-php/Zend/ -DPHP_ATOM_INC -I/Users/Ingwie/Work/drag0n-php/include -I/Users/Ingwie/Work/drag0n-php/main -I/Users/Ingwie/Work/drag0n-php -I/Users/Ingwie/Work/drag0n-php/ext/date/lib -I/Users/Ingwie/Work/drag0n-php/ext/ereg/regex -I/usr/include/libxml2 -I/usr/local/include -I/Users/Ingwie/Work/drag0n-php/ext/mbstring/oniguruma -I/Users/Ingwie/Work/drag0n-php/ext/mbstring/libmbfl -I/Users/Ingwie/Work/drag0n-php/ext/mbstring/libmbfl/mbfl -I/Users/Ingwie/Work/drag0n-php/ext/sqlite3/libsqlite -I/Users/Ingwie/Work/drag0n-php/ext/pthreads -I/usr/include/tidy -I/Users/Ingwie/Work/drag0n-php/ext/tokenizer/includes -I/usr/local/lib/wx/include/osx_cocoa-unicode-2.9 -I/usr/local/include/wx-2.9 -I/Users/Ingwie/Work/drag0n-php/TSRM -I/Users/Ingwie/Work/drag0n-php/Zend  -no-cpp-precomp  -I/usr/include -g -O2 -fvisibility=hidden -DZTS  -c /Users/Ingwie/Work/drag0n-php/Zend/zend_multibyte.c -o Zend/zend_multibyte.lo 
/bin/sh /Users/Ingwie/Work/drag0n-php/libtool --silent --preserve-dup-deps --mode=compile cc  -IZend/ -I/Users/Ingwie/Work/drag0n-php/Zend/ -DPHP_ATOM_INC -I/Users/Ingwie/Work/drag0n-php/include -I/Users/Ingwie/Work/drag0n-php/main -I/Users/Ingwie/Work/drag0n-php -I/Users/Ingwie/Work/drag0n-php/ext/date/lib -I/Users/Ingwie/Work/drag0n-php/ext/ereg/regex -I/usr/include/libxml2 -I/usr/local/include -I/Users/Ingwie/Work/drag0n-php/ext/mbstring/oniguruma -I/Users/Ingwie/Work/drag0n-php/ext/mbstring/libmbfl -I/Users/Ingwie/Work/drag0n-php/ext/mbstring/libmbfl/mbfl -I/Users/Ingwie/Work/drag0n-php/ext/sqlite3/libsqlite -I/Users/Ingwie/Work/drag0n-php/ext/pthreads -I/usr/include/tidy -I/Users/Ingwie/Work/drag0n-php/ext/tokenizer/includes -I/usr/local/lib/wx/include/osx_cocoa-unicode-2.9 -I/usr/local/include/wx-2.9 -I/Users/Ingwie/Work/drag0n-php/TSRM -I/Users/Ingwie/Work/drag0n-php/Zend  -no-cpp-precomp  -I/usr/include -g -O2 -fvisibility=hidden -DZTS  -c /Users/Ingwie/Work/drag0n-php/Zend/zend_ts_hash.c -o Zend/zend_ts_hash.lo 
/bin/sh /Users/Ingwie/Work/drag0n-php/libtool --silent --preserve-dup-deps --mode=compile cc  -IZend/ -I/Users/Ingwie/Work/drag0n-php/Zend/ -DPHP_ATOM_INC -I/Users/Ingwie/Work/drag0n-php/include -I/Users/Ingwie/Work/drag0n-php/main -I/Users/Ingwie/Work/drag0n-php -I/Users/Ingwie/Work/drag0n-php/ext/date/lib -I/Users/Ingwie/Work/drag0n-php/ext/ereg/regex -I/usr/include/libxml2 -I/usr/local/include -I/Users/Ingwie/Work/drag0n-php/ext/mbstring/oniguruma -I/Users/Ingwie/Work/drag0n-php/ext/mbstring/libmbfl -I/Users/Ingwie/Work/drag0n-php/ext/mbstring/libmbfl/mbfl -I/Users/Ingwie/Work/drag0n-php/ext/sqlite3/libsqlite -I/Users/Ingwie/Work/drag0n-php/ext/pthreads -I/usr/include/tidy -I/Users/Ingwie/Work/drag0n-php/ext/tokenizer/includes -I/usr/local/lib/wx/include/osx_cocoa-unicode-2.9 -I/usr/local/include/wx-2.9 -I/Users/Ingwie/Work/drag0n-php/TSRM -I/Users/Ingwie/Work/drag0n-php/Zend  -no-cpp-precomp  -I/usr/include -g -O2 -fvisibility=hidden -DZTS  -c /Users/Ingwie/Work/drag0n-php/Zend/zend_stream.c -o Zend/zend_stream.lo 
/bin/sh /Users/Ingwie/Work/drag0n-php/libtool --silent --preserve-dup-deps --mode=compile cc  -IZend/ -I/Users/Ingwie/Work/drag0n-php/Zend/ -DPHP_ATOM_INC -I/Users/Ingwie/Work/drag0n-php/include -I/Users/Ingwie/Work/drag0n-php/main -I/Users/Ingwie/Work/drag0n-php -I/Users/Ingwie/Work/drag0n-php/ext/date/lib -I/Users/Ingwie/Work/drag0n-php/ext/ereg/regex -I/usr/include/libxml2 -I/usr/local/include -I/Users/Ingwie/Work/drag0n-php/ext/mbstring/oniguruma -I/Users/Ingwie/Work/drag0n-php/ext/mbstring/libmbfl -I/Users/Ingwie/Work/drag0n-php/ext/mbstring/libmbfl/mbfl -I/Users/Ingwie/Work/drag0n-php/ext/sqlite3/libsqlite -I/Users/Ingwie/Work/drag0n-php/ext/pthreads -I/usr/include/tidy -I/Users/Ingwie/Work/drag0n-php/ext/tokenizer/includes -I/usr/local/lib/wx/include/osx_cocoa-unicode-2.9 -I/usr/local/include/wx-2.9 -I/Users/Ingwie/Work/drag0n-php/TSRM -I/Users/Ingwie/Work/drag0n-php/Zend  -no-cpp-precomp  -I/usr/include -g -O2 -fvisibility=hidden -DZTS  -c /Users/Ingwie/Work/drag0n-php/Zend/zend_iterators.c -o Zend/zend_iterators.lo 
/bin/sh /Users/Ingwie/Work/drag0n-php/libtool --silent --preserve-dup-deps --mode=compile cc  -IZend/ -I/Users/Ingwie/Work/drag0n-php/Zend/ -DPHP_ATOM_INC -I/Users/Ingwie/Work/drag0n-php/include -I/Users/Ingwie/Work/drag0n-php/main -I/Users/Ingwie/Work/drag0n-php -I/Users/Ingwie/Work/drag0n-php/ext/date/lib -I/Users/Ingwie/Work/drag0n-php/ext/ereg/regex -I/usr/include/libxml2 -I/usr/local/include -I/Users/Ingwie/Work/drag0n-php/ext/mbstring/oniguruma -I/Users/Ingwie/Work/drag0n-php/ext/mbstring/libmbfl -I/Users/Ingwie/Work/drag0n-php/ext/mbstring/libmbfl/mbfl -I/Users/Ingwie/Work/drag0n-php/ext/sqlite3/libsqlite -I/Users/Ingwie/Work/drag0n-php/ext/pthreads -I/usr/include/tidy -I/Users/Ingwie/Work/drag0n-php/ext/tokenizer/includes -I/usr/local/lib/wx/include/osx_cocoa-unicode-2.9 -I/usr/local/include/wx-2.9 -I/Users/Ingwie/Work/drag0n-php/TSRM -I/Users/Ingwie/Work/drag0n-php/Zend  -no-cpp-precomp  -I/usr/include -g -O2 -fvisibility=hidden -DZTS  -c /Users/Ingwie/Work/drag0n-php/Zend/zend_interfaces.c -o Zend/zend_interfaces.lo 
/bin/sh /Users/Ingwie/Work/drag0n-php/libtool --silent --preserve-dup-deps --mode=compile cc  -IZend/ -I/Users/Ingwie/Work/drag0n-php/Zend/ -DPHP_ATOM_INC -I/Users/Ingwie/Work/drag0n-php/include -I/Users/Ingwie/Work/drag0n-php/main -I/Users/Ingwie/Work/drag0n-php -I/Users/Ingwie/Work/drag0n-php/ext/date/lib -I/Users/Ingwie/Work/drag0n-php/ext/ereg/regex -I/usr/include/libxml2 -I/usr/local/include -I/Users/Ingwie/Work/drag0n-php/ext/mbstring/oniguruma -I/Users/Ingwie/Work/drag0n-php/ext/mbstring/libmbfl -I/Users/Ingwie/Work/drag0n-php/ext/mbstring/libmbfl/mbfl -I/Users/Ingwie/Work/drag0n-php/ext/sqlite3/libsqlite -I/Users/Ingwie/Work/drag0n-php/ext/pthreads -I/usr/include/tidy -I/Users/Ingwie/Work/drag0n-php/ext/tokenizer/includes -I/usr/local/lib/wx/include/osx_cocoa-unicode-2.9 -I/usr/local/include/wx-2.9 -I/Users/Ingwie/Work/drag0n-php/TSRM -I/Users/Ingwie/Work/drag0n-php/Zend  -no-cpp-precomp  -I/usr/include -g -O2 -fvisibility=hidden -DZTS  -c /Users/Ingwie/Work/drag0n-php/Zend/zend_exceptions.c -o Zend/zend_exceptions.lo 
/bin/sh /Users/Ingwie/Work/drag0n-php/libtool --silent --preserve-dup-deps --mode=compile cc  -IZend/ -I/Users/Ingwie/Work/drag0n-php/Zend/ -DPHP_ATOM_INC -I/Users/Ingwie/Work/drag0n-php/include -I/Users/Ingwie/Work/drag0n-php/main -I/Users/Ingwie/Work/drag0n-php -I/Users/Ingwie/Work/drag0n-php/ext/date/lib -I/Users/Ingwie/Work/drag0n-php/ext/ereg/regex -I/usr/include/libxml2 -I/usr/local/include -I/Users/Ingwie/Work/drag0n-php/ext/mbstring/oniguruma -I/Users/Ingwie/Work/drag0n-php/ext/mbstring/libmbfl -I/Users/Ingwie/Work/drag0n-php/ext/mbstring/libmbfl/mbfl -I/Users/Ingwie/Work/drag0n-php/ext/sqlite3/libsqlite -I/Users/Ingwie/Work/drag0n-php/ext/pthreads -I/usr/include/tidy -I/Users/Ingwie/Work/drag0n-php/ext/tokenizer/includes -I/usr/local/lib/wx/include/osx_cocoa-unicode-2.9 -I/usr/local/include/wx-2.9 -I/Users/Ingwie/Work/drag0n-php/TSRM -I/Users/Ingwie/Work/drag0n-php/Zend  -no-cpp-precomp  -I/usr/include -g -O2 -fvisibility=hidden -DZTS  -c /Users/Ingwie/Work/drag0n-php/Zend/zend_strtod.c -o Zend/zend_strtod.lo 
/bin/sh /Users/Ingwie/Work/drag0n-php/libtool --silent --preserve-dup-deps --mode=compile cc  -IZend/ -I/Users/Ingwie/Work/drag0n-php/Zend/ -DPHP_ATOM_INC -I/Users/Ingwie/Work/drag0n-php/include -I/Users/Ingwie/Work/drag0n-php/main -I/Users/Ingwie/Work/drag0n-php -I/Users/Ingwie/Work/drag0n-php/ext/date/lib -I/Users/Ingwie/Work/drag0n-php/ext/ereg/regex -I/usr/include/libxml2 -I/usr/local/include -I/Users/Ingwie/Work/drag0n-php/ext/mbstring/oniguruma -I/Users/Ingwie/Work/drag0n-php/ext/mbstring/libmbfl -I/Users/Ingwie/Work/drag0n-php/ext/mbstring/libmbfl/mbfl -I/Users/Ingwie/Work/drag0n-php/ext/sqlite3/libsqlite -I/Users/Ingwie/Work/drag0n-php/ext/pthreads -I/usr/include/tidy -I/Users/Ingwie/Work/drag0n-php/ext/tokenizer/includes -I/usr/local/lib/wx/include/osx_cocoa-unicode-2.9 -I/usr/local/include/wx-2.9 -I/Users/Ingwie/Work/drag0n-php/TSRM -I/Users/Ingwie/Work/drag0n-php/Zend  -no-cpp-precomp  -I/usr/include -g -O2 -fvisibility=hidden -DZTS  -c /Users/Ingwie/Work/drag0n-php/Zend/zend_gc.c -o Zend/zend_gc.lo 
/bin/sh /Users/Ingwie/Work/drag0n-php/libtool --silent --preserve-dup-deps --mode=compile cc  -IZend/ -I/Users/Ingwie/Work/drag0n-php/Zend/ -DPHP_ATOM_INC -I/Users/Ingwie/Work/drag0n-php/include -I/Users/Ingwie/Work/drag0n-php/main -I/Users/Ingwie/Work/drag0n-php -I/Users/Ingwie/Work/drag0n-php/ext/date/lib -I/Users/Ingwie/Work/drag0n-php/ext/ereg/regex -I/usr/include/libxml2 -I/usr/local/include -I/Users/Ingwie/Work/drag0n-php/ext/mbstring/oniguruma -I/Users/Ingwie/Work/drag0n-php/ext/mbstring/libmbfl -I/Users/Ingwie/Work/drag0n-php/ext/mbstring/libmbfl/mbfl -I/Users/Ingwie/Work/drag0n-php/ext/sqlite3/libsqlite -I/Users/Ingwie/Work/drag0n-php/ext/pthreads -I/usr/include/tidy -I/Users/Ingwie/Work/drag0n-php/ext/tokenizer/includes -I/usr/local/lib/wx/include/osx_cocoa-unicode-2.9 -I/usr/local/include/wx-2.9 -I/Users/Ingwie/Work/drag0n-php/TSRM -I/Users/Ingwie/Work/drag0n-php/Zend  -no-cpp-precomp  -I/usr/include -g -O2 -fvisibility=hidden -DZTS  -c /Users/Ingwie/Work/drag0n-php/Zend/zend_closures.c -o Zend/zend_closures.lo 
/bin/sh /Users/Ingwie/Work/drag0n-php/libtool --silent --preserve-dup-deps --mode=compile cc  -IZend/ -I/Users/Ingwie/Work/drag0n-php/Zend/ -DPHP_ATOM_INC -I/Users/Ingwie/Work/drag0n-php/include -I/Users/Ingwie/Work/drag0n-php/main -I/Users/Ingwie/Work/drag0n-php -I/Users/Ingwie/Work/drag0n-php/ext/date/lib -I/Users/Ingwie/Work/drag0n-php/ext/ereg/regex -I/usr/include/libxml2 -I/usr/local/include -I/Users/Ingwie/Work/drag0n-php/ext/mbstring/oniguruma -I/Users/Ingwie/Work/drag0n-php/ext/mbstring/libmbfl -I/Users/Ingwie/Work/drag0n-php/ext/mbstring/libmbfl/mbfl -I/Users/Ingwie/Work/drag0n-php/ext/sqlite3/libsqlite -I/Users/Ingwie/Work/drag0n-php/ext/pthreads -I/usr/include/tidy -I/Users/Ingwie/Work/drag0n-php/ext/tokenizer/includes -I/usr/local/lib/wx/include/osx_cocoa-unicode-2.9 -I/usr/local/include/wx-2.9 -I/Users/Ingwie/Work/drag0n-php/TSRM -I/Users/Ingwie/Work/drag0n-php/Zend  -no-cpp-precomp  -I/usr/include -g -O2 -fvisibility=hidden -DZTS  -c /Users/Ingwie/Work/drag0n-php/Zend/zend_float.c -o Zend/zend_float.lo 
/bin/sh /Users/Ingwie/Work/drag0n-php/libtool --silent --preserve-dup-deps --mode=compile cc  -IZend/ -I/Users/Ingwie/Work/drag0n-php/Zend/ -DPHP_ATOM_INC -I/Users/Ingwie/Work/drag0n-php/include -I/Users/Ingwie/Work/drag0n-php/main -I/Users/Ingwie/Work/drag0n-php -I/Users/Ingwie/Work/drag0n-php/ext/date/lib -I/Users/Ingwie/Work/drag0n-php/ext/ereg/regex -I/usr/include/libxml2 -I/usr/local/include -I/Users/Ingwie/Work/drag0n-php/ext/mbstring/oniguruma -I/Users/Ingwie/Work/drag0n-php/ext/mbstring/libmbfl -I/Users/Ingwie/Work/drag0n-php/ext/mbstring/libmbfl/mbfl -I/Users/Ingwie/Work/drag0n-php/ext/sqlite3/libsqlite -I/Users/Ingwie/Work/drag0n-php/ext/pthreads -I/usr/include/tidy -I/Users/Ingwie/Work/drag0n-php/ext/tokenizer/includes -I/usr/local/lib/wx/include/osx_cocoa-unicode-2.9 -I/usr/local/include/wx-2.9 -I/Users/Ingwie/Work/drag0n-php/TSRM -I/Users/Ingwie/Work/drag0n-php/Zend  -no-cpp-precomp  -I/usr/include -g -O2 -fvisibility=hidden -DZTS  -c /Users/Ingwie/Work/drag0n-php/Zend/zend_string.c -o Zend/zend_string.lo 
/bin/sh /Users/Ingwie/Work/drag0n-php/libtool --silent --preserve-dup-deps --mode=compile cc  -IZend/ -I/Users/Ingwie/Work/drag0n-php/Zend/ -DPHP_ATOM_INC -I/Users/Ingwie/Work/drag0n-php/include -I/Users/Ingwie/Work/drag0n-php/main -I/Users/Ingwie/Work/drag0n-php -I/Users/Ingwie/Work/drag0n-php/ext/date/lib -I/Users/Ingwie/Work/drag0n-php/ext/ereg/regex -I/usr/include/libxml2 -I/usr/local/include -I/Users/Ingwie/Work/drag0n-php/ext/mbstring/oniguruma -I/Users/Ingwie/Work/drag0n-php/ext/mbstring/libmbfl -I/Users/Ingwie/Work/drag0n-php/ext/mbstring/libmbfl/mbfl -I/Users/Ingwie/Work/drag0n-php/ext/sqlite3/libsqlite -I/Users/Ingwie/Work/drag0n-php/ext/pthreads -I/usr/include/tidy -I/Users/Ingwie/Work/drag0n-php/ext/tokenizer/includes -I/usr/local/lib/wx/include/osx_cocoa-unicode-2.9 -I/usr/local/include/wx-2.9 -I/Users/Ingwie/Work/drag0n-php/TSRM -I/Users/Ingwie/Work/drag0n-php/Zend  -no-cpp-precomp  -I/usr/include -g -O2 -fvisibility=hidden -DZTS  -c /Users/Ingwie/Work/drag0n-php/Zend/zend_signal.c -o Zend/zend_signal.lo 
/bin/sh /Users/Ingwie/Work/drag0n-php/libtool --silent --preserve-dup-deps --mode=compile cc  -IZend/ -I/Users/Ingwie/Work/drag0n-php/Zend/ -DPHP_ATOM_INC -I/Users/Ingwie/Work/drag0n-php/include -I/Users/Ingwie/Work/drag0n-php/main -I/Users/Ingwie/Work/drag0n-php -I/Users/Ingwie/Work/drag0n-php/ext/date/lib -I/Users/Ingwie/Work/drag0n-php/ext/ereg/regex -I/usr/include/libxml2 -I/usr/local/include -I/Users/Ingwie/Work/drag0n-php/ext/mbstring/oniguruma -I/Users/Ingwie/Work/drag0n-php/ext/mbstring/libmbfl -I/Users/Ingwie/Work/drag0n-php/ext/mbstring/libmbfl/mbfl -I/Users/Ingwie/Work/drag0n-php/ext/sqlite3/libsqlite -I/Users/Ingwie/Work/drag0n-php/ext/pthreads -I/usr/include/tidy -I/Users/Ingwie/Work/drag0n-php/ext/tokenizer/includes -I/usr/local/lib/wx/include/osx_cocoa-unicode-2.9 -I/usr/local/include/wx-2.9 -I/Users/Ingwie/Work/drag0n-php/TSRM -I/Users/Ingwie/Work/drag0n-php/Zend  -no-cpp-precomp  -I/usr/include -g -O2 -fvisibility=hidden -DZTS  -c /Users/Ingwie/Work/drag0n-php/Zend/zend_generators.c -o Zend/zend_generators.lo 
/bin/sh /Users/Ingwie/Work/drag0n-php/libtool --silent --preserve-dup-deps --mode=compile cc  -IZend/ -I/Users/Ingwie/Work/drag0n-php/Zend/ -DPHP_ATOM_INC -I/Users/Ingwie/Work/drag0n-php/include -I/Users/Ingwie/Work/drag0n-php/main -I/Users/Ingwie/Work/drag0n-php -I/Users/Ingwie/Work/drag0n-php/ext/date/lib -I/Users/Ingwie/Work/drag0n-php/ext/ereg/regex -I/usr/include/libxml2 -I/usr/local/include -I/Users/Ingwie/Work/drag0n-php/ext/mbstring/oniguruma -I/Users/Ingwie/Work/drag0n-php/ext/mbstring/libmbfl -I/Users/Ingwie/Work/drag0n-php/ext/mbstring/libmbfl/mbfl -I/Users/Ingwie/Work/drag0n-php/ext/sqlite3/libsqlite -I/Users/Ingwie/Work/drag0n-php/ext/pthreads -I/usr/include/tidy -I/Users/Ingwie/Work/drag0n-php/ext/tokenizer/includes -I/usr/local/lib/wx/include/osx_cocoa-unicode-2.9 -I/usr/local/include/wx-2.9 -I/Users/Ingwie/Work/drag0n-php/TSRM -I/Users/Ingwie/Work/drag0n-php/Zend  -no-cpp-precomp  -I/usr/include -g -O2 -fvisibility=hidden -DZTS  -c /Users/Ingwie/Work/drag0n-php/Zend/zend_objects.c -o Zend/zend_objects.lo 
/bin/sh /Users/Ingwie/Work/drag0n-php/libtool --silent --preserve-dup-deps --mode=compile cc  -IZend/ -I/Users/Ingwie/Work/drag0n-php/Zend/ -DPHP_ATOM_INC -I/Users/Ingwie/Work/drag0n-php/include -I/Users/Ingwie/Work/drag0n-php/main -I/Users/Ingwie/Work/drag0n-php -I/Users/Ingwie/Work/drag0n-php/ext/date/lib -I/Users/Ingwie/Work/drag0n-php/ext/ereg/regex -I/usr/include/libxml2 -I/usr/local/include -I/Users/Ingwie/Work/drag0n-php/ext/mbstring/oniguruma -I/Users/Ingwie/Work/drag0n-php/ext/mbstring/libmbfl -I/Users/Ingwie/Work/drag0n-php/ext/mbstring/libmbfl/mbfl -I/Users/Ingwie/Work/drag0n-php/ext/sqlite3/libsqlite -I/Users/Ingwie/Work/drag0n-php/ext/pthreads -I/usr/include/tidy -I/Users/Ingwie/Work/drag0n-php/ext/tokenizer/includes -I/usr/local/lib/wx/include/osx_cocoa-unicode-2.9 -I/usr/local/include/wx-2.9 -I/Users/Ingwie/Work/drag0n-php/TSRM -I/Users/Ingwie/Work/drag0n-php/Zend  -no-cpp-precomp  -I/usr/include -g -O2 -fvisibility=hidden -DZTS  -c /Users/Ingwie/Work/drag0n-php/Zend/zend_object_handlers.c -o Zend/zend_object_handlers.lo 
/bin/sh /Users/Ingwie/Work/drag0n-php/libtool --silent --preserve-dup-deps --mode=compile cc  -IZend/ -I/Users/Ingwie/Work/drag0n-php/Zend/ -DPHP_ATOM_INC -I/Users/Ingwie/Work/drag0n-php/include -I/Users/Ingwie/Work/drag0n-php/main -I/Users/Ingwie/Work/drag0n-php -I/Users/Ingwie/Work/drag0n-php/ext/date/lib -I/Users/Ingwie/Work/drag0n-php/ext/ereg/regex -I/usr/include/libxml2 -I/usr/local/include -I/Users/Ingwie/Work/drag0n-php/ext/mbstring/oniguruma -I/Users/Ingwie/Work/drag0n-php/ext/mbstring/libmbfl -I/Users/Ingwie/Work/drag0n-php/ext/mbstring/libmbfl/mbfl -I/Users/Ingwie/Work/drag0n-php/ext/sqlite3/libsqlite -I/Users/Ingwie/Work/drag0n-php/ext/pthreads -I/usr/include/tidy -I/Users/Ingwie/Work/drag0n-php/ext/tokenizer/includes -I/usr/local/lib/wx/include/osx_cocoa-unicode-2.9 -I/usr/local/include/wx-2.9 -I/Users/Ingwie/Work/drag0n-php/TSRM -I/Users/Ingwie/Work/drag0n-php/Zend  -no-cpp-precomp  -I/usr/include -g -O2 -fvisibility=hidden -DZTS  -c /Users/Ingwie/Work/drag0n-php/Zend/zend_objects_API.c -o Zend/zend_objects_API.lo 
/bin/sh /Users/Ingwie/Work/drag0n-php/libtool --silent --preserve-dup-deps --mode=compile cc  -IZend/ -I/Users/Ingwie/Work/drag0n-php/Zend/ -DPHP_ATOM_INC -I/Users/Ingwie/Work/drag0n-php/include -I/Users/Ingwie/Work/drag0n-php/main -I/Users/Ingwie/Work/drag0n-php -I/Users/Ingwie/Work/drag0n-php/ext/date/lib -I/Users/Ingwie/Work/drag0n-php/ext/ereg/regex -I/usr/include/libxml2 -I/usr/local/include -I/Users/Ingwie/Work/drag0n-php/ext/mbstring/oniguruma -I/Users/Ingwie/Work/drag0n-php/ext/mbstring/libmbfl -I/Users/Ingwie/Work/drag0n-php/ext/mbstring/libmbfl/mbfl -I/Users/Ingwie/Work/drag0n-php/ext/sqlite3/libsqlite -I/Users/Ingwie/Work/drag0n-php/ext/pthreads -I/usr/include/tidy -I/Users/Ingwie/Work/drag0n-php/ext/tokenizer/includes -I/usr/local/lib/wx/include/osx_cocoa-unicode-2.9 -I/usr/local/include/wx-2.9 -I/Users/Ingwie/Work/drag0n-php/TSRM -I/Users/Ingwie/Work/drag0n-php/Zend  -no-cpp-precomp  -I/usr/include -g -O2 -fvisibility=hidden -DZTS  -c /Users/Ingwie/Work/drag0n-php/Zend/zend_default_classes.c -o Zend/zend_default_classes.lo 
/bin/sh /Users/Ingwie/Work/drag0n-php/libtool --silent --preserve-dup-deps --mode=compile cc  -IZend/ -I/Users/Ingwie/Work/drag0n-php/Zend/ -DPHP_ATOM_INC -I/Users/Ingwie/Work/drag0n-php/include -I/Users/Ingwie/Work/drag0n-php/main -I/Users/Ingwie/Work/drag0n-php -I/Users/Ingwie/Work/drag0n-php/ext/date/lib -I/Users/Ingwie/Work/drag0n-php/ext/ereg/regex -I/usr/include/libxml2 -I/usr/local/include -I/Users/Ingwie/Work/drag0n-php/ext/mbstring/oniguruma -I/Users/Ingwie/Work/drag0n-php/ext/mbstring/libmbfl -I/Users/Ingwie/Work/drag0n-php/ext/mbstring/libmbfl/mbfl -I/Users/Ingwie/Work/drag0n-php/ext/sqlite3/libsqlite -I/Users/Ingwie/Work/drag0n-php/ext/pthreads -I/usr/include/tidy -I/Users/Ingwie/Work/drag0n-php/ext/tokenizer/includes -I/usr/local/lib/wx/include/osx_cocoa-unicode-2.9 -I/usr/local/include/wx-2.9 -I/Users/Ingwie/Work/drag0n-php/TSRM -I/Users/Ingwie/Work/drag0n-php/Zend  -no-cpp-precomp  -I/usr/include -g -O2 -fvisibility=hidden -DZTS  -c /Users/Ingwie/Work/drag0n-php/Zend/zend_execute.c -o Zend/zend_execute.lo 
/bin/sh /Users/Ingwie/Work/drag0n-php/libtool --silent --preserve-dup-deps --mode=compile cc  -Isapi/embed/ -I/Users/Ingwie/Work/drag0n-php/sapi/embed/ -DPHP_ATOM_INC -I/Users/Ingwie/Work/drag0n-php/include -I/Users/Ingwie/Work/drag0n-php/main -I/Users/Ingwie/Work/drag0n-php -I/Users/Ingwie/Work/drag0n-php/ext/date/lib -I/Users/Ingwie/Work/drag0n-php/ext/ereg/regex -I/usr/include/libxml2 -I/usr/local/include -I/Users/Ingwie/Work/drag0n-php/ext/mbstring/oniguruma -I/Users/Ingwie/Work/drag0n-php/ext/mbstring/libmbfl -I/Users/Ingwie/Work/drag0n-php/ext/mbstring/libmbfl/mbfl -I/Users/Ingwie/Work/drag0n-php/ext/sqlite3/libsqlite -I/Users/Ingwie/Work/drag0n-php/ext/pthreads -I/usr/include/tidy -I/Users/Ingwie/Work/drag0n-php/ext/tokenizer/includes -I/usr/local/lib/wx/include/osx_cocoa-unicode-2.9 -I/usr/local/include/wx-2.9 -I/Users/Ingwie/Work/drag0n-php/TSRM -I/Users/Ingwie/Work/drag0n-php/Zend  -no-cpp-precomp  -I/usr/include -g -O2 -fvisibility=hidden -DZTS  -c /Users/Ingwie/Work/drag0n-php/sapi/embed/php_embed.c -o sapi/embed/php_embed.lo 
/Users/Ingwie/Work/drag0n-php/sapi/embed/php_embed.c:111:42: warning: 'extern' variable has an initializer [-Wextern-initializer]
extern EMBED_SAPI_API sapi_module_struct php_embed_module = {
                                         ^
1 warning generated.
/bin/sh /Users/Ingwie/Work/drag0n-php/libtool --silent --preserve-dup-deps --mode=compile cc  -Imain/ -I/Users/Ingwie/Work/drag0n-php/main/ -DPHP_ATOM_INC -I/Users/Ingwie/Work/drag0n-php/include -I/Users/Ingwie/Work/drag0n-php/main -I/Users/Ingwie/Work/drag0n-php -I/Users/Ingwie/Work/drag0n-php/ext/date/lib -I/Users/Ingwie/Work/drag0n-php/ext/ereg/regex -I/usr/include/libxml2 -I/usr/local/include -I/Users/Ingwie/Work/drag0n-php/ext/mbstring/oniguruma -I/Users/Ingwie/Work/drag0n-php/ext/mbstring/libmbfl -I/Users/Ingwie/Work/drag0n-php/ext/mbstring/libmbfl/mbfl -I/Users/Ingwie/Work/drag0n-php/ext/sqlite3/libsqlite -I/Users/Ingwie/Work/drag0n-php/ext/pthreads -I/usr/include/tidy -I/Users/Ingwie/Work/drag0n-php/ext/tokenizer/includes -I/usr/local/lib/wx/include/osx_cocoa-unicode-2.9 -I/usr/local/include/wx-2.9 -I/Users/Ingwie/Work/drag0n-php/TSRM -I/Users/Ingwie/Work/drag0n-php/Zend  -no-cpp-precomp  -I/usr/include -g -O2 -fvisibility=hidden -DZTS  -c main/internal_functions.c -o main/internal_functions.lo 
In file included from main/internal_functions.c:53:
/Users/Ingwie/Work/drag0n-php/ext/readline/php_readline.h:26:2: warning: Readline module will *NEVER* be thread-safe [-W#warnings]
#warning Readline module will *NEVER* be thread-safe
 ^
In file included from main/internal_functions.c:63:
In file included from /Users/Ingwie/Work/drag0n-php/ext/wxwidgets/php_wxwidgets.h:19:
In file included from /Users/Ingwie/Work/drag0n-php/ext/wxwidgets/common.h:35:
In file included from /usr/local/include/wx-2.9/wx/wx.h:16:
In file included from /usr/local/include/wx-2.9/wx/object.h:20:
In file included from /usr/local/include/wx-2.9/wx/memory.h:16:
In file included from /usr/local/include/wx-2.9/wx/string.h:51:
In file included from /usr/local/include/wx-2.9/wx/strvararg.h:21:
In file included from /usr/local/include/wx-2.9/wx/strconv.h:18:
/usr/local/include/wx-2.9/wx/buffer.h:20:1: error: unknown type name 'class'
class WXDLLIMPEXP_FWD_BASE wxCStrData;
^
/usr/local/include/wx-2.9/wx/buffer.h:28:1: error: unknown type name 'namespace'
namespace wxPrivate
^
/usr/local/include/wx-2.9/wx/buffer.h:28:20: error: expected ';' after top level declarator
namespace wxPrivate
                   ^
                   ;
/usr/local/include/wx-2.9/wx/buffer.h:241:9: error: unknown type name 'wxScopedCharTypeBuffer'
typedef wxScopedCharTypeBuffer<char> wxScopedCharBuffer;
        ^
/usr/local/include/wx-2.9/wx/buffer.h:241:31: error: expected identifier or '('
typedef wxScopedCharTypeBuffer<char> wxScopedCharBuffer;
                              ^
/usr/local/include/wx-2.9/wx/buffer.h:242:9: error: unknown type name 'wxScopedCharTypeBuffer'
typedef wxScopedCharTypeBuffer<wchar_t> wxScopedWCharBuffer;
        ^
/usr/local/include/wx-2.9/wx/buffer.h:242:31: error: expected identifier or '('
typedef wxScopedCharTypeBuffer<wchar_t> wxScopedWCharBuffer;
                              ^
/usr/local/include/wx-2.9/wx/buffer.h:246:1: error: unknown type name 'template'
template <typename T>
^
/usr/local/include/wx-2.9/wx/buffer.h:246:10: error: expected identifier or '('
template <typename T>
         ^
/usr/local/include/wx-2.9/wx/buffer.h:347:1: error: unknown type name 'class'
class wxCharBuffer : public wxCharTypeBuffer<char>
^
/usr/local/include/wx-2.9/wx/buffer.h:347:20: error: expected ';' after top level declarator
class wxCharBuffer : public wxCharTypeBuffer<char>
                   ^
                   ;
/usr/local/include/wx-2.9/wx/buffer.h:347:22: error: unknown type name 'public'
class wxCharBuffer : public wxCharTypeBuffer<char>
                     ^
/usr/local/include/wx-2.9/wx/buffer.h:347:45: error: expected ';' after top level declarator
class wxCharBuffer : public wxCharTypeBuffer<char>
                                            ^
                                            ;
/usr/local/include/wx-2.9/wx/buffer.h:367:1: error: unknown type name 'class'
class wxWCharBuffer : public wxCharTypeBuffer<wchar_t>
^
/usr/local/include/wx-2.9/wx/buffer.h:367:21: error: expected ';' after top level declarator
class wxWCharBuffer : public wxCharTypeBuffer<wchar_t>
                    ^
                    ;
/usr/local/include/wx-2.9/wx/buffer.h:367:23: error: unknown type name 'public'
class wxWCharBuffer : public wxCharTypeBuffer<wchar_t>
                      ^
/usr/local/include/wx-2.9/wx/buffer.h:367:46: error: expected ';' after top level declarator
class wxWCharBuffer : public wxCharTypeBuffer<wchar_t>
                                             ^
                                             ;
/usr/local/include/wx-2.9/wx/buffer.h:385:1: error: unknown type name 'template'
template <typename T>
^
/usr/local/include/wx-2.9/wx/buffer.h:385:10: error: expected identifier or '('
template <typename T>
         ^
fatal error: too many errors emitted, stopping now [-ferror-limit=]
1 warning and 20 errors generated.
make: *** [main/internal_functions.lo] Error 1
